 INFORMATION **** EXCBUF **** EXCH. BIPO BUFFER: WORDS USED =       53874

 DFT PARAMETERS

     ATOM       ELECTRONS   NET CHARGE   R(ANGSTROM)
   1   6  C       6.0000      0.0000     0.77000000
   2   8  O       8.0000      0.0000     0.74000000
   3   7  N       7.0000      0.0000     0.74000000
   5   1  H       1.0000      0.0000     1.11000000

 SIZE OF GRID=      71007
 TTTTTTTTTTTTTTTTTTTTTTTTTTTTTT MAKE_GRID2  TELAPSE       11.41 TCPU       11.05
 BECKE WEIGHT FUNCTION
 RADSAFE =     2.00
 TOLERANCES - DENSITY:10**- 6; POTENTIAL:10**- 9; GRID WGT:10**-14

 RADIAL INTEGRATION  - INTERVALS (POINTS,UPPER LIMIT):            1( 75,  4.0*R)

 ANGULAR INTEGRATION - INTERVALS (ACCURACY LEVEL [N. POINTS] UPPER LIMIT):
  1(  4[  86]   0.2)  2(  8[ 194]   0.5)  3( 12[ 350]   0.9)  4( 16[ 974]   3.5)
  5( 12[ 350]9999.0)

 *******************************************************************************
 UREA MOLECULE BASE 6-21 + POLARIZATION                                          
 CRYSTAL - SCF - TYPE OF CALCULATION :  RESTRICTED CLOSED SHELL
 *******************************************************************************

 CAPPA:IS1  1;IS2  1;IS3  1; K PTS MONK NET   1; SYMMOPS:K SPACE   8;G SPACE   4

 TTTTTTTTTTTTTTTTTTTTTTTTTTTTTT SDIK        TELAPSE       11.41 TCPU       11.05

 INFORMATION FROM INTEGRAL EVALUATION

 RESTART FROM A PREVIOUS DENSITY MATRIX - DEP ACTIVE
 NUMBER OF COUPLE SETS (NEW, OLD, FOUND):     220     220     220
 NUMBER OF IRREDUCIBLE G VECTORS        :     220     220     220
 CHARGE NORMALIZATION FACTOR   0.99883628
 TOTAL ATOMIC CHARGES:
   5.1159362   8.6109114   7.5429395   7.5429395   0.7795587   0.7795587
   0.8140780   0.8140780
 TTTTTTTTTTTTTTTTTTTTTTTTTTTTTT MOQGAD      TELAPSE       11.42 TCPU       11.06
 TTTTTTTTTTTTTTTTTTTTTTTTTTTTTT SHELLXN     TELAPSE       12.25 TCPU       11.89
 TTTTTTTTTTTTTTTTTTTTTTTTTTTTTT MONMO3      TELAPSE       12.25 TCPU       11.89
 NUMERICALLY INTEGRATED DENSITY     31.9999962030
 TTTTTTTTTTTTTTTTTTTTTTTTTTTTTT NUMDFT      TELAPSE       12.90 TCPU       12.54
 CYC   0 ETOT(AU) -2.247916883497E+02 DETOT -2.25E+02 tst  3.09E-12 PX  1.00E+00
 TTTTTTTTTTTTTTTTTTTTTTTTTTTTTT DIIS        TELAPSE       12.90 TCPU       12.54
 TTTTTTTTTTTTTTTTTTTTTTTTTTTTTT FDIK        TELAPSE       12.90 TCPU       12.54
 INSULATING STATE
 TOP OF VALENCE BANDS -    BAND     16; K    1; EIG -2.0294447E-01 AU
 BOTTOM OF VIRTUAL BANDS - BAND     17; K    1; EIG  8.9767686E-02 AU
 DIRECT ENERGY BAND GAP:   7.9651 eV
 TTTTTTTTTTTTTTTTTTTTTTTTTTTTTT PDIG        TELAPSE       12.90 TCPU       12.54
 CHARGE NORMALIZATION FACTOR   1.00000000
 TOTAL ATOMIC CHARGES:
   5.1314446   8.4827952   7.6051912   7.6051912   0.7799601   0.7799601
   0.8077289   0.8077289
 TTTTTTTTTTTTTTTTTTTTTTTTTTTTTT MOQGAD      TELAPSE       12.90 TCPU       12.54
 TTTTTTTTTTTTTTTTTTTTTTTTTTTTTT SHELLXN     TELAPSE       13.30 TCPU       12.94
 TTTTTTTTTTTTTTTTTTTTTTTTTTTTTT MONMO3      TELAPSE       13.31 TCPU       12.95
 NUMERICALLY INTEGRATED DENSITY     31.9999961570
 TTTTTTTTTTTTTTTTTTTTTTTTTTTTTT NUMDFT      TELAPSE       13.68 TCPU       13.32
 CYC   1 ETOT(AU) -2.249271120184E+02 DETOT -1.35E-01 tst  0.00E+00 PX  3.46E-02
 TTTTTTTTTTTTTTTTTTTTTTTTTTTTTT DIIS        TELAPSE       13.68 TCPU       13.33
 DIIS TEST: 0.12650E-01 AT SCF   CYCLE   1 - MIX   30 %
 TTTTTTTTTTTTTTTTTTTTTTTTTTTTTT FDIK        TELAPSE       13.69 TCPU       13.33
 INSULATING STATE
 TOP OF VALENCE BANDS -    BAND     16; K    1; EIG -2.2785799E-01 AU
 BOTTOM OF VIRTUAL BANDS - BAND     17; K    1; EIG  9.9038840E-02 AU
 DIRECT ENERGY BAND GAP:   8.8953 eV
 TTTTTTTTTTTTTTTTTTTTTTTTTTTTTT PDIG        TELAPSE       13.69 TCPU       13.33
 CHARGE NORMALIZATION FACTOR   1.00000000
 TOTAL ATOMIC CHARGES:
   5.0853229   8.6394211   7.5251656   7.5251656   0.7960138   0.7960138
   0.8164486   0.8164486
 TTTTTTTTTTTTTTTTTTTTTTTTTTTTTT MOQGAD      TELAPSE       13.69 TCPU       13.33
 TTTTTTTTTTTTTTTTTTTTTTTTTTTTTT SHELLXN     TELAPSE       14.31 TCPU       13.95
 TTTTTTTTTTTTTTTTTTTTTTTTTTTTTT MONMO3      TELAPSE       14.32 TCPU       13.96
 NUMERICALLY INTEGRATED DENSITY     31.9999963499
 TTTTTTTTTTTTTTTTTTTTTTTTTTTTTT NUMDFT      TELAPSE       15.16 TCPU       14.80
 CYC   2 ETOT(AU) -2.249267339071E+02 DETOT  3.78E-04 tst  8.53E-04 PX  4.54E-02
 TTTTTTTTTTTTTTTTTTTTTTTTTTTTTT DIIS        TELAPSE       15.16 TCPU       14.80
 DIIS TEST: 0.14924E-01 AT SCF   CYCLE   2 - DIIS ACTIVE - HISTORY:     2 CYCLES
 TTTTTTTTTTTTTTTTTTTTTTTTTTTTTT FDIK        TELAPSE       15.17 TCPU       14.80
 INSULATING STATE
 TOP OF VALENCE BANDS -    BAND     16; K    1; EIG -2.1872023E-01 AU
 BOTTOM OF VIRTUAL BANDS - BAND     17; K    1; EIG  9.5292897E-02 AU
 DIRECT ENERGY BAND GAP:   8.5447 eV
 TTTTTTTTTTTTTTTTTTTTTTTTTTTTTT PDIG        TELAPSE       15.17 TCPU       14.80
 CHARGE NORMALIZATION FACTOR   1.00000000
 TOTAL ATOMIC CHARGES:
   5.1276224   8.5573913   7.5584551   7.5584551   0.7874309   0.7874309
   0.8116072   0.8116072
 TTTTTTTTTTTTTTTTTTTTTTTTTTTTTT MOQGAD      TELAPSE       15.18 TCPU       14.81
 TTTTTTTTTTTTTTTTTTTTTTTTTTTTTT SHELLXN     TELAPSE       16.47 TCPU       15.84
 TTTTTTTTTTTTTTTTTTTTTTTTTTTTTT MONMO3      TELAPSE       16.48 TCPU       15.85
 NUMERICALLY INTEGRATED DENSITY     31.9999962527
 TTTTTTTTTTTTTTTTTTTTTTTTTTTTTT NUMDFT      TELAPSE       18.34 TCPU       17.64
 CYC   3 ETOT(AU) -2.249299876662E+02 DETOT -3.25E-03 tst  1.86E-04 PX  2.12E-02
 TTTTTTTTTTTTTTTTTTTTTTTTTTTTTT DIIS        TELAPSE       18.35 TCPU       17.64
 DIIS TEST: 0.23443E-03 AT SCF   CYCLE   3 - DIIS ACTIVE - HISTORY:     3 CYCLES
 TTTTTTTTTTTTTTTTTTTTTTTTTTTTTT FDIK        TELAPSE       18.39 TCPU       17.65
 INSULATING STATE
 TOP OF VALENCE BANDS -    BAND     16; K    1; EIG -2.1865156E-01 AU
 BOTTOM OF VIRTUAL BANDS - BAND     17; K    1; EIG  9.4703973E-02 AU
 DIRECT ENERGY BAND GAP:   8.5268 eV
 TTTTTTTTTTTTTTTTTTTTTTTTTTTTTT PDIG        TELAPSE       18.39 TCPU       17.65
 CHARGE NORMALIZATION FACTOR   1.00000000
 TOTAL ATOMIC CHARGES:
   5.1119467   8.5643770   7.5642358   7.5642358   0.7864753   0.7864753
   0.8111272   0.8111272
 TTTTTTTTTTTTTTTTTTTTTTTTTTTTTT MOQGAD      TELAPSE       18.40 TCPU       17.66
 TTTTTTTTTTTTTTTTTTTTTTTTTTTTTT SHELLXN     TELAPSE       20.49 TCPU       19.65
 TTTTTTTTTTTTTTTTTTTTTTTTTTTTTT MONMO3      TELAPSE       20.50 TCPU       19.66
 NUMERICALLY INTEGRATED DENSITY     31.9999962721
 TTTTTTTTTTTTTTTTTTTTTTTTTTTTTT NUMDFT      TELAPSE       22.60 TCPU       21.69
 CYC   4 ETOT(AU) -2.249300229534E+02 DETOT -3.53E-05 tst  3.38E-06 PX  2.41E-03
 TTTTTTTTTTTTTTTTTTTTTTTTTTTTTT DIIS        TELAPSE       22.61 TCPU       21.70
 DIIS TEST: 0.28741E-04 AT SCF   CYCLE   4 - DIIS ACTIVE - HISTORY:     4 CYCLES
 TTTTTTTTTTTTTTTTTTTTTTTTTTTTTT FDIK        TELAPSE       22.61 TCPU       21.70
 INSULATING STATE
 TOP OF VALENCE BANDS -    BAND     16; K    1; EIG -2.1831761E-01 AU
 BOTTOM OF VIRTUAL BANDS - BAND     17; K    1; EIG  9.4776155E-02 AU
 DIRECT ENERGY BAND GAP:   8.5197 eV
 TTTTTTTTTTTTTTTTTTTTTTTTTTTTTT PDIG        TELAPSE       22.61 TCPU       21.70
 CHARGE NORMALIZATION FACTOR   1.00000000
 TOTAL ATOMIC CHARGES:
   5.1165625   8.5622186   7.5621992   7.5621992   0.7868670   0.7868670
   0.8115433   0.8115433
 TTTTTTTTTTTTTTTTTTTTTTTTTTTTTT MOQGAD      TELAPSE       22.62 TCPU       21.71
 TTTTTTTTTTTTTTTTTTTTTTTTTTTTTT SHELLXN     TELAPSE       23.28 TCPU       22.35
 TTTTTTTTTTTTTTTTTTTTTTTTTTTTTT MONMO3      TELAPSE       23.28 TCPU       22.35
 NUMERICALLY INTEGRATED DENSITY     31.9999962657
 TTTTTTTTTTTTTTTTTTTTTTTTTTTTTT NUMDFT      TELAPSE       24.10 TCPU       23.15
 CYC   5 ETOT(AU) -2.249300278327E+02 DETOT -4.88E-06 tst  3.04E-07 PX  7.03E-04
 TTTTTTTTTTTTTTTTTTTTTTTTTTTTTT DIIS        TELAPSE       24.10 TCPU       23.16
 DIIS TEST: 0.26207E-06 AT SCF   CYCLE   5 - DIIS ACTIVE - HISTORY:     5 CYCLES
 TTTTTTTTTTTTTTTTTTTTTTTTTTTTTT FDIK        TELAPSE       24.10 TCPU       23.16
 INSULATING STATE
 TOP OF VALENCE BANDS -    BAND     16; K    1; EIG -2.1830681E-01 AU
 BOTTOM OF VIRTUAL BANDS - BAND     17; K    1; EIG  9.4762435E-02 AU
 DIRECT ENERGY BAND GAP:   8.5191 eV
 TTTTTTTTTTTTTTTTTTTTTTTTTTTTTT PDIG        TELAPSE       24.10 TCPU       23.16
 CHARGE NORMALIZATION FACTOR   1.00000000
 TOTAL ATOMIC CHARGES:
   5.1164107   8.5621149   7.5624466   7.5624466   0.7868404   0.7868404
   0.8114503   0.8114503
 TTTTTTTTTTTTTTTTTTTTTTTTTTTTTT MOQGAD      TELAPSE       24.11 TCPU       23.16
 TTTTTTTTTTTTTTTTTTTTTTTTTTTTTT SHELLXN     TELAPSE       25.82 TCPU       24.78
 TTTTTTTTTTTTTTTTTTTTTTTTTTTTTT MONMO3      TELAPSE       25.83 TCPU       24.79
 NUMERICALLY INTEGRATED DENSITY     31.9999962661
 TTTTTTTTTTTTTTTTTTTTTTTTTTTTTT NUMDFT      TELAPSE       26.68 TCPU       25.62
 CYC   6 ETOT(AU) -2.249300278891E+02 DETOT -5.65E-08 tst  1.09E-09 PX  5.96E-05
 TTTTTTTTTTTTTTTTTTTTTTTTTTTTTT DIIS        TELAPSE       26.68 TCPU       25.62
 DIIS TEST: 0.63704E-08 AT SCF   CYCLE   6 - DIIS ACTIVE - HISTORY:     6 CYCLES
 TTTTTTTTTTTTTTTTTTTTTTTTTTTTTT FDIK        TELAPSE       26.68 TCPU       25.62
 INSULATING STATE
 TOP OF VALENCE BANDS -    BAND     16; K    1; EIG -2.1828814E-01 AU
 BOTTOM OF VIRTUAL BANDS - BAND     17; K    1; EIG  9.4762859E-02 AU
 DIRECT ENERGY BAND GAP:   8.5186 eV
 TTTTTTTTTTTTTTTTTTTTTTTTTTTTTT PDIG        TELAPSE       26.68 TCPU       25.63
 CHARGE NORMALIZATION FACTOR   1.00000000
 TOTAL ATOMIC CHARGES:
   5.1164149   8.5620962   7.5624218   7.5624218   0.7868502   0.7868502
   0.8114725   0.8114725
 TTTTTTTTTTTTTTTTTTTTTTTTTTTTTT MOQGAD      TELAPSE       26.69 TCPU       25.63
 TTTTTTTTTTTTTTTTTTTTTTTTTTTTTT SHELLXN     TELAPSE       28.13 TCPU       27.03

 ::: DIPOLE MOMENT ALONG NON PERIODIC DIRECTIONS:
 ::: A.U.     (X)  0.00000E+00   (Y)  0.00000E+00   (Z)  1.51425E+00
 ::: DEBYE         0.00000E+00        0.00000E+00       -3.84884E+00

 +++ ENERGIES IN A.U. +++
 ::: EXT EL-POLE                                   1.1316952013375E+01
 ::: EXT EL-SPHEROPOLE                             0.0000000000000E+00
 ::: BIELET ZONE E-E                               2.1533036052472E+02
 ::: TOTAL E-E                                     2.2664731253809E+02
 ::: TOTAL E-N + N-E                              -7.7527514692379E+02
 ::: TOTAL N-N                                     1.2362856278874E+02
 ::: KINETIC ENERGY                                2.2374251584785E+02
 ::: PSEUDO TOTAL   ENERGY                        -2.0125675574911E+02
 ::: VIRIAL COEFFICIENT                            1.0529077614986E+00
 TTTTTTTTTTTTTTTTTTTTTTTTTTTTTT MONMO3      TELAPSE       28.14 TCPU       27.04
 NUMERICALLY INTEGRATED DENSITY     31.9999962660
 TTTTTTTTTTTTTTTTTTTTTTTTTTTTTT NUMDFT      TELAPSE       30.31 TCPU       29.02
 CYC   7 ETOT(AU) -2.249300278922E+02 DETOT -3.06E-09 tst  4.76E-11 PX  5.96E-05

 == SCF ENDED - CONVERGENCE ON ENERGY      E(AU) -2.2493002789217E+02 CYCLES   7


 ENERGY EXPRESSION=HARTREE+FOCK EXCH*0.20000+(BECKE      EXCH)*0.80000+LYP        CORR


 TOTAL ENERGY(DFT)(AU)(  7) -2.2493002789217E+02 DE-3.1E-09 tester 4.8E-11
 TTTTTTTTTTTTTTTTTTTTTTTTTTTTTT EDFT        TELAPSE       30.31 TCPU       29.03

 *******************************************************************************
 *                             FORCE CALCULATION                               *
 *******************************************************************************

 TTTTTTTTTTTTTTTTTTTTTTTTTTTTTT NUMDFG      TELAPSE       34.45 TCPU       32.96
 INFORMATION **** EXCPOG **** EXCH. BIPO BUFFER LENGTH (WORDS) =      215496
 INFORMATION **** GENPOG **** BIPO BUFFER LENGTH (WORDS) =       35100
 TTTTTTTTTTTTTTTTTTTTTTTTTTTTTT SHELXG      TELAPSE       44.94 TCPU       43.06

 CARTESIAN FORCES IN HARTREE/BOHR (ANALYTICAL)
   ATOM                     X                   Y                   Z
   1   6             0.000000000000E+00  0.000000000000E+00  1.031726195950E-02
   2   8             0.000000000000E+00  0.000000000000E+00 -4.557852576117E-03
   3   7             0.000000000000E+00 -1.677731440973E-03 -6.221092568967E-03
   4   7            -4.336808689942E-19  1.677731440974E-03 -6.221092568967E-03
   5   1             0.000000000000E+00  1.304719741186E-03  8.178266447304E-04
   6   1            -1.134346522963E-17 -1.304719741186E-03  8.178266447304E-04
   7   1             0.000000000000E+00  4.183166205214E-04  2.523561233587E-03
   8   1            -8.673617379884E-19 -4.183166205214E-04  2.523561233587E-03

 RESULTANT FORCE    -1.264450783661E-17  2.220446049250E-15  2.084332706431E-12

 SYMMETRY ALLOWED FORCES (ANALYTICAL) (DIRECTION, FORCE)

    1  1.1029617E-02    2 -3.3310554E-03    3 -2.3726706E-03    4 -9.1126501E-03
    5  1.8451524E-03    6 -1.7057346E-03    7  5.9158904E-04
 TTTTTTTTTTTTTTTTTTTTTTTTTTTTTT TOTGRA      TELAPSE       45.01 TCPU       43.13
 INFORMATION **** opta002 **** GEOMETRY OUTPUT FILE
 INFORMATION **** EXCBUF **** EXCH. BIPO BUFFER: WORDS USED =       53874

 DFT PARAMETERS

     ATOM       ELECTRONS   NET CHARGE   R(ANGSTROM)
   1   6  C       6.0000      0.0000     0.77000000
   2   8  O       8.0000      0.0000     0.74000000
   3   7  N       7.0000      0.0000     0.74000000
   5   1  H       1.0000      0.0000     1.11000000

 SIZE OF GRID=      71007
 TTTTTTTTTTTTTTTTTTTTTTTTTTTTTT MAKE_GRID2  TELAPSE       45.53 TCPU       43.50
 BECKE WEIGHT FUNCTION
 RADSAFE =     2.00
 TOLERANCES - DENSITY:10**- 6; POTENTIAL:10**- 9; GRID WGT:10**-14

 RADIAL INTEGRATION  - INTERVALS (POINTS,UPPER LIMIT):            1( 75,  4.0*R)

 ANGULAR INTEGRATION - INTERVALS (ACCURACY LEVEL [N. POINTS] UPPER LIMIT):
  1(  4[  86]   0.2)  2(  8[ 194]   0.5)  3( 12[ 350]   0.9)  4( 16[ 974]   3.5)
  5( 12[ 350]9999.0)

 *******************************************************************************
 UREA MOLECULE BASE 6-21 + POLARIZATION                                          
 CRYSTAL - SCF - TYPE OF CALCULATION :  RESTRICTED CLOSED SHELL
 *******************************************************************************

 CAPPA:IS1  1;IS2  1;IS3  1; K PTS MONK NET   1; SYMMOPS:K SPACE   8;G SPACE   4

 TTTTTTTTTTTTTTTTTTTTTTTTTTTTTT SDIK        TELAPSE       45.54 TCPU       43.51

 INFORMATION FROM INTEGRAL EVALUATION

 RESTART FROM A PREVIOUS DENSITY MATRIX - DEP ACTIVE
 NUMBER OF COUPLE SETS (NEW, OLD, FOUND):     220     220     220
 NUMBER OF IRREDUCIBLE G VECTORS        :     220     220     220
 CHARGE NORMALIZATION FACTOR   0.99976616
 TOTAL ATOMIC CHARGES:
   5.1181563   8.5650617   7.5600506   7.5600506   0.7859785   0.7859785
   0.8123619   0.8123619
 TTTTTTTTTTTTTTTTTTTTTTTTTTTTTT MOQGAD      TELAPSE       45.55 TCPU       43.52
 TTTTTTTTTTTTTTTTTTTTTTTTTTTTTT SHELLXN     TELAPSE       46.72 TCPU       44.61
 TTTTTTTTTTTTTTTTTTTTTTTTTTTTTT MONMO3      TELAPSE       46.73 TCPU       44.62
 NUMERICALLY INTEGRATED DENSITY     31.9999971572
 TTTTTTTTTTTTTTTTTTTTTTTTTTTTTT NUMDFT      TELAPSE       47.26 TCPU       45.15
 CYC   0 ETOT(AU) -2.249037309531E+02 DETOT -2.25E+02 tst  4.76E-11 PX  1.00E+00
 TTTTTTTTTTTTTTTTTTTTTTTTTTTTTT DIIS        TELAPSE       47.26 TCPU       45.15
 TTTTTTTTTTTTTTTTTTTTTTTTTTTTTT FDIK        TELAPSE       47.26 TCPU       45.15
 INSULATING STATE
 TOP OF VALENCE BANDS -    BAND     16; K    1; EIG -2.1900670E-01 AU
 BOTTOM OF VIRTUAL BANDS - BAND     17; K    1; EIG  9.4875519E-02 AU
 DIRECT ENERGY BAND GAP:   8.5412 eV
 TTTTTTTTTTTTTTTTTTTTTTTTTTTTTT PDIG        TELAPSE       47.26 TCPU       45.15
 CHARGE NORMALIZATION FACTOR   1.00000000
 TOTAL ATOMIC CHARGES:
   5.1194198   8.5488153   7.5685297   7.5685297   0.7869232   0.7869232
   0.8104295   0.8104295
 TTTTTTTTTTTTTTTTTTTTTTTTTTTTTT MOQGAD      TELAPSE       47.27 TCPU       45.16
 TTTTTTTTTTTTTTTTTTTTTTTTTTTTTT SHELLXN     TELAPSE       47.68 TCPU       45.57
 TTTTTTTTTTTTTTTTTTTTTTTTTTTTTT MONMO3      TELAPSE       47.68 TCPU       45.57
 NUMERICALLY INTEGRATED DENSITY     31.9999971622
 TTTTTTTTTTTTTTTTTTTTTTTTTTTTTT NUMDFT      TELAPSE       48.00 TCPU       45.89
 CYC   1 ETOT(AU) -2.249300682690E+02 DETOT -2.63E-02 tst  0.00E+00 PX  4.90E-03
 TTTTTTTTTTTTTTTTTTTTTTTTTTTTTT DIIS        TELAPSE       48.00 TCPU       45.89
 DIIS TEST: 0.20227E-03 AT SCF   CYCLE   1 - MIX   30 %
 TTTTTTTTTTTTTTTTTTTTTTTTTTTTTT FDIK        TELAPSE       48.00 TCPU       45.89
 INSULATING STATE
 TOP OF VALENCE BANDS -    BAND     16; K    1; EIG -2.2210386E-01 AU
 BOTTOM OF VIRTUAL BANDS - BAND     17; K    1; EIG  9.5857065E-02 AU
 DIRECT ENERGY BAND GAP:   8.6522 eV
 TTTTTTTTTTTTTTTTTTTTTTTTTTTTTT PDIG        TELAPSE       48.00 TCPU       45.89
 CHARGE NORMALIZATION FACTOR   1.00000000
 TOTAL ATOMIC CHARGES:
   5.1147881   8.5675493   7.5574655   7.5574655   0.7889387   0.7889387
   0.8124271   0.8124271
 TTTTTTTTTTTTTTTTTTTTTTTTTTTTTT MOQGAD      TELAPSE       48.00 TCPU       45.89
 TTTTTTTTTTTTTTTTTTTTTTTTTTTTTT SHELLXN     TELAPSE       48.40 TCPU       46.29
 TTTTTTTTTTTTTTTTTTTTTTTTTTTTTT MONMO3      TELAPSE       48.40 TCPU       46.29
 NUMERICALLY INTEGRATED DENSITY     31.9999971804
 TTTTTTTTTTTTTTTTTTTTTTTTTTTTTT NUMDFT      TELAPSE       48.71 TCPU       46.60
 CYC   2 ETOT(AU) -2.249300654698E+02 DETOT  2.80E-06 tst  1.22E-05 PX  5.50E-03
 TTTTTTTTTTTTTTTTTTTTTTTTTTTTTT DIIS        TELAPSE       48.71 TCPU       46.60
 DIIS TEST: 0.22760E-03 AT SCF   CYCLE   2 - DIIS ACTIVE - HISTORY:     2 CYCLES
 TTTTTTTTTTTTTTTTTTTTTTTTTTTTTT FDIK        TELAPSE       48.86 TCPU       46.60
 INSULATING STATE
 TOP OF VALENCE BANDS -    BAND     16; K    1; EIG -2.2046283E-01 AU
 BOTTOM OF VIRTUAL BANDS - BAND     17; K    1; EIG  9.5335912E-02 AU
 DIRECT ENERGY BAND GAP:   8.5933 eV
 TTTTTTTTTTTTTTTTTTTTTTTTTTTTTT PDIG        TELAPSE       48.86 TCPU       46.60
 CHARGE NORMALIZATION FACTOR   1.00000000
 TOTAL ATOMIC CHARGES:
   5.1198276   8.5573894   7.5618250   7.5618250   0.7877232   0.7877232
   0.8118433   0.8118433
 TTTTTTTTTTTTTTTTTTTTTTTTTTTTTT MOQGAD      TELAPSE       48.86 TCPU       46.60
 TTTTTTTTTTTTTTTTTTTTTTTTTTTTTT SHELLXN     TELAPSE       49.74 TCPU       47.44
 TTTTTTTTTTTTTTTTTTTTTTTTTTTTTT MONMO3      TELAPSE       49.75 TCPU       47.44
 NUMERICALLY INTEGRATED DENSITY     31.9999971680
 TTTTTTTTTTTTTTTTTTTTTTTTTTTTTT NUMDFT      TELAPSE       50.72 TCPU       48.36
 CYC   3 ETOT(AU) -2.249301138262E+02 DETOT -4.84E-05 tst  3.03E-06 PX  2.59E-03
 TTTTTTTTTTTTTTTTTTTTTTTTTTTTTT DIIS        TELAPSE       50.72 TCPU       48.36
 DIIS TEST: 0.54892E-05 AT SCF   CYCLE   3 - DIIS ACTIVE - HISTORY:     3 CYCLES
 TTTTTTTTTTTTTTTTTTTTTTTTTTTTTT FDIK        TELAPSE       50.73 TCPU       48.37
 INSULATING STATE
 TOP OF VALENCE BANDS -    BAND     16; K    1; EIG -2.2064004E-01 AU
 BOTTOM OF VIRTUAL BANDS - BAND     17; K    1; EIG  9.5317178E-02 AU
 DIRECT ENERGY BAND GAP:   8.5976 eV
 TTTTTTTTTTTTTTTTTTTTTTTTTTTTTT PDIG        TELAPSE       50.73 TCPU       48.37
 CHARGE NORMALIZATION FACTOR   1.00000000
 TOTAL ATOMIC CHARGES:
   5.1174691   8.5587419   7.5627307   7.5627307   0.7876038   0.7876038
   0.8115599   0.8115599
 TTTTTTTTTTTTTTTTTTTTTTTTTTTTTT MOQGAD      TELAPSE       50.75 TCPU       48.38
 TTTTTTTTTTTTTTTTTTTTTTTTTTTTTT SHELLXN     TELAPSE       52.75 TCPU       50.33
 TTTTTTTTTTTTTTTTTTTTTTTTTTTTTT MONMO3      TELAPSE       52.76 TCPU       50.33
 NUMERICALLY INTEGRATED DENSITY     31.9999971718
 TTTTTTTTTTTTTTTTTTTTTTTTTTTTTT NUMDFT      TELAPSE       53.27 TCPU       50.84
 CYC   4 ETOT(AU) -2.249301147310E+02 DETOT -9.05E-07 tst  7.53E-08 PX  3.39E-04
 TTTTTTTTTTTTTTTTTTTTTTTTTTTTTT DIIS        TELAPSE       53.27 TCPU       50.84
 DIIS TEST: 0.66807E-06 AT SCF   CYCLE   4 - DIIS ACTIVE - HISTORY:     4 CYCLES
 TTTTTTTTTTTTTTTTTTTTTTTTTTTTTT FDIK        TELAPSE       53.27 TCPU       50.84
 INSULATING STATE
 TOP OF VALENCE BANDS -    BAND     16; K    1; EIG -2.2057630E-01 AU
 BOTTOM OF VIRTUAL BANDS - BAND     17; K    1; EIG  9.5336486E-02 AU
 DIRECT ENERGY BAND GAP:   8.5964 eV
 TTTTTTTTTTTTTTTTTTTTTTTTTTTTTT PDIG        TELAPSE       53.27 TCPU       50.84
 CHARGE NORMALIZATION FACTOR   1.00000000
 TOTAL ATOMIC CHARGES:
   5.1181624   8.5583559   7.5624590   7.5624590   0.7876750   0.7876750
   0.8116069   0.8116069
 TTTTTTTTTTTTTTTTTTTTTTTTTTTTTT MOQGAD      TELAPSE       53.27 TCPU       50.84
 TTTTTTTTTTTTTTTTTTTTTTTTTTTTTT SHELLXN     TELAPSE       54.85 TCPU       52.38
 TTTTTTTTTTTTTTTTTTTTTTTTTTTTTT MONMO3      TELAPSE       54.86 TCPU       52.39
 NUMERICALLY INTEGRATED DENSITY     31.9999971707
 TTTTTTTTTTTTTTTTTTTTTTTTTTTTTT NUMDFT      TELAPSE       56.96 TCPU       54.25
 CYC   5 ETOT(AU) -2.249301148380E+02 DETOT -1.07E-07 tst  6.57E-09 PX  1.02E-04
 TTTTTTTTTTTTTTTTTTTTTTTTTTTTTT DIIS        TELAPSE       56.96 TCPU       54.25
 DIIS TEST: 0.49918E-08 AT SCF   CYCLE   5 - DIIS ACTIVE - HISTORY:     5 CYCLES
 TTTTTTTTTTTTTTTTTTTTTTTTTTTTTT FDIK        TELAPSE       56.97 TCPU       54.26
 INSULATING STATE
 TOP OF VALENCE BANDS -    BAND     16; K    1; EIG -2.2055918E-01 AU
 BOTTOM OF VIRTUAL BANDS - BAND     17; K    1; EIG  9.5329390E-02 AU
 DIRECT ENERGY BAND GAP:   8.5958 eV
 TTTTTTTTTTTTTTTTTTTTTTTTTTTTTT PDIG        TELAPSE       56.97 TCPU       54.26
 CHARGE NORMALIZATION FACTOR   1.00000000
 TOTAL ATOMIC CHARGES:
   5.1181442   8.5583198   7.5624819   7.5624819   0.7876708   0.7876708
   0.8116153   0.8116153
 TTTTTTTTTTTTTTTTTTTTTTTTTTTTTT MOQGAD      TELAPSE       56.99 TCPU       54.27
 TTTTTTTTTTTTTTTTTTTTTTTTTTTTTT SHELLXN     TELAPSE       59.12 TCPU       56.33
 TTTTTTTTTTTTTTTTTTTTTTTTTTTTTT MONMO3      TELAPSE       59.13 TCPU       56.34
 NUMERICALLY INTEGRATED DENSITY     31.9999971707
 TTTTTTTTTTTTTTTTTTTTTTTTTTTTTT NUMDFT      TELAPSE       59.68 TCPU       56.89
 CYC   6 ETOT(AU) -2.249301148420E+02 DETOT -4.01E-09 tst  7.79E-11 PX  1.41E-05
 TTTTTTTTTTTTTTTTTTTTTTTTTTTTTT DIIS        TELAPSE       59.68 TCPU       56.89
 DIIS TEST: 0.27827E-09 AT SCF   CYCLE   6 - DIIS ACTIVE - HISTORY:     6 CYCLES
 TTTTTTTTTTTTTTTTTTTTTTTTTTTTTT FDIK        TELAPSE       59.68 TCPU       56.89
 INSULATING STATE
 TOP OF VALENCE BANDS -    BAND     16; K    1; EIG -2.2056379E-01 AU
 BOTTOM OF VIRTUAL BANDS - BAND     17; K    1; EIG  9.5329662E-02 AU
 DIRECT ENERGY BAND GAP:   8.5959 eV
 TTTTTTTTTTTTTTTTTTTTTTTTTTTTTT PDIG        TELAPSE       59.68 TCPU       56.89
 CHARGE NORMALIZATION FACTOR   1.00000000
 TOTAL ATOMIC CHARGES:
   5.1181466   8.5583263   7.5624831   7.5624831   0.7876689   0.7876689
   0.8116115   0.8116115
 TTTTTTTTTTTTTTTTTTTTTTTTTTTTTT MOQGAD      TELAPSE       59.68 TCPU       56.90
 TTTTTTTTTTTTTTTTTTTTTTTTTTTTTT SHELLXN     TELAPSE       60.13 TCPU       57.35

 ::: DIPOLE MOMENT ALONG NON PERIODIC DIRECTIONS:
 ::: A.U.     (X)  0.00000E+00   (Y)  0.00000E+00   (Z)  1.50098E+00
 ::: DEBYE         0.00000E+00        0.00000E+00       -3.81510E+00

 +++ ENERGIES IN A.U. +++
 ::: EXT EL-POLE                                   1.1324537598228E+01
 ::: EXT EL-SPHEROPOLE                             0.0000000000000E+00
 ::: BIELET ZONE E-E                               2.1534589089534E+02
 ::: TOTAL E-E                                     2.2667042849357E+02
 ::: TOTAL E-N + N-E                              -7.7534140721813E+02
 ::: TOTAL N-N                                     1.2366325527224E+02
 ::: KINETIC ENERGY                                2.2375250279222E+02
 ::: PSEUDO TOTAL   ENERGY                        -2.0125522066011E+02
 ::: VIRIAL COEFFICIENT                            1.0529338195301E+00
 TTTTTTTTTTTTTTTTTTTTTTTTTTTTTT MONMO3      TELAPSE       60.14 TCPU       57.35
 NUMERICALLY INTEGRATED DENSITY     31.9999971707
 TTTTTTTTTTTTTTTTTTTTTTTTTTTTTT NUMDFT      TELAPSE       60.44 TCPU       57.66
 CYC   7 ETOT(AU) -2.249301148415E+02 DETOT  4.59E-10 tst  2.24E-12 PX  1.41E-05

 == SCF ENDED - CONVERGENCE ON ENERGY      E(AU) -2.2493011484150E+02 CYCLES   7


 ENERGY EXPRESSION=HARTREE+FOCK EXCH*0.20000+(BECKE      EXCH)*0.80000+LYP        CORR


 TOTAL ENERGY(DFT)(AU)(  7) -2.2493011484150E+02 DE 4.6E-10 tester 2.2E-12
 TTTTTTTTTTTTTTTTTTTTTTTTTTTTTT EDFT        TELAPSE       60.44 TCPU       57.66

 *******************************************************************************
 *                             FORCE CALCULATION                               *
 *******************************************************************************

 TTTTTTTTTTTTTTTTTTTTTTTTTTTTTT NUMDFG      TELAPSE       61.96 TCPU       59.18
 INFORMATION **** EXCPOG **** EXCH. BIPO BUFFER LENGTH (WORDS) =      215496
 INFORMATION **** GENPOG **** BIPO BUFFER LENGTH (WORDS) =       35100
 TTTTTTTTTTTTTTTTTTTTTTTTTTTTTT SHELXG      TELAPSE       67.64 TCPU       64.75

 CARTESIAN FORCES IN HARTREE/BOHR (ANALYTICAL)
   ATOM                     X                   Y                   Z
   1   6             0.000000000000E+00  0.000000000000E+00 -8.892358316235E-04
   2   8             0.000000000000E+00  0.000000000000E+00  9.476985902044E-04
   3   7             0.000000000000E+00  4.522675121894E-04  3.607768122080E-04
   4   7            -9.107298248878E-18 -4.522675121894E-04  3.607768122080E-04
   5   1             0.000000000000E+00  1.798075607695E-04 -1.980476026883E-04
   6   1             2.032879073410E-18 -1.798075607700E-04 -1.980476026883E-04
   7   1             0.000000000000E+00  3.488956425668E-05 -1.919605878893E-04
   8   1             9.757819552370E-19 -3.488956425657E-05 -1.919605878897E-04

 RESULTANT FORCE    -6.098637220231E-18 -3.330669073875E-16  1.841415908643E-12

 SYMMETRY ALLOWED FORCES (ANALYTICAL) (DIRECTION, FORCE)

    1 -9.5063309E-04    2  8.8641940E-04    3  6.3960285E-04    4  6.4176051E-04
    5  2.5428629E-04    6 -6.0870148E-06    7  4.9341295E-05
 TTTTTTTTTTTTTTTTTTTTTTTTTTTTTT TOTGRA      TELAPSE       67.65 TCPU       64.76
 INFORMATION **** opta003 **** GEOMETRY OUTPUT FILE
 INFORMATION **** EXCBUF **** EXCH. BIPO BUFFER: WORDS USED =       53874

 DFT PARAMETERS

     ATOM       ELECTRONS   NET CHARGE   R(ANGSTROM)
   1   6  C       6.0000      0.0000     0.77000000
   2   8  O       8.0000      0.0000     0.74000000
   3   7  N       7.0000      0.0000     0.74000000
   5   1  H       1.0000      0.0000     1.11000000

 SIZE OF GRID=      71007
 TTTTTTTTTTTTTTTTTTTTTTTTTTTTTT MAKE_GRID2  TELAPSE       67.77 TCPU       64.88
 BECKE WEIGHT FUNCTION
 RADSAFE =     2.00
 TOLERANCES - DENSITY:10**- 6; POTENTIAL:10**- 9; GRID WGT:10**-14

 RADIAL INTEGRATION  - INTERVALS (POINTS,UPPER LIMIT):            1( 75,  4.0*R)

 ANGULAR INTEGRATION - INTERVALS (ACCURACY LEVEL [N. POINTS] UPPER LIMIT):
  1(  4[  86]   0.2)  2(  8[ 194]   0.5)  3( 12[ 350]   0.9)  4( 16[ 974]   3.5)
  5( 12[ 350]9999.0)

 *******************************************************************************
 UREA MOLECULE BASE 6-21 + POLARIZATION                                          
 CRYSTAL - SCF - TYPE OF CALCULATION :  RESTRICTED CLOSED SHELL
 *******************************************************************************

 CAPPA:IS1  1;IS2  1;IS3  1; K PTS MONK NET   1; SYMMOPS:K SPACE   8;G SPACE   4

 TTTTTTTTTTTTTTTTTTTTTTTTTTTTTT SDIK        TELAPSE       67.77 TCPU       64.88

 INFORMATION FROM INTEGRAL EVALUATION

 RESTART FROM A PREVIOUS DENSITY MATRIX - DEP ACTIVE
 NUMBER OF COUPLE SETS (NEW, OLD, FOUND):     220     220     220
 NUMBER OF IRREDUCIBLE G VECTORS        :     220     220     220
 CHARGE NORMALIZATION FACTOR   1.00004402
 TOTAL ATOMIC CHARGES:
   5.1174088   8.5582763   7.5628524   7.5628524   0.7877166   0.7877166
   0.8115885   0.8115885
 TTTTTTTTTTTTTTTTTTTTTTTTTTTTTT MOQGAD      TELAPSE       67.78 TCPU       64.88
 TTTTTTTTTTTTTTTTTTTTTTTTTTTTTT SHELLXN     TELAPSE       68.24 TCPU       65.34
 TTTTTTTTTTTTTTTTTTTTTTTTTTTTTT MONMO3      TELAPSE       68.24 TCPU       65.34
 NUMERICALLY INTEGRATED DENSITY     31.9999972281
 TTTTTTTTTTTTTTTTTTTTTTTTTTTTTT NUMDFT      TELAPSE       68.76 TCPU       65.87
 CYC   0 ETOT(AU) -2.249345101085E+02 DETOT -2.25E+02 tst  2.24E-12 PX  1.00E+00
 TTTTTTTTTTTTTTTTTTTTTTTTTTTTTT DIIS        TELAPSE       68.77 TCPU       65.87
 TTTTTTTTTTTTTTTTTTTTTTTTTTTTTT FDIK        TELAPSE       68.77 TCPU       65.88
 INSULATING STATE
 TOP OF VALENCE BANDS -    BAND     16; K    1; EIG -2.2048614E-01 AU
 BOTTOM OF VIRTUAL BANDS - BAND     17; K    1; EIG  9.5334603E-02 AU
 DIRECT ENERGY BAND GAP:   8.5939 eV
 TTTTTTTTTTTTTTTTTTTTTTTTTTTTTT PDIG        TELAPSE       68.77 TCPU       65.88
 CHARGE NORMALIZATION FACTOR   1.00000000
 TOTAL ATOMIC CHARGES:
   5.1194450   8.5584205   7.5616417   7.5616417   0.7876601   0.7876601
   0.8117654   0.8117654
 TTTTTTTTTTTTTTTTTTTTTTTTTTTTTT MOQGAD      TELAPSE       68.77 TCPU       65.88
 TTTTTTTTTTTTTTTTTTTTTTTTTTTTTT SHELLXN     TELAPSE       69.20 TCPU       66.30
 TTTTTTTTTTTTTTTTTTTTTTTTTTTTTT MONMO3      TELAPSE       69.20 TCPU       66.30
 NUMERICALLY INTEGRATED DENSITY     31.9999972226
 TTTTTTTTTTTTTTTTTTTTTTTTTTTTTT NUMDFT      TELAPSE       69.58 TCPU       66.69
 CYC   1 ETOT(AU) -2.249301165882E+02 DETOT  4.39E-03 tst  0.00E+00 PX  6.45E-04
 TTTTTTTTTTTTTTTTTTTTTTTTTTTTTT DIIS        TELAPSE       69.58 TCPU       66.69
 DIIS TEST: 0.21578E-05 AT SCF   CYCLE   1 - MIX   30 %
 TTTTTTTTTTTTTTTTTTTTTTTTTTTTTT FDIK        TELAPSE       69.59 TCPU       66.69
 INSULATING STATE
 TOP OF VALENCE BANDS -    BAND     16; K    1; EIG -2.2047362E-01 AU
 BOTTOM OF VIRTUAL BANDS - BAND     17; K    1; EIG  9.5234856E-02 AU
 DIRECT ENERGY BAND GAP:   8.5909 eV
 TTTTTTTTTTTTTTTTTTTTTTTTTTTTTT PDIG        TELAPSE       69.59 TCPU       66.69
 CHARGE NORMALIZATION FACTOR   1.00000000
 TOTAL ATOMIC CHARGES:
   5.1181128   8.5584397   7.5627947   7.5627947   0.7874372   0.7874372
   0.8114919   0.8114919
 TTTTTTTTTTTTTTTTTTTTTTTTTTTTTT MOQGAD      TELAPSE       69.59 TCPU       66.69
 TTTTTTTTTTTTTTTTTTTTTTTTTTTTTT SHELLXN     TELAPSE       70.01 TCPU       67.11
 TTTTTTTTTTTTTTTTTTTTTTTTTTTTTT MONMO3      TELAPSE       70.01 TCPU       67.12
 NUMERICALLY INTEGRATED DENSITY     31.9999972249
 TTTTTTTTTTTTTTTTTTTTTTTTTTTTTT NUMDFT      TELAPSE       70.32 TCPU       67.42
 CYC   2 ETOT(AU) -2.249301169086E+02 DETOT -3.20E-07 tst  2.97E-08 PX  2.90E-04
 TTTTTTTTTTTTTTTTTTTTTTTTTTTTTT DIIS        TELAPSE       70.32 TCPU       67.42
 DIIS TEST: 0.73114E-06 AT SCF   CYCLE   2 - DIIS ACTIVE - HISTORY:     2 CYCLES
 TTTTTTTTTTTTTTTTTTTTTTTTTTTTTT FDIK        TELAPSE       70.32 TCPU       67.43
 INSULATING STATE
 TOP OF VALENCE BANDS -    BAND     16; K    1; EIG -2.2048296E-01 AU
 BOTTOM OF VIRTUAL BANDS - BAND     17; K    1; EIG  9.5275085E-02 AU
 DIRECT ENERGY BAND GAP:   8.5922 eV
 TTTTTTTTTTTTTTTTTTTTTTTTTTTTTT PDIG        TELAPSE       70.32 TCPU       67.43
 CHARGE NORMALIZATION FACTOR   1.00000000
 TOTAL ATOMIC CHARGES:
   5.1186643   8.5584746   7.5622835   7.5622835   0.7875636   0.7875636
   0.8115834   0.8115834
 TTTTTTTTTTTTTTTTTTTTTTTTTTTTTT MOQGAD      TELAPSE       70.32 TCPU       67.43
 TTTTTTTTTTTTTTTTTTTTTTTTTTTTTT SHELLXN     TELAPSE       70.81 TCPU       67.92
 TTTTTTTTTTTTTTTTTTTTTTTTTTTTTT MONMO3      TELAPSE       70.81 TCPU       67.92
 NUMERICALLY INTEGRATED DENSITY     31.9999972244
 TTTTTTTTTTTTTTTTTTTTTTTTTTTTTT NUMDFT      TELAPSE       71.22 TCPU       68.32
 CYC   3 ETOT(AU) -2.249301170417E+02 DETOT -1.33E-07 tst  3.80E-09 PX  1.20E-04
 TTTTTTTTTTTTTTTTTTTTTTTTTTTTTT DIIS        TELAPSE       71.22 TCPU       68.32
 DIIS TEST: 0.17191E-07 AT SCF   CYCLE   3 - DIIS ACTIVE - HISTORY:     3 CYCLES
 TTTTTTTTTTTTTTTTTTTTTTTTTTTTTT FDIK        TELAPSE       71.22 TCPU       68.32
 INSULATING STATE
 TOP OF VALENCE BANDS -    BAND     16; K    1; EIG -2.2045372E-01 AU
 BOTTOM OF VIRTUAL BANDS - BAND     17; K    1; EIG  9.5270808E-02 AU
 DIRECT ENERGY BAND GAP:   8.5913 eV
 TTTTTTTTTTTTTTTTTTTTTTTTTTTTTT PDIG        TELAPSE       71.22 TCPU       68.32
 CHARGE NORMALIZATION FACTOR   1.00000000
 TOTAL ATOMIC CHARGES:
   5.1187153   8.5583286   7.5623384   7.5623384   0.7875531   0.7875531
   0.8115865   0.8115865
 TTTTTTTTTTTTTTTTTTTTTTTTTTTTTT MOQGAD      TELAPSE       71.22 TCPU       68.33
 TTTTTTTTTTTTTTTTTTTTTTTTTTTTTT SHELLXN     TELAPSE       71.62 TCPU       68.73
 TTTTTTTTTTTTTTTTTTTTTTTTTTTTTT MONMO3      TELAPSE       71.62 TCPU       68.73
 NUMERICALLY INTEGRATED DENSITY     31.9999972242
 TTTTTTTTTTTTTTTTTTTTTTTTTTTTTT NUMDFT      TELAPSE       71.93 TCPU       69.03
 CYC   4 ETOT(AU) -2.249301170407E+02 DETOT  1.05E-09 tst  6.82E-10 PX  4.10E-05
 TTTTTTTTTTTTTTTTTTTTTTTTTTTTTT DIIS        TELAPSE       71.93 TCPU       69.03
 DIIS TEST: 0.11401E-07 AT SCF   CYCLE   4 - DIIS ACTIVE - HISTORY:     4 CYCLES
 TTTTTTTTTTTTTTTTTTTTTTTTTTTTTT FDIK        TELAPSE       71.93 TCPU       69.03
 INSULATING STATE
 TOP OF VALENCE BANDS -    BAND     16; K    1; EIG -2.2046728E-01 AU
 BOTTOM OF VIRTUAL BANDS - BAND     17; K    1; EIG  9.5273815E-02 AU
 DIRECT ENERGY BAND GAP:   8.5918 eV
 TTTTTTTTTTTTTTTTTTTTTTTTTTTTTT PDIG        TELAPSE       71.93 TCPU       69.03
 CHARGE NORMALIZATION FACTOR   1.00000000
 TOTAL ATOMIC CHARGES:
   5.1186576   8.5584084   7.5623215   7.5623215   0.7875569   0.7875569
   0.8115886   0.8115886
 TTTTTTTTTTTTTTTTTTTTTTTTTTTTTT MOQGAD      TELAPSE       71.93 TCPU       69.04
 TTTTTTTTTTTTTTTTTTTTTTTTTTTTTT SHELLXN     TELAPSE       72.30 TCPU       69.40

 ::: DIPOLE MOMENT ALONG NON PERIODIC DIRECTIONS:
 ::: A.U.     (X)  0.00000E+00   (Y)  0.00000E+00   (Z)  1.50205E+00
 ::: DEBYE         0.00000E+00        0.00000E+00       -3.81782E+00

 +++ ENERGIES IN A.U. +++
 ::: EXT EL-POLE                                   1.1317045187118E+01
 ::: EXT EL-SPHEROPOLE                             0.0000000000000E+00
 ::: BIELET ZONE E-E                               2.1529550585962E+02
 ::: TOTAL E-E                                     2.2661255104674E+02
 ::: TOTAL E-N + N-E                              -7.7521889383225E+02
 ::: TOTAL N-N                                     1.2360447210333E+02
 ::: KINETIC ENERGY                                2.2374535460488E+02
 ::: PSEUDO TOTAL   ENERGY                        -2.0125651607731E+02
 ::: VIRIAL COEFFICIENT                            1.0529146812730E+00
 TTTTTTTTTTTTTTTTTTTTTTTTTTTTTT MONMO3      TELAPSE       72.30 TCPU       69.40
 NUMERICALLY INTEGRATED DENSITY     31.9999972243
 TTTTTTTTTTTTTTTTTTTTTTTTTTTTTT NUMDFT      TELAPSE       72.61 TCPU       69.71
 CYC   5 ETOT(AU) -2.249301170441E+02 DETOT -3.44E-09 tst  1.41E-10 PX  4.10E-05

 == SCF ENDED - CONVERGENCE ON ENERGY      E(AU) -2.2493011704413E+02 CYCLES   5


 ENERGY EXPRESSION=HARTREE+FOCK EXCH*0.20000+(BECKE      EXCH)*0.80000+LYP        CORR


 TOTAL ENERGY(DFT)(AU)(  5) -2.2493011704413E+02 DE-3.4E-09 tester 1.4E-10
 TTTTTTTTTTTTTTTTTTTTTTTTTTTTTT EDFT        TELAPSE       72.61 TCPU       69.71

 *******************************************************************************
 *                             FORCE CALCULATION                               *
 *******************************************************************************

 TTTTTTTTTTTTTTTTTTTTTTTTTTTTTT NUMDFG      TELAPSE       73.91 TCPU       71.02
 INFORMATION **** EXCPOG **** EXCH. BIPO BUFFER LENGTH (WORDS) =      215496
 INFORMATION **** GENPOG **** BIPO BUFFER LENGTH (WORDS) =       35100
 TTTTTTTTTTTTTTTTTTTTTTTTTTTTTT SHELXG      TELAPSE       77.24 TCPU       74.33

 CARTESIAN FORCES IN HARTREE/BOHR (ANALYTICAL)
   ATOM                     X                   Y                   Z
   1   6             0.000000000000E+00  0.000000000000E+00  9.194723647310E-05
   2   8             0.000000000000E+00  0.000000000000E+00 -2.963581860751E-04
   3   7             0.000000000000E+00 -1.190883291251E-04  2.672358679581E-04
   4   7            -8.239936510890E-18  1.190883291251E-04  2.672358679581E-04
   5   1             0.000000000000E+00 -1.490456094189E-05 -6.520341257288E-05
   6   1            -4.729831977468E-18  1.490456094144E-05 -6.520341257288E-05
   7   1             0.000000000000E+00 -4.362305546568E-06 -9.982697968036E-05
   8   1             4.336808689942E-19  4.362305546568E-06 -9.982697968036E-05

 RESULTANT FORCE    -1.253608761936E-17 -4.440892098501E-16  1.807665128695E-12

 SYMMETRY ALLOWED FORCES (ANALYTICAL) (DIRECTION, FORCE)

    1  9.8295730E-05    2 -3.0591566E-04    3 -1.6841633E-04    4  4.0385774E-04
    5 -2.1078232E-05    6  3.4623567E-05    7 -6.1692317E-06
 TTTTTTTTTTTTTTTTTTTTTTTTTTTTTT TOTGRA      TELAPSE       77.25 TCPU       74.35
 INFORMATION **** opta004 **** GEOMETRY OUTPUT FILE
 TTTTTTTTTTTTTTTTTTTTTTTTTTTTTT gordsh1     TELAPSE       77.38 TCPU       74.47

 MATRIX SIZE: P(G)    5728, F(G)    2651, P(G) IRR    1761, F(G) IRR    1635
 MAX G-VECTOR INDEX FOR 1- AND 2-ELECTRON INTEGRALS   1

 TTTTTTTTTTTTTTTTTTTTTTTTTTTTTT INPUT       TELAPSE       77.38 TCPU       74.47

 NEIGHBORS OF THE NON-EQUIVALENT ATOMS

 N = NUMBER OF NEIGHBORS AT DISTANCE R
    ATOM  N     R/ANG      R/AU   NEIGHBORS (ATOM LABELS AND CELL INDICES)
   1 C    1     1.2175     2.3007    2 O    0 0 0
   1 C    2     1.3790     2.6059    3 N    0 0 0    4 N    0 0 0
   1 C    2     2.0391     3.8533    5 H    0 0 0    6 H    0 0 0
   1 C    2     2.1169     4.0003    7 H    0 0 0    8 H    0 0 0

   2 O    1     1.2175     2.3007    1 C    0 0 0
   2 O    2     2.2837     4.3155    3 N    0 0 0    4 N    0 0 0
   2 O    2     2.4967     4.7181    5 H    0 0 0    6 H    0 0 0
   2 O    2     3.2009     6.0488    7 H    0 0 0    8 H    0 0 0

   3 N    1     1.0064     1.9018    5 H    0 0 0
   3 N    1     1.0068     1.9027    7 H    0 0 0
   3 N    1     1.3790     2.6059    1 C    0 0 0
   3 N    1     2.2837     4.3155    2 O    0 0 0
   3 N    1     2.3117     4.3685    4 N    0 0 0
   3 N    1     2.5419     4.8034    8 H    0 0 0

   5 H    1     1.0064     1.9018    3 N    0 0 0
   5 H    1     1.7352     3.2791    7 H    0 0 0
   5 H    1     2.0391     3.8533    1 C    0 0 0
   5 H    1     2.4967     4.7181    2 O    0 0 0
   5 H    1     3.2207     6.0862    4 N    0 0 0
   5 H    1     3.5429     6.6951    8 H    0 0 0

   7 H    1     1.0068     1.9027    3 N    0 0 0
   7 H    1     1.7352     3.2791    5 H    0 0 0
   7 H    1     2.1169     4.0003    1 C    0 0 0
   7 H    1     2.3564     4.4530    8 H    0 0 0
   7 H    1     2.5419     4.8034    4 N    0 0 0
   7 H    1     3.2009     6.0488    2 O    0 0 0

 TTTTTTTTTTTTTTTTTTTTTTTTTTTTTT SYMM        TELAPSE       77.38 TCPU       74.47

 ***** NEW REFERENCE GEOMETRY *****
 TTTTTTTTTTTTTTTTTTTTTTTTTTTTTT INT_SCREEN  TELAPSE       77.38 TCPU       74.47
 INFORMATION **** EXCBUF **** EXCH. BIPO BUFFER: WORDS USED =       53874

 DFT PARAMETERS

     ATOM       ELECTRONS   NET CHARGE   R(ANGSTROM)
   1   6  C       6.0000      0.0000     0.77000000
   2   8  O       8.0000      0.0000     0.74000000
   3   7  N       7.0000      0.0000     0.74000000
   5   1  H       1.0000      0.0000     1.11000000

 SIZE OF GRID=      71109
 TTTTTTTTTTTTTTTTTTTTTTTTTTTTTT MAKE_GRID2  TELAPSE       77.46 TCPU       74.54
 BECKE WEIGHT FUNCTION
 RADSAFE =     2.00
 TOLERANCES - DENSITY:10**- 6; POTENTIAL:10**- 9; GRID WGT:10**-14

 RADIAL INTEGRATION  - INTERVALS (POINTS,UPPER LIMIT):            1( 75,  4.0*R)

 ANGULAR INTEGRATION - INTERVALS (ACCURACY LEVEL [N. POINTS] UPPER LIMIT):
  1(  4[  86]   0.2)  2(  8[ 194]   0.5)  3( 12[ 350]   0.9)  4( 16[ 974]   3.5)
  5( 12[ 350]9999.0)

 *******************************************************************************
 UREA MOLECULE BASE 6-21 + POLARIZATION                                          
 CRYSTAL - SCF - TYPE OF CALCULATION :  RESTRICTED CLOSED SHELL
 *******************************************************************************

 CAPPA:IS1  1;IS2  1;IS3  1; K PTS MONK NET   1; SYMMOPS:K SPACE   8;G SPACE   4

 TTTTTTTTTTTTTTTTTTTTTTTTTTTTTT SDIK        TELAPSE       77.46 TCPU       74.54

 INFORMATION FROM INTEGRAL EVALUATION

 RESTART FROM A PREVIOUS DENSITY MATRIX - DEP ACTIVE
 NUMBER OF COUPLE SETS (NEW, OLD, FOUND):     221     220     220
 NUMBER OF IRREDUCIBLE G VECTORS        :     220     220     220
 CHARGE NORMALIZATION FACTOR   0.99999277
 TOTAL ATOMIC CHARGES:
   5.1188750   8.5584267   7.5622346   7.5622346   0.7875759   0.7875759
   0.8115387   0.8115387
 TTTTTTTTTTTTTTTTTTTTTTTTTTTTTT MOQGAD      TELAPSE       77.46 TCPU       74.55
 TTTTTTTTTTTTTTTTTTTTTTTTTTTTTT SHELLXN     TELAPSE       77.83 TCPU       74.91
 TTTTTTTTTTTTTTTTTTTTTTTTTTTTTT MONMO3      TELAPSE       77.83 TCPU       74.92
 NUMERICALLY INTEGRATED DENSITY     31.9999972561
 TTTTTTTTTTTTTTTTTTTTTTTTTTTTTT NUMDFT      TELAPSE       78.13 TCPU       75.22
 CYC   0 ETOT(AU) -2.249294167916E+02 DETOT -2.25E+02 tst  1.41E-10 PX  1.00E+00
 TTTTTTTTTTTTTTTTTTTTTTTTTTTTTT DIIS        TELAPSE       78.13 TCPU       75.22
 TTTTTTTTTTTTTTTTTTTTTTTTTTTTTT FDIK        TELAPSE       78.13 TCPU       75.22
 INSULATING STATE
 TOP OF VALENCE BANDS -    BAND     16; K    1; EIG -2.2043253E-01 AU
 BOTTOM OF VIRTUAL BANDS - BAND     17; K    1; EIG  9.5229753E-02 AU
 DIRECT ENERGY BAND GAP:   8.5896 eV
 TTTTTTTTTTTTTTTTTTTTTTTTTTTTTT PDIG        TELAPSE       78.13 TCPU       75.22
 CHARGE NORMALIZATION FACTOR   1.00000000
 TOTAL ATOMIC CHARGES:
   5.1182351   8.5583857   7.5625163   7.5625163   0.7875530   0.7875530
   0.8116203   0.8116203
 TTTTTTTTTTTTTTTTTTTTTTTTTTTTTT MOQGAD      TELAPSE       78.13 TCPU       75.22
 TTTTTTTTTTTTTTTTTTTTTTTTTTTTTT SHELLXN     TELAPSE       78.50 TCPU       75.59
 TTTTTTTTTTTTTTTTTTTTTTTTTTTTTT MONMO3      TELAPSE       78.51 TCPU       75.59
 NUMERICALLY INTEGRATED DENSITY     31.9999972574
 TTTTTTTTTTTTTTTTTTTTTTTTTTTTTT NUMDFT      TELAPSE       78.81 TCPU       75.89
 CYC   1 ETOT(AU) -2.249301172403E+02 DETOT -7.00E-04 tst  0.00E+00 PX  9.36E-04
 TTTTTTTTTTTTTTTTTTTTTTTTTTTTTT DIIS        TELAPSE       78.81 TCPU       75.89
 DIIS TEST: 0.16742E-06 AT SCF   CYCLE   1 - MIX   30 %
 TTTTTTTTTTTTTTTTTTTTTTTTTTTTTT FDIK        TELAPSE       78.81 TCPU       75.89
 INSULATING STATE
 TOP OF VALENCE BANDS -    BAND     16; K    1; EIG -2.2046616E-01 AU
 BOTTOM OF VIRTUAL BANDS - BAND     17; K    1; EIG  9.5261279E-02 AU
 DIRECT ENERGY BAND GAP:   8.5914 eV
 TTTTTTTTTTTTTTTTTTTTTTTTTTTTTT PDIG        TELAPSE       78.81 TCPU       75.89
 CHARGE NORMALIZATION FACTOR   1.00000000
 TOTAL ATOMIC CHARGES:
   5.1186615   8.5583591   7.5622619   7.5622619   0.7876070   0.7876070
   0.8116207   0.8116207
 TTTTTTTTTTTTTTTTTTTTTTTTTTTTTT MOQGAD      TELAPSE       78.81 TCPU       75.89
 TTTTTTTTTTTTTTTTTTTTTTTTTTTTTT SHELLXN     TELAPSE       79.21 TCPU       76.30
 TTTTTTTTTTTTTTTTTTTTTTTTTTTTTT MONMO3      TELAPSE       79.21 TCPU       76.30
 NUMERICALLY INTEGRATED DENSITY     31.9999972570
 TTTTTTTTTTTTTTTTTTTTTTTTTTTTTT NUMDFT      TELAPSE       79.57 TCPU       76.66
 CYC   2 ETOT(AU) -2.249301172409E+02 DETOT -6.39E-10 tst  3.20E-09 PX  6.26E-05
 TTTTTTTTTTTTTTTTTTTTTTTTTTTTTT DIIS        TELAPSE       79.57 TCPU       76.66
 DIIS TEST: 0.51092E-07 AT SCF   CYCLE   2 - DIIS ACTIVE - HISTORY:     2 CYCLES
 TTTTTTTTTTTTTTTTTTTTTTTTTTTTTT FDIK        TELAPSE       79.64 TCPU       76.66
 INSULATING STATE
 TOP OF VALENCE BANDS -    BAND     16; K    1; EIG -2.2046027E-01 AU
 BOTTOM OF VIRTUAL BANDS - BAND     17; K    1; EIG  9.5253596E-02 AU
 DIRECT ENERGY BAND GAP:   8.5910 eV
 TTTTTTTTTTTTTTTTTTTTTTTTTTTTTT PDIG        TELAPSE       79.64 TCPU       76.66
 CHARGE NORMALIZATION FACTOR   1.00000000
 TOTAL ATOMIC CHARGES:
   5.1184862   8.5583750   7.5623865   7.5623865   0.7875865   0.7875865
   0.8115964   0.8115964
 TTTTTTTTTTTTTTTTTTTTTTTTTTTTTT MOQGAD      TELAPSE       79.65 TCPU       76.67
 TTTTTTTTTTTTTTTTTTTTTTTTTTTTTT SHELLXN     TELAPSE       80.06 TCPU       77.08

 ::: DIPOLE MOMENT ALONG NON PERIODIC DIRECTIONS:
 ::: A.U.     (X)  0.00000E+00   (Y)  0.00000E+00   (Z)  1.50215E+00
 ::: DEBYE         0.00000E+00        0.00000E+00       -3.81809E+00

 +++ ENERGIES IN A.U. +++
 ::: EXT EL-POLE                                   1.1362526473095E+01
 ::: EXT EL-SPHEROPOLE                             0.0000000000000E+00
 ::: BIELET ZONE E-E                               2.1526144912498E+02
 ::: TOTAL E-E                                     2.2662397559807E+02
 ::: TOTAL E-N + N-E                              -7.7524280258524E+02
 ::: TOTAL N-N                                     1.2361586231524E+02
 ::: KINETIC ENERGY                                2.2374667808827E+02
 ::: PSEUDO TOTAL   ENERGY                        -2.0125628658366E+02
 ::: VIRIAL COEFFICIENT                            1.0529181991047E+00
 TTTTTTTTTTTTTTTTTTTTTTTTTTTTTT MONMO3      TELAPSE       80.06 TCPU       77.08
 NUMERICALLY INTEGRATED DENSITY     31.9999972571
 TTTTTTTTTTTTTTTTTTTTTTTTTTTTTT NUMDFT      TELAPSE       80.43 TCPU       77.44
 CYC   3 ETOT(AU) -2.249301172510E+02 DETOT -1.01E-08 tst  4.01E-10 PX  6.26E-05

 == SCF ENDED - CONVERGENCE ON ENERGY      E(AU) -2.2493011725099E+02 CYCLES   3


 ENERGY EXPRESSION=HARTREE+FOCK EXCH*0.20000+(BECKE      EXCH)*0.80000+LYP        CORR


 TOTAL ENERGY(DFT)(AU)(  3) -2.2493011725099E+02 DE-1.0E-08 tester 4.0E-10
 TTTTTTTTTTTTTTTTTTTTTTTTTTTTTT EDFT        TELAPSE       80.43 TCPU       77.45

 *******************************************************************************
 *                             FORCE CALCULATION                               *
 *******************************************************************************

 TTTTTTTTTTTTTTTTTTTTTTTTTTTTTT NUMDFG      TELAPSE       83.40 TCPU       80.17
 INFORMATION **** EXCPOG **** EXCH. BIPO BUFFER LENGTH (WORDS) =      215496
 INFORMATION **** GENPOG **** BIPO BUFFER LENGTH (WORDS) =       35100
 TTTTTTTTTTTTTTTTTTTTTTTTTTTTTT SHELXG      TELAPSE       86.81 TCPU       83.58

 CARTESIAN FORCES IN HARTREE/BOHR (ANALYTICAL)
   ATOM                     X                   Y                   Z
   1   6             0.000000000000E+00  0.000000000000E+00  1.045923558873E-05
   2   8             0.000000000000E+00  0.000000000000E+00  3.480685775870E-05
   3   7             0.000000000000E+00 -3.385547761248E-05 -9.681424521624E-06
   4   7            -1.127570259385E-17  3.385547761248E-05 -9.681424522512E-06
   5   1             0.000000000000E+00  2.642666465213E-06 -1.470588087971E-05
   6   1            -8.131516293641E-18 -2.642666465213E-06 -1.470588087971E-05
   7   1             0.000000000000E+00  5.191359981671E-06  1.754259423503E-06
   8   1            -2.276824562220E-18 -5.191359981671E-06  1.754259423059E-06

 RESULTANT FORCE    -2.168404344971E-17  0.000000000000E+00  1.390443316041E-12

 SYMMETRY ALLOWED FORCES (ANALYTICAL) (DIRECTION, FORCE)

    1  1.1181393E-05    2  3.9209598E-05    3 -4.7878876E-05    4 -3.7015240E-06
    5  3.7372948E-06    6 -1.6460140E-05    7  7.3416917E-06
 TTTTTTTTTTTTTTTTTTTTTTTTTTTTTT TOTGRA      TELAPSE       86.83 TCPU       83.60
 INFORMATION **** opta005 **** GEOMETRY OUTPUT FILE
