
         
 *******************************************************************************
 *                                                                             *
 *                               CRYSTAL23                                     *
 *                      public : 1.0.1 - October 2022                          *
 *                       HTTP://WWW.CRYSTAL.UNITO.IT                           *
 *                                                                             *
 *                              MAIN AUTHORS                                   *
 *                                                                             *
 *  R. DOVESI(1,11), V.R. SAUNDERS(2), C. ROETTI(1,11), R. ORLANDO(1,11),      *
 *  C.M. ZICOVICH-WILSON(1,3), F. PASCALE(4), B. CIVALLERI(1,11),              *
 *  K. DOLL(5), N.M. HARRISON(6), I.J. BUSH(7), Ph. D'ARCO(8),                 *
 *  M. LLUNELL(9), M. CAUSA'(10), Y. NOEL(8), L. MASCHIO(1,11), A. ERBA(1,11)  *
 *  M. RE'RAT(14), S. CASASSA(1,11), B.G. SEARLE(2), J.K. DESMARAIS(1)         *
 *                                                                             *
 *        CONTRIBUTIONS TO THE CODE HAVE ALSO BEEN GIVEN BY                    *
 *                                                                             *
 *  M. FERRABONE(1,11), M. DE LA PIERRE(1,11), M. FERRERO(1,11),               *
 *  J. BAIMA(1,11), E. ALBANESE(1,11), M.F. PEINTINGER(12), R. BAST(13),       *
 *  B. KIRTMAN(15), V. LACIVITA(1,11), R. DEMICHELIS(1,16)                     *
 *  G. BRANDEBURG(17), S. SALUSTRO(1,11), G. SANSONE(1,11)                     *
 *  M.T. RUGGIERO(18), L.E. DAGA(1), L. DONA'(1), A. COSSARD(1)                *
 *                                                                             *
 * (1) THEORETICAL CHEMISTRY GROUP - UNIVERSITA' DI TORINO - TORINO (ITALY)    *
 * (2) SCIENTIFIC COMPUTING DEPARTMENT - STFC DARESBURY (UK)                   *
 * (3) UNIVERSIDAD AUTONOMA DEL ESTADO DE MORELOS - CUERNAVACA (MEXICO)        *
 * (4) UNIVERSITE' DE LORRAINE - NANCY (FRANCE)                                *
 * (5) UNIVERSITAET STUTTGART- STUTTGART (GERMANY)                             *
 * (6) IMPERIAL COLLEGE - LONDON (UK)                                          *
 * (7) SCIENTIFIC COMPUTING DEPARTMENT - STFC RAL (UK)                         *
 * (8) UPMC - SORBONNE UNIVERSITES - PARIS (FRANCE)                            *
 * (9) UNIVERSIDAD DE BARCELONA - BARCELONA (SPAIN)                            *
 *(10) UNIVERSITA' DI NAPOLI "FEDERICO II" - NAPOLI (ITALY)                    *
 *(11) NIS - NANOSTRUCTURED INTERFACES AND SURFACES - TORINO (ITALY)           *
 *(12) MPI FUER CHEMISCHE ENERGIEKONVERSION - MUELHEIM AN DER RUHR (GERMANY)   *
 *(13) UNIVERSITY OF TROMSO - TROMSO (NORWAY)                                  *
 *(14) UNIVERSITE' DE PAU ET DES PAYS DE L'ADOUR - PAU (FRANCE)                *
 *(15) UNIVERSITY OF CALIFORNIA SANTA BARBARA - SANTA BARBARA (USA)            *
 *(16) CURTIN UNIVERSITY - PERTH (AUSTRALIA)                                   *
 *(17) UNIVERSITY COLLEGE LONDON - LONDON (UK)                                 *
 *(18) UNIVERSITY OF VERMONT - BURLINGTON (USA)                                *
 *                                                                             *
 *******************************************************************************
 EEEEEEEEEE STARTING  DATE 20 09 2024 TIME 14:07:36.8
 LiF                                                                             

 CRYSTAL CALCULATION
 (INPUT ACCORDING TO THE INTERNATIONAL TABLES FOR X-RAY CRYSTALLOGRAPHY)
 CRYSTAL FAMILY                       :  CUBIC       
 CRYSTAL CLASS  (GROTH - 1921)        :  CUBIC HEXAKISOCTAHEDRAL              

 SPACE GROUP (CENTROSYMMETRIC)        :  F M 3 M         

 LATTICE PARAMETERS  (ANGSTROMS AND DEGREES) - CONVENTIONAL CELL
        A           B           C        ALPHA        BETA       GAMMA
     4.02000     4.02000     4.02000    90.00000    90.00000    90.00000


 NUMBER OF IRREDUCIBLE ATOMS IN THE CONVENTIONAL CELL:    2

 INPUT COORDINATES

 ATOM AT. N.              COORDINATES
   1   9     0.000000000000E+00  0.000000000000E+00  0.000000000000E+00
   2   3     5.000000000000E-01  5.000000000000E-01  5.000000000000E-01

 *******************************************************************************

 << INFORMATION >>: FROM NOW ON, ALL COORDINATES REFER TO THE PRIMITIVE CELL

 *******************************************************************************

 LATTICE PARAMETERS  (ANGSTROMS AND DEGREES) - PRIMITIVE CELL
       A          B          C        ALPHA      BETA     GAMMA        VOLUME
    2.84257    2.84257    2.84257    60.00000  60.00000  60.00000     16.241202

 COORDINATES OF THE EQUIVALENT ATOMS (FRACTIONAL UNITS)

 N. ATOM EQUIV AT. N.          X                  Y                  Z

   1   1   1    9 F     0.00000000000E+00  0.00000000000E+00  0.00000000000E+00

   2   2   1    3 LI   -5.00000000000E-01 -5.00000000000E-01 -5.00000000000E-01

 NUMBER OF SYMMETRY OPERATORS         :   48
 *******************************************************************************
 * GEOMETRY EDITING - INPUT COORDINATES ARE GIVEN IN ANGSTROM         
 *******************************************************************************

 GEOMETRY NOW FULLY CONSISTENT WITH THE GROUP

 NO SYMMOPS WITH FINITE TRANSLATIONAL COMPONENT

 *******************************************************************************
 * SUPERCELL OPTION
 *******************************************************************************


        EXPANSION MATRIX OF PRIMITIVE CELL
 E1     2.000     0.000     0.000
 E2     0.000     2.000     0.000
 E3     0.000     0.000     2.000

 NUMBER OF ATOMS PER SUPERCELL    16

        DIRECT LATTICE VECTORS COMPONENTS (ANGSTROM)
 B1     0.000     4.020     4.020
 B2     4.020     0.000     4.020
 B3     4.020     4.020     0.000

 LATTICE PARAMETERS  (ANGSTROM AND DEGREES)
       A          B          C         ALPHA     BETA     GAMMA        VOLUME
    5.68514    5.68514    5.68514    60.00000  60.00000  60.00000    129.929616


 **** ATOMS BELONGING TO THE SUPERCELL
 LABEL AT.NO.      COORDINATES (ANGSTROM AND FRACTIONAL)
     1     9     0.0000     0.0000     0.0000     0.0000     0.0000     0.0000
     2     9    -2.0100    -2.0100    -0.0000     0.0000    -0.0000    -0.5000
     3     9    -2.0100    -0.0000    -2.0100     0.0000    -0.5000    -0.0000
     4     9    -4.0200    -2.0100    -2.0100     0.0000    -0.5000    -0.5000
     5     9    -0.0000    -2.0100    -2.0100    -0.5000     0.0000    -0.0000
     6     9    -2.0100    -4.0200    -2.0100    -0.5000     0.0000    -0.5000
     7     9    -2.0100    -2.0100    -4.0200    -0.5000    -0.5000    -0.0000
     8     9    -4.0200    -4.0200    -4.0200    -0.5000    -0.5000    -0.5000
     9     3     0.0000     0.0000    -2.0100    -0.2500    -0.2500     0.2500
    10     3    -2.0100    -2.0100    -2.0100    -0.2500    -0.2500    -0.2500
    11     3     2.0100     0.0000     0.0000    -0.2500     0.2500     0.2500
    12     3     0.0000    -2.0100     0.0000    -0.2500     0.2500    -0.2500
    13     3     0.0000     2.0100     0.0000     0.2500    -0.2500     0.2500
    14     3    -2.0100     0.0000     0.0000     0.2500    -0.2500    -0.2500
    15     3     2.0100     2.0100     2.0100     0.2500     0.2500     0.2500
    16     3     0.0000     0.0000     2.0100     0.2500     0.2500    -0.2500

 **************************** SUPERCELL GENERATED ****************************

 GCALCO - MAX INDICES DIRECT LATTICE VECTOR    14    14    14
 NO.OF VECTORS CREATED 6999 STARS  105 RMAX   113.69698 BOHR

 GEOMETRY FOR WAVE FUNCTION - DIMENSIONALITY OF THE SYSTEM    3
 (NON PERIODIC DIRECTION: LATTICE PARAMETER FORMALLY SET TO 500)
 *******************************************************************************
 LATTICE PARAMETERS (ANGSTROMS AND DEGREES) - BOHR = 0.5291772083 ANGSTROM
 PRIMITIVE CELL - CENTRING CODE 1/0 VOLUME=   129.929616 - DENSITY  2.660 g/cm^3
         A              B              C           ALPHA      BETA       GAMMA 
     5.68513852     5.68513852     5.68513852    60.000000  60.000000  60.000000
 *******************************************************************************
 ATOMS IN THE ASYMMETRIC UNIT    5 - ATOMS IN THE UNIT CELL:   16
     ATOM                 X/A                 Y/B                 Z/C    
 *******************************************************************************
      1 T   9 F     0.000000000000E+00  0.000000000000E+00  0.000000000000E+00
      2 T   9 F     1.161196822186E-17 -1.161196822186E-17  5.000000000000E-01
      3 F   9 F     2.409052480699E-17  5.000000000000E-01  8.665883632765E-19
      4 F   9 F    -5.138565778160E-18  5.000000000000E-01  5.000000000000E-01
      5 F   9 F    -5.000000000000E-01 -8.665883632765E-19  8.665883632765E-19
      6 F   9 F    -5.000000000000E-01 -8.665883632765E-19  5.000000000000E-01
      7 F   9 F    -5.000000000000E-01  5.000000000000E-01  1.733176726553E-18
      8 T   9 F    -5.000000000000E-01  5.000000000000E-01  5.000000000000E-01
      9 T   3 LI   -2.500000000000E-01 -2.500000000000E-01  2.500000000000E-01
     10 T   3 LI   -2.500000000000E-01 -2.500000000000E-01 -2.500000000000E-01
     11 F   3 LI   -2.500000000000E-01  2.500000000000E-01  2.500000000000E-01
     12 F   3 LI   -2.500000000000E-01  2.500000000000E-01 -2.500000000000E-01
     13 F   3 LI    2.500000000000E-01 -2.500000000000E-01  2.500000000000E-01
     14 F   3 LI    2.500000000000E-01 -2.500000000000E-01 -2.500000000000E-01
     15 F   3 LI    2.500000000000E-01  2.500000000000E-01  2.500000000000E-01
     16 F   3 LI    2.500000000000E-01  2.500000000000E-01 -2.500000000000E-01

 T = ATOM BELONGING TO THE ASYMMETRIC UNIT

 ****   48 SYMMOPS - TRANSLATORS IN FRACTIONAL UNITS
 **** MATRICES AND TRANSLATORS IN THE CRYSTALLOGRAPHIC REFERENCE FRAME
   V INV                    ROTATION MATRICES                   TRANSLATORS
   1   1  1.00  0.00  0.00  0.00  1.00  0.00  0.00  0.00  1.00  0.00  0.00  0.00
   2   2  0.00  1.00 -0.00  1.00 -0.00 -0.00 -1.00 -1.00 -1.00  0.00  0.00  0.00
   3   3 -1.00 -1.00 -1.00  0.00  0.00  1.00 -0.00  1.00  0.00  0.00  0.00  0.00
   4   4 -0.00 -0.00  1.00 -1.00 -1.00 -1.00  1.00 -0.00 -0.00  0.00  0.00  0.00
   5   6  0.00  0.00  1.00  1.00  0.00 -0.00  0.00  1.00  0.00  0.00  0.00  0.00
   6   5  0.00  1.00  0.00  0.00 -0.00  1.00  1.00  0.00  0.00  0.00  0.00  0.00
   7   8  1.00 -0.00  0.00 -0.00 -0.00  1.00 -1.00 -1.00 -1.00  0.00  0.00  0.00
   8   7  1.00 -0.00 -0.00 -1.00 -1.00 -1.00 -0.00  1.00 -0.00  0.00  0.00  0.00
   9  10 -1.00 -1.00 -1.00  0.00  1.00  0.00  1.00  0.00 -0.00  0.00  0.00  0.00
  10   9 -0.00  0.00  1.00 -0.00  1.00 -0.00 -1.00 -1.00 -1.00  0.00  0.00  0.00
  11  12 -0.00  1.00 -0.00 -1.00 -1.00 -1.00 -0.00 -0.00  1.00  0.00  0.00  0.00
  12  11 -1.00 -1.00 -1.00  1.00  0.00  0.00  0.00 -0.00  1.00  0.00  0.00  0.00
  13  13 -0.00 -1.00 -0.00 -1.00  0.00 -0.00 -0.00 -0.00 -1.00  0.00  0.00  0.00
  14  14 -1.00 -0.00  0.00  0.00 -1.00  0.00  1.00  1.00  1.00  0.00  0.00  0.00
  15  16  0.00  0.00 -1.00  1.00  1.00  1.00  0.00 -1.00  0.00  0.00  0.00  0.00
  16  15  1.00  1.00  1.00 -0.00 -0.00 -1.00 -1.00  0.00 -0.00  0.00  0.00  0.00
  17  17 -1.00 -0.00 -0.00  0.00 -0.00 -1.00 -0.00 -1.00 -0.00  0.00  0.00  0.00
  18  18 -0.00 -0.00 -1.00 -0.00 -1.00  0.00 -1.00 -0.00 -0.00  0.00  0.00  0.00
  19  21 -0.00  0.00 -1.00 -1.00  0.00  0.00  1.00  1.00  1.00  0.00  0.00  0.00
  20  22  1.00  1.00  1.00 -1.00 -0.00 -0.00 -0.00 -1.00  0.00  0.00  0.00  0.00
  21  19  0.00 -1.00  0.00  1.00  1.00  1.00 -1.00  0.00  0.00  0.00  0.00  0.00
  22  20  0.00 -1.00 -0.00  0.00  0.00 -1.00  1.00  1.00  1.00  0.00  0.00  0.00
  23  23  1.00  1.00  1.00 -0.00 -1.00 -0.00  0.00 -0.00 -1.00  0.00  0.00  0.00
  24  24 -1.00  0.00  0.00  1.00  1.00  1.00  0.00  0.00 -1.00  0.00  0.00  0.00
  25  25 -1.00 -0.00 -0.00  0.00 -1.00 -0.00 -0.00 -0.00 -1.00  0.00  0.00  0.00
  26  26 -0.00 -1.00  0.00 -1.00  0.00  0.00  1.00  1.00  1.00  0.00  0.00  0.00
  27  27  1.00  1.00  1.00 -0.00 -0.00 -1.00  0.00 -1.00 -0.00  0.00  0.00  0.00
  28  28  0.00  0.00 -1.00  1.00  1.00  1.00 -1.00  0.00  0.00  0.00  0.00  0.00
  29  30 -0.00 -0.00 -1.00 -1.00 -0.00  0.00 -0.00 -1.00 -0.00  0.00  0.00  0.00
  30  29 -0.00 -1.00 -0.00 -0.00  0.00 -1.00 -1.00 -0.00 -0.00  0.00  0.00  0.00
  31  32 -1.00  0.00 -0.00  0.00  0.00 -1.00  1.00  1.00  1.00  0.00  0.00  0.00
  32  31 -1.00  0.00  0.00  1.00  1.00  1.00  0.00 -1.00  0.00  0.00  0.00  0.00
  33  34  1.00  1.00  1.00 -0.00 -1.00 -0.00 -1.00 -0.00  0.00  0.00  0.00  0.00
  34  33  0.00 -0.00 -1.00  0.00 -1.00  0.00  1.00  1.00  1.00  0.00  0.00  0.00
  35  36  0.00 -1.00  0.00  1.00  1.00  1.00  0.00  0.00 -1.00  0.00  0.00  0.00
  36  35  1.00  1.00  1.00 -1.00 -0.00 -0.00 -0.00  0.00 -1.00  0.00  0.00  0.00
  37  37  0.00  1.00  0.00  1.00 -0.00  0.00  0.00  0.00  1.00  0.00  0.00  0.00
  38  38  1.00  0.00 -0.00 -0.00  1.00 -0.00 -1.00 -1.00 -1.00  0.00  0.00  0.00
  39  40 -0.00 -0.00  1.00 -1.00 -1.00 -1.00 -0.00  1.00 -0.00  0.00  0.00  0.00
  40  39 -1.00 -1.00 -1.00  0.00  0.00  1.00  1.00 -0.00  0.00  0.00  0.00  0.00
  41  41  1.00  0.00  0.00 -0.00  0.00  1.00  0.00  1.00  0.00  0.00  0.00  0.00
  42  42  0.00  0.00  1.00  0.00  1.00 -0.00  1.00  0.00  0.00  0.00  0.00  0.00
  43  45  0.00 -0.00  1.00  1.00 -0.00 -0.00 -1.00 -1.00 -1.00  0.00  0.00  0.00
  44  46 -1.00 -1.00 -1.00  1.00  0.00  0.00  0.00  1.00 -0.00  0.00  0.00  0.00
  45  43 -0.00  1.00 -0.00 -1.00 -1.00 -1.00  1.00 -0.00 -0.00  0.00  0.00  0.00
  46  44 -0.00  1.00  0.00 -0.00 -0.00  1.00 -1.00 -1.00 -1.00  0.00  0.00  0.00
  47  47 -1.00 -1.00 -1.00  0.00  1.00  0.00 -0.00  0.00  1.00  0.00  0.00  0.00
  48  48  1.00 -0.00 -0.00 -1.00 -1.00 -1.00 -0.00 -0.00  1.00  0.00  0.00  0.00

 DIRECT LATTICE VECTORS CARTESIAN COMPONENTS (ANGSTROM)
          X                    Y                    Z
   0.000000000000E+00   0.402000000000E+01   0.402000000000E+01
   0.402000000000E+01   0.000000000000E+00   0.402000000000E+01
   0.402000000000E+01   0.402000000000E+01   0.000000000000E+00


 CARTESIAN COORDINATES - PRIMITIVE CELL
 *******************************************************************************
 *      ATOM          X(ANGSTROM)         Y(ANGSTROM)         Z(ANGSTROM)
 *******************************************************************************
    1     9 F     0.000000000000E+00  0.000000000000E+00  0.000000000000E+00
    2     9 F     2.010000000000E+00  2.010000000000E+00 -1.003275949445E-16
    3     9 F     2.010000000000E+00 -1.003275949445E-16  2.010000000000E+00
    4     9 F     4.020000000000E+00  2.010000000000E+00  2.010000000000E+00
    5     9 F    -8.255249958931E-36  2.010000000000E+00  2.010000000000E+00
    6     9 F     2.010000000000E+00  4.020000000000E+00  2.010000000000E+00
    7     9 F     2.010000000000E+00  2.010000000000E+00  4.020000000000E+00
    8     9 F     4.020000000000E+00  4.020000000000E+00  4.020000000000E+00
    9     3 LI    5.923530177476E-18 -1.115774139748E-16 -2.010000000000E+00
   10     3 LI   -2.010000000000E+00 -2.010000000000E+00 -2.010000000000E+00
   11     3 LI    2.010000000000E+00 -1.115774139748E-16 -1.115774139748E-16
   12     3 LI   -5.923530177476E-18 -2.010000000000E+00 -1.115774139748E-16
   13     3 LI    5.923530177476E-18  2.010000000000E+00  1.115774139748E-16
   14     3 LI   -2.010000000000E+00  1.115774139748E-16  1.115774139748E-16
   15     3 LI    2.010000000000E+00  2.010000000000E+00  2.010000000000E+00
   16     3 LI   -5.923530177476E-18  1.115774139748E-16  2.010000000000E+00

 *******************************************************************************
 * ATOMS TRANSFORMED INTO GHOSTS :   1
   1(  9)
 SYMMETRY MAY BE BROKEN

 *******************************************************************************
 LOCAL ATOMIC FUNCTIONS BASIS SET
 *******************************************************************************
   ATOM   X(AU)   Y(AU)   Z(AU)  N. TYPE  EXPONENT  S COEF   P COEF   D/F/G COEF
 *******************************************************************************
   1 XX   0.000   0.000   0.000
                                  1 S  
                                         1.377E+04 8.770E-04 0.000E+00 0.000E+00
                                         1.590E+03 9.150E-03 0.000E+00 0.000E+00
                                         3.265E+02 4.860E-02 0.000E+00 0.000E+00
                                         9.166E+01 1.691E-01 0.000E+00 0.000E+00
                                         3.046E+01 3.708E-01 0.000E+00 0.000E+00
                                         1.150E+01 4.165E-01 0.000E+00 0.000E+00
                                         4.760E+00 1.306E-01 0.000E+00 0.000E+00
                           2-     5 SP 
                                         1.900E+01-1.094E-01 1.244E-01 0.000E+00
                                         4.530E+00-1.289E-01 5.323E-01 0.000E+00
                                         1.387E+00 1.000E+00 1.000E+00 0.000E+00
                           6-     9 SP 
                                         4.370E-01 1.000E+00 1.000E+00 0.000E+00
                          10-    13 SP 
                                         1.370E-01 1.000E+00 1.000E+00 0.000E+00
   2 F    3.798   3.798  -0.000
   3 F    3.798  -0.000   3.798
   4 F    7.597   3.798   3.798
   5 F   -0.000   3.798   3.798
   6 F    3.798   7.597   3.798
   7 F    3.798   3.798   7.597
   8 F    7.597   7.597   7.597
   9 LI   0.000  -0.000  -3.798
                                105 S  
                                         8.400E+02 2.640E-03 0.000E+00 0.000E+00
                                         2.175E+02 8.500E-03 0.000E+00 0.000E+00
                                         7.230E+01 3.350E-02 0.000E+00 0.000E+00
                                         1.966E+01 1.824E-01 0.000E+00 0.000E+00
                                         5.044E+00 6.379E-01 0.000E+00 0.000E+00
                                         1.500E+00 1.000E+00 0.000E+00 0.000E+00
                         106-   109 SP 
                                         5.250E-01 1.000E+00 1.000E+00 0.000E+00
  10 LI  -3.798  -3.798  -3.798
  11 LI   3.798  -0.000  -0.000
  12 LI  -0.000  -3.798  -0.000
  13 LI   0.000   3.798   0.000
  14 LI  -3.798   0.000   0.000
  15 LI   3.798   3.798   3.798
  16 LI  -0.000   0.000   3.798
 INFORMATION **** SET_MPP **** PCRYSTAL CALCULATION
 INFORMATION **** READM2 **** NEW DEFAULT: FOCK/KS MATRIX MIXING SET TO 30 %
 INFORMATION **** READM2 **** NEW DEFAULT: FULL DIRECT SCF MODE
 INFORMATION **** READM2 **** NEW DEFAULT: COULOMB BIPOLAR BUFFER SET TO 32 Mb
 INFORMATION **** READM2 **** NEW DEFAULT: EXCHANGE BIPOLAR BUFFER SET TO 32 Mb
 INFORMATION **** UHF **** SPIN POLARIZED SOLUTIONS ALLOWED
 INFORMATION **** SPINLOCK **** LOCK IN A GIVEN SPIN STATE
 ALPHA-BETA ELECTRONS LOCKED TO   1 FOR   3 SCF CYCLES
 INFORMATION **** PPAN ****  MULLIKEN POPULATION ANALYSIS AT THE END OF SCF

 GHOST ATOMS - REMOVAL OF NUCLEAR CHARGE AND ELECTRONS
 TOTAL NUCLEAR CHARGE        8.700000E+01
 TOTAL ELECTRONIC CHARGE     8.700000E+01
 SPIN POLARIZED SYSTEM - NALPHA-NBETA   1

 *******************************************************************************
 N. OF ATOMS PER CELL        16  COULOMB OVERLAP TOL         (T1) 10**   -6
 NUMBER OF SHELLS            48  COULOMB PENETRATION TOL     (T2) 10**   -6
 NUMBER OF AO               144  EXCHANGE OVERLAP TOL        (T3) 10**   -6
 N. OF ELECTRONS PER CELL    87  EXCHANGE PSEUDO OVP (F(G))  (T4) 10**   -6
 CORE ELECTRONS PER CELL     30  EXCHANGE PSEUDO OVP (P(G))  (T5) 10**  -12
 N. OF SYMMETRY OPERATORS    48  POLE ORDER IN MONO ZONE                  4
 *******************************************************************************
 TYPE OF CALCULATION :  UNRESTRICTED OPEN SHELL
 HARTREE-FOCK HAMILTONIAN
 SPIN POLARIZATION - ALPHA-BETA =  1 FOR   3 CYCLES

 CAPPA:IS1  4;IS2  4;IS3  4; K PTS MONK NET   8; SYMMOPS:K SPACE  48;G SPACE  48

 *******************************************************************************
 MAX NUMBER OF SCF CYCLES      50  CONVERGENCE ON DELTAP        10**-16
 WEIGHT OF F(I) IN F(I+1)      30% CONVERGENCE ON ENERGY        10**- 6
 SPIN POLARIZATION - ALPHA-BETA =  1 FOR   3 CYCLES
 SHRINK. FACT.(MONKH.)    4  4  4  NUMBER OF K POINTS IN THE IBZ      8
 SHRINKING FACTOR(GILAT NET)    8  NUMBER OF K POINTS(GILAT NET)     29
 *******************************************************************************
 *** K POINTS COORDINATES (OBLIQUE COORDINATES IN UNITS OF IS =  4)
   1-R(  0  0  0)   2-C(  1  0  0)   3-R(  2  0  0)   4-C(  1  1  0)
   5-C(  2  1  0)   6-C(  3  1  0)   7-R(  2  2  0)   8-C(  3  2  1)

 DIRECT LATTICE VECTORS COMPON. (A.U.)     RECIP. LATTICE VECTORS COMPON. (A.U.) 
        X            Y            Z              X            Y            Z
    0.0000000    7.5966991    7.5966991     -0.4135471    0.4135471    0.4135471
    7.5966991    0.0000000    7.5966991      0.4135471   -0.4135471    0.4135471
    7.5966991    7.5966991    0.0000000      0.4135471    0.4135471   -0.4135471

 DISK SPACE FOR EIGENVECTORS (FTN 10)      269568 REALS

 SYMMETRY ADAPTION OF THE BLOCH FUNCTIONS ENABLED
 TTTTTTTTTTTTTTTTTTTTTTTTTTTTTT gordsh1     TELAPSE        0.05 TCPU        0.05

 MATRIX SIZE: P(G)  214736, F(G)   33616, P(G) IRR    5020, F(G) IRR    2121
 MAX G-VECTOR INDEX FOR 1- AND 2-ELECTRON INTEGRALS 133

 TTTTTTTTTTTTTTTTTTTTTTTTTTTTTT INPUT       TELAPSE        0.05 TCPU        0.05

 NEIGHBORS OF THE NON-EQUIVALENT ATOMS

 N = NUMBER OF NEIGHBORS AT DISTANCE R
    ATOM  N     R/ANG      R/AU   NEIGHBORS (ATOM LABELS AND CELL INDICES)
   1 XX   6     2.0100     3.7983    9 LI   0 0 0   11 LI   0 0 0   12 LI   0 0 0
                                    13 LI   0 0 0   14 LI   0 0 0   16 LI   0 0 0
   1 XX  12     2.8426     5.3717    2 F    0 0 0    2 F    0 0-1    3 F    0 0 0
                                     3 F    0-1 0    4 F    0 0-1    4 F    0-1 0
                                     5 F    0 0 0    5 F   -1 0 0    6 F    0 0-1
                                     6 F   -1 0 0    7 F   -1 0 0    7 F    0-1 0
   1 XX   8     3.4814     6.5789   10 LI   0 0 0   10 LI   1 0 0   10 LI   0 1 0
                                    10 LI   0 0 1   15 LI   0 0 0   15 LI  -1 0 0
                                    15 LI   0-1 0   15 LI   0 0-1
   1 XX   6     4.0200     7.5967    8 F   -1 0 0    8 F    0-1 0    8 F    0 0-1
                                     8 F   -1-1 0    8 F   -1 0-1    8 F    0-1-1
   1 XX  24     4.4945     8.4934    9 LI   1 0 0    9 LI   1 0-1    9 LI   0 1 0
                                     9 LI   0 1-1   11 LI   0-1 0   11 LI   1-1 0
                                    11 LI   0 0-1   11 LI   1 0-1   12 LI   0 0 1
                                    12 LI   0-1 1   12 LI   1 0 0   12 LI   1-1 0
                                    13 LI   0 0-1   13 LI   0 1-1   13 LI  -1 0 0
                                    13 LI  -1 1 0   14 LI   0 1 0   14 LI  -1 1 0
                                    14 LI   0 0 1   14 LI  -1 0 1   16 LI  -1 0 0
                                    16 LI  -1 0 1   16 LI   0-1 0   16 LI   0-1 1
   1 XX  24     4.9235     9.3040    2 F   -1 0 0    2 F    1 0-1    2 F    0-1 0
                                     2 F    0 1-1    3 F    0 0-1    3 F    0-1 1
                                     3 F   -1 0 0    3 F    1-1 0    4 F   -1 0 0
                                     4 F    1-1-1    4 F    0 0 0    4 F    0-1-1
                                     5 F    0-1 0    5 F   -1 1 0    5 F    0 0-1
                                     5 F   -1 0 1    6 F    0 0 0    6 F   -1 0-1
                                     6 F    0-1 0    6 F   -1 1-1    7 F    0 0 0
                                     7 F   -1-1 0    7 F    0 0-1    7 F   -1-1 1

   2 F    6     2.0100     3.7983   10 LI   0 0 1   11 LI   0 0 0   12 LI   0 0 1
                                    13 LI   0 0 0   14 LI   0 0 1   15 LI   0 0 0
   2 F    2     2.8426     5.3717    1 XX   0 0 0    1 XX   0 0 1
   2 F   10     2.8426     5.3717    3 F    0 0 0    3 F    0-1 1    4 F    0 0 0
                                     4 F    0-1 0    5 F    0 0 0    5 F   -1 0 1
                                     6 F    0 0 0    6 F   -1 0 0    8 F   -1 0 0
                                     8 F    0-1 0
   2 F    8     3.4814     6.5789    9 LI   0 0 0    9 LI   1 0 0    9 LI   0 1 0
                                     9 LI   0 0 1   16 LI   0 0 1   16 LI   0-1 1
                                    16 LI  -1 0 1   16 LI   0 0 0
   2 F    6     4.0200     7.5967    7 F    0 0 0    7 F    0-1 1    7 F   -1 0 1
                                     7 F   -1 0 0    7 F    0-1 0    7 F   -1-1 1
   2 F   24     4.4945     8.4934   10 LI   1 0 0   10 LI   0 1 0   10 LI   1 0 1
                                    10 LI   0 1 1   11 LI   0 0 1   11 LI   1 0 0
                                    11 LI   0-1 1   11 LI   1-1 0   12 LI   0 0 0
                                    12 LI   0-1 1   12 LI   1 0 0   12 LI   1-1 1
                                    13 LI   0 0 1   13 LI  -1 0 1   13 LI   0 1 0
                                    13 LI  -1 1 0   14 LI   0 0 0   14 LI   0 1 0
                                    14 LI  -1 0 1   14 LI  -1 1 1   15 LI   0-1 1
                                    15 LI  -1 0 1   15 LI   0-1 0   15 LI  -1 0 0

   8 F    6     2.0100     3.7983    9 LI   1 1 0   11 LI   1 0 0   12 LI   1 0 1
                                    13 LI   0 1 0   14 LI   0 1 1   16 LI   0 0 1
   8 F   12     2.8426     5.3717    2 F    1 0 0    2 F    0 1 0    3 F    0 0 1
                                     3 F    1 0 0    4 F    0 0 0    4 F    1 0 0
                                     5 F    0 0 1    5 F    0 1 0    6 F    0 0 0
                                     6 F    0 1 0    7 F    0 0 0    7 F    0 0 1
   8 F    8     3.4814     6.5789   10 LI   1 1 0   10 LI   1 0 1   10 LI   0 1 1
                                    10 LI   1 1 1   15 LI   0 0 1   15 LI   1 0 0
                                    15 LI   0 1 0   15 LI   0 0 0
   8 F    6     4.0200     7.5967    1 XX   1 0 0    1 XX   0 1 0    1 XX   0 0 1
                                     1 XX   1 1 0    1 XX   1 0 1    1 XX   0 1 1
   8 F   24     4.4945     8.4934    9 LI   1 0 0    9 LI   0 1 0    9 LI   1 0 1
                                     9 LI   0 1 1   11 LI   1 0 1   11 LI   0 0 1
                                    11 LI   1 1 0   11 LI   0 1 0   12 LI   0 0 1
                                    12 LI   1 0 0   12 LI   0 1 1   12 LI   1 1 0
                                    13 LI   0 0 1   13 LI   0 1 1   13 LI   1 0 0
                                    13 LI   1 1 0   14 LI   0 1 0   14 LI   0 0 1
                                    14 LI   1 1 0   14 LI   1 0 1   16 LI   1 0 0
                                    16 LI   1 0 1   16 LI   0 1 0   16 LI   0 1 1
   8 F   24     4.9235     9.3040    2 F    0 0 0    2 F    1 1 0    2 F    0 0 1
                                     2 F    1 1-1    3 F    0 0 0    3 F    1 0 1
                                     3 F    0 1 0    3 F    1-1 1    4 F    0 1 0
                                     4 F    1-1 0    4 F    0 0 1    4 F    1 0-1
                                     5 F    1 0 0    5 F   -1 1 1    5 F    0 0 0
                                     5 F    0 1 1    6 F    0 0 1    6 F    0 1-1
                                     6 F    1 0 0    6 F   -1 1 0    7 F    1 0 0
                                     7 F   -1 0 1    7 F    0 1 0    7 F    0-1 1

   9 LI   1     2.0100     3.7983    1 XX   0 0 0
   9 LI   5     2.0100     3.7983    3 F    0-1 0    4 F    0-1 0    5 F   -1 0 0
                                     6 F   -1 0 0    8 F   -1-1 0
   9 LI  12     2.8426     5.3717   10 LI   0 0 0   10 LI   0 0 1   11 LI   0 0 0
                                    11 LI   0-1 0   12 LI   0 0 0   12 LI   0-1 1
                                    13 LI   0 0 0   13 LI  -1 0 0   14 LI   0 0 0
                                    14 LI  -1 0 1   15 LI  -1 0 0   15 LI   0-1 0
   9 LI   8     3.4814     6.5789    2 F    0 0 0    2 F   -1 0 0    2 F    0-1 0
                                     2 F    0 0-1    7 F   -1 0 0    7 F   -1-1 0
                                     7 F   -1-1 1    7 F    0-1 0
   9 LI   6     4.0200     7.5967   16 LI   0 0 0   16 LI   0-1 0   16 LI   0-1 1
                                    16 LI  -1 0 1   16 LI  -1 0 0   16 LI  -1-1 1
   9 LI   4     4.4945     8.4934    1 XX  -1 0 0    1 XX  -1 0 1    1 XX   0-1 0
                                     1 XX   0-1 1

  10 LI   6     2.0100     3.7983    2 F    0 0-1    3 F    0-1 0    4 F    0-1-1
                                     5 F   -1 0 0    6 F   -1 0-1    7 F   -1-1 0
  10 LI  12     2.8426     5.3717    9 LI   0 0 0    9 LI   0 0-1   11 LI   0 0-1
                                    11 LI   0-1 0   12 LI   0 0 0   12 LI   0-1 0
                                    13 LI   0 0-1   13 LI  -1 0 0   14 LI   0 0 0
                                    14 LI  -1 0 0   16 LI  -1 0 0   16 LI   0-1 0
  10 LI   4     3.4814     6.5789    1 XX   0 0 0    1 XX  -1 0 0    1 XX   0-1 0
                                     1 XX   0 0-1
  10 LI   4     3.4814     6.5789    8 F   -1-1 0    8 F   -1 0-1    8 F    0-1-1
                                     8 F   -1-1-1
  10 LI   6     4.0200     7.5967   15 LI  -1 0 0   15 LI   0-1 0   15 LI   0 0-1
                                    15 LI  -1-1 0   15 LI  -1 0-1   15 LI   0-1-1
  10 LI  24     4.4945     8.4934    2 F   -1 0 0    2 F    0-1 0    2 F   -1 0-1
                                     2 F    0-1-1    3 F    0 0-1    3 F   -1 0 0
                                     3 F    0-1-1    3 F   -1-1 0    4 F   -1 0-1
                                     4 F    0 0-1    4 F   -1-1 0    4 F    0-1 0
                                     5 F    0-1 0    5 F    0 0-1    5 F   -1-1 0
                                     5 F   -1 0-1    6 F    0 0-1    6 F    0-1-1
                                     6 F   -1 0 0    6 F   -1-1 0    7 F   -1 0 0
                                     7 F   -1 0-1    7 F    0-1 0    7 F    0-1-1


 SYMMETRY ALLOWED INTERNAL DEGREE(S) OF FREEDOM:   1
 TTTTTTTTTTTTTTTTTTTTTTTTTTTTTT SYMM        TELAPSE        0.06 TCPU        0.05
 TTTTTTTTTTTTTTTTTTTTTTTTTTTTTT INT_SCREEN  TELAPSE        0.06 TCPU        0.05

 GHOST ATOMS - REMOVAL OF NUCLEAR CHARGE AND ELECTRONS
 TOTAL NUCLEAR CHARGE        8.700000E+01
 TOTAL ELECTRONIC CHARGE     8.700000E+01
 SPIN POLARIZED SYSTEM - NALPHA-NBETA   1

 TTTTTTTTTTTTTTTTTTTTTTTTTTTTTT INT_CALC    TELAPSE        0.08 TCPU        0.08
 EEEEEEEEEE INT_CALC TERMINATION  DATE 20 09 2024 TIME 14:07:36.9

 *******************************************************************************
 LiF                                                                             
 CRYSTAL - SCF - TYPE OF CALCULATION :  UNRESTRICTED OPEN SHELL
 *******************************************************************************

 CAPPA:IS1  4;IS2  4;IS3  4; K PTS MONK NET   8; SYMMOPS:K SPACE  48;G SPACE  48

 TTTTTTTTTTTTTTTTTTTTTTTTTTTTTT SDIK        TELAPSE        0.10 TCPU        0.09

 AAAAAAAAAAAAAAAAAAAAAAAAAAAAAAAAAAAAAAAAAAAAAAAAAAAAAAAAAAAAAAAAAAAAAAAAAAAAAAA
         ATOMIC WAVEFUNCTION(S)


 NUCLEAR CHARGE  9.0  SYMMETRY SPECIES            S    P
 N. ELECTRONS    9.0  NUMBER OF PRIMITIVE GTOS   12    5
                      NUMBER OF CONTRACTED GTOS   4    3
                      NUMBER OF CLOSED SHELLS     2    0
                      OPEN SHELL OCCUPATION       0    5

  ZNUC  SCFIT    TOTAL HF ENERGY   KINETIC ENERGY   VIRIAL THEOREM ACCURACY
   9.0    14    -9.937427124E+01  9.920140747E+01 -2.001742554E+00  2.6E-06

 NUCLEAR CHARGE  3.0  SYMMETRY SPECIES            S
 N. ELECTRONS    3.0  NUMBER OF PRIMITIVE GTOS    7
                      NUMBER OF CONTRACTED GTOS   2
                      NUMBER OF CLOSED SHELLS     1
                      OPEN SHELL OCCUPATION       1

  ZNUC  SCFIT    TOTAL HF ENERGY   KINETIC ENERGY   VIRIAL THEOREM ACCURACY
   3.0     6    -6.014274327E+00  1.150893426E+01 -1.522574392E+00  1.9E-06

 AAAAAAAAAAAAAAAAAAAAAAAAAAAAAAAAAAAAAAAAAAAAAAAAAAAAAAAAAAAAAAAAAAAAAAAAAAAAAAA

 CHARGE NORMALIZATION FACTOR   1.00000000
 TOTAL ATOMIC CHARGES:
   0.0000000   9.0000000   9.0000000   9.0000000   9.0000000   9.0000000
   9.0000000   9.0000000   3.0000000   3.0000000   3.0000000   3.0000000
   3.0000000   3.0000000   3.0000000   3.0000000
 SUMMED SPIN DENSITY           0.00000000
 TOTAL ATOMIC SPINS  :
   0.0000000   0.0000000   0.0000000   0.0000000   0.0000000   0.0000000
   0.0000000   0.0000000   0.0000000   0.0000000   0.0000000   0.0000000
   0.0000000   0.0000000   0.0000000   0.0000000
 TTTTTTTTTTTTTTTTTTTTTTTTTTTTTT MOQGAD      TELAPSE        0.12 TCPU        0.11
 TTTTTTTTTTTTTTTTTTTTTTTTTTTTTT SHELLXN     TELAPSE        2.76 TCPU        2.76
 TTTTTTTTTTTTTTTTTTTTTTTTTTTTTT MONMO3      TELAPSE        2.82 TCPU        2.81
 CYC   0 ETOT(AU) -7.399134978440E+02 DETOT -7.40E+02 tst  0.00E+00 PX  1.00E+00
 TTTTTTTTTTTTTTTTTTTTTTTTTTTTTT DIIS        TELAPSE        2.83 TCPU        2.83
 TTTTTTTTTTTTTTTTTTTTTTTTTTTTTT FDIK        TELAPSE        2.89 TCPU        2.87
 SPIN LOCKING: NO ENERGY GAP COMPUTED
 TTTTTTTTTTTTTTTTTTTTTTTTTTTTTT PDIG        TELAPSE        2.93 TCPU        2.92
 CHARGE NORMALIZATION FACTOR   1.00000000
 TOTAL ATOMIC CHARGES:
   0.7160270  10.0466319  10.0466319  10.0466319  10.0466319  10.0466319
  10.0466319   9.9974519   2.0008097   2.0009359   2.0008097   2.0008097
   2.0008097   2.0008097   2.0009359   2.0008097
 SUMMED SPIN DENSITY           1.00000000
 TOTAL ATOMIC SPINS  :
   0.7081383   0.0461319   0.0461319   0.0461319   0.0461319   0.0461319
   0.0461319  -0.0004076   0.0026313  -0.0001548   0.0026313   0.0026313
   0.0026313   0.0026313  -0.0001548   0.0026313
 TTTTTTTTTTTTTTTTTTTTTTTTTTTTTT MOQGAD      TELAPSE        2.95 TCPU        2.94
 TTTTTTTTTTTTTTTTTTTTTTTTTTTTTT SHELLXN     TELAPSE        6.26 TCPU        6.25
 TTTTTTTTTTTTTTTTTTTTTTTTTTTTTT MONMO3      TELAPSE        6.32 TCPU        6.31
 CYC   1 ETOT(AU) -7.562249511171E+02 DETOT -1.63E+01 tst  0.00E+00 PX  1.00E+00
 TTTTTTTTTTTTTTTTTTTTTTTTTTTTTT DIIS        TELAPSE        6.35 TCPU        6.32
 DIIS TEST: 0.13019E+02 AT SCF   CYCLE   1 - MIX   30 %
 TTTTTTTTTTTTTTTTTTTTTTTTTTTTTT FDIK        TELAPSE        6.38 TCPU        6.36
 SPIN LOCKING: NO ENERGY GAP COMPUTED
 TTTTTTTTTTTTTTTTTTTTTTTTTTTTTT PDIG        TELAPSE        6.44 TCPU        6.42
 CHARGE NORMALIZATION FACTOR   1.00000000
 TOTAL ATOMIC CHARGES:
   0.8745749   9.9998729   9.9998729   9.9998729   9.9998729   9.9998729
   9.9998729   9.9723911   2.0192344   2.0191948   2.0192344   2.0192344
   2.0192344   2.0192344   2.0191948   2.0192344
 SUMMED SPIN DENSITY           1.00000000
 TOTAL ATOMIC SPINS  :
   0.8956072   0.0148094   0.0148094   0.0148094   0.0148094   0.0148094
   0.0148094  -0.0054278   0.0035803  -0.0002587   0.0035803   0.0035803
   0.0035803   0.0035803  -0.0002587   0.0035803
 TTTTTTTTTTTTTTTTTTTTTTTTTTTTTT MOQGAD      TELAPSE        6.47 TCPU        6.45
 TTTTTTTTTTTTTTTTTTTTTTTTTTTTTT SHELLXN     TELAPSE       10.06 TCPU       10.03
 TTTTTTTTTTTTTTTTTTTTTTTTTTTTTT MONMO3      TELAPSE       10.11 TCPU       10.08
 CYC   2 ETOT(AU) -7.567892935998E+02 DETOT -5.64E-01 tst  2.26E-02 PX  2.98E-01
 TTTTTTTTTTTTTTTTTTTTTTTTTTTTTT DIIS        TELAPSE       10.12 TCPU       10.09
 DIIS TEST: 0.43184E+00 AT SCF   CYCLE   2 - DIIS ACTIVE - HISTORY:     2 CYCLES
 TTTTTTTTTTTTTTTTTTTTTTTTTTTTTT FDIK        TELAPSE       10.15 TCPU       10.12
 SPIN LOCKING: NO ENERGY GAP COMPUTED
 TTTTTTTTTTTTTTTTTTTTTTTTTTTTTT PDIG        TELAPSE       10.20 TCPU       10.17
 CHARGE NORMALIZATION FACTOR   1.00000000
 TOTAL ATOMIC CHARGES:
   0.8987485   9.9918464   9.9918464   9.9918464   9.9918464   9.9918464
   9.9918464   9.9720464   2.0223202   2.0221027   2.0223202   2.0223202
   2.0223202   2.0223202   2.0221027   2.0223202
 SUMMED SPIN DENSITY           1.00000000
 TOTAL ATOMIC SPINS  :
   0.9478422   0.0055090   0.0055090   0.0055090   0.0055090   0.0055090
   0.0055090  -0.0040825   0.0039047  -0.0001209   0.0039047   0.0039047
   0.0039047   0.0039047  -0.0001209   0.0039047
 TTTTTTTTTTTTTTTTTTTTTTTTTTTTTT MOQGAD      TELAPSE       10.23 TCPU       10.20
 TTTTTTTTTTTTTTTTTTTTTTTTTTTTTT SHELLXN     TELAPSE       13.88 TCPU       13.84
 TTTTTTTTTTTTTTTTTTTTTTTTTTTTTT MONMO3      TELAPSE       13.94 TCPU       13.91
 CYC   3 ETOT(AU) -7.568117293303E+02 DETOT -2.24E-02 tst  4.30E-03 PX  7.55E-02
 TTTTTTTTTTTTTTTTTTTTTTTTTTTTTT DIIS        TELAPSE       13.96 TCPU       13.92
 DIIS TEST: 0.81401E-02 AT SCF   CYCLE   3 - DIIS ACTIVE - HISTORY:     3 CYCLES
 TTTTTTTTTTTTTTTTTTTTTTTTTTTTTT FDIK        TELAPSE       14.00 TCPU       13.96

    ALPHA      ELECTRONS
 INSULATING STATE
 TOP OF VALENCE BANDS -    BAND     44; K    7; EIG -1.3327548E-01 AU
 TOP OF VALENCE BANDS -    BAND     44; K    1; EIG -1.8222614E-01 AU
 BOTTOM OF VIRTUAL BANDS - BAND     45; K    3; EIG  2.9217975E-01 AU
 INDIRECT ENERGY BAND GAP:  11.5772 eV
 BOTTOM OF VIRTUAL BANDS - BAND     45; K    1; EIG  3.2830861E-01 AU

    BETA       ELECTRONS
 INSULATING STATE
 TOP OF VALENCE BANDS -    BAND     43; K    1; EIG -5.0514861E-01 AU
 BOTTOM OF VIRTUAL BANDS - BAND     44; K    1; EIG  1.9462434E-01 AU
 DIRECT ENERGY BAND GAP:  19.0418 eV
 TTTTTTTTTTTTTTTTTTTTTTTTTTTTTT PDIG        TELAPSE       14.06 TCPU       14.02
 CHARGE NORMALIZATION FACTOR   1.00000000
 TOTAL ATOMIC CHARGES:
   0.9083266   9.9888593   9.9888593   9.9888593   9.9888593   9.9888593
   9.9888593   9.9726294   2.0232547   2.0231799   2.0232547   2.0232547
   2.0232547   2.0232547   2.0231799   2.0232547
 SUMMED SPIN DENSITY           1.00000000
 TOTAL ATOMIC SPINS  :
   0.9647768   0.0022650   0.0022650   0.0022650   0.0022650   0.0022650
   0.0022650  -0.0024749   0.0040513  -0.0000998   0.0040513   0.0040513
   0.0040513   0.0040513  -0.0000998   0.0040513
 TTTTTTTTTTTTTTTTTTTTTTTTTTTTTT MOQGAD      TELAPSE       14.09 TCPU       14.05
 TTTTTTTTTTTTTTTTTTTTTTTTTTTTTT SHELLXN     TELAPSE       18.40 TCPU       18.36
 TTTTTTTTTTTTTTTTTTTTTTTTTTTTTT MONMO3      TELAPSE       18.46 TCPU       18.42
 CYC   4 ETOT(AU) -7.568126093593E+02 DETOT -8.80E-04 tst  1.26E-03 PX  3.28E-02
 TTTTTTTTTTTTTTTTTTTTTTTTTTTTTT DIIS        TELAPSE       18.48 TCPU       18.43
 DIIS TEST: 0.75393E-03 AT SCF   CYCLE   4 - DIIS ACTIVE - HISTORY:     4 CYCLES
 TTTTTTTTTTTTTTTTTTTTTTTTTTTTTT FDIK        TELAPSE       18.51 TCPU       18.47

    ALPHA      ELECTRONS
 INSULATING STATE
 TOP OF VALENCE BANDS -    BAND     44; K    8; EIG -1.3329520E-01 AU
 TOP OF VALENCE BANDS -    BAND     44; K    1; EIG -1.8116287E-01 AU
 BOTTOM OF VIRTUAL BANDS - BAND     45; K    3; EIG  2.9492627E-01 AU
 INDIRECT ENERGY BAND GAP:  11.6525 eV
 BOTTOM OF VIRTUAL BANDS - BAND     45; K    1; EIG  3.2905573E-01 AU

    BETA       ELECTRONS
 INSULATING STATE
 TOP OF VALENCE BANDS -    BAND     43; K    1; EIG -5.0393968E-01 AU
 BOTTOM OF VIRTUAL BANDS - BAND     44; K    1; EIG  1.9684956E-01 AU
 DIRECT ENERGY BAND GAP:  19.0695 eV
 TTTTTTTTTTTTTTTTTTTTTTTTTTTTTT PDIG        TELAPSE       18.58 TCPU       18.53
 CHARGE NORMALIZATION FACTOR   1.00000000
 TOTAL ATOMIC CHARGES:
   0.9102087   9.9883506   9.9883506   9.9883506   9.9883506   9.9883506
   9.9883506   9.9732301   2.0233276   2.0232460   2.0233276   2.0233276
   2.0233276   2.0233276   2.0232460   2.0233276
 SUMMED SPIN DENSITY           1.00000000
 TOTAL ATOMIC SPINS  :
   0.9679523   0.0015320   0.0015320   0.0015320   0.0015320   0.0015320
   0.0015320  -0.0017233   0.0041229  -0.0000793   0.0041229   0.0041229
   0.0041229   0.0041229  -0.0000793   0.0041229
 TTTTTTTTTTTTTTTTTTTTTTTTTTTTTT MOQGAD      TELAPSE       18.61 TCPU       18.56
 TTTTTTTTTTTTTTTTTTTTTTTTTTTTTT SHELLXN     TELAPSE       22.94 TCPU       22.88
 TTTTTTTTTTTTTTTTTTTTTTTTTTTTTT MONMO3      TELAPSE       23.00 TCPU       22.94
 CYC   5 ETOT(AU) -7.568127009025E+02 DETOT -9.15E-05 tst  8.58E-05 PX  7.90E-03
 TTTTTTTTTTTTTTTTTTTTTTTTTTTTTT DIIS        TELAPSE       23.02 TCPU       22.96
 DIIS TEST: 0.36916E-04 AT SCF   CYCLE   5 - DIIS ACTIVE - HISTORY:     5 CYCLES
 TTTTTTTTTTTTTTTTTTTTTTTTTTTTTT FDIK        TELAPSE       23.05 TCPU       22.99

    ALPHA      ELECTRONS
 INSULATING STATE
 TOP OF VALENCE BANDS -    BAND     44; K    8; EIG -1.3341274E-01 AU
 TOP OF VALENCE BANDS -    BAND     44; K    1; EIG -1.8106512E-01 AU
 BOTTOM OF VIRTUAL BANDS - BAND     45; K    3; EIG  2.9562154E-01 AU
 INDIRECT ENERGY BAND GAP:  11.6746 eV
 BOTTOM OF VIRTUAL BANDS - BAND     45; K    1; EIG  3.2925702E-01 AU

    BETA       ELECTRONS
 INSULATING STATE
 TOP OF VALENCE BANDS -    BAND     43; K    1; EIG -5.0401112E-01 AU
 BOTTOM OF VIRTUAL BANDS - BAND     44; K    1; EIG  1.9739857E-01 AU
 DIRECT ENERGY BAND GAP:  19.0863 eV
 TTTTTTTTTTTTTTTTTTTTTTTTTTTTTT PDIG        TELAPSE       23.11 TCPU       23.05
 CHARGE NORMALIZATION FACTOR   1.00000000
 TOTAL ATOMIC CHARGES:
   0.9106490   9.9882376   9.9882376   9.9882376   9.9882376   9.9882376
   9.9882376   9.9733884   2.0233346   2.0232648   2.0233346   2.0233346
   2.0233346   2.0233346   2.0232648   2.0233346
 SUMMED SPIN DENSITY           1.00000000
 TOTAL ATOMIC SPINS  :
   0.9686670   0.0013565   0.0013565   0.0013565   0.0013565   0.0013565
   0.0013565  -0.0015166   0.0041423  -0.0000715   0.0041423   0.0041423
   0.0041423   0.0041423  -0.0000715   0.0041423
 TTTTTTTTTTTTTTTTTTTTTTTTTTTTTT MOQGAD      TELAPSE       23.14 TCPU       23.08
 TTTTTTTTTTTTTTTTTTTTTTTTTTTTTT SHELLXN     TELAPSE       26.78 TCPU       26.71
 TTTTTTTTTTTTTTTTTTTTTTTTTTTTTT MONMO3      TELAPSE       26.83 TCPU       26.77
 CYC   6 ETOT(AU) -7.568127157445E+02 DETOT -1.48E-05 tst  4.81E-06 PX  1.84E-03
 TTTTTTTTTTTTTTTTTTTTTTTTTTTTTT DIIS        TELAPSE       26.85 TCPU       26.78
 DIIS TEST: 0.61360E-05 AT SCF   CYCLE   6 - DIIS ACTIVE - HISTORY:     6 CYCLES
 TTTTTTTTTTTTTTTTTTTTTTTTTTTTTT FDIK        TELAPSE       26.89 TCPU       26.81

    ALPHA      ELECTRONS
 INSULATING STATE
 TOP OF VALENCE BANDS -    BAND     44; K    8; EIG -1.3346058E-01 AU
 TOP OF VALENCE BANDS -    BAND     44; K    1; EIG -1.8108396E-01 AU
 BOTTOM OF VIRTUAL BANDS - BAND     45; K    3; EIG  2.9567421E-01 AU
 INDIRECT ENERGY BAND GAP:  11.6774 eV
 BOTTOM OF VIRTUAL BANDS - BAND     45; K    1; EIG  3.2933183E-01 AU

    BETA       ELECTRONS
 INSULATING STATE
 TOP OF VALENCE BANDS -    BAND     43; K    1; EIG -5.0393625E-01 AU
 BOTTOM OF VIRTUAL BANDS - BAND     44; K    1; EIG  1.9743343E-01 AU
 DIRECT ENERGY BAND GAP:  19.0852 eV
 TTTTTTTTTTTTTTTTTTTTTTTTTTTTTT PDIG        TELAPSE       26.94 TCPU       26.87
 CHARGE NORMALIZATION FACTOR   1.00000000
 TOTAL ATOMIC CHARGES:
   0.9106695   9.9882285   9.9882285   9.9882285   9.9882285   9.9882285
   9.9882285   9.9734230   2.0233352   2.0232628   2.0233352   2.0233352
   2.0233352   2.0233352   2.0232628   2.0233352
 SUMMED SPIN DENSITY           1.00000000
 TOTAL ATOMIC SPINS  :
   0.9687062   0.0013423   0.0013423   0.0013423   0.0013423   0.0013423
   0.0013423  -0.0014826   0.0041440  -0.0000705   0.0041440   0.0041440
   0.0041440   0.0041440  -0.0000705   0.0041440
 TTTTTTTTTTTTTTTTTTTTTTTTTTTTTT MOQGAD      TELAPSE       26.97 TCPU       26.89
 TTTTTTTTTTTTTTTTTTTTTTTTTTTTTT SHELLXN     TELAPSE       30.33 TCPU       30.26
 TTTTTTTTTTTTTTTTTTTTTTTTTTTTTT MONMO3      TELAPSE       30.39 TCPU       30.32
 CYC   7 ETOT(AU) -7.568127186995E+02 DETOT -2.96E-06 tst  3.56E-08 PX  1.86E-04
 TTTTTTTTTTTTTTTTTTTTTTTTTTTTTT DIIS        TELAPSE       30.40 TCPU       30.33
 DIIS TEST: 0.29787E-06 AT SCF   CYCLE   7 - DIIS ACTIVE - HISTORY:     7 CYCLES
 TTTTTTTTTTTTTTTTTTTTTTTTTTTTTT FDIK        TELAPSE       30.44 TCPU       30.36

    ALPHA      ELECTRONS
 INSULATING STATE
 TOP OF VALENCE BANDS -    BAND     44; K    8; EIG -1.3348358E-01 AU
 TOP OF VALENCE BANDS -    BAND     44; K    1; EIG -1.8109025E-01 AU
 BOTTOM OF VIRTUAL BANDS - BAND     45; K    3; EIG  2.9573016E-01 AU
 INDIRECT ENERGY BAND GAP:  11.6795 eV
 BOTTOM OF VIRTUAL BANDS - BAND     45; K    1; EIG  3.2936084E-01 AU

    BETA       ELECTRONS
 INSULATING STATE
 TOP OF VALENCE BANDS -    BAND     43; K    1; EIG -5.0392672E-01 AU
 BOTTOM OF VIRTUAL BANDS - BAND     44; K    1; EIG  1.9746857E-01 AU
 DIRECT ENERGY BAND GAP:  19.0859 eV
 TTTTTTTTTTTTTTTTTTTTTTTTTTTTTT PDIG        TELAPSE       30.49 TCPU       30.42
 CHARGE NORMALIZATION FACTOR   1.00000000
 TOTAL ATOMIC CHARGES:
   0.9106861   9.9882218   9.9882218   9.9882218   9.9882218   9.9882218
   9.9882218   9.9734465   2.0233350   2.0232632   2.0233350   2.0233350
   2.0233350   2.0233350   2.0232632   2.0233350
 SUMMED SPIN DENSITY           1.00000000
 TOTAL ATOMIC SPINS  :
   0.9687420   0.0013300   0.0013300   0.0013300   0.0013300   0.0013300
   0.0013300  -0.0014500   0.0041448  -0.0000705   0.0041448   0.0041448
   0.0041448   0.0041448  -0.0000705   0.0041448
 TTTTTTTTTTTTTTTTTTTTTTTTTTTTTT MOQGAD      TELAPSE       30.52 TCPU       30.44
 TTTTTTTTTTTTTTTTTTTTTTTTTTTTTT SHELLXN     TELAPSE       33.95 TCPU       33.87
 TTTTTTTTTTTTTTTTTTTTTTTTTTTTTT MONMO3      TELAPSE       34.01 TCPU       33.93
 CYC   8 ETOT(AU) -7.568127210013E+02 DETOT -2.30E-06 tst  2.74E-08 PX  1.29E-04
 TTTTTTTTTTTTTTTTTTTTTTTTTTTTTT DIIS        TELAPSE       34.02 TCPU       33.94
 DIIS TEST: 0.32254E-07 AT SCF   CYCLE   8 - DIIS ACTIVE - HISTORY:     8 CYCLES
 TTTTTTTTTTTTTTTTTTTTTTTTTTTTTT FDIK        TELAPSE       34.06 TCPU       33.97

    ALPHA      ELECTRONS
 INSULATING STATE
 TOP OF VALENCE BANDS -    BAND     44; K    8; EIG -1.3348442E-01 AU
 TOP OF VALENCE BANDS -    BAND     44; K    1; EIG -1.8109384E-01 AU
 BOTTOM OF VIRTUAL BANDS - BAND     45; K    3; EIG  2.9573243E-01 AU
 INDIRECT ENERGY BAND GAP:  11.6796 eV
 BOTTOM OF VIRTUAL BANDS - BAND     45; K    1; EIG  3.2936223E-01 AU

    BETA       ELECTRONS
 INSULATING STATE
 TOP OF VALENCE BANDS -    BAND     43; K    1; EIG -5.0391990E-01 AU
 BOTTOM OF VIRTUAL BANDS - BAND     44; K    1; EIG  1.9746679E-01 AU
 DIRECT ENERGY BAND GAP:  19.0857 eV
 TTTTTTTTTTTTTTTTTTTTTTTTTTTTTT PDIG        TELAPSE       34.11 TCPU       34.03
 CHARGE NORMALIZATION FACTOR   1.00000000
 TOTAL ATOMIC CHARGES:
   0.9106784   9.9882229   9.9882229   9.9882229   9.9882229   9.9882229
   9.9882229   9.9734489   2.0233348   2.0232632   2.0233348   2.0233348
   2.0233348   2.0233348   2.0232632   2.0233348
 SUMMED SPIN DENSITY           1.00000000
 TOTAL ATOMIC SPINS  :
   0.9687351   0.0013310   0.0013310   0.0013310   0.0013310   0.0013310
   0.0013310  -0.0014441   0.0041442  -0.0000712   0.0041442   0.0041442
   0.0041442   0.0041442  -0.0000712   0.0041442
 TTTTTTTTTTTTTTTTTTTTTTTTTTTTTT MOQGAD      TELAPSE       34.14 TCPU       34.05
 TTTTTTTTTTTTTTTTTTTTTTTTTTTTTT SHELLXN     TELAPSE       38.15 TCPU       38.07
 TTTTTTTTTTTTTTTTTTTTTTTTTTTTTT MONMO3      TELAPSE       38.21 TCPU       38.13
 CYC   9 ETOT(AU) -7.568127215018E+02 DETOT -5.01E-07 tst  9.42E-10 PX  1.38E-05
 TTTTTTTTTTTTTTTTTTTTTTTTTTTTTT DIIS        TELAPSE       38.23 TCPU       38.14
 DIIS TEST: 0.52248E-08 AT SCF   CYCLE   9 - DIIS ACTIVE - HISTORY:     9 CYCLES
 TTTTTTTTTTTTTTTTTTTTTTTTTTTTTT FDIK        TELAPSE       38.26 TCPU       38.17

    ALPHA      ELECTRONS
 INSULATING STATE
 TOP OF VALENCE BANDS -    BAND     44; K    8; EIG -1.3348428E-01 AU
 TOP OF VALENCE BANDS -    BAND     44; K    1; EIG -1.8109399E-01 AU
 BOTTOM OF VIRTUAL BANDS - BAND     45; K    3; EIG  2.9573313E-01 AU
 INDIRECT ENERGY BAND GAP:  11.6796 eV
 BOTTOM OF VIRTUAL BANDS - BAND     45; K    1; EIG  3.2936254E-01 AU

    BETA       ELECTRONS
 INSULATING STATE
 TOP OF VALENCE BANDS -    BAND     43; K    1; EIG -5.0391701E-01 AU
 BOTTOM OF VIRTUAL BANDS - BAND     44; K    1; EIG  1.9746646E-01 AU
 DIRECT ENERGY BAND GAP:  19.0856 eV
 TTTTTTTTTTTTTTTTTTTTTTTTTTTTTT PDIG        TELAPSE       38.32 TCPU       38.23
 CHARGE NORMALIZATION FACTOR   1.00000000
 TOTAL ATOMIC CHARGES:
   0.9106766   9.9882233   9.9882233   9.9882233   9.9882233   9.9882233
   9.9882233   9.9734485   2.0233348   2.0232632   2.0233348   2.0233348
   2.0233348   2.0233348   2.0232632   2.0233348
 SUMMED SPIN DENSITY           1.00000000
 TOTAL ATOMIC SPINS  :
   0.9687344   0.0013313   0.0013313   0.0013313   0.0013313   0.0013313
   0.0013313  -0.0014429   0.0041440  -0.0000716   0.0041440   0.0041440
   0.0041440   0.0041440  -0.0000716   0.0041440
 TTTTTTTTTTTTTTTTTTTTTTTTTTTTTT MOQGAD      TELAPSE       38.35 TCPU       38.26
 TTTTTTTTTTTTTTTTTTTTTTTTTTTTTT SHELLXN     TELAPSE       41.89 TCPU       41.80
 +++ ENERGIES IN A.U. +++
 ::: EXT EL-POLE                                  -1.0787026238823E+03
 ::: EXT EL-SPHEROPOLE                             1.0580508766112E+01
 ::: BIELET ZONE E-E                               1.1909260383838E+03
 ::: TOTAL E-E                                     1.2280392326765E+02
 ::: TOTAL E-N + N-E                              -1.4275424077225E+03
 ::: TOTAL N-N                                    -2.0771910011887E+02
 ::: KINETIC ENERGY                                7.5564486303774E+02
 ::: TOTAL   ENERGY                               -7.5681272153596E+02
 ::: VIRIAL COEFFICIENT                            9.9922784049607E-01
 TTTTTTTTTTTTTTTTTTTTTTTTTTTTTT MONMO3      TELAPSE       41.95 TCPU       41.86
 CYC  10 ETOT(AU) -7.568127215360E+02 DETOT -3.42E-08 tst  3.40E-11 PX  1.38E-05

 == SCF ENDED - CONVERGENCE ON ENERGY      E(AU) -7.5681272153596E+02 CYCLES  10

 TOTAL ENERGY(HF)(AU)(  10) -7.5681272153596E+02 DE-3.4E-08 tst 3.4E-11 PX 1.4E-05

 NEIGHBORS OF THE NON-EQUIVALENT ATOMS

 N = NUMBER OF NEIGHBORS AT DISTANCE R
    ATOM  N     R/ANG      R/AU   NEIGHBORS (ATOM LABELS AND CELL INDICES)
   1 XX   6     2.0100     3.7983    9 LI   0 0 0   11 LI   0 0 0   12 LI   0 0 0
                                    13 LI   0 0 0   14 LI   0 0 0   16 LI   0 0 0
   1 XX  12     2.8426     5.3717    2 F    0 0 0    2 F    0 0-1    3 F    0 0 0
                                     3 F    0-1 0    4 F    0 0-1    4 F    0-1 0
                                     5 F    0 0 0    5 F   -1 0 0    6 F    0 0-1
                                     6 F   -1 0 0    7 F   -1 0 0    7 F    0-1 0
   1 XX   8     3.4814     6.5789   10 LI   0 0 0   10 LI   1 0 0   10 LI   0 1 0
                                    10 LI   0 0 1   15 LI   0 0 0   15 LI  -1 0 0
                                    15 LI   0-1 0   15 LI   0 0-1
   1 XX   6     4.0200     7.5967    8 F   -1 0 0    8 F    0-1 0    8 F    0 0-1
                                     8 F   -1-1 0    8 F   -1 0-1    8 F    0-1-1
   1 XX  24     4.4945     8.4934    9 LI   1 0 0    9 LI   1 0-1    9 LI   0 1 0
                                     9 LI   0 1-1   11 LI   0-1 0   11 LI   1-1 0
                                    11 LI   0 0-1   11 LI   1 0-1   12 LI   0 0 1
                                    12 LI   0-1 1   12 LI   1 0 0   12 LI   1-1 0
                                    13 LI   0 0-1   13 LI   0 1-1   13 LI  -1 0 0
                                    13 LI  -1 1 0   14 LI   0 1 0   14 LI  -1 1 0
                                    14 LI   0 0 1   14 LI  -1 0 1   16 LI  -1 0 0
                                    16 LI  -1 0 1   16 LI   0-1 0   16 LI   0-1 1
   1 XX  24     4.9235     9.3040    2 F   -1 0 0    2 F    1 0-1    2 F    0-1 0
                                     2 F    0 1-1    3 F    0 0-1    3 F    0-1 1
                                     3 F   -1 0 0    3 F    1-1 0    4 F   -1 0 0
                                     4 F    1-1-1    4 F    0 0 0    4 F    0-1-1
                                     5 F    0-1 0    5 F   -1 1 0    5 F    0 0-1
                                     5 F   -1 0 1    6 F    0 0 0    6 F   -1 0-1
                                     6 F    0-1 0    6 F   -1 1-1    7 F    0 0 0
                                     7 F   -1-1 0    7 F    0 0-1    7 F   -1-1 1

   2 F    6     2.0100     3.7983   10 LI   0 0 1   11 LI   0 0 0   12 LI   0 0 1
                                    13 LI   0 0 0   14 LI   0 0 1   15 LI   0 0 0
   2 F    2     2.8426     5.3717    1 XX   0 0 0    1 XX   0 0 1
   2 F   10     2.8426     5.3717    3 F    0 0 0    3 F    0-1 1    4 F    0 0 0
                                     4 F    0-1 0    5 F    0 0 0    5 F   -1 0 1
                                     6 F    0 0 0    6 F   -1 0 0    8 F   -1 0 0
                                     8 F    0-1 0
   2 F    8     3.4814     6.5789    9 LI   0 0 0    9 LI   1 0 0    9 LI   0 1 0
                                     9 LI   0 0 1   16 LI   0 0 1   16 LI   0-1 1
                                    16 LI  -1 0 1   16 LI   0 0 0
   2 F    6     4.0200     7.5967    7 F    0 0 0    7 F    0-1 1    7 F   -1 0 1
                                     7 F   -1 0 0    7 F    0-1 0    7 F   -1-1 1
   2 F   24     4.4945     8.4934   10 LI   1 0 0   10 LI   0 1 0   10 LI   1 0 1
                                    10 LI   0 1 1   11 LI   0 0 1   11 LI   1 0 0
                                    11 LI   0-1 1   11 LI   1-1 0   12 LI   0 0 0
                                    12 LI   0-1 1   12 LI   1 0 0   12 LI   1-1 1
                                    13 LI   0 0 1   13 LI  -1 0 1   13 LI   0 1 0
                                    13 LI  -1 1 0   14 LI   0 0 0   14 LI   0 1 0
                                    14 LI  -1 0 1   14 LI  -1 1 1   15 LI   0-1 1
                                    15 LI  -1 0 1   15 LI   0-1 0   15 LI  -1 0 0

   8 F    6     2.0100     3.7983    9 LI   1 1 0   11 LI   1 0 0   12 LI   1 0 1
                                    13 LI   0 1 0   14 LI   0 1 1   16 LI   0 0 1
   8 F   12     2.8426     5.3717    2 F    1 0 0    2 F    0 1 0    3 F    0 0 1
                                     3 F    1 0 0    4 F    0 0 0    4 F    1 0 0
                                     5 F    0 0 1    5 F    0 1 0    6 F    0 0 0
                                     6 F    0 1 0    7 F    0 0 0    7 F    0 0 1
   8 F    8     3.4814     6.5789   10 LI   1 1 0   10 LI   1 0 1   10 LI   0 1 1
                                    10 LI   1 1 1   15 LI   0 0 1   15 LI   1 0 0
                                    15 LI   0 1 0   15 LI   0 0 0
   8 F    6     4.0200     7.5967    1 XX   1 0 0    1 XX   0 1 0    1 XX   0 0 1
                                     1 XX   1 1 0    1 XX   1 0 1    1 XX   0 1 1
   8 F   24     4.4945     8.4934    9 LI   1 0 0    9 LI   0 1 0    9 LI   1 0 1
                                     9 LI   0 1 1   11 LI   1 0 1   11 LI   0 0 1
                                    11 LI   1 1 0   11 LI   0 1 0   12 LI   0 0 1
                                    12 LI   1 0 0   12 LI   0 1 1   12 LI   1 1 0
                                    13 LI   0 0 1   13 LI   0 1 1   13 LI   1 0 0
                                    13 LI   1 1 0   14 LI   0 1 0   14 LI   0 0 1
                                    14 LI   1 1 0   14 LI   1 0 1   16 LI   1 0 0
                                    16 LI   1 0 1   16 LI   0 1 0   16 LI   0 1 1
   8 F   24     4.9235     9.3040    2 F    0 0 0    2 F    1 1 0    2 F    0 0 1
                                     2 F    1 1-1    3 F    0 0 0    3 F    1 0 1
                                     3 F    0 1 0    3 F    1-1 1    4 F    0 1 0
                                     4 F    1-1 0    4 F    0 0 1    4 F    1 0-1
                                     5 F    1 0 0    5 F   -1 1 1    5 F    0 0 0
                                     5 F    0 1 1    6 F    0 0 1    6 F    0 1-1
                                     6 F    1 0 0    6 F   -1 1 0    7 F    1 0 0
                                     7 F   -1 0 1    7 F    0 1 0    7 F    0-1 1

   9 LI   1     2.0100     3.7983    1 XX   0 0 0
   9 LI   5     2.0100     3.7983    3 F    0-1 0    4 F    0-1 0    5 F   -1 0 0
                                     6 F   -1 0 0    8 F   -1-1 0
   9 LI  12     2.8426     5.3717   10 LI   0 0 0   10 LI   0 0 1   11 LI   0 0 0
                                    11 LI   0-1 0   12 LI   0 0 0   12 LI   0-1 1
                                    13 LI   0 0 0   13 LI  -1 0 0   14 LI   0 0 0
                                    14 LI  -1 0 1   15 LI  -1 0 0   15 LI   0-1 0
   9 LI   8     3.4814     6.5789    2 F    0 0 0    2 F   -1 0 0    2 F    0-1 0
                                     2 F    0 0-1    7 F   -1 0 0    7 F   -1-1 0
                                     7 F   -1-1 1    7 F    0-1 0
   9 LI   6     4.0200     7.5967   16 LI   0 0 0   16 LI   0-1 0   16 LI   0-1 1
                                    16 LI  -1 0 1   16 LI  -1 0 0   16 LI  -1-1 1
   9 LI   4     4.4945     8.4934    1 XX  -1 0 0    1 XX  -1 0 1    1 XX   0-1 0
                                     1 XX   0-1 1

  10 LI   6     2.0100     3.7983    2 F    0 0-1    3 F    0-1 0    4 F    0-1-1
                                     5 F   -1 0 0    6 F   -1 0-1    7 F   -1-1 0
  10 LI  12     2.8426     5.3717    9 LI   0 0 0    9 LI   0 0-1   11 LI   0 0-1
                                    11 LI   0-1 0   12 LI   0 0 0   12 LI   0-1 0
                                    13 LI   0 0-1   13 LI  -1 0 0   14 LI   0 0 0
                                    14 LI  -1 0 0   16 LI  -1 0 0   16 LI   0-1 0
  10 LI   4     3.4814     6.5789    1 XX   0 0 0    1 XX  -1 0 0    1 XX   0-1 0
                                     1 XX   0 0-1
  10 LI   4     3.4814     6.5789    8 F   -1-1 0    8 F   -1 0-1    8 F    0-1-1
                                     8 F   -1-1-1
  10 LI   6     4.0200     7.5967   15 LI  -1 0 0   15 LI   0-1 0   15 LI   0 0-1
                                    15 LI  -1-1 0   15 LI  -1 0-1   15 LI   0-1-1
  10 LI  24     4.4945     8.4934    2 F   -1 0 0    2 F    0-1 0    2 F   -1 0-1
                                     2 F    0-1-1    3 F    0 0-1    3 F   -1 0 0
                                     3 F    0-1-1    3 F   -1-1 0    4 F   -1 0-1
                                     4 F    0 0-1    4 F   -1-1 0    4 F    0-1 0
                                     5 F    0-1 0    5 F    0 0-1    5 F   -1-1 0
                                     5 F   -1 0-1    6 F    0 0-1    6 F    0-1-1
                                     6 F   -1 0 0    6 F   -1-1 0    7 F   -1 0 0
                                     7 F   -1 0-1    7 F    0-1 0    7 F    0-1-1

 TTTTTTTTTTTTTTTTTTTTTTTTTTTTTT AFTER FIRST TELAPSE       41.96 TCPU       41.86
 MMMMMMMMMMMMMMMMMMMMMMMMMMMMMMMMMMMMMMMMMMMMMMMMMMMMMMMMMMMMMMMMMMMMMMMMMMMMMMM
     ALPHA+BETA ELECTRONS
 MULLIKEN POPULATION ANALYSIS - NO. OF ELECTRONS   87.000000

  ATOM    Z CHARGE  A.O. POPULATION

   1 XX   0  0.911  0.000  0.004  0.000  0.000  0.000 -0.082 -0.001 -0.001
                   -0.001  0.997 -0.002 -0.002 -0.002
   2 F    9  9.988  1.999  0.810  1.027  1.027  1.029  1.027  0.728  0.728
                    0.727  0.161  0.243  0.243  0.240
   3 F    9  9.988  1.999  0.810  1.027  1.029  1.027  1.027  0.728  0.727
                    0.728  0.161  0.243  0.240  0.243
   4 F    9  9.988  1.999  0.810  1.029  1.027  1.027  1.027  0.727  0.728
                    0.728  0.161  0.240  0.243  0.243
   5 F    9  9.988  1.999  0.810  1.029  1.027  1.027  1.027  0.727  0.728
                    0.728  0.161  0.240  0.243  0.243
   6 F    9  9.988  1.999  0.810  1.027  1.029  1.027  1.027  0.728  0.727
                    0.728  0.161  0.243  0.240  0.243
   7 F    9  9.988  1.999  0.810  1.027  1.027  1.029  1.027  0.728  0.728
                    0.727  0.161  0.243  0.243  0.240
   8 F    9  9.973  1.999  0.809  1.028  1.028  1.028  1.027  0.728  0.728
                    0.728  0.155  0.239  0.239  0.239
   9 LI   3  2.023  1.615  0.371  0.012  0.012  0.013
  10 LI   3  2.023  1.615  0.372  0.012  0.012  0.012
  11 LI   3  2.023  1.615  0.371  0.013  0.012  0.012
  12 LI   3  2.023  1.615  0.371  0.012  0.013  0.012
  13 LI   3  2.023  1.615  0.371  0.012  0.013  0.012
  14 LI   3  2.023  1.615  0.371  0.013  0.012  0.012
  15 LI   3  2.023  1.615  0.372  0.012  0.012  0.012
  16 LI   3  2.023  1.615  0.371  0.012  0.012  0.013

  ATOM    Z CHARGE  SHELL POPULATION

   1 XX   0  0.911  0.000  0.004 -0.084  0.990
   2 F    9  9.988  1.999  3.893  3.209  0.887
   3 F    9  9.988  1.999  3.893  3.209  0.887
   4 F    9  9.988  1.999  3.893  3.209  0.887
   5 F    9  9.988  1.999  3.893  3.209  0.887
   6 F    9  9.988  1.999  3.893  3.209  0.887
   7 F    9  9.988  1.999  3.893  3.209  0.887
   8 F    9  9.973  1.999  3.894  3.210  0.871
   9 LI   3  2.023  1.615  0.408
  10 LI   3  2.023  1.615  0.408
  11 LI   3  2.023  1.615  0.408
  12 LI   3  2.023  1.615  0.408
  13 LI   3  2.023  1.615  0.408
  14 LI   3  2.023  1.615  0.408
  15 LI   3  2.023  1.615  0.408
  16 LI   3  2.023  1.615  0.408

 OVERLAP POPULATION CONDENSED TO ATOMS FOR FIRST   6 NEIGHBORS

 ATOM A   1 XX   ATOM B     CELL      R(AB)/AU R(AB)/ANG    OVPOP(AB)
                  9 LI   (  0  0  0)     3.798     2.010    -0.003
                  2 F    (  0  0  0)     5.372     2.843    -0.007
                 10 LI   (  0  0  0)     6.579     3.481    -0.000
                  8 F    ( -1  0  0)     7.597     4.020    -0.001
                  9 LI   (  1  0  0)     8.493     4.494     0.000
                  2 F    ( -1  0  0)     9.304     4.923    -0.000

 ATOM A   2 F    ATOM B     CELL      R(AB)/AU R(AB)/ANG    OVPOP(AB)
                 10 LI   (  0  0  1)     3.798     2.010    -0.001
                  1 XX   (  0  0  0)     5.372     2.843    -0.007
                  3 F    (  0  0  0)     5.372     2.843    -0.028
                  9 LI   (  0  0  0)     6.579     3.481    -0.000
                  7 F    (  0  0  0)     7.597     4.020     0.001
                 10 LI   (  1  0  0)     8.493     4.494     0.000

 ATOM A   8 F    ATOM B     CELL      R(AB)/AU R(AB)/ANG    OVPOP(AB)
                  9 LI   (  1  1  0)     3.798     2.010     0.000
                  2 F    (  1  0  0)     5.372     2.843    -0.027
                 10 LI   (  1  1  0)     6.579     3.481    -0.000
                  1 XX   (  1  0  0)     7.597     4.020    -0.001
                  9 LI   (  1  0  0)     8.493     4.494    -0.000
                  2 F    (  0  0  0)     9.304     4.923    -0.000

 ATOM A   9 LI   ATOM B     CELL      R(AB)/AU R(AB)/ANG    OVPOP(AB)
                  1 XX   (  0  0  0)     3.798     2.010    -0.003
                  3 F    (  0 -1  0)     3.798     2.010    -0.001
                 10 LI   (  0  0  0)     5.372     2.843     0.000
                  2 F    (  0  0  0)     6.579     3.481    -0.000
                 16 LI   (  0  0  0)     7.597     4.020     0.000
                  1 XX   ( -1  0  0)     8.493     4.494     0.000

 ATOM A  10 LI   ATOM B     CELL      R(AB)/AU R(AB)/ANG    OVPOP(AB)
                  2 F    (  0  0 -1)     3.798     2.010    -0.001
                  9 LI   (  0  0  0)     5.372     2.843     0.000
                  1 XX   (  0  0  0)     6.579     3.481    -0.000
                  8 F    ( -1 -1  0)     6.579     3.481    -0.000
                 15 LI   ( -1  0  0)     7.597     4.020     0.000
                  2 F    ( -1  0  0)     8.493     4.494     0.000
 TTTTTTTTTTTTTTTTTTTTTTTTTTTTTT AFTER FIRST TELAPSE       41.96 TCPU       41.86
 MMMMMMMMMMMMMMMMMMMMMMMMMMMMMMMMMMMMMMMMMMMMMMMMMMMMMMMMMMMMMMMMMMMMMMMMMMMMMMM
     ALPHA-BETA ELECTRONS
 MULLIKEN POPULATION ANALYSIS - NO. OF ELECTRONS    1.000000

  ATOM    Z CHARGE  A.O. POPULATION

   1 XX   0  0.969  0.000  0.005  0.000  0.000  0.000 -0.084 -0.000 -0.000
                   -0.000  1.015  0.011  0.011  0.011
   2 F    9  0.001  0.000  0.002  0.004  0.004  0.000 -0.000 -0.000 -0.000
                   -0.000  0.002 -0.005 -0.005  0.001
   3 F    9  0.001  0.000  0.002  0.004  0.000  0.004 -0.000 -0.000 -0.000
                   -0.000  0.002 -0.005  0.001 -0.005
   4 F    9  0.001  0.000  0.002  0.000  0.004  0.004 -0.000 -0.000 -0.000
                   -0.000  0.002  0.001 -0.005 -0.005
   5 F    9  0.001  0.000  0.002  0.000  0.004  0.004 -0.000 -0.000 -0.000
                   -0.000  0.002  0.001 -0.005 -0.005
   6 F    9  0.001  0.000  0.002  0.004  0.000  0.004 -0.000 -0.000 -0.000
                   -0.000  0.002 -0.005  0.001 -0.005
   7 F    9  0.001  0.000  0.002  0.004  0.004  0.000 -0.000 -0.000 -0.000
                   -0.000  0.002 -0.005 -0.005  0.001
   8 F    9 -0.001 -0.000  0.000  0.000  0.000  0.000  0.000 -0.000 -0.000
                   -0.000 -0.000 -0.000 -0.000 -0.000
   9 LI   3  0.004  0.001 -0.003  0.000  0.000  0.006
  10 LI   3 -0.000  0.000 -0.000  0.000  0.000  0.000
  11 LI   3  0.004  0.001 -0.003  0.006  0.000  0.000
  12 LI   3  0.004  0.001 -0.003  0.000  0.006  0.000
  13 LI   3  0.004  0.001 -0.003  0.000  0.006  0.000
  14 LI   3  0.004  0.001 -0.003  0.006  0.000  0.000
  15 LI   3 -0.000  0.000 -0.000  0.000  0.000  0.000
  16 LI   3  0.004  0.001 -0.003  0.000  0.000  0.006

  ATOM    Z CHARGE  SHELL POPULATION

   1 XX   0  0.969  0.000  0.005 -0.085  1.049
   2 F    9  0.001  0.000  0.009 -0.001 -0.007
   3 F    9  0.001  0.000  0.009 -0.001 -0.007
   4 F    9  0.001  0.000  0.009 -0.001 -0.007
   5 F    9  0.001  0.000  0.009 -0.001 -0.007
   6 F    9  0.001  0.000  0.009 -0.001 -0.007
   7 F    9  0.001  0.000  0.009 -0.001 -0.007
   8 F    9 -0.001 -0.000  0.000 -0.000 -0.001
   9 LI   3  0.004  0.001  0.003
  10 LI   3 -0.000  0.000 -0.000
  11 LI   3  0.004  0.001  0.003
  12 LI   3  0.004  0.001  0.003
  13 LI   3  0.004  0.001  0.003
  14 LI   3  0.004  0.001  0.003
  15 LI   3 -0.000  0.000 -0.000
  16 LI   3  0.004  0.001  0.003

 OVERLAP POPULATION CONDENSED TO ATOMS FOR FIRST   6 NEIGHBORS

 ATOM A   1 XX   ATOM B     CELL      R(AB)/AU R(AB)/ANG    OVPOP(AB)
                  9 LI   (  0  0  0)     3.798     2.010    -0.004
                  2 F    (  0  0  0)     5.372     2.843    -0.001
                 10 LI   (  0  0  0)     6.579     3.481    -0.000
                  8 F    ( -1  0  0)     7.597     4.020    -0.001
                  9 LI   (  1  0  0)     8.493     4.494     0.000
                  2 F    ( -1  0  0)     9.304     4.923    -0.000

 ATOM A   2 F    ATOM B     CELL      R(AB)/AU R(AB)/ANG    OVPOP(AB)
                 10 LI   (  0  0  1)     3.798     2.010    -0.000
                  1 XX   (  0  0  0)     5.372     2.843    -0.001
                  3 F    (  0  0  0)     5.372     2.843    -0.000
                  9 LI   (  0  0  0)     6.579     3.481     0.000
                  7 F    (  0  0  0)     7.597     4.020    -0.000
                 10 LI   (  1  0  0)     8.493     4.494     0.000

 ATOM A   8 F    ATOM B     CELL      R(AB)/AU R(AB)/ANG    OVPOP(AB)
                  9 LI   (  1  1  0)     3.798     2.010     0.001
                  2 F    (  1  0  0)     5.372     2.843    -0.000
                 10 LI   (  1  1  0)     6.579     3.481     0.000
                  1 XX   (  1  0  0)     7.597     4.020    -0.001
                  9 LI   (  1  0  0)     8.493     4.494    -0.000
                  2 F    (  0  0  0)     9.304     4.923    -0.000

 ATOM A   9 LI   ATOM B     CELL      R(AB)/AU R(AB)/ANG    OVPOP(AB)
                  1 XX   (  0  0  0)     3.798     2.010    -0.004
                  3 F    (  0 -1  0)     3.798     2.010     0.000
                 10 LI   (  0  0  0)     5.372     2.843    -0.000
                  2 F    (  0  0  0)     6.579     3.481     0.000
                 16 LI   (  0  0  0)     7.597     4.020     0.000
                  1 XX   ( -1  0  0)     8.493     4.494     0.000

 ATOM A  10 LI   ATOM B     CELL      R(AB)/AU R(AB)/ANG    OVPOP(AB)
                  2 F    (  0  0 -1)     3.798     2.010    -0.000
                  9 LI   (  0  0  0)     5.372     2.843    -0.000
                  1 XX   (  0  0  0)     6.579     3.481    -0.000
                  8 F    ( -1 -1  0)     6.579     3.481     0.000
                 15 LI   ( -1  0  0)     7.597     4.020     0.000
                  2 F    ( -1  0  0)     8.493     4.494     0.000
 EIGENVECTORS IN FORTRAN UNIT  8
 TTTTTTTTTTTTTTTTTTTTTTTTTTTTTT END         TELAPSE       41.98 TCPU       41.88
 EEEEEEEEEE TERMINATION  DATE 20 09 2024 TIME 14:08:18.7
