 INFORMATION **** EXCBUF **** EXCH. BIPO BUFFER: WORDS USED =       53874

 *******************************************************************************
 UREA MOLECULE BASE 6-21 + POLARIZATION                                          
 CRYSTAL - SCF - TYPE OF CALCULATION :  RESTRICTED CLOSED SHELL
 *******************************************************************************

 CAPPA:IS1  1;IS2  1;IS3  1; K PTS MONK NET   1; SYMMOPS:K SPACE   8;G SPACE   4

 TTTTTTTTTTTTTTTTTTTTTTTTTTTTTT SDIK        TELAPSE        7.46 TCPU        7.14

 INFORMATION FROM INTEGRAL EVALUATION

 RESTART FROM A PREVIOUS DENSITY MATRIX - DEP ACTIVE
 NUMBER OF COUPLE SETS (NEW, OLD, FOUND):     220     220     220
 NUMBER OF IRREDUCIBLE G VECTORS        :     220     220     220
 CHARGE NORMALIZATION FACTOR   0.99631153
 TOTAL ATOMIC CHARGES:
   4.8550842   8.7471839   7.6889147   7.6889147   0.7363229   0.7363229
   0.7736284   0.7736284
 TTTTTTTTTTTTTTTTTTTTTTTTTTTTTT MOQGAD      TELAPSE        7.46 TCPU        7.14
 TTTTTTTTTTTTTTTTTTTTTTTTTTTTTT SHELLXN     TELAPSE        7.83 TCPU        7.51
 TTTTTTTTTTTTTTTTTTTTTTTTTTTTTT MONMO3      TELAPSE        7.83 TCPU        7.51
 CYC   0 ETOT(AU) -2.233890844525E+02 DETOT -2.23E+02 tst  3.95E-10 PX  1.00E+00
 TTTTTTTTTTTTTTTTTTTTTTTTTTTTTT DIIS        TELAPSE        7.83 TCPU        7.51
 TTTTTTTTTTTTTTTTTTTTTTTTTTTTTT FDIK        TELAPSE        7.83 TCPU        7.51
 INSULATING STATE
 TOP OF VALENCE BANDS -    BAND     16; K    1; EIG -3.8706311E-01 AU
 BOTTOM OF VIRTUAL BANDS - BAND     17; K    1; EIG  2.4357952E-01 AU
 DIRECT ENERGY BAND GAP:  17.1607 eV
 TTTTTTTTTTTTTTTTTTTTTTTTTTTTTT PDIG        TELAPSE        7.83 TCPU        7.51
 CHARGE NORMALIZATION FACTOR   1.00000000
 TOTAL ATOMIC CHARGES:
   4.8143529   8.6746630   7.7463110   7.7463110   0.7398392   0.7398392
   0.7693419   0.7693419
 TTTTTTTTTTTTTTTTTTTTTTTTTTTTTT MOQGAD      TELAPSE        7.83 TCPU        7.52
 TTTTTTTTTTTTTTTTTTTTTTTTTTTTTT SHELLXN     TELAPSE        8.21 TCPU        7.90
 TTTTTTTTTTTTTTTTTTTTTTTTTTTTTT MONMO3      TELAPSE        8.22 TCPU        7.90
 CYC   1 ETOT(AU) -2.237941184881E+02 DETOT -4.05E-01 tst  0.00E+00 PX  4.15E-02
 TTTTTTTTTTTTTTTTTTTTTTTTTTTTTT DIIS        TELAPSE        8.22 TCPU        7.90
 DIIS TEST: 0.56382E-02 AT SCF   CYCLE   1 - MIX   30 %
 TTTTTTTTTTTTTTTTTTTTTTTTTTTTTT FDIK        TELAPSE        8.22 TCPU        7.90
 INSULATING STATE
 TOP OF VALENCE BANDS -    BAND     16; K    1; EIG -3.8468040E-01 AU
 BOTTOM OF VIRTUAL BANDS - BAND     17; K    1; EIG  2.5139354E-01 AU
 DIRECT ENERGY BAND GAP:  17.3085 eV
 TTTTTTTTTTTTTTTTTTTTTTTTTTTTTT PDIG        TELAPSE        8.22 TCPU        7.90
 CHARGE NORMALIZATION FACTOR   1.00000000
 TOTAL ATOMIC CHARGES:
   4.8169688   8.6966253   7.7169865   7.7169865   0.7498393   0.7498393
   0.7763771   0.7763771
 TTTTTTTTTTTTTTTTTTTTTTTTTTTTTT MOQGAD      TELAPSE        8.22 TCPU        7.90
 TTTTTTTTTTTTTTTTTTTTTTTTTTTTTT SHELLXN     TELAPSE        8.59 TCPU        8.28
 TTTTTTTTTTTTTTTTTTTTTTTTTTTTTT MONMO3      TELAPSE        8.60 TCPU        8.28
 CYC   2 ETOT(AU) -2.237952479928E+02 DETOT -1.13E-03 tst  3.22E-05 PX  9.77E-03
 TTTTTTTTTTTTTTTTTTTTTTTTTTTTTT DIIS        TELAPSE        8.60 TCPU        8.28
 DIIS TEST: 0.31524E-03 AT SCF   CYCLE   2 - DIIS ACTIVE - HISTORY:     2 CYCLES
 TTTTTTTTTTTTTTTTTTTTTTTTTTTTTT FDIK        TELAPSE        8.60 TCPU        8.28
 INSULATING STATE
 TOP OF VALENCE BANDS -    BAND     16; K    1; EIG -3.8392194E-01 AU
 BOTTOM OF VIRTUAL BANDS - BAND     17; K    1; EIG  2.5065877E-01 AU
 DIRECT ENERGY BAND GAP:  17.2678 eV
 TTTTTTTTTTTTTTTTTTTTTTTTTTTTTT PDIG        TELAPSE        8.60 TCPU        8.28
 CHARGE NORMALIZATION FACTOR   1.00000000
 TOTAL ATOMIC CHARGES:
   4.8151483   8.6936303   7.7193707   7.7193707   0.7506465   0.7506465
   0.7755935   0.7755935
 TTTTTTTTTTTTTTTTTTTTTTTTTTTTTT MOQGAD      TELAPSE        8.60 TCPU        8.28
 TTTTTTTTTTTTTTTTTTTTTTTTTTTTTT SHELLXN     TELAPSE        8.98 TCPU        8.66
 TTTTTTTTTTTTTTTTTTTTTTTTTTTTTT MONMO3      TELAPSE        8.98 TCPU        8.67
 CYC   3 ETOT(AU) -2.237953796393E+02 DETOT -1.32E-04 tst  9.87E-06 PX  5.18E-03
 TTTTTTTTTTTTTTTTTTTTTTTTTTTTTT DIIS        TELAPSE        8.99 TCPU        8.67
 DIIS TEST: 0.81044E-04 AT SCF   CYCLE   3 - DIIS ACTIVE - HISTORY:     3 CYCLES
 TTTTTTTTTTTTTTTTTTTTTTTTTTTTTT FDIK        TELAPSE        8.99 TCPU        8.67
 INSULATING STATE
 TOP OF VALENCE BANDS -    BAND     16; K    1; EIG -3.8458722E-01 AU
 BOTTOM OF VIRTUAL BANDS - BAND     17; K    1; EIG  2.5097135E-01 AU
 DIRECT ENERGY BAND GAP:  17.2944 eV
 TTTTTTTTTTTTTTTTTTTTTTTTTTTTTT PDIG        TELAPSE        8.99 TCPU        8.67
 CHARGE NORMALIZATION FACTOR   1.00000000
 TOTAL ATOMIC CHARGES:
   4.8112270   8.6978950   7.7182659   7.7182659   0.7515540   0.7515540
   0.7756191   0.7756191
 TTTTTTTTTTTTTTTTTTTTTTTTTTTTTT MOQGAD      TELAPSE        8.99 TCPU        8.67
 TTTTTTTTTTTTTTTTTTTTTTTTTTTTTT SHELLXN     TELAPSE        9.35 TCPU        9.04
 TTTTTTTTTTTTTTTTTTTTTTTTTTTTTT MONMO3      TELAPSE        9.36 TCPU        9.04
 CYC   4 ETOT(AU) -2.237954060467E+02 DETOT -2.64E-05 tst  2.66E-06 PX  2.66E-03
 TTTTTTTTTTTTTTTTTTTTTTTTTTTTTT DIIS        TELAPSE        9.36 TCPU        9.04
 DIIS TEST: 0.89059E-05 AT SCF   CYCLE   4 - DIIS ACTIVE - HISTORY:     4 CYCLES
 TTTTTTTTTTTTTTTTTTTTTTTTTTTTTT FDIK        TELAPSE        9.36 TCPU        9.04
 INSULATING STATE
 TOP OF VALENCE BANDS -    BAND     16; K    1; EIG -3.8404828E-01 AU
 BOTTOM OF VIRTUAL BANDS - BAND     17; K    1; EIG  2.5101424E-01 AU
 DIRECT ENERGY BAND GAP:  17.2809 eV
 TTTTTTTTTTTTTTTTTTTTTTTTTTTTTT PDIG        TELAPSE        9.36 TCPU        9.04
 CHARGE NORMALIZATION FACTOR   1.00000000
 TOTAL ATOMIC CHARGES:
   4.8131892   8.6961941   7.7179050   7.7179050   0.7518152   0.7518152
   0.7755882   0.7755882
 TTTTTTTTTTTTTTTTTTTTTTTTTTTTTT MOQGAD      TELAPSE        9.36 TCPU        9.04
 TTTTTTTTTTTTTTTTTTTTTTTTTTTTTT SHELLXN     TELAPSE        9.72 TCPU        9.41
 TTTTTTTTTTTTTTTTTTTTTTTTTTTTTT MONMO3      TELAPSE        9.73 TCPU        9.41
 CYC   5 ETOT(AU) -2.237954103640E+02 DETOT -4.32E-06 tst  6.67E-07 PX  9.82E-04
 TTTTTTTTTTTTTTTTTTTTTTTTTTTTTT DIIS        TELAPSE        9.73 TCPU        9.41
 DIIS TEST: 0.11811E-05 AT SCF   CYCLE   5 - DIIS ACTIVE - HISTORY:     5 CYCLES
 TTTTTTTTTTTTTTTTTTTTTTTTTTTTTT FDIK        TELAPSE        9.73 TCPU        9.41
 INSULATING STATE
 TOP OF VALENCE BANDS -    BAND     16; K    1; EIG -3.8404802E-01 AU
 BOTTOM OF VIRTUAL BANDS - BAND     17; K    1; EIG  2.5103426E-01 AU
 DIRECT ENERGY BAND GAP:  17.2815 eV
 TTTTTTTTTTTTTTTTTTTTTTTTTTTTTT PDIG        TELAPSE        9.73 TCPU        9.41
 CHARGE NORMALIZATION FACTOR   1.00000000
 TOTAL ATOMIC CHARGES:
   4.8128780   8.6963182   7.7179830   7.7179830   0.7518662   0.7518662
   0.7755526   0.7755526
 TTTTTTTTTTTTTTTTTTTTTTTTTTTTTT MOQGAD      TELAPSE        9.73 TCPU        9.41
 TTTTTTTTTTTTTTTTTTTTTTTTTTTTTT SHELLXN     TELAPSE       10.11 TCPU        9.80
 TTTTTTTTTTTTTTTTTTTTTTTTTTTTTT MONMO3      TELAPSE       10.12 TCPU        9.80
 CYC   6 ETOT(AU) -2.237954109482E+02 DETOT -5.84E-07 tst  7.52E-08 PX  3.26E-04
 TTTTTTTTTTTTTTTTTTTTTTTTTTTTTT DIIS        TELAPSE       10.12 TCPU        9.80
 DIIS TEST: 0.93266E-07 AT SCF   CYCLE   6 - DIIS ACTIVE - HISTORY:     6 CYCLES
 TTTTTTTTTTTTTTTTTTTTTTTTTTTTTT FDIK        TELAPSE       10.12 TCPU        9.80
 INSULATING STATE
 TOP OF VALENCE BANDS -    BAND     16; K    1; EIG -3.8404833E-01 AU
 BOTTOM OF VIRTUAL BANDS - BAND     17; K    1; EIG  2.5104639E-01 AU
 DIRECT ENERGY BAND GAP:  17.2818 eV
 TTTTTTTTTTTTTTTTTTTTTTTTTTTTTT PDIG        TELAPSE       10.12 TCPU        9.80
 CHARGE NORMALIZATION FACTOR   1.00000000
 TOTAL ATOMIC CHARGES:
   4.8129722   8.6962675   7.7179462   7.7179462   0.7518782   0.7518782
   0.7755558   0.7755558
 TTTTTTTTTTTTTTTTTTTTTTTTTTTTTT MOQGAD      TELAPSE       10.12 TCPU        9.80
 TTTTTTTTTTTTTTTTTTTTTTTTTTTTTT SHELLXN     TELAPSE       10.48 TCPU       10.16
 TTTTTTTTTTTTTTTTTTTTTTTTTTTTTT MONMO3      TELAPSE       10.49 TCPU       10.17
 CYC   7 ETOT(AU) -2.237954110265E+02 DETOT -7.84E-08 tst  1.67E-08 PX  1.39E-04
 TTTTTTTTTTTTTTTTTTTTTTTTTTTTTT DIIS        TELAPSE       10.49 TCPU       10.17
 DIIS TEST: 0.60877E-08 AT SCF   CYCLE   7 - DIIS ACTIVE - HISTORY:     7 CYCLES
 TTTTTTTTTTTTTTTTTTTTTTTTTTTTTT FDIK        TELAPSE       10.49 TCPU       10.17
 INSULATING STATE
 TOP OF VALENCE BANDS -    BAND     16; K    1; EIG -3.8402693E-01 AU
 BOTTOM OF VIRTUAL BANDS - BAND     17; K    1; EIG  2.5105134E-01 AU
 DIRECT ENERGY BAND GAP:  17.2814 eV
 TTTTTTTTTTTTTTTTTTTTTTTTTTTTTT PDIG        TELAPSE       10.49 TCPU       10.17
 CHARGE NORMALIZATION FACTOR   1.00000000
 TOTAL ATOMIC CHARGES:
   4.8129675   8.6962550   7.7179411   7.7179411   0.7518838   0.7518838
   0.7755639   0.7755639
 TTTTTTTTTTTTTTTTTTTTTTTTTTTTTT MOQGAD      TELAPSE       10.49 TCPU       10.17
 TTTTTTTTTTTTTTTTTTTTTTTTTTTTTT SHELLXN     TELAPSE       10.85 TCPU       10.53

 ::: DIPOLE MOMENT ALONG NON PERIODIC DIRECTIONS:
 ::: A.U.     (X)  0.00000E+00   (Y)  0.00000E+00   (Z)  1.62573E+00
 ::: DEBYE         0.00000E+00        0.00000E+00       -4.13220E+00

 +++ ENERGIES IN A.U. +++
 ::: EXT EL-POLE                                   1.1448259205471E+01
 ::: EXT EL-SPHEROPOLE                             0.0000000000000E+00
 ::: BIELET ZONE E-E                               1.9459524873547E+02
 ::: TOTAL E-E                                     2.0604350794094E+02
 ::: TOTAL E-N + N-E                              -7.8000168396369E+02
 ::: TOTAL N-N                                     1.2626472137194E+02
 ::: KINETIC ENERGY                                2.2389804361580E+02
 ::: TOTAL   ENERGY                               -2.2379541103501E+02
 ::: VIRIAL COEFFICIENT                            1.0002292474454E+00
 TTTTTTTTTTTTTTTTTTTTTTTTTTTTTT MONMO3      TELAPSE       10.85 TCPU       10.53
 CYC   8 ETOT(AU) -2.237954110350E+02 DETOT -8.50E-09 tst  1.20E-09 PX  1.39E-04

 == SCF ENDED - CONVERGENCE ON ENERGY      E(AU) -2.2379541103501E+02 CYCLES   8

 TOTAL ENERGY(HF)(AU)(   8) -2.2379541103501E+02 DE-8.5E-09 tst 1.2E-09 PX 1.4E-04

 *******************************************************************************
 *                             FORCE CALCULATION                               *
 *******************************************************************************

 INFORMATION **** EXCPOG **** EXCH. BIPO BUFFER LENGTH (WORDS) =      215496
 INFORMATION **** GENPOG **** BIPO BUFFER LENGTH (WORDS) =       35100
 TTTTTTTTTTTTTTTTTTTTTTTTTTTTTT SHELXG      TELAPSE       13.57 TCPU       13.25

 CARTESIAN FORCES IN HARTREE/BOHR (ANALYTICAL)
   ATOM                     X                   Y                   Z
   1   6             0.000000000000E+00  0.000000000000E+00 -8.967240559543E-03
   2   8             0.000000000000E+00  0.000000000000E+00  2.409567972536E-02
   3   7             0.000000000000E+00  4.702184672240E-03 -9.397984410016E-03
   4   7             0.000000000000E+00 -4.702184672242E-03 -9.397984410016E-03
   5   1             0.000000000000E+00  4.010142707756E-03  1.431953949689E-03
   6   1             0.000000000000E+00 -4.010142707756E-03  1.431953949689E-03
   7   1             0.000000000000E+00  3.406139251719E-04  4.018108774146E-04
   8   1             0.000000000000E+00 -3.406139251719E-04  4.018108774146E-04

 RESULTANT FORCE     0.000000000000E+00 -1.776356839400E-15 -4.662936703426E-15

 SYMMETRY ALLOWED FORCES (ANALYTICAL) (DIRECTION, FORCE)

    1 -9.5863834E-03    2  2.4642633E-02    3  6.6498933E-03    4 -1.1910582E-02
    5  5.6711982E-03    6  1.0301431E-03    7  4.8170083E-04
 TTTTTTTTTTTTTTTTTTTTTTTTTTTTTT TOTGRA      TELAPSE       13.59 TCPU       13.27
 INFORMATION **** opta002 **** GEOMETRY OUTPUT FILE
 INFORMATION **** EXCBUF **** EXCH. BIPO BUFFER: WORDS USED =       53874

 *******************************************************************************
 UREA MOLECULE BASE 6-21 + POLARIZATION                                          
 CRYSTAL - SCF - TYPE OF CALCULATION :  RESTRICTED CLOSED SHELL
 *******************************************************************************

 CAPPA:IS1  1;IS2  1;IS3  1; K PTS MONK NET   1; SYMMOPS:K SPACE   8;G SPACE   4

 TTTTTTTTTTTTTTTTTTTTTTTTTTTTTT SDIK        TELAPSE       13.59 TCPU       13.27

 INFORMATION FROM INTEGRAL EVALUATION

 RESTART FROM A PREVIOUS DENSITY MATRIX - DEP ACTIVE
 NUMBER OF COUPLE SETS (NEW, OLD, FOUND):     220     220     220
 NUMBER OF IRREDUCIBLE G VECTORS        :     220     220     220
 CHARGE NORMALIZATION FACTOR   1.00065377
 TOTAL ATOMIC CHARGES:
   4.7982154   8.6972829   7.7238304   7.7238304   0.7516446   0.7516446
   0.7767759   0.7767759
 TTTTTTTTTTTTTTTTTTTTTTTTTTTTTT MOQGAD      TELAPSE       13.60 TCPU       13.27
 TTTTTTTTTTTTTTTTTTTTTTTTTTTTTT SHELLXN     TELAPSE       14.00 TCPU       13.68
 TTTTTTTTTTTTTTTTTTTTTTTTTTTTTT MONMO3      TELAPSE       14.00 TCPU       13.68
 CYC   0 ETOT(AU) -2.238604479227E+02 DETOT -2.24E+02 tst  1.20E-09 PX  1.00E+00
 TTTTTTTTTTTTTTTTTTTTTTTTTTTTTT DIIS        TELAPSE       14.00 TCPU       13.68
 TTTTTTTTTTTTTTTTTTTTTTTTTTTTTT FDIK        TELAPSE       14.00 TCPU       13.68
 INSULATING STATE
 TOP OF VALENCE BANDS -    BAND     16; K    1; EIG -3.8341425E-01 AU
 BOTTOM OF VIRTUAL BANDS - BAND     17; K    1; EIG  2.5138161E-01 AU
 DIRECT ENERGY BAND GAP:  17.2737 eV
 TTTTTTTTTTTTTTTTTTTTTTTTTTTTTT PDIG        TELAPSE       14.00 TCPU       13.68
 CHARGE NORMALIZATION FACTOR   1.00000000
 TOTAL ATOMIC CHARGES:
   4.8275166   8.6969649   7.7112308   7.7112308   0.7517446   0.7517446
   0.7747838   0.7747838
 TTTTTTTTTTTTTTTTTTTTTTTTTTTTTT MOQGAD      TELAPSE       14.01 TCPU       13.69
 TTTTTTTTTTTTTTTTTTTTTTTTTTTTTT SHELLXN     TELAPSE       14.43 TCPU       14.11
 TTTTTTTTTTTTTTTTTTTTTTTTTTTTTT MONMO3      TELAPSE       14.43 TCPU       14.11
 CYC   1 ETOT(AU) -2.237957960077E+02 DETOT  6.47E-02 tst  0.00E+00 PX  8.62E-03
 TTTTTTTTTTTTTTTTTTTTTTTTTTTTTT DIIS        TELAPSE       14.44 TCPU       14.11
 DIIS TEST: 0.23303E-03 AT SCF   CYCLE   1 - MIX   30 %
 TTTTTTTTTTTTTTTTTTTTTTTTTTTTTT FDIK        TELAPSE       14.44 TCPU       14.12
 INSULATING STATE
 TOP OF VALENCE BANDS -    BAND     16; K    1; EIG -3.8418037E-01 AU
 BOTTOM OF VIRTUAL BANDS - BAND     17; K    1; EIG  2.5009793E-01 AU
 DIRECT ENERGY BAND GAP:  17.2596 eV
 TTTTTTTTTTTTTTTTTTTTTTTTTTTTTT PDIG        TELAPSE       14.44 TCPU       14.12
 CHARGE NORMALIZATION FACTOR   1.00000000
 TOTAL ATOMIC CHARGES:
   4.8212321   8.6997747   7.7148592   7.7148592   0.7506191   0.7506191
   0.7740183   0.7740183
 TTTTTTTTTTTTTTTTTTTTTTTTTTTTTT MOQGAD      TELAPSE       14.44 TCPU       14.12
 TTTTTTTTTTTTTTTTTTTTTTTTTTTTTT SHELLXN     TELAPSE       14.80 TCPU       14.48
 TTTTTTTTTTTTTTTTTTTTTTTTTTTTTT MONMO3      TELAPSE       14.80 TCPU       14.48
 CYC   2 ETOT(AU) -2.237958467100E+02 DETOT -5.07E-05 tst  1.95E-06 PX  1.43E-03
 TTTTTTTTTTTTTTTTTTTTTTTTTTTTTT DIIS        TELAPSE       14.80 TCPU       14.48
 DIIS TEST: 0.16363E-04 AT SCF   CYCLE   2 - DIIS ACTIVE - HISTORY:     2 CYCLES
 TTTTTTTTTTTTTTTTTTTTTTTTTTTTTT FDIK        TELAPSE       14.80 TCPU       14.48
 INSULATING STATE
 TOP OF VALENCE BANDS -    BAND     16; K    1; EIG -3.8393338E-01 AU
 BOTTOM OF VIRTUAL BANDS - BAND     17; K    1; EIG  2.4999974E-01 AU
 DIRECT ENERGY BAND GAP:  17.2502 eV
 TTTTTTTTTTTTTTTTTTTTTTTTTTTTTT PDIG        TELAPSE       14.80 TCPU       14.48
 CHARGE NORMALIZATION FACTOR   1.00000000
 TOTAL ATOMIC CHARGES:
   4.8244594   8.6982596   7.7141610   7.7141610   0.7504828   0.7504828
   0.7739968   0.7739968
 TTTTTTTTTTTTTTTTTTTTTTTTTTTTTT MOQGAD      TELAPSE       14.81 TCPU       14.49
 TTTTTTTTTTTTTTTTTTTTTTTTTTTTTT SHELLXN     TELAPSE       15.18 TCPU       14.86
 TTTTTTTTTTTTTTTTTTTTTTTTTTTTTT MONMO3      TELAPSE       15.18 TCPU       14.86
 CYC   3 ETOT(AU) -2.237958527996E+02 DETOT -6.09E-06 tst  3.05E-07 PX  1.12E-03
 TTTTTTTTTTTTTTTTTTTTTTTTTTTTTT DIIS        TELAPSE       15.18 TCPU       14.86
 DIIS TEST: 0.17123E-05 AT SCF   CYCLE   3 - DIIS ACTIVE - HISTORY:     3 CYCLES
 TTTTTTTTTTTTTTTTTTTTTTTTTTTTTT FDIK        TELAPSE       15.18 TCPU       14.86
 INSULATING STATE
 TOP OF VALENCE BANDS -    BAND     16; K    1; EIG -3.8403598E-01 AU
 BOTTOM OF VIRTUAL BANDS - BAND     17; K    1; EIG  2.5010840E-01 AU
 DIRECT ENERGY BAND GAP:  17.2560 eV
 TTTTTTTTTTTTTTTTTTTTTTTTTTTTTT PDIG        TELAPSE       15.18 TCPU       14.86
 CHARGE NORMALIZATION FACTOR   1.00000000
 TOTAL ATOMIC CHARGES:
   4.8242177   8.6988666   7.7139211   7.7139211   0.7505420   0.7505420
   0.7739948   0.7739948
 TTTTTTTTTTTTTTTTTTTTTTTTTTTTTT MOQGAD      TELAPSE       15.18 TCPU       14.86
 TTTTTTTTTTTTTTTTTTTTTTTTTTTTTT SHELLXN     TELAPSE       15.54 TCPU       15.22
 TTTTTTTTTTTTTTTTTTTTTTTTTTTTTT MONMO3      TELAPSE       15.55 TCPU       15.22
 CYC   4 ETOT(AU) -2.237958535105E+02 DETOT -7.11E-07 tst  4.62E-08 PX  6.26E-04
 TTTTTTTTTTTTTTTTTTTTTTTTTTTTTT DIIS        TELAPSE       15.55 TCPU       15.23
 DIIS TEST: 0.38159E-06 AT SCF   CYCLE   4 - DIIS ACTIVE - HISTORY:     4 CYCLES
 TTTTTTTTTTTTTTTTTTTTTTTTTTTTTT FDIK        TELAPSE       15.55 TCPU       15.23
 INSULATING STATE
 TOP OF VALENCE BANDS -    BAND     16; K    1; EIG -3.8400897E-01 AU
 BOTTOM OF VIRTUAL BANDS - BAND     17; K    1; EIG  2.5005812E-01 AU
 DIRECT ENERGY BAND GAP:  17.2539 eV
 TTTTTTTTTTTTTTTTTTTTTTTTTTTTTT PDIG        TELAPSE       15.55 TCPU       15.23
 CHARGE NORMALIZATION FACTOR   1.00000000
 TOTAL ATOMIC CHARGES:
   4.8244208   8.6985878   7.7140360   7.7140360   0.7505031   0.7505031
   0.7739566   0.7739566
 TTTTTTTTTTTTTTTTTTTTTTTTTTTTTT MOQGAD      TELAPSE       15.55 TCPU       15.23
 TTTTTTTTTTTTTTTTTTTTTTTTTTTTTT SHELLXN     TELAPSE       15.92 TCPU       15.60
 TTTTTTTTTTTTTTTTTTTTTTTTTTTTTT MONMO3      TELAPSE       15.93 TCPU       15.61
 CYC   5 ETOT(AU) -2.237958535625E+02 DETOT -5.19E-08 tst  5.30E-09 PX  1.38E-04
 TTTTTTTTTTTTTTTTTTTTTTTTTTTTTT DIIS        TELAPSE       15.93 TCPU       15.61
 DIIS TEST: 0.15540E-07 AT SCF   CYCLE   5 - DIIS ACTIVE - HISTORY:     5 CYCLES
 TTTTTTTTTTTTTTTTTTTTTTTTTTTTTT FDIK        TELAPSE       15.93 TCPU       15.61
 INSULATING STATE
 TOP OF VALENCE BANDS -    BAND     16; K    1; EIG -3.8402217E-01 AU
 BOTTOM OF VIRTUAL BANDS - BAND     17; K    1; EIG  2.5005726E-01 AU
 DIRECT ENERGY BAND GAP:  17.2542 eV
 TTTTTTTTTTTTTTTTTTTTTTTTTTTTTT PDIG        TELAPSE       15.93 TCPU       15.61
 CHARGE NORMALIZATION FACTOR   1.00000000
 TOTAL ATOMIC CHARGES:
   4.8243927   8.6986402   7.7140065   7.7140065   0.7505135   0.7505135
   0.7739635   0.7739635
 TTTTTTTTTTTTTTTTTTTTTTTTTTTTTT MOQGAD      TELAPSE       15.93 TCPU       15.61
 TTTTTTTTTTTTTTTTTTTTTTTTTTTTTT SHELLXN     TELAPSE       16.30 TCPU       15.98

 ::: DIPOLE MOMENT ALONG NON PERIODIC DIRECTIONS:
 ::: A.U.     (X)  0.00000E+00   (Y)  0.00000E+00   (Z)  1.64376E+00
 ::: DEBYE         0.00000E+00        0.00000E+00       -4.17801E+00

 +++ ENERGIES IN A.U. +++
 ::: EXT EL-POLE                                   1.1310354970341E+01
 ::: EXT EL-SPHEROPOLE                             0.0000000000000E+00
 ::: BIELET ZONE E-E                               1.9369009847094E+02
 ::: TOTAL E-E                                     2.0500045344129E+02
 ::: TOTAL E-N + N-E                              -7.7774342471939E+02
 ::: TOTAL N-N                                     1.2519955430625E+02
 ::: KINETIC ENERGY                                2.2374756341604E+02
 ::: TOTAL   ENERGY                               -2.2379585355582E+02
 ::: VIRIAL COEFFICIENT                            9.9989209954174E-01
 TTTTTTTTTTTTTTTTTTTTTTTTTTTTTT MONMO3      TELAPSE       16.30 TCPU       15.98
 CYC   6 ETOT(AU) -2.237958535558E+02 DETOT  6.66E-09 tst  8.09E-10 PX  1.38E-04

 == SCF ENDED - CONVERGENCE ON ENERGY      E(AU) -2.2379585355582E+02 CYCLES   6

 TOTAL ENERGY(HF)(AU)(   6) -2.2379585355582E+02 DE 6.7E-09 tst 8.1E-10 PX 1.4E-04

 *******************************************************************************
 *                             FORCE CALCULATION                               *
 *******************************************************************************

 INFORMATION **** EXCPOG **** EXCH. BIPO BUFFER LENGTH (WORDS) =      215496
 INFORMATION **** GENPOG **** BIPO BUFFER LENGTH (WORDS) =       35100
 TTTTTTTTTTTTTTTTTTTTTTTTTTTTTT SHELXG      TELAPSE       19.04 TCPU       18.71

 CARTESIAN FORCES IN HARTREE/BOHR (ANALYTICAL)
   ATOM                     X                   Y                   Z
   1   6             0.000000000000E+00  0.000000000000E+00  2.942681978284E-03
   2   8             0.000000000000E+00  0.000000000000E+00 -8.403402272524E-03
   3   7             0.000000000000E+00 -2.332276492792E-03  3.128571759663E-03
   4   7             0.000000000000E+00  2.332276492792E-03  3.128571759663E-03
   5   1             0.000000000000E+00  1.100607421127E-03  3.907289618792E-04
   6   1             0.000000000000E+00 -1.100607421127E-03  3.907289618791E-04
   7   1             0.000000000000E+00 -6.876393844603E-04 -7.889405744597E-04
   8   1             0.000000000000E+00  6.876393844603E-04 -7.889405744597E-04

 RESULTANT FORCE     0.000000000000E+00  0.000000000000E+00 -7.516209876712E-14

 SYMMETRY ALLOWED FORCES (ANALYTICAL) (DIRECTION, FORCE)

    1  3.1458594E-03    2 -8.6226462E-03    3 -3.2983370E-03    4  3.8424711E-03
    5  1.5564939E-03    6  1.1796695E-03    7 -9.7246894E-04
 TTTTTTTTTTTTTTTTTTTTTTTTTTTTTT TOTGRA      TELAPSE       19.05 TCPU       18.73
 INFORMATION **** opta003 **** GEOMETRY OUTPUT FILE
 INFORMATION **** EXCBUF **** EXCH. BIPO BUFFER: WORDS USED =       53874

 *******************************************************************************
 UREA MOLECULE BASE 6-21 + POLARIZATION                                          
 CRYSTAL - SCF - TYPE OF CALCULATION :  RESTRICTED CLOSED SHELL
 *******************************************************************************

 CAPPA:IS1  1;IS2  1;IS3  1; K PTS MONK NET   1; SYMMOPS:K SPACE   8;G SPACE   4

 TTTTTTTTTTTTTTTTTTTTTTTTTTTTTT SDIK        TELAPSE       19.06 TCPU       18.73

 INFORMATION FROM INTEGRAL EVALUATION

 RESTART FROM A PREVIOUS DENSITY MATRIX - DEP ACTIVE
 NUMBER OF COUPLE SETS (NEW, OLD, FOUND):     220     220     220
 NUMBER OF IRREDUCIBLE G VECTORS        :     220     220     220
 CHARGE NORMALIZATION FACTOR   0.99992031
 TOTAL ATOMIC CHARGES:
   4.8284048   8.6993693   7.7122969   7.7122969   0.7501563   0.7501563
   0.7736598   0.7736598
 TTTTTTTTTTTTTTTTTTTTTTTTTTTTTT MOQGAD      TELAPSE       19.06 TCPU       18.74
 TTTTTTTTTTTTTTTTTTTTTTTTTTTTTT SHELLXN     TELAPSE       19.51 TCPU       19.19
 TTTTTTTTTTTTTTTTTTTTTTTTTTTTTT MONMO3      TELAPSE       19.51 TCPU       19.19
 CYC   0 ETOT(AU) -2.237888271106E+02 DETOT -2.24E+02 tst  8.09E-10 PX  1.00E+00
 TTTTTTTTTTTTTTTTTTTTTTTTTTTTTT DIIS        TELAPSE       19.51 TCPU       19.19
 TTTTTTTTTTTTTTTTTTTTTTTTTTTTTT FDIK        TELAPSE       19.51 TCPU       19.19
 INSULATING STATE
 TOP OF VALENCE BANDS -    BAND     16; K    1; EIG -3.8379740E-01 AU
 BOTTOM OF VIRTUAL BANDS - BAND     17; K    1; EIG  2.4943696E-01 AU
 DIRECT ENERGY BAND GAP:  17.2312 eV
 TTTTTTTTTTTTTTTTTTTTTTTTTTTTTT PDIG        TELAPSE       19.51 TCPU       19.19
 CHARGE NORMALIZATION FACTOR   1.00000000
 TOTAL ATOMIC CHARGES:
   4.8207058   8.6975654   7.7165317   7.7165317   0.7499430   0.7499430
   0.7743897   0.7743897
 TTTTTTTTTTTTTTTTTTTTTTTTTTTTTT MOQGAD      TELAPSE       19.51 TCPU       19.19
 TTTTTTTTTTTTTTTTTTTTTTTTTTTTTT SHELLXN     TELAPSE       19.88 TCPU       19.56
 TTTTTTTTTTTTTTTTTTTTTTTTTTTTTT MONMO3      TELAPSE       19.88 TCPU       19.56
 CYC   1 ETOT(AU) -2.237959119030E+02 DETOT -7.08E-03 tst  0.00E+00 PX  2.54E-03
 TTTTTTTTTTTTTTTTTTTTTTTTTTTTTT DIIS        TELAPSE       19.88 TCPU       19.56
 DIIS TEST: 0.16980E-04 AT SCF   CYCLE   1 - MIX   30 %
 TTTTTTTTTTTTTTTTTTTTTTTTTTTTTT FDIK        TELAPSE       19.88 TCPU       19.56
 INSULATING STATE
 TOP OF VALENCE BANDS -    BAND     16; K    1; EIG -3.8402583E-01 AU
 BOTTOM OF VIRTUAL BANDS - BAND     17; K    1; EIG  2.4975793E-01 AU
 DIRECT ENERGY BAND GAP:  17.2461 eV
 TTTTTTTTTTTTTTTTTTTTTTTTTTTTTT PDIG        TELAPSE       19.89 TCPU       19.56
 CHARGE NORMALIZATION FACTOR   1.00000000
 TOTAL ATOMIC CHARGES:
   4.8221504   8.6975311   7.7155374   7.7155374   0.7501237   0.7501237
   0.7744982   0.7744982
 TTTTTTTTTTTTTTTTTTTTTTTTTTTTTT MOQGAD      TELAPSE       19.89 TCPU       19.57
 TTTTTTTTTTTTTTTTTTTTTTTTTTTTTT SHELLXN     TELAPSE       20.34 TCPU       20.02
 TTTTTTTTTTTTTTTTTTTTTTTTTTTTTT MONMO3      TELAPSE       20.35 TCPU       20.02
 CYC   2 ETOT(AU) -2.237959145134E+02 DETOT -2.61E-06 tst  1.20E-07 PX  4.54E-04
 TTTTTTTTTTTTTTTTTTTTTTTTTTTTTT DIIS        TELAPSE       20.35 TCPU       20.02
 DIIS TEST: 0.93475E-06 AT SCF   CYCLE   2 - DIIS ACTIVE - HISTORY:     2 CYCLES
 TTTTTTTTTTTTTTTTTTTTTTTTTTTTTT FDIK        TELAPSE       20.35 TCPU       20.02
 INSULATING STATE
 TOP OF VALENCE BANDS -    BAND     16; K    1; EIG -3.8403324E-01 AU
 BOTTOM OF VIRTUAL BANDS - BAND     17; K    1; EIG  2.4975283E-01 AU
 DIRECT ENERGY BAND GAP:  17.2462 eV
 TTTTTTTTTTTTTTTTTTTTTTTTTTTTTT PDIG        TELAPSE       20.35 TCPU       20.03
 CHARGE NORMALIZATION FACTOR   1.00000000
 TOTAL ATOMIC CHARGES:
   4.8215014   8.6977965   7.7157482   7.7157482   0.7501196   0.7501196
   0.7744832   0.7744832
 TTTTTTTTTTTTTTTTTTTTTTTTTTTTTT MOQGAD      TELAPSE       20.35 TCPU       20.03
 TTTTTTTTTTTTTTTTTTTTTTTTTTTTTT SHELLXN     TELAPSE       20.83 TCPU       20.51
 TTTTTTTTTTTTTTTTTTTTTTTTTTTTTT MONMO3      TELAPSE       20.83 TCPU       20.51
 CYC   3 ETOT(AU) -2.237959146624E+02 DETOT -1.49E-07 tst  3.11E-08 PX  3.11E-04
 TTTTTTTTTTTTTTTTTTTTTTTTTTTTTT DIIS        TELAPSE       20.83 TCPU       20.51
 DIIS TEST: 0.10158E-06 AT SCF   CYCLE   3 - DIIS ACTIVE - HISTORY:     3 CYCLES
 TTTTTTTTTTTTTTTTTTTTTTTTTTTTTT FDIK        TELAPSE       20.83 TCPU       20.51
 INSULATING STATE
 TOP OF VALENCE BANDS -    BAND     16; K    1; EIG -3.8400809E-01 AU
 BOTTOM OF VIRTUAL BANDS - BAND     17; K    1; EIG  2.4974089E-01 AU
 DIRECT ENERGY BAND GAP:  17.2452 eV
 TTTTTTTTTTTTTTTTTTTTTTTTTTTTTT PDIG        TELAPSE       20.83 TCPU       20.51
 CHARGE NORMALIZATION FACTOR   1.00000000
 TOTAL ATOMIC CHARGES:
   4.8215313   8.6977395   7.7157244   7.7157244   0.7501361   0.7501361
   0.7745040   0.7745040
 TTTTTTTTTTTTTTTTTTTTTTTTTTTTTT MOQGAD      TELAPSE       20.84 TCPU       20.51
 TTTTTTTTTTTTTTTTTTTTTTTTTTTTTT SHELLXN     TELAPSE       21.20 TCPU       20.88
 TTTTTTTTTTTTTTTTTTTTTTTTTTTTTT MONMO3      TELAPSE       21.20 TCPU       20.88
 CYC   4 ETOT(AU) -2.237959147236E+02 DETOT -6.12E-08 tst  6.94E-09 PX  1.59E-04
 TTTTTTTTTTTTTTTTTTTTTTTTTTTTTT DIIS        TELAPSE       21.20 TCPU       20.88
 DIIS TEST: 0.93510E-08 AT SCF   CYCLE   4 - DIIS ACTIVE - HISTORY:     4 CYCLES
 TTTTTTTTTTTTTTTTTTTTTTTTTTTTTT FDIK        TELAPSE       21.24 TCPU       20.88
 INSULATING STATE
 TOP OF VALENCE BANDS -    BAND     16; K    1; EIG -3.8402321E-01 AU
 BOTTOM OF VIRTUAL BANDS - BAND     17; K    1; EIG  2.4974576E-01 AU
 DIRECT ENERGY BAND GAP:  17.2457 eV
 TTTTTTTTTTTTTTTTTTTTTTTTTTTTTT PDIG        TELAPSE       21.24 TCPU       20.88
 CHARGE NORMALIZATION FACTOR   1.00000000
 TOTAL ATOMIC CHARGES:
   4.8214953   8.6977696   7.7157260   7.7157260   0.7501386   0.7501386
   0.7745030   0.7745030
 TTTTTTTTTTTTTTTTTTTTTTTTTTTTTT MOQGAD      TELAPSE       21.24 TCPU       20.88
 TTTTTTTTTTTTTTTTTTTTTTTTTTTTTT SHELLXN     TELAPSE       21.60 TCPU       21.25

 ::: DIPOLE MOMENT ALONG NON PERIODIC DIRECTIONS:
 ::: A.U.     (X)  0.00000E+00   (Y)  0.00000E+00   (Z)  1.63808E+00
 ::: DEBYE         0.00000E+00        0.00000E+00       -4.16359E+00

 +++ ENERGIES IN A.U. +++
 ::: EXT EL-POLE                                   1.1332418740925E+01
 ::: EXT EL-SPHEROPOLE                             0.0000000000000E+00
 ::: BIELET ZONE E-E                               1.9387444133312E+02
 ::: TOTAL E-E                                     2.0520686007404E+02
 ::: TOTAL E-N + N-E                              -7.7817997359195E+02
 ::: TOTAL N-N                                     1.2540547246532E+02
 ::: KINETIC ENERGY                                2.2377172631273E+02
 ::: TOTAL   ENERGY                               -2.2379591473986E+02
 ::: VIRIAL COEFFICIENT                            9.9994595581784E-01
 TTTTTTTTTTTTTTTTTTTTTTTTTTTTTT MONMO3      TELAPSE       21.61 TCPU       21.25
 CYC   5 ETOT(AU) -2.237959147399E+02 DETOT -1.62E-08 tst  4.05E-10 PX  1.59E-04

 == SCF ENDED - CONVERGENCE ON ENERGY      E(AU) -2.2379591473986E+02 CYCLES   5

 TOTAL ENERGY(HF)(AU)(   5) -2.2379591473986E+02 DE-1.6E-08 tst 4.1E-10 PX 1.6E-04

 *******************************************************************************
 *                             FORCE CALCULATION                               *
 *******************************************************************************

 INFORMATION **** EXCPOG **** EXCH. BIPO BUFFER LENGTH (WORDS) =      215496
 INFORMATION **** GENPOG **** BIPO BUFFER LENGTH (WORDS) =       35100
 TTTTTTTTTTTTTTTTTTTTTTTTTTTTTT SHELXG      TELAPSE       24.68 TCPU       24.32

 CARTESIAN FORCES IN HARTREE/BOHR (ANALYTICAL)
   ATOM                     X                   Y                   Z
   1   6             0.000000000000E+00  0.000000000000E+00  4.327512129330E-04
   2   8             0.000000000000E+00  0.000000000000E+00 -2.194240727285E-04
   3   7             0.000000000000E+00  9.317189370250E-05  2.946111336364E-04
   4   7             0.000000000000E+00 -9.317189370428E-05  2.946111336355E-04
   5   1             0.000000000000E+00 -4.585920203835E-04 -2.851734709720E-04
   6   1             0.000000000000E+00  4.585920203835E-04 -2.851734709721E-04
   7   1             0.000000000000E+00  2.056893240732E-06 -1.161012327606E-04
   8   1             0.000000000000E+00 -2.056893240621E-06 -1.161012327606E-04

 RESULTANT FORCE     0.000000000000E+00 -1.665334536938E-15  1.099120794379E-14

 SYMMETRY ALLOWED FORCES (ANALYTICAL) (DIRECTION, FORCE)

    1  4.6263051E-04    2 -1.7023012E-04    3  1.3176496E-04    4  5.7186369E-04
    5 -6.4854705E-04    6 -1.6907224E-04    7  2.9088863E-06
 TTTTTTTTTTTTTTTTTTTTTTTTTTTTTT TOTGRA      TELAPSE       24.69 TCPU       24.34
 INFORMATION **** opta004 **** GEOMETRY OUTPUT FILE
 INFORMATION **** EXCBUF **** EXCH. BIPO BUFFER: WORDS USED =       53874

 *******************************************************************************
 UREA MOLECULE BASE 6-21 + POLARIZATION                                          
 CRYSTAL - SCF - TYPE OF CALCULATION :  RESTRICTED CLOSED SHELL
 *******************************************************************************

 CAPPA:IS1  1;IS2  1;IS3  1; K PTS MONK NET   1; SYMMOPS:K SPACE   8;G SPACE   4

 TTTTTTTTTTTTTTTTTTTTTTTTTTTTTT SDIK        TELAPSE       24.70 TCPU       24.34

 INFORMATION FROM INTEGRAL EVALUATION

 RESTART FROM A PREVIOUS DENSITY MATRIX - DEP ACTIVE
 NUMBER OF COUPLE SETS (NEW, OLD, FOUND):     220     220     220
 NUMBER OF IRREDUCIBLE G VECTORS        :     220     220     220
 CHARGE NORMALIZATION FACTOR   0.99996875
 TOTAL ATOMIC CHARGES:
   4.8216894   8.6977510   7.7155709   7.7155709   0.7502887   0.7502887
   0.7744203   0.7744203
 TTTTTTTTTTTTTTTTTTTTTTTTTTTTTT MOQGAD      TELAPSE       24.70 TCPU       24.35
 TTTTTTTTTTTTTTTTTTTTTTTTTTTTTT SHELLXN     TELAPSE       25.23 TCPU       24.87
 TTTTTTTTTTTTTTTTTTTTTTTTTTTTTT MONMO3      TELAPSE       25.23 TCPU       24.87
 CYC   0 ETOT(AU) -2.237925308905E+02 DETOT -2.24E+02 tst  4.05E-10 PX  1.00E+00
 TTTTTTTTTTTTTTTTTTTTTTTTTTTTTT DIIS        TELAPSE       25.23 TCPU       24.87
 TTTTTTTTTTTTTTTTTTTTTTTTTTTTTT FDIK        TELAPSE       25.23 TCPU       24.88
 INSULATING STATE
 TOP OF VALENCE BANDS -    BAND     16; K    1; EIG -3.8421466E-01 AU
 BOTTOM OF VIRTUAL BANDS - BAND     17; K    1; EIG  2.4967790E-01 AU
 DIRECT ENERGY BAND GAP:  17.2491 eV
 TTTTTTTTTTTTTTTTTTTTTTTTTTTTTT PDIG        TELAPSE       25.23 TCPU       24.88
 CHARGE NORMALIZATION FACTOR   1.00000000
 TOTAL ATOMIC CHARGES:
   4.8216382   8.6974765   7.7156991   7.7156991   0.7503180   0.7503180
   0.7744255   0.7744255
 TTTTTTTTTTTTTTTTTTTTTTTTTTTTTT MOQGAD      TELAPSE       25.23 TCPU       24.88
 TTTTTTTTTTTTTTTTTTTTTTTTTTTTTT SHELLXN     TELAPSE       25.61 TCPU       25.25
 TTTTTTTTTTTTTTTTTTTTTTTTTTTTTT MONMO3      TELAPSE       25.61 TCPU       25.26
 CYC   1 ETOT(AU) -2.237959155784E+02 DETOT -3.38E-03 tst  0.00E+00 PX  3.29E-04
 TTTTTTTTTTTTTTTTTTTTTTTTTTTTTT DIIS        TELAPSE       25.61 TCPU       25.26
 DIIS TEST: 0.49254E-06 AT SCF   CYCLE   1 - MIX   30 %
 TTTTTTTTTTTTTTTTTTTTTTTTTTTTTT FDIK        TELAPSE       25.61 TCPU       25.26
 INSULATING STATE
 TOP OF VALENCE BANDS -    BAND     16; K    1; EIG -3.8415966E-01 AU
 BOTTOM OF VIRTUAL BANDS - BAND     17; K    1; EIG  2.4973806E-01 AU
 DIRECT ENERGY BAND GAP:  17.2492 eV
 TTTTTTTTTTTTTTTTTTTTTTTTTTTTTT PDIG        TELAPSE       25.61 TCPU       25.26
 CHARGE NORMALIZATION FACTOR   1.00000000
 TOTAL ATOMIC CHARGES:
   4.8216174   8.6976087   7.7155065   7.7155065   0.7504014   0.7504014
   0.7744791   0.7744791
 TTTTTTTTTTTTTTTTTTTTTTTTTTTTTT MOQGAD      TELAPSE       25.62 TCPU       25.26
 TTTTTTTTTTTTTTTTTTTTTTTTTTTTTT SHELLXN     TELAPSE       26.18 TCPU       25.83
 TTTTTTTTTTTTTTTTTTTTTTTTTTTTTT MONMO3      TELAPSE       26.18 TCPU       25.83
 CYC   2 ETOT(AU) -2.237959155827E+02 DETOT -4.32E-09 tst  2.27E-09 PX  7.34E-05
 TTTTTTTTTTTTTTTTTTTTTTTTTTTTTT DIIS        TELAPSE       26.18 TCPU       25.83
 DIIS TEST: 0.79786E-07 AT SCF   CYCLE   2 - DIIS ACTIVE - HISTORY:     2 CYCLES
 TTTTTTTTTTTTTTTTTTTTTTTTTTTTTT FDIK        TELAPSE       26.19 TCPU       25.83
 INSULATING STATE
 TOP OF VALENCE BANDS -    BAND     16; K    1; EIG -3.8415508E-01 AU
 BOTTOM OF VIRTUAL BANDS - BAND     17; K    1; EIG  2.4973010E-01 AU
 DIRECT ENERGY BAND GAP:  17.2489 eV
 TTTTTTTTTTTTTTTTTTTTTTTTTTTTTT PDIG        TELAPSE       26.19 TCPU       25.83
 CHARGE NORMALIZATION FACTOR   1.00000000
 TOTAL ATOMIC CHARGES:
   4.8215861   8.6975697   7.7155510   7.7155510   0.7503981   0.7503981
   0.7744730   0.7744730
 TTTTTTTTTTTTTTTTTTTTTTTTTTTTTT MOQGAD      TELAPSE       26.19 TCPU       25.83
 TTTTTTTTTTTTTTTTTTTTTTTTTTTTTT SHELLXN     TELAPSE       26.66 TCPU       26.31

 ::: DIPOLE MOMENT ALONG NON PERIODIC DIRECTIONS:
 ::: A.U.     (X)  0.00000E+00   (Y)  0.00000E+00   (Z)  1.63858E+00
 ::: DEBYE         0.00000E+00        0.00000E+00       -4.16485E+00

 +++ ENERGIES IN A.U. +++
 ::: EXT EL-POLE                                   1.1336877356418E+01
 ::: EXT EL-SPHEROPOLE                             0.0000000000000E+00
 ::: BIELET ZONE E-E                               1.9389498330561E+02
 ::: TOTAL E-E                                     2.0523186066203E+02
 ::: TOTAL E-N + N-E                              -7.7823694511594E+02
 ::: TOTAL N-N                                     1.2543298039831E+02
 ::: KINETIC ENERGY                                2.2377618850074E+02
 ::: TOTAL   ENERGY                               -2.2379591555486E+02
 ::: VIRIAL COEFFICIENT                            9.9995592429924E-01
 TTTTTTTTTTTTTTTTTTTTTTTTTTTTTT MONMO3      TELAPSE       26.66 TCPU       26.31
 CYC   3 ETOT(AU) -2.237959155549E+02 DETOT  2.78E-08 tst  9.15E-10 PX  7.34E-05

 == SCF ENDED - CONVERGENCE ON ENERGY      E(AU) -2.2379591555486E+02 CYCLES   3

 TOTAL ENERGY(HF)(AU)(   3) -2.2379591555486E+02 DE 2.8E-08 tst 9.1E-10 PX 7.3E-05

 *******************************************************************************
 *                             FORCE CALCULATION                               *
 *******************************************************************************

 INFORMATION **** EXCPOG **** EXCH. BIPO BUFFER LENGTH (WORDS) =      215496
 INFORMATION **** GENPOG **** BIPO BUFFER LENGTH (WORDS) =       35100
 TTTTTTTTTTTTTTTTTTTTTTTTTTTTTT SHELXG      TELAPSE       29.41 TCPU       29.06

 CARTESIAN FORCES IN HARTREE/BOHR (ANALYTICAL)
   ATOM                     X                   Y                   Z
   1   6             0.000000000000E+00  0.000000000000E+00 -2.799048017699E-05
   2   8             0.000000000000E+00  0.000000000000E+00  7.939608940788E-05
   3   7             0.000000000000E+00  9.778937486260E-05 -4.638723548034E-05
   4   7             0.000000000000E+00 -9.778937486438E-05 -4.638723547945E-05
   5   1             0.000000000000E+00  1.405590490591E-04 -1.621180546429E-05
   6   1             0.000000000000E+00 -1.405590490591E-04 -1.621180546407E-05
   7   1             0.000000000000E+00 -1.742344107392E-05  3.689623633196E-05
   8   1             0.000000000000E+00  1.742344107392E-05  3.689623633285E-05

 RESULTANT FORCE     0.000000000000E+00 -1.776356839400E-15  7.549516567451E-15

 SYMMETRY ALLOWED FORCES (ANALYTICAL) (DIRECTION, FORCE)

    1 -2.9923082E-05    2  8.1438553E-05    3  1.3829506E-04    4 -6.5505528E-05
    5  1.9878051E-04    6 -5.3108042E-05    7 -2.4640467E-05
 TTTTTTTTTTTTTTTTTTTTTTTTTTTTTT TOTGRA      TELAPSE       29.43 TCPU       29.07
 INFORMATION **** opta005 **** GEOMETRY OUTPUT FILE
 TTTTTTTTTTTTTTTTTTTTTTTTTTTTTT gordsh1     TELAPSE       29.43 TCPU       29.07

 MATRIX SIZE: P(G)    5728, F(G)    2651, P(G) IRR    1761, F(G) IRR    1635
 MAX G-VECTOR INDEX FOR 1- AND 2-ELECTRON INTEGRALS   1

 TTTTTTTTTTTTTTTTTTTTTTTTTTTTTT INPUT       TELAPSE       29.43 TCPU       29.07

 NEIGHBORS OF THE NON-EQUIVALENT ATOMS

 N = NUMBER OF NEIGHBORS AT DISTANCE R
    ATOM  N     R/ANG      R/AU   NEIGHBORS (ATOM LABELS AND CELL INDICES)
   1 C    1     1.1953     2.2588    2 O    0 0 0
   1 C    2     1.3623     2.5743    3 N    0 0 0    4 N    0 0 0
   1 C    2     2.0158     3.8094    5 H    0 0 0    6 H    0 0 0
   1 C    2     2.0822     3.9347    7 H    0 0 0    8 H    0 0 0

   2 O    1     1.1953     2.2588    1 C    0 0 0
   2 O    2     2.2481     4.2483    3 N    0 0 0    4 N    0 0 0
   2 O    2     2.4641     4.6564    5 H    0 0 0    6 H    0 0 0
   2 O    2     3.1467     5.9463    7 H    0 0 0    8 H    0 0 0

   3 N    1     0.9906     1.8719    7 H    0 0 0
   3 N    1     0.9916     1.8739    5 H    0 0 0
   3 N    1     1.3623     2.5743    1 C    0 0 0
   3 N    1     2.2481     4.2483    2 O    0 0 0
   3 N    1     2.2872     4.3222    4 N    0 0 0
   3 N    1     2.5054     4.7345    8 H    0 0 0

   5 H    1     0.9916     1.8739    3 N    0 0 0
   5 H    1     1.7108     3.2329    7 H    0 0 0
   5 H    1     2.0158     3.8094    1 C    0 0 0
   5 H    1     2.4641     4.6564    2 O    0 0 0
   5 H    1     3.1840     6.0169    4 N    0 0 0
   5 H    1     3.4919     6.5988    8 H    0 0 0

   7 H    1     0.9906     1.8719    3 N    0 0 0
   7 H    1     1.7108     3.2329    5 H    0 0 0
   7 H    1     2.0822     3.9347    1 C    0 0 0
   7 H    1     2.3153     4.3753    8 H    0 0 0
   7 H    1     2.5054     4.7345    4 N    0 0 0
   7 H    1     3.1467     5.9463    2 O    0 0 0

 TTTTTTTTTTTTTTTTTTTTTTTTTTTTTT SYMM        TELAPSE       29.43 TCPU       29.08

 ***** NEW REFERENCE GEOMETRY *****
 TTTTTTTTTTTTTTTTTTTTTTTTTTTTTT INT_SCREEN  TELAPSE       29.43 TCPU       29.08
 INFORMATION **** EXCBUF **** EXCH. BIPO BUFFER: WORDS USED =       53874

 *******************************************************************************
 UREA MOLECULE BASE 6-21 + POLARIZATION                                          
 CRYSTAL - SCF - TYPE OF CALCULATION :  RESTRICTED CLOSED SHELL
 *******************************************************************************

 CAPPA:IS1  1;IS2  1;IS3  1; K PTS MONK NET   1; SYMMOPS:K SPACE   8;G SPACE   4

 TTTTTTTTTTTTTTTTTTTTTTTTTTTTTT SDIK        TELAPSE       29.43 TCPU       29.08

 INFORMATION FROM INTEGRAL EVALUATION

 RESTART FROM A PREVIOUS DENSITY MATRIX - DEP ACTIVE
 NUMBER OF COUPLE SETS (NEW, OLD, FOUND):     221     220     220
 NUMBER OF IRREDUCIBLE G VECTORS        :     220     220     220
 CHARGE NORMALIZATION FACTOR   1.00000035
 TOTAL ATOMIC CHARGES:
   4.8215148   8.6976130   7.7155546   7.7155546   0.7503995   0.7503995
   0.7744820   0.7744820
 TTTTTTTTTTTTTTTTTTTTTTTTTTTTTT MOQGAD      TELAPSE       29.44 TCPU       29.08
 TTTTTTTTTTTTTTTTTTTTTTTTTTTTTT SHELLXN     TELAPSE       29.86 TCPU       29.50
 TTTTTTTTTTTTTTTTTTTTTTTTTTTTTT MONMO3      TELAPSE       29.86 TCPU       29.50
 CYC   0 ETOT(AU) -2.237958489408E+02 DETOT -2.24E+02 tst  9.15E-10 PX  1.00E+00
 TTTTTTTTTTTTTTTTTTTTTTTTTTTTTT DIIS        TELAPSE       29.86 TCPU       29.50
 TTTTTTTTTTTTTTTTTTTTTTTTTTTTTT FDIK        TELAPSE       29.86 TCPU       29.50
 INSULATING STATE
 TOP OF VALENCE BANDS -    BAND     16; K    1; EIG -3.8416578E-01 AU
 BOTTOM OF VIRTUAL BANDS - BAND     17; K    1; EIG  2.4972179E-01 AU
 DIRECT ENERGY BAND GAP:  17.2490 eV
 TTTTTTTTTTTTTTTTTTTTTTTTTTTTTT PDIG        TELAPSE       29.86 TCPU       29.50
 CHARGE NORMALIZATION FACTOR   1.00000000
 TOTAL ATOMIC CHARGES:
   4.8216703   8.6974924   7.7155418   7.7155418   0.7503726   0.7503726
   0.7745042   0.7745042
 TTTTTTTTTTTTTTTTTTTTTTTTTTTTTT MOQGAD      TELAPSE       29.86 TCPU       29.51
 TTTTTTTTTTTTTTTTTTTTTTTTTTTTTT SHELLXN     TELAPSE       30.23 TCPU       29.87
 TTTTTTTTTTTTTTTTTTTTTTTTTTTTTT MONMO3      TELAPSE       30.23 TCPU       29.88
 CYC   1 ETOT(AU) -2.237959185956E+02 DETOT -6.97E-05 tst  0.00E+00 PX  7.27E-04
 TTTTTTTTTTTTTTTTTTTTTTTTTTTTTT DIIS        TELAPSE       30.23 TCPU       29.88
 DIIS TEST: 0.38857E-07 AT SCF   CYCLE   1 - MIX   30 %
 TTTTTTTTTTTTTTTTTTTTTTTTTTTTTT FDIK        TELAPSE       30.23 TCPU       29.88
 INSULATING STATE
 TOP OF VALENCE BANDS -    BAND     16; K    1; EIG -3.8417145E-01 AU
 BOTTOM OF VIRTUAL BANDS - BAND     17; K    1; EIG  2.4971901E-01 AU
 DIRECT ENERGY BAND GAP:  17.2490 eV
 TTTTTTTTTTTTTTTTTTTTTTTTTTTTTT PDIG        TELAPSE       30.23 TCPU       29.88
 CHARGE NORMALIZATION FACTOR   1.00000000
 TOTAL ATOMIC CHARGES:
   4.8216377   8.6975212   7.7155499   7.7155499   0.7503675   0.7503675
   0.7745031   0.7745031
 TTTTTTTTTTTTTTTTTTTTTTTTTTTTTT MOQGAD      TELAPSE       30.24 TCPU       29.88
 TTTTTTTTTTTTTTTTTTTTTTTTTTTTTT SHELLXN     TELAPSE       30.65 TCPU       30.29
 TTTTTTTTTTTTTTTTTTTTTTTTTTTTTT MONMO3      TELAPSE       30.65 TCPU       30.29
 CYC   2 ETOT(AU) -2.237959186204E+02 DETOT -2.48E-08 tst  1.82E-10 PX  2.56E-05
 TTTTTTTTTTTTTTTTTTTTTTTTTTTTTT DIIS        TELAPSE       30.65 TCPU       30.29
 DIIS TEST: 0.82443E-08 AT SCF   CYCLE   2 - DIIS ACTIVE - HISTORY:     2 CYCLES
 TTTTTTTTTTTTTTTTTTTTTTTTTTTTTT FDIK        TELAPSE       30.65 TCPU       30.29
 INSULATING STATE
 TOP OF VALENCE BANDS -    BAND     16; K    1; EIG -3.8416535E-01 AU
 BOTTOM OF VIRTUAL BANDS - BAND     17; K    1; EIG  2.4971989E-01 AU
 DIRECT ENERGY BAND GAP:  17.2489 eV
 TTTTTTTTTTTTTTTTTTTTTTTTTTTTTT PDIG        TELAPSE       30.65 TCPU       30.29
 CHARGE NORMALIZATION FACTOR   1.00000000
 TOTAL ATOMIC CHARGES:
   4.8216759   8.6974990   7.7155421   7.7155421   0.7503656   0.7503656
   0.7745049   0.7745049
 TTTTTTTTTTTTTTTTTTTTTTTTTTTTTT MOQGAD      TELAPSE       30.65 TCPU       30.30
 TTTTTTTTTTTTTTTTTTTTTTTTTTTTTT SHELLXN     TELAPSE       31.06 TCPU       30.70

 ::: DIPOLE MOMENT ALONG NON PERIODIC DIRECTIONS:
 ::: A.U.     (X)  0.00000E+00   (Y)  0.00000E+00   (Z)  1.63851E+00
 ::: DEBYE         0.00000E+00        0.00000E+00       -4.16468E+00

 +++ ENERGIES IN A.U. +++
 ::: EXT EL-POLE                                   1.1236767109051E+01
 ::: EXT EL-SPHEROPOLE                             0.0000000000000E+00
 ::: BIELET ZONE E-E                               1.9398601885427E+02
 ::: TOTAL E-E                                     2.0522278596332E+02
 ::: TOTAL E-N + N-E                              -7.7821770598001E+02
 ::: TOTAL N-N                                     1.2542397473371E+02
 ::: KINETIC ENERGY                                2.2377502665256E+02
 ::: TOTAL   ENERGY                               -2.2379591863043E+02
 ::: VIRIAL COEFFICIENT                            9.9995332141622E-01
 TTTTTTTTTTTTTTTTTTTTTTTTTTTTTT MONMO3      TELAPSE       31.06 TCPU       30.70
 CYC   3 ETOT(AU) -2.237959186304E+02 DETOT -1.00E-08 tst  1.56E-10 PX  2.56E-05

 == SCF ENDED - CONVERGENCE ON ENERGY      E(AU) -2.2379591863043E+02 CYCLES   3

 TOTAL ENERGY(HF)(AU)(   3) -2.2379591863043E+02 DE-1.0E-08 tst 1.6E-10 PX 2.6E-05

 *******************************************************************************
 *                             FORCE CALCULATION                               *
 *******************************************************************************

 INFORMATION **** EXCPOG **** EXCH. BIPO BUFFER LENGTH (WORDS) =      215496
 INFORMATION **** GENPOG **** BIPO BUFFER LENGTH (WORDS) =       35100
 TTTTTTTTTTTTTTTTTTTTTTTTTTTTTT SHELXG      TELAPSE       33.91 TCPU       33.55

 CARTESIAN FORCES IN HARTREE/BOHR (ANALYTICAL)
   ATOM                     X                   Y                   Z
   1   6             0.000000000000E+00  0.000000000000E+00 -8.230506492879E-05
   2   8             0.000000000000E+00  0.000000000000E+00  4.384944039160E-05
   3   7             0.000000000000E+00 -2.025934740679E-05  1.599245151418E-05
   4   7             0.000000000000E+00  2.025934740679E-05  1.599245151418E-05
   5   1             0.000000000000E+00  3.393638729854E-05  2.642938404929E-05
   6   1             0.000000000000E+00 -3.393638729898E-05  2.642938404951E-05
   7   1             0.000000000000E+00  1.283516996564E-05 -2.319402333084E-05
   8   1             0.000000000000E+00 -1.283516996553E-05 -2.319402333040E-05

 RESULTANT FORCE     0.000000000000E+00 -3.330669073875E-16 -7.127631818094E-14

 SYMMETRY ALLOWED FORCES (ANALYTICAL) (DIRECTION, FORCE)

    1 -8.7987815E-05    2  3.4662862E-05    3 -2.8651044E-05    4  1.6598556E-05
    5  4.7993299E-05    6  4.9623407E-05    7  1.8151671E-05
 TTTTTTTTTTTTTTTTTTTTTTTTTTTTTT TOTGRA      TELAPSE       33.93 TCPU       33.57
 INFORMATION **** opta006 **** GEOMETRY OUTPUT FILE
