
 *******************************************************************************
 TEST11 - MGO BULK                                                               
 CRYSTAL - SCF - TYPE OF CALCULATION :  RESTRICTED CLOSED SHELL
 *******************************************************************************

 CAPPA:IS1  8;IS2  8;IS3  1; K PTS MONK NET  15; SYMMOPS:K SPACE  16;G SPACE  16

 TTTTTTTTTTTTTTTTTTTTTTTTTTTTTT SDIK        TELAPSE       14.33 TCPU       14.26

 INFORMATION FROM INTEGRAL EVALUATION

 RESTART FROM A PREVIOUS DENSITY MATRIX - DEP ACTIVE
 NUMBER OF COUPLE SETS (NEW, OLD, FOUND):      92      92      92
 NUMBER OF IRREDUCIBLE G VECTORS        :     225     225     225
 CHARGE NORMALIZATION FACTOR   0.99994484
 TOTAL ATOMIC CHARGES:
  10.0349219   9.9589472  10.0254823   9.9867795  10.0349219   9.9589472
 TTTTTTTTTTTTTTTTTTTTTTTTTTTTTT MOQGAD      TELAPSE       14.34 TCPU       14.27
 TTTTTTTTTTTTTTTTTTTTTTTTTTTTTT SHELLXN     TELAPSE       15.17 TCPU       15.10
 TTTTTTTTTTTTTTTTTTTTTTTTTTTTTT MONMO3      TELAPSE       15.20 TCPU       15.12
 CYC   0 ETOT(AU) -8.239084802842E+02 DETOT -8.24E+02 tst  1.18E-10 PX  1.00E+00
 TTTTTTTTTTTTTTTTTTTTTTTTTTTTTT DIIS        TELAPSE       15.20 TCPU       15.12
 TTTTTTTTTTTTTTTTTTTTTTTTTTTTTT FDIK        TELAPSE       15.21 TCPU       15.13
 INSULATING STATE
 TOP OF VALENCE BANDS -    BAND     30; K    1; EIG -3.4908502E-01 AU
 BOTTOM OF VIRTUAL BANDS - BAND     31; K    1; EIG  4.2330586E-01 AU
 DIRECT ENERGY BAND GAP:  21.0178 eV
 TTTTTTTTTTTTTTTTTTTTTTTTTTTTTT PDIG        TELAPSE       15.22 TCPU       15.14
 CHARGE NORMALIZATION FACTOR   1.00000000
 TOTAL ATOMIC CHARGES:
  10.0354813   9.9577503  10.0267880   9.9867487  10.0354813   9.9577503
 TTTTTTTTTTTTTTTTTTTTTTTTTTTTTT MOQGAD      TELAPSE       15.23 TCPU       15.15
 TTTTTTTTTTTTTTTTTTTTTTTTTTTTTT SHELLXN     TELAPSE       16.05 TCPU       15.97
 TTTTTTTTTTTTTTTTTTTTTTTTTTTTTT MONMO3      TELAPSE       16.07 TCPU       15.99
 CYC   1 ETOT(AU) -8.239348959699E+02 DETOT -2.64E-02 tst  0.00E+00 PX  2.34E-03
 TTTTTTTTTTTTTTTTTTTTTTTTTTTTTT DIIS        TELAPSE       16.08 TCPU       15.99
 DIIS TEST: 0.20082E-05 AT SCF   CYCLE   1 - MIX   30 %
 TTTTTTTTTTTTTTTTTTTTTTTTTTTTTT FDIK        TELAPSE       16.09 TCPU       16.00
 INSULATING STATE
 TOP OF VALENCE BANDS -    BAND     30; K    1; EIG -3.4817148E-01 AU
 BOTTOM OF VIRTUAL BANDS - BAND     31; K    1; EIG  4.2447961E-01 AU
 DIRECT ENERGY BAND GAP:  21.0249 eV
 TTTTTTTTTTTTTTTTTTTTTTTTTTTTTT PDIG        TELAPSE       16.10 TCPU       16.01
 CHARGE NORMALIZATION FACTOR   1.00000000
 TOTAL ATOMIC CHARGES:
  10.0354649   9.9577528  10.0268396   9.9867249  10.0354649   9.9577528
 TTTTTTTTTTTTTTTTTTTTTTTTTTTTTT MOQGAD      TELAPSE       16.11 TCPU       16.02
 TTTTTTTTTTTTTTTTTTTTTTTTTTTTTT SHELLXN     TELAPSE       16.94 TCPU       16.85
 TTTTTTTTTTTTTTTTTTTTTTTTTTTTTT MONMO3      TELAPSE       16.96 TCPU       16.87
 CYC   2 ETOT(AU) -8.239348971255E+02 DETOT -1.16E-06 tst  7.50E-08 PX  3.45E-04
 TTTTTTTTTTTTTTTTTTTTTTTTTTTTTT DIIS        TELAPSE       16.97 TCPU       16.88
 DIIS TEST: 0.29562E-06 AT SCF   CYCLE   2 - DIIS ACTIVE - HISTORY:     2 CYCLES
 TTTTTTTTTTTTTTTTTTTTTTTTTTTTTT FDIK        TELAPSE       16.98 TCPU       16.88
 INSULATING STATE
 TOP OF VALENCE BANDS -    BAND     30; K    1; EIG -3.4747889E-01 AU
 BOTTOM OF VIRTUAL BANDS - BAND     31; K    1; EIG  4.2521017E-01 AU
 DIRECT ENERGY BAND GAP:  21.0259 eV
 TTTTTTTTTTTTTTTTTTTTTTTTTTTTTT PDIG        TELAPSE       16.99 TCPU       16.89
 CHARGE NORMALIZATION FACTOR   1.00000000
 TOTAL ATOMIC CHARGES:
  10.0354785   9.9577251  10.0268749   9.9867179  10.0354785   9.9577251
 TTTTTTTTTTTTTTTTTTTTTTTTTTTTTT MOQGAD      TELAPSE       16.99 TCPU       16.90
 TTTTTTTTTTTTTTTTTTTTTTTTTTTTTT SHELLXN     TELAPSE       17.82 TCPU       17.73
 TTTTTTTTTTTTTTTTTTTTTTTTTTTTTT MONMO3      TELAPSE       17.84 TCPU       17.75
 CYC   3 ETOT(AU) -8.239348974443E+02 DETOT -3.19E-07 tst  6.22E-08 PX  2.64E-04
 TTTTTTTTTTTTTTTTTTTTTTTTTTTTTT DIIS        TELAPSE       17.85 TCPU       17.75
 DIIS TEST: 0.49721E-07 AT SCF   CYCLE   3 - DIIS ACTIVE - HISTORY:     3 CYCLES
 TTTTTTTTTTTTTTTTTTTTTTTTTTTTTT FDIK        TELAPSE       17.86 TCPU       17.76
 INSULATING STATE
 TOP OF VALENCE BANDS -    BAND     30; K    1; EIG -3.4746511E-01 AU
 BOTTOM OF VIRTUAL BANDS - BAND     31; K    1; EIG  4.2526138E-01 AU
 DIRECT ENERGY BAND GAP:  21.0270 eV
 TTTTTTTTTTTTTTTTTTTTTTTTTTTTTT PDIG        TELAPSE       17.87 TCPU       17.76
 CHARGE NORMALIZATION FACTOR   1.00000000
 TOTAL ATOMIC CHARGES:
  10.0354777   9.9577333  10.0268757   9.9867024  10.0354777   9.9577333
 TTTTTTTTTTTTTTTTTTTTTTTTTTTTTT MOQGAD      TELAPSE       17.88 TCPU       17.77
 TTTTTTTTTTTTTTTTTTTTTTTTTTTTTT SHELLXN     TELAPSE       18.71 TCPU       18.60
 TTTTTTTTTTTTTTTTTTTTTTTTTTTTTT MONMO3      TELAPSE       18.73 TCPU       18.62
 CYC   4 ETOT(AU) -8.239348974860E+02 DETOT -4.17E-08 tst  2.49E-09 PX  7.37E-05
 TTTTTTTTTTTTTTTTTTTTTTTTTTTTTT DIIS        TELAPSE       18.74 TCPU       18.63
 DIIS TEST: 0.24782E-08 AT SCF   CYCLE   4 - DIIS ACTIVE - HISTORY:     4 CYCLES
 TTTTTTTTTTTTTTTTTTTTTTTTTTTTTT FDIK        TELAPSE       18.74 TCPU       18.63
 INSULATING STATE
 TOP OF VALENCE BANDS -    BAND     30; K    1; EIG -3.4745327E-01 AU
 BOTTOM OF VIRTUAL BANDS - BAND     31; K    1; EIG  4.2527541E-01 AU
 DIRECT ENERGY BAND GAP:  21.0270 eV
 TTTTTTTTTTTTTTTTTTTTTTTTTTTTTT PDIG        TELAPSE       18.75 TCPU       18.64
 CHARGE NORMALIZATION FACTOR   1.00000000
 TOTAL ATOMIC CHARGES:
  10.0354780   9.9577333  10.0268746   9.9867027  10.0354780   9.9577333
 TTTTTTTTTTTTTTTTTTTTTTTTTTTTTT MOQGAD      TELAPSE       18.76 TCPU       18.65
 TTTTTTTTTTTTTTTTTTTTTTTTTTTTTT SHELLXN     TELAPSE       19.59 TCPU       19.48

 ::: DIPOLE MOMENT ALONG NON PERIODIC DIRECTIONS:
 ::: A.U.     (Z) -7.10543E-15
 ::: DEBYE         1.80602E-14

 +++ ENERGIES IN A.U. +++
 ::: EXT EL-POLE                                  -2.7218802902101E+03
 ::: EXT EL-SPHEROPOLE                             0.0000000000000E+00
 ::: BIELET ZONE E-E                               1.4826653520194E+03
 ::: TOTAL E-E                                    -1.2392149381907E+03
 ::: TOTAL E-N + N-E                               1.1634513068382E+03
 ::: TOTAL N-N                                    -1.5718815764791E+03
 ::: KINETIC ENERGY                                8.2371031034603E+02
 ::: TOTAL   ENERGY                               -8.2393489748565E+02
 ::: VIRIAL COEFFICIENT                            9.9986369205060E-01
 TTTTTTTTTTTTTTTTTTTTTTTTTTTTTT MONMO3      TELAPSE       19.61 TCPU       19.50
 CYC   5 ETOT(AU) -8.239348974856E+02 DETOT  3.23E-10 tst  3.17E-10 PX  7.37E-05

 == SCF ENDED - CONVERGENCE ON ENERGY      E(AU) -8.2393489748565E+02 CYCLES   5

 TOTAL ENERGY(HF)(AU)(   5) -8.2393489748565E+02 DE 3.2E-10 tst 3.2E-10 PX 7.4E-05

 *******************************************************************************
 *                             FORCE CALCULATION                               *
 *******************************************************************************

 INFORMATION **** EXCPOG **** EXCH. BIPO BUFFER LENGTH (WORDS) =      659412
 INFORMATION **** GENPOG **** BIPO BUFFER LENGTH (WORDS) =       60800
 TTTTTTTTTTTTTTTTTTTTTTTTTTTTTT SHELXG      TELAPSE       28.73 TCPU       28.61

 CARTESIAN FORCES IN HARTREE/BOHR (ANALYTICAL)
   ATOM                     X                   Y                   Z
   1  12             1.084896912282E-15  4.123842303045E-16 -3.408530714296E-03
   2   8            -6.914466044320E-16 -6.957425460587E-16  4.165867948856E-03
   3  12            -1.017287630295E-15 -6.684004582734E-16 -3.552713678801E-15
   4   8             8.512143642122E-16  8.374906004942E-16 -1.776356839400E-15
   5  12             8.224405989231E-16  7.653210798579E-16  3.408530714296E-03
   6   8            -9.227512227508E-16 -6.010718319147E-16 -4.165867948856E-03

 RESULTANT FORCE     1.270664179396E-16  4.998107440964E-17 -5.329070518201E-15

 SYMMETRY ALLOWED FORCES (ANALYTICAL) (DIRECTION, FORCE)

    1 -4.8203904E-03    2  5.8914270E-03
 TTTTTTTTTTTTTTTTTTTTTTTTTTTTTT TOTGRA      TELAPSE       28.81 TCPU       28.69
 INFORMATION **** opta002 **** GEOMETRY OUTPUT FILE

 *******************************************************************************
 TEST11 - MGO BULK                                                               
 CRYSTAL - SCF - TYPE OF CALCULATION :  RESTRICTED CLOSED SHELL
 *******************************************************************************

 CAPPA:IS1  8;IS2  8;IS3  1; K PTS MONK NET  15; SYMMOPS:K SPACE  16;G SPACE  16

 TTTTTTTTTTTTTTTTTTTTTTTTTTTTTT SDIK        TELAPSE       28.83 TCPU       28.70

 INFORMATION FROM INTEGRAL EVALUATION

 RESTART FROM A PREVIOUS DENSITY MATRIX - DEP ACTIVE
 NUMBER OF COUPLE SETS (NEW, OLD, FOUND):      92      92      92
 NUMBER OF IRREDUCIBLE G VECTORS        :     225     225     225
 CHARGE NORMALIZATION FACTOR   0.99995047
 TOTAL ATOMIC CHARGES:
  10.0349717   9.9579704  10.0267090   9.9874068  10.0349717   9.9579704
 TTTTTTTTTTTTTTTTTTTTTTTTTTTTTT MOQGAD      TELAPSE       28.83 TCPU       28.71
 TTTTTTTTTTTTTTTTTTTTTTTTTTTTTT SHELLXN     TELAPSE       29.66 TCPU       29.53
 TTTTTTTTTTTTTTTTTTTTTTTTTTTTTT MONMO3      TELAPSE       29.68 TCPU       29.55
 CYC   0 ETOT(AU) -8.239112126935E+02 DETOT -8.24E+02 tst  3.17E-10 PX  1.00E+00
 TTTTTTTTTTTTTTTTTTTTTTTTTTTTTT DIIS        TELAPSE       29.68 TCPU       29.56
 TTTTTTTTTTTTTTTTTTTTTTTTTTTTTT FDIK        TELAPSE       29.70 TCPU       29.56
 INSULATING STATE
 TOP OF VALENCE BANDS -    BAND     30; K    1; EIG -3.5480740E-01 AU
 BOTTOM OF VIRTUAL BANDS - BAND     31; K    1; EIG  4.1593972E-01 AU
 DIRECT ENERGY BAND GAP:  20.9731 eV
 TTTTTTTTTTTTTTTTTTTTTTTTTTTTTT PDIG        TELAPSE       29.70 TCPU       29.57
 CHARGE NORMALIZATION FACTOR   1.00000000
 TOTAL ATOMIC CHARGES:
  10.0354839   9.9567721  10.0279800   9.9875079  10.0354839   9.9567721
 TTTTTTTTTTTTTTTTTTTTTTTTTTTTTT MOQGAD      TELAPSE       29.71 TCPU       29.58
 TTTTTTTTTTTTTTTTTTTTTTTTTTTTTT SHELLXN     TELAPSE       30.54 TCPU       30.40
 TTTTTTTTTTTTTTTTTTTTTTTTTTTTTT MONMO3      TELAPSE       30.56 TCPU       30.42
 CYC   1 ETOT(AU) -8.239349636101E+02 DETOT -2.38E-02 tst  0.00E+00 PX  2.38E-03
 TTTTTTTTTTTTTTTTTTTTTTTTTTTTTT DIIS        TELAPSE       30.56 TCPU       30.42
 DIIS TEST: 0.18896E-05 AT SCF   CYCLE   1 - MIX   30 %
 TTTTTTTTTTTTTTTTTTTTTTTTTTTTTT FDIK        TELAPSE       30.57 TCPU       30.43
 INSULATING STATE
 TOP OF VALENCE BANDS -    BAND     30; K    1; EIG -3.5390864E-01 AU
 BOTTOM OF VIRTUAL BANDS - BAND     31; K    1; EIG  4.1716309E-01 AU
 DIRECT ENERGY BAND GAP:  20.9819 eV
 TTTTTTTTTTTTTTTTTTTTTTTTTTTTTT PDIG        TELAPSE       30.57 TCPU       30.44
 CHARGE NORMALIZATION FACTOR   1.00000000
 TOTAL ATOMIC CHARGES:
  10.0354697   9.9567756  10.0280275   9.9874819  10.0354697   9.9567756
 TTTTTTTTTTTTTTTTTTTTTTTTTTTTTT MOQGAD      TELAPSE       30.58 TCPU       30.45
 TTTTTTTTTTTTTTTTTTTTTTTTTTTTTT SHELLXN     TELAPSE       31.42 TCPU       31.28
 TTTTTTTTTTTTTTTTTTTTTTTTTTTTTT MONMO3      TELAPSE       31.44 TCPU       31.30
 CYC   2 ETOT(AU) -8.239349647166E+02 DETOT -1.11E-06 tst  7.04E-08 PX  3.48E-04
 TTTTTTTTTTTTTTTTTTTTTTTTTTTTTT DIIS        TELAPSE       31.45 TCPU       31.31
 DIIS TEST: 0.28347E-06 AT SCF   CYCLE   2 - DIIS ACTIVE - HISTORY:     2 CYCLES
 TTTTTTTTTTTTTTTTTTTTTTTTTTTTTT FDIK        TELAPSE       31.46 TCPU       31.31
 INSULATING STATE
 TOP OF VALENCE BANDS -    BAND     30; K    1; EIG -3.5323252E-01 AU
 BOTTOM OF VIRTUAL BANDS - BAND     31; K    1; EIG  4.1790242E-01 AU
 DIRECT ENERGY BAND GAP:  20.9837 eV
 TTTTTTTTTTTTTTTTTTTTTTTTTTTTTT PDIG        TELAPSE       31.47 TCPU       31.32
 CHARGE NORMALIZATION FACTOR   1.00000000
 TOTAL ATOMIC CHARGES:
  10.0354830   9.9567469  10.0280603   9.9874798  10.0354830   9.9567469
 TTTTTTTTTTTTTTTTTTTTTTTTTTTTTT MOQGAD      TELAPSE       31.48 TCPU       31.33
 TTTTTTTTTTTTTTTTTTTTTTTTTTTTTT SHELLXN     TELAPSE       32.35 TCPU       32.21
 TTTTTTTTTTTTTTTTTTTTTTTTTTTTTT MONMO3      TELAPSE       32.37 TCPU       32.23
 CYC   3 ETOT(AU) -8.239349650238E+02 DETOT -3.07E-07 tst  6.13E-08 PX  2.67E-04
 TTTTTTTTTTTTTTTTTTTTTTTTTTTTTT DIIS        TELAPSE       32.38 TCPU       32.23
 DIIS TEST: 0.49899E-07 AT SCF   CYCLE   3 - DIIS ACTIVE - HISTORY:     3 CYCLES
 TTTTTTTTTTTTTTTTTTTTTTTTTTTTTT FDIK        TELAPSE       32.39 TCPU       32.23
 INSULATING STATE
 TOP OF VALENCE BANDS -    BAND     30; K    1; EIG -3.5321519E-01 AU
 BOTTOM OF VIRTUAL BANDS - BAND     31; K    1; EIG  4.1796370E-01 AU
 DIRECT ENERGY BAND GAP:  20.9849 eV
 TTTTTTTTTTTTTTTTTTTTTTTTTTTTTT PDIG        TELAPSE       32.39 TCPU       32.24
 CHARGE NORMALIZATION FACTOR   1.00000000
 TOTAL ATOMIC CHARGES:
  10.0354824   9.9567553  10.0280609   9.9874637  10.0354824   9.9567553
 TTTTTTTTTTTTTTTTTTTTTTTTTTTTTT MOQGAD      TELAPSE       32.40 TCPU       32.25
 TTTTTTTTTTTTTTTTTTTTTTTTTTTTTT SHELLXN     TELAPSE       33.23 TCPU       33.08
 TTTTTTTTTTTTTTTTTTTTTTTTTTTTTT MONMO3      TELAPSE       33.25 TCPU       33.10
 CYC   4 ETOT(AU) -8.239349650666E+02 DETOT -4.28E-08 tst  2.59E-09 PX  7.46E-05
 TTTTTTTTTTTTTTTTTTTTTTTTTTTTTT DIIS        TELAPSE       33.26 TCPU       33.10
 DIIS TEST: 0.21484E-08 AT SCF   CYCLE   4 - DIIS ACTIVE - HISTORY:     4 CYCLES
 TTTTTTTTTTTTTTTTTTTTTTTTTTTTTT FDIK        TELAPSE       33.26 TCPU       33.11
 INSULATING STATE
 TOP OF VALENCE BANDS -    BAND     30; K    1; EIG -3.5320592E-01 AU
 BOTTOM OF VIRTUAL BANDS - BAND     31; K    1; EIG  4.1797557E-01 AU
 DIRECT ENERGY BAND GAP:  20.9849 eV
 TTTTTTTTTTTTTTTTTTTTTTTTTTTTTT PDIG        TELAPSE       33.27 TCPU       33.11
 CHARGE NORMALIZATION FACTOR   1.00000000
 TOTAL ATOMIC CHARGES:
  10.0354826   9.9567555  10.0280597   9.9874642  10.0354826   9.9567555
 TTTTTTTTTTTTTTTTTTTTTTTTTTTTTT MOQGAD      TELAPSE       33.28 TCPU       33.12
 TTTTTTTTTTTTTTTTTTTTTTTTTTTTTT SHELLXN     TELAPSE       34.12 TCPU       33.96

 ::: DIPOLE MOMENT ALONG NON PERIODIC DIRECTIONS:
 ::: A.U.     (Z)  7.10543E-15
 ::: DEBYE        -1.80602E-14

 +++ ENERGIES IN A.U. +++
 ::: EXT EL-POLE                                  -2.7237744913306E+03
 ::: EXT EL-SPHEROPOLE                             0.0000000000000E+00
 ::: BIELET ZONE E-E                               1.4819826441395E+03
 ::: TOTAL E-E                                    -1.2417918471911E+03
 ::: TOTAL E-N + N-E                               1.1682562499550E+03
 ::: TOTAL N-N                                    -1.5741002629646E+03
 ::: KINETIC ENERGY                                8.2370089513475E+02
 ::: TOTAL   ENERGY                               -8.2393496506593E+02
 ::: VIRIAL COEFFICIENT                            9.9985793588448E-01
 TTTTTTTTTTTTTTTTTTTTTTTTTTTTTT MONMO3      TELAPSE       34.14 TCPU       33.98
 CYC   5 ETOT(AU) -8.239349650659E+02 DETOT  6.47E-10 tst  2.75E-10 PX  7.46E-05

 == SCF ENDED - CONVERGENCE ON ENERGY      E(AU) -8.2393496506593E+02 CYCLES   5

 TOTAL ENERGY(HF)(AU)(   5) -8.2393496506593E+02 DE 6.5E-10 tst 2.8E-10 PX 7.5E-05

 *******************************************************************************
 *                             FORCE CALCULATION                               *
 *******************************************************************************

 INFORMATION **** EXCPOG **** EXCH. BIPO BUFFER LENGTH (WORDS) =      659412
 INFORMATION **** GENPOG **** BIPO BUFFER LENGTH (WORDS) =       60800
 TTTTTTTTTTTTTTTTTTTTTTTTTTTTTT SHELXG      TELAPSE       43.45 TCPU       43.28

 CARTESIAN FORCES IN HARTREE/BOHR (ANALYTICAL)
   ATOM                     X                   Y                   Z
   1  12             9.600262079699E-16  6.759181231547E-16 -7.129484538382E-05
   2   8            -5.945317628602E-16 -9.556636649546E-16  3.440056541137E-05
   3  12            -1.015470058073E-15 -6.790182066880E-16  0.000000000000E+00
   4   8             8.491401270803E-16  8.367688766226E-16  0.000000000000E+00
   5  12             6.455888861515E-16  9.972568231580E-16  7.129484536961E-05
   6   8            -8.259866826684E-16 -8.576519112964E-16 -3.440056541137E-05

 RESULTANT FORCE     1.876671760056E-17  1.761003999629E-17 -1.421085471520E-14

 SYMMETRY ALLOWED FORCES (ANALYTICAL) (DIRECTION, FORCE)

    1 -1.0082614E-04    2  4.8649746E-05
 TTTTTTTTTTTTTTTTTTTTTTTTTTTTTT TOTGRA      TELAPSE       43.53 TCPU       43.36
 INFORMATION **** opta003 **** GEOMETRY OUTPUT FILE
 TTTTTTTTTTTTTTTTTTTTTTTTTTTTTT gordsh1     TELAPSE       43.54 TCPU       43.37

 MATRIX SIZE: P(G)   33298, F(G)    7326, P(G) IRR    2559, F(G) IRR    1432
 MAX G-VECTOR INDEX FOR 1- AND 2-ELECTRON INTEGRALS  35

 TTTTTTTTTTTTTTTTTTTTTTTTTTTTTT INPUT       TELAPSE       43.54 TCPU       43.37

 NEIGHBORS OF THE NON-EQUIVALENT ATOMS

 N = NUMBER OF NEIGHBORS AT DISTANCE R
    ATOM  N     R/ANG      R/AU   NEIGHBORS (ATOM LABELS AND CELL INDICES)
   1 MG   4     2.0953     3.9596    2 O    0 0 0    2 O    1 0 0    2 O    0 1 0
                                     2 O    1 1 0
   1 MG   1     2.0964     3.9617    4 O    0 0 0
   1 MG   4     2.9632     5.5996    1 MG  -1 0 0    1 MG   1 0 0    1 MG   0-1 0
                                     1 MG   0 1 0
   1 MG   4     2.9640     5.6011    3 MG   0 0 0    3 MG   1 0 0    3 MG   0 1 0
                                     3 MG   1 1 0
   1 MG   4     3.6298     6.8593    4 O    1 0 0    4 O   -1 0 0    4 O    0 1 0
                                     4 O    0-1 0
   1 MG   4     4.1906     7.9190    1 MG  -1-1 0    1 MG   1 1 0    1 MG  -1 1 0
                                     1 MG   1-1 0

   2 O    4     2.0953     3.9596    1 MG   0 0 0    1 MG  -1 0 0    1 MG   0-1 0
                                     1 MG  -1-1 0
   2 O    1     2.1127     3.9923    3 MG   0 0 0
   2 O    4     2.9632     5.5996    2 O   -1 0 0    2 O    1 0 0    2 O    0-1 0
                                     2 O    0 1 0
   2 O    4     2.9755     5.6229    4 O    0 0 0    4 O   -1 0 0    4 O    0-1 0
                                     4 O   -1-1 0
   2 O    4     3.6392     6.8771    3 MG   1 0 0    3 MG  -1 0 0    3 MG   0 1 0
                                     3 MG   0-1 0
   2 O    4     4.1906     7.9190    2 O   -1-1 0    2 O    1 1 0    2 O   -1 1 0
                                     2 O    1-1 0

   3 MG   4     2.0953     3.9595    4 O    0 0 0    4 O   -1 0 0    4 O    0-1 0
                                     4 O   -1-1 0
   3 MG   2     2.1127     3.9923    2 O    0 0 0    6 O    0 0 0
   3 MG   4     2.9632     5.5996    3 MG  -1 0 0    3 MG   1 0 0    3 MG   0-1 0
                                     3 MG   0 1 0
   3 MG   8     2.9640     5.6011    1 MG   0 0 0    1 MG  -1 0 0    1 MG   0-1 0
                                     1 MG  -1-1 0    5 MG  -1-1 0    5 MG  -1 0 0
                                     5 MG   0-1 0    5 MG   0 0 0
   3 MG   8     3.6392     6.8771    2 O   -1 0 0    2 O    1 0 0    2 O    0-1 0
                                     2 O    0 1 0    6 O    1 0 0    6 O   -1 0 0
                                     6 O    0 1 0    6 O    0-1 0
   3 MG   4     4.1906     7.9190    3 MG  -1-1 0    3 MG   1 1 0    3 MG  -1 1 0
                                     3 MG   1-1 0

   4 O    4     2.0953     3.9595    3 MG   0 0 0    3 MG   1 0 0    3 MG   0 1 0
                                     3 MG   1 1 0
   4 O    2     2.0964     3.9617    1 MG   0 0 0    5 MG   0 0 0
   4 O    4     2.9632     5.5996    4 O   -1 0 0    4 O    1 0 0    4 O    0-1 0
                                     4 O    0 1 0
   4 O    8     2.9755     5.6229    2 O    0 0 0    2 O    1 0 0    2 O    0 1 0
                                     2 O    1 1 0    6 O    1 1 0    6 O    1 0 0
                                     6 O    0 1 0    6 O    0 0 0
   4 O    8     3.6298     6.8593    1 MG  -1 0 0    1 MG   1 0 0    1 MG   0-1 0
                                     1 MG   0 1 0    5 MG   1 0 0    5 MG  -1 0 0
                                     5 MG   0 1 0    5 MG   0-1 0
   4 O    4     4.1906     7.9190    4 O   -1-1 0    4 O    1 1 0    4 O   -1 1 0
                                     4 O    1-1 0

 TTTTTTTTTTTTTTTTTTTTTTTTTTTTTT SYMM        TELAPSE       43.54 TCPU       43.37

 ***** NEW REFERENCE GEOMETRY *****
 TTTTTTTTTTTTTTTTTTTTTTTTTTTTTT INT_SCREEN  TELAPSE       43.54 TCPU       43.37

 *******************************************************************************
 TEST11 - MGO BULK                                                               
 CRYSTAL - SCF - TYPE OF CALCULATION :  RESTRICTED CLOSED SHELL
 *******************************************************************************

 CAPPA:IS1  8;IS2  8;IS3  1; K PTS MONK NET  15; SYMMOPS:K SPACE  16;G SPACE  16

 TTTTTTTTTTTTTTTTTTTTTTTTTTTTTT SDIK        TELAPSE       43.55 TCPU       43.38

 INFORMATION FROM INTEGRAL EVALUATION

 RESTART FROM A PREVIOUS DENSITY MATRIX - DEP ACTIVE
 NUMBER OF COUPLE SETS (NEW, OLD, FOUND):      92      92      83
 NUMBER OF IRREDUCIBLE G VECTORS        :     206     206     206
 CHARGE NORMALIZATION FACTOR   0.99669293
 TOTAL ATOMIC CHARGES:
  10.0022907   9.9734375   9.9948945  10.0536491  10.0022907   9.9734375
 TTTTTTTTTTTTTTTTTTTTTTTTTTTTTT MOQGAD      TELAPSE       43.56 TCPU       43.38
 TTTTTTTTTTTTTTTTTTTTTTTTTTTTTT SHELLXN     TELAPSE       44.43 TCPU       44.26
 TTTTTTTTTTTTTTTTTTTTTTTTTTTTTT MONMO3      TELAPSE       44.45 TCPU       44.28
 CYC   0 ETOT(AU) -8.225846252654E+02 DETOT -8.23E+02 tst  2.75E-10 PX  1.00E+00
 TTTTTTTTTTTTTTTTTTTTTTTTTTTTTT DIIS        TELAPSE       44.46 TCPU       44.28
 TTTTTTTTTTTTTTTTTTTTTTTTTTTTTT FDIK        TELAPSE       44.47 TCPU       44.29
 INSULATING STATE
 TOP OF VALENCE BANDS -    BAND     30; K    6; EIG -3.1452706E-01 AU
 TOP OF VALENCE BANDS -    BAND     30; K    1; EIG -3.2525866E-01 AU
 BOTTOM OF VIRTUAL BANDS - BAND     31; K    1; EIG  4.4428752E-01 AU
 INDIRECT ENERGY BAND GAP:  20.6484 eV
 TTTTTTTTTTTTTTTTTTTTTTTTTTTTTT PDIG        TELAPSE       44.48 TCPU       44.30
 CHARGE NORMALIZATION FACTOR   1.00000000
 TOTAL ATOMIC CHARGES:
  10.0392299   9.9571274  10.0282866   9.9789989  10.0392299   9.9571274
 TTTTTTTTTTTTTTTTTTTTTTTTTTTTTT MOQGAD      TELAPSE       44.49 TCPU       44.31
 TTTTTTTTTTTTTTTTTTTTTTTTTTTTTT SHELLXN     TELAPSE       45.31 TCPU       45.13
 TTTTTTTTTTTTTTTTTTTTTTTTTTTTTT MONMO3      TELAPSE       45.34 TCPU       45.15
 CYC   1 ETOT(AU) -8.239339549649E+02 DETOT -1.35E+00 tst  0.00E+00 PX  2.58E-02
 TTTTTTTTTTTTTTTTTTTTTTTTTTTTTT DIIS        TELAPSE       45.34 TCPU       45.16
 DIIS TEST: 0.27864E-02 AT SCF   CYCLE   1 - MIX   30 %
 TTTTTTTTTTTTTTTTTTTTTTTTTTTTTT FDIK        TELAPSE       45.35 TCPU       45.16
 INSULATING STATE
 TOP OF VALENCE BANDS -    BAND     30; K    6; EIG -3.4539281E-01 AU
 TOP OF VALENCE BANDS -    BAND     30; K    1; EIG -3.4552316E-01 AU
 BOTTOM OF VIRTUAL BANDS - BAND     31; K    1; EIG  4.2455144E-01 AU
 INDIRECT ENERGY BAND GAP:  20.9513 eV
 TTTTTTTTTTTTTTTTTTTTTTTTTTTTTT PDIG        TELAPSE       45.35 TCPU       45.17
 CHARGE NORMALIZATION FACTOR   1.00000000
 TOTAL ATOMIC CHARGES:
  10.0369470   9.9563399  10.0282948   9.9851313  10.0369470   9.9563399
 TTTTTTTTTTTTTTTTTTTTTTTTTTTTTT MOQGAD      TELAPSE       45.36 TCPU       45.18
 TTTTTTTTTTTTTTTTTTTTTTTTTTTTTT SHELLXN     TELAPSE       46.20 TCPU       46.01
 TTTTTTTTTTTTTTTTTTTTTTTTTTTTTT MONMO3      TELAPSE       46.22 TCPU       46.03
 CYC   2 ETOT(AU) -8.239349193676E+02 DETOT -9.64E-04 tst  2.86E-05 PX  8.34E-03
 TTTTTTTTTTTTTTTTTTTTTTTTTTTTTT DIIS        TELAPSE       46.22 TCPU       46.04
 DIIS TEST: 0.15213E-03 AT SCF   CYCLE   2 - DIIS ACTIVE - HISTORY:     2 CYCLES
 TTTTTTTTTTTTTTTTTTTTTTTTTTTTTT FDIK        TELAPSE       46.23 TCPU       46.04
 INSULATING STATE
 TOP OF VALENCE BANDS -    BAND     30; K    1; EIG -3.5516053E-01 AU
 BOTTOM OF VIRTUAL BANDS - BAND     31; K    1; EIG  4.1644610E-01 AU
 DIRECT ENERGY BAND GAP:  20.9965 eV
 TTTTTTTTTTTTTTTTTTTTTTTTTTTTTT PDIG        TELAPSE       46.24 TCPU       46.05
 CHARGE NORMALIZATION FACTOR   1.00000000
 TOTAL ATOMIC CHARGES:
  10.0355031   9.9569053  10.0281535   9.9870298  10.0355031   9.9569053
 TTTTTTTTTTTTTTTTTTTTTTTTTTTTTT MOQGAD      TELAPSE       46.25 TCPU       46.06
 TTTTTTTTTTTTTTTTTTTTTTTTTTTTTT SHELLXN     TELAPSE       47.08 TCPU       46.90
 TTTTTTTTTTTTTTTTTTTTTTTTTTTTTT MONMO3      TELAPSE       47.11 TCPU       46.92
 CYC   3 ETOT(AU) -8.239349555438E+02 DETOT -3.62E-05 tst  3.78E-06 PX  3.06E-03
 TTTTTTTTTTTTTTTTTTTTTTTTTTTTTT DIIS        TELAPSE       47.12 TCPU       46.92
 DIIS TEST: 0.44841E-04 AT SCF   CYCLE   3 - DIIS ACTIVE - HISTORY:     3 CYCLES
 TTTTTTTTTTTTTTTTTTTTTTTTTTTTTT FDIK        TELAPSE       47.12 TCPU       46.93
 INSULATING STATE
 TOP OF VALENCE BANDS -    BAND     30; K    1; EIG -3.5353539E-01 AU
 BOTTOM OF VIRTUAL BANDS - BAND     31; K    1; EIG  4.1750002E-01 AU
 DIRECT ENERGY BAND GAP:  20.9810 eV
 TTTTTTTTTTTTTTTTTTTTTTTTTTTTTT PDIG        TELAPSE       47.13 TCPU       46.94
 CHARGE NORMALIZATION FACTOR   1.00000000
 TOTAL ATOMIC CHARGES:
  10.0355264   9.9566915  10.0281193   9.9874449  10.0355264   9.9566915
 TTTTTTTTTTTTTTTTTTTTTTTTTTTTTT MOQGAD      TELAPSE       47.14 TCPU       46.95
 TTTTTTTTTTTTTTTTTTTTTTTTTTTTTT SHELLXN     TELAPSE       47.97 TCPU       47.78
 TTTTTTTTTTTTTTTTTTTTTTTTTTTTTT MONMO3      TELAPSE       48.00 TCPU       47.80
 CYC   4 ETOT(AU) -8.239349677765E+02 DETOT -1.22E-05 tst  5.96E-07 PX  1.53E-03
 TTTTTTTTTTTTTTTTTTTTTTTTTTTTTT DIIS        TELAPSE       48.01 TCPU       47.81
 DIIS TEST: 0.31245E-06 AT SCF   CYCLE   4 - DIIS ACTIVE - HISTORY:     4 CYCLES
 TTTTTTTTTTTTTTTTTTTTTTTTTTTTTT FDIK        TELAPSE       48.01 TCPU       47.81
 INSULATING STATE
 TOP OF VALENCE BANDS -    BAND     30; K    1; EIG -3.5327106E-01 AU
 BOTTOM OF VIRTUAL BANDS - BAND     31; K    1; EIG  4.1790063E-01 AU
 DIRECT ENERGY BAND GAP:  20.9847 eV
 TTTTTTTTTTTTTTTTTTTTTTTTTTTTTT PDIG        TELAPSE       48.02 TCPU       47.82
 CHARGE NORMALIZATION FACTOR   1.00000000
 TOTAL ATOMIC CHARGES:
  10.0354839   9.9567374  10.0280776   9.9874797  10.0354839   9.9567374
 TTTTTTTTTTTTTTTTTTTTTTTTTTTTTT MOQGAD      TELAPSE       48.03 TCPU       47.83
 TTTTTTTTTTTTTTTTTTTTTTTTTTTTTT SHELLXN     TELAPSE       48.89 TCPU       48.69
 TTTTTTTTTTTTTTTTTTTTTTTTTTTTTT MONMO3      TELAPSE       48.92 TCPU       48.71
 CYC   5 ETOT(AU) -8.239349678006E+02 DETOT -2.41E-08 tst  1.03E-08 PX  2.49E-04
 TTTTTTTTTTTTTTTTTTTTTTTTTTTTTT DIIS        TELAPSE       48.93 TCPU       48.72
 DIIS TEST: 0.20395E-07 AT SCF   CYCLE   5 - DIIS ACTIVE - HISTORY:     5 CYCLES
 TTTTTTTTTTTTTTTTTTTTTTTTTTTTTT FDIK        TELAPSE       48.93 TCPU       48.72
 INSULATING STATE
 TOP OF VALENCE BANDS -    BAND     30; K    1; EIG -3.5329458E-01 AU
 BOTTOM OF VIRTUAL BANDS - BAND     31; K    1; EIG  4.1788256E-01 AU
 DIRECT ENERGY BAND GAP:  20.9848 eV
 TTTTTTTTTTTTTTTTTTTTTTTTTTTTTT PDIG        TELAPSE       48.94 TCPU       48.73
 CHARGE NORMALIZATION FACTOR   1.00000000
 TOTAL ATOMIC CHARGES:
  10.0354782   9.9567417  10.0280691   9.9874911  10.0354782   9.9567417
 TTTTTTTTTTTTTTTTTTTTTTTTTTTTTT MOQGAD      TELAPSE       48.95 TCPU       48.74
 TTTTTTTTTTTTTTTTTTTTTTTTTTTTTT SHELLXN     TELAPSE       49.79 TCPU       49.58

 ::: DIPOLE MOMENT ALONG NON PERIODIC DIRECTIONS:
 ::: A.U.     (Z)  0.00000E+00
 ::: DEBYE         0.00000E+00

 +++ ENERGIES IN A.U. +++
 ::: EXT EL-POLE                                  -2.6865789313384E+03
 ::: EXT EL-SPHEROPOLE                             0.0000000000000E+00
 ::: BIELET ZONE E-E                               1.4448431898572E+03
 ::: TOTAL E-E                                    -1.2417357414812E+03
 ::: TOTAL E-N + N-E                               1.1681396364267E+03
 ::: TOTAL N-N                                    -1.5740401605734E+03
 ::: KINETIC ENERGY                                8.2370129782309E+02
 ::: TOTAL   ENERGY                               -8.2393496780483E+02
 ::: VIRIAL COEFFICIENT                            9.9985817866078E-01
 TTTTTTTTTTTTTTTTTTTTTTTTTTTTTT MONMO3      TELAPSE       49.82 TCPU       49.61
 CYC   6 ETOT(AU) -8.239349678048E+02 DETOT -4.27E-09 tst  1.95E-09 PX  2.49E-04

 == SCF ENDED - CONVERGENCE ON ENERGY      E(AU) -8.2393496780483E+02 CYCLES   6

 TOTAL ENERGY(HF)(AU)(   6) -8.2393496780483E+02 DE-4.3E-09 tst 1.9E-09 PX 2.5E-04

 *******************************************************************************
 *                             FORCE CALCULATION                               *
 *******************************************************************************

 INFORMATION **** EXCPOG **** EXCH. BIPO BUFFER LENGTH (WORDS) =      650196
 INFORMATION **** GENPOG **** BIPO BUFFER LENGTH (WORDS) =       60000
 TTTTTTTTTTTTTTTTTTTTTTTTTTTTTT SHELXG      TELAPSE       58.79 TCPU       58.55

 CARTESIAN FORCES IN HARTREE/BOHR (ANALYTICAL)
   ATOM                     X                   Y                   Z
   1  12             9.880804663505E-16  5.549466369573E-16 -4.443216651850E-05
   2   8            -6.149850015839E-16 -8.589331136986E-16  2.248939836136E-05
   3  12            -1.020399998730E-15 -6.783907255625E-16 -3.552713678801E-15
   4   8             8.106625277307E-16  8.538017662062E-16  3.552713678801E-15
   5  12             6.751046109469E-16  8.722987487669E-16  4.443216651850E-05
   6   8            -8.164515183609E-16 -7.303296701798E-16 -2.248939836136E-05

 RESULTANT FORCE     2.201108635294E-17  1.339364248953E-17  0.000000000000E+00

 SYMMETRY ALLOWED FORCES (ANALYTICAL) (DIRECTION, FORCE)

    1 -6.2836572E-05    2  3.1804812E-05
 TTTTTTTTTTTTTTTTTTTTTTTTTTTTTT TOTGRA      TELAPSE       58.87 TCPU       58.63
 INFORMATION **** opta004 **** GEOMETRY OUTPUT FILE
