
 *******************************************************************************
 TEST11 - MGO BULK                                                               
 CRYSTAL - SCF - TYPE OF CALCULATION :  RESTRICTED CLOSED SHELL
 *******************************************************************************

 CAPPA:IS1  8;IS2  8;IS3  8; K PTS MONK NET  29; SYMMOPS:K SPACE  48;G SPACE  48

 TTTTTTTTTTTTTTTTTTTTTTTTTTTTTT SDIK        TELAPSE        5.81 TCPU        5.79

 INFORMATION FROM INTEGRAL EVALUATION

 RESTART FROM A PREVIOUS DENSITY MATRIX - DEP ACTIVE
 NUMBER OF COUPLE SETS (NEW, OLD, FOUND):      21      21      21
 NUMBER OF IRREDUCIBLE G VECTORS        :      75      75      75
 CHARGE NORMALIZATION FACTOR   1.00030938
 TOTAL ATOMIC CHARGES:
  10.0228026   9.9771974
 TTTTTTTTTTTTTTTTTTTTTTTTTTTTTT MOQGAD      TELAPSE        5.81 TCPU        5.79
 TTTTTTTTTTTTTTTTTTTTTTTTTTTTTT SHELLXN     TELAPSE        6.09 TCPU        6.07
 TTTTTTTTTTTTTTTTTTTTTTTTTTTTTT MONMO3      TELAPSE        6.09 TCPU        6.07
 CYC   0 ETOT(AU) -2.747137754467E+02 DETOT -2.75E+02 tst  2.19E-09 PX  1.00E+00
 TTTTTTTTTTTTTTTTTTTTTTTTTTTTTT DIIS        TELAPSE        6.09 TCPU        6.07
 TTTTTTTTTTTTTTTTTTTTTTTTTTTTTT FDIK        TELAPSE        6.10 TCPU        6.07
 INSULATING STATE
 TOP OF VALENCE BANDS -    BAND     10; K    1; EIG -3.0950586E-01 AU
 BOTTOM OF VIRTUAL BANDS - BAND     11; K    1; EIG  4.2306401E-01 AU
 DIRECT ENERGY BAND GAP:  19.9342 eV
 TTTTTTTTTTTTTTTTTTTTTTTTTTTTTT PDIG        TELAPSE        6.10 TCPU        6.08
 CHARGE NORMALIZATION FACTOR   1.00000000
 TOTAL ATOMIC CHARGES:
  10.0187392   9.9812608
 TTTTTTTTTTTTTTTTTTTTTTTTTTTTTT MOQGAD      TELAPSE        6.11 TCPU        6.08
 TTTTTTTTTTTTTTTTTTTTTTTTTTTTTT SHELLXN     TELAPSE        6.38 TCPU        6.36
 TTTTTTTTTTTTTTTTTTTTTTTTTTTTTT MONMO3      TELAPSE        6.38 TCPU        6.36
 CYC   1 ETOT(AU) -2.746642613801E+02 DETOT  4.95E-02 tst  0.00E+00 PX  1.83E-03
 TTTTTTTTTTTTTTTTTTTTTTTTTTTTTT DIIS        TELAPSE        6.39 TCPU        6.36
 DIIS TEST: 0.17143E-04 AT SCF   CYCLE   1 - MIX   30 %
 TTTTTTTTTTTTTTTTTTTTTTTTTTTTTT FDIK        TELAPSE        6.39 TCPU        6.36
 INSULATING STATE
 TOP OF VALENCE BANDS -    BAND     10; K    1; EIG -3.0823949E-01 AU
 BOTTOM OF VIRTUAL BANDS - BAND     11; K    1; EIG  4.2453636E-01 AU
 DIRECT ENERGY BAND GAP:  19.9399 eV
 TTTTTTTTTTTTTTTTTTTTTTTTTTTTTT PDIG        TELAPSE        6.40 TCPU        6.37
 CHARGE NORMALIZATION FACTOR   1.00000000
 TOTAL ATOMIC CHARGES:
  10.0186203   9.9813797
 TTTTTTTTTTTTTTTTTTTTTTTTTTTTTT MOQGAD      TELAPSE        6.40 TCPU        6.37
 TTTTTTTTTTTTTTTTTTTTTTTTTTTTTT SHELLXN     TELAPSE        6.67 TCPU        6.65
 TTTTTTTTTTTTTTTTTTTTTTTTTTTTTT MONMO3      TELAPSE        6.68 TCPU        6.65
 CYC   2 ETOT(AU) -2.746642655411E+02 DETOT -4.16E-06 tst  4.03E-07 PX  1.40E-03
 TTTTTTTTTTTTTTTTTTTTTTTTTTTTTT DIIS        TELAPSE        6.68 TCPU        6.65
 DIIS TEST: 0.50127E-06 AT SCF   CYCLE   2 - DIIS ACTIVE - HISTORY:     2 CYCLES
 TTTTTTTTTTTTTTTTTTTTTTTTTTTTTT FDIK        TELAPSE        6.68 TCPU        6.65
 INSULATING STATE
 TOP OF VALENCE BANDS -    BAND     10; K    1; EIG -3.0868006E-01 AU
 BOTTOM OF VIRTUAL BANDS - BAND     11; K    1; EIG  4.2470121E-01 AU
 DIRECT ENERGY BAND GAP:  19.9563 eV
 TTTTTTTTTTTTTTTTTTTTTTTTTTTTTT PDIG        TELAPSE        6.69 TCPU        6.66
 CHARGE NORMALIZATION FACTOR   1.00000000
 TOTAL ATOMIC CHARGES:
  10.0184674   9.9815326
 TTTTTTTTTTTTTTTTTTTTTTTTTTTTTT MOQGAD      TELAPSE        6.69 TCPU        6.66
 TTTTTTTTTTTTTTTTTTTTTTTTTTTTTT SHELLXN     TELAPSE        6.96 TCPU        6.93
 TTTTTTTTTTTTTTTTTTTTTTTTTTTTTT MONMO3      TELAPSE        6.97 TCPU        6.94
 CYC   3 ETOT(AU) -2.746642654557E+02 DETOT  8.54E-08 tst  8.83E-08 PX  2.78E-04
 TTTTTTTTTTTTTTTTTTTTTTTTTTTTTT DIIS        TELAPSE        6.97 TCPU        6.94
 DIIS TEST: 0.10349E-06 AT SCF   CYCLE   3 - DIIS ACTIVE - HISTORY:     3 CYCLES
 TTTTTTTTTTTTTTTTTTTTTTTTTTTTTT FDIK        TELAPSE        6.97 TCPU        6.94
 INSULATING STATE
 TOP OF VALENCE BANDS -    BAND     10; K    1; EIG -3.0850477E-01 AU
 BOTTOM OF VIRTUAL BANDS - BAND     11; K    1; EIG  4.2489799E-01 AU
 DIRECT ENERGY BAND GAP:  19.9569 eV
 TTTTTTTTTTTTTTTTTTTTTTTTTTTTTT PDIG        TELAPSE        6.98 TCPU        6.95
 CHARGE NORMALIZATION FACTOR   1.00000000
 TOTAL ATOMIC CHARGES:
  10.0184491   9.9815509
 TTTTTTTTTTTTTTTTTTTTTTTTTTTTTT MOQGAD      TELAPSE        6.98 TCPU        6.95
 TTTTTTTTTTTTTTTTTTTTTTTTTTTTTT SHELLXN     TELAPSE        7.25 TCPU        7.22
 +++ ENERGIES IN A.U. +++
 ::: EXT EL-POLE                                  -5.3135150160899E+02
 ::: EXT EL-SPHEROPOLE                             4.0261248940015E+00
 ::: BIELET ZONE E-E                               5.7373386923308E+02
 ::: TOTAL E-E                                     4.6408492518093E+01
 ::: TOTAL E-N + N-E                              -5.2237345247984E+02
 ::: TOTAL N-N                                    -7.3386967166093E+01
 ::: KINETIC ENERGY                                2.7468766165460E+02
 ::: TOTAL   ENERGY                               -2.7466426547324E+02
 ::: VIRIAL COEFFICIENT                            1.0000425886944E+00
 TTTTTTTTTTTTTTTTTTTTTTTTTTTTTT MONMO3      TELAPSE        7.26 TCPU        7.23
 CYC   4 ETOT(AU) -2.746642654732E+02 DETOT -1.75E-08 tst  3.80E-09 PX  2.78E-04

 == SCF ENDED - CONVERGENCE ON ENERGY      E(AU) -2.7466426547324E+02 CYCLES   4

 TOTAL ENERGY(HF)(AU)(   4) -2.7466426547324E+02 DE-1.8E-08 tst 3.8E-09 PX 2.8E-04

 *******************************************************************************
 *                             FORCE CALCULATION                               *
 *******************************************************************************

 INFORMATION **** EXCPOG **** EXCH. BIPO BUFFER LENGTH (WORDS) =      409896
 INFORMATION **** GENPOG **** BIPO BUFFER LENGTH (WORDS) =       26000
 TTTTTTTTTTTTTTTTTTTTTTTTTTTTTT SHELXG      TELAPSE       10.79 TCPU       10.75

 CARTESIAN FORCES IN HARTREE/BOHR (ANALYTICAL)
   ATOM                     X                   Y                   Z
   1  12             6.109861426622E-18 -5.567760340379E-18 -9.499151326928E-16
   2   8            -5.170219543801E-18  5.531620267963E-18  9.499151326928E-16

 RESULTANT FORCE     9.396418828208E-19 -3.614007241618E-20  0.000000000000E+00

 ATOMIC PART

 THERE ARE NO SYMMETRY ALLOWED DIRECTIONS

 CELL PART

 GRADIENT WITH RESPECT TO THE CELL PARAMETER IN HARTREE/BOHR
ORDER: -D/DA1X, -D/DA1Y, -D/DA1Z
       -D/DA2X, -D/DA2Y, -D/DA2Z
       -D/DA3X, -D/DA3Y, -D/DA3Z
  0.156880253076E-03 -0.156880253076E-03 -0.156880253077E-03
 -0.156880253076E-03  0.156880253076E-03 -0.156880253077E-03
 -0.156880253077E-03 -0.156880253077E-03  0.156880253077E-03

STRESS TENSOR, IN HARTREE/BOHR^3:
ORDER: 11 12 13
       21 22 23
       31 32 33
  0.999669211824E-05  0.471579262725E-17  0.617350971152E-22
  0.235809066293E-16  0.999669211824E-05 -0.943269758247E-17
  0.320838268291E-21 -0.471611940637E-17  0.999669211827E-05

PRESSURE FROM THE STRESS TENSOR,
IN HARTREE/BOHR^3: -0.99967E-05
PRESSURE IN GIGAPASCAL: -0.2941E+00
CONVERSION FACTOR: 1 HARTREE/BOHR^3= 29421 GIGAPASCAL
WHEN USING VALUES FOR BOHR RADIUS AND HARTREE
FROM IUPAC WEBSITE, APRIL 2009
ENTHALPY: -2.7466550842496E+02

 SYMMETRY ALLOWED FORCES (ANALYTICAL) (DIRECTION, FORCE)

    1 -2.1528555E-03
 TTTTTTTTTTTTTTTTTTTTTTTTTTTTTT TOTGRA      TELAPSE       10.93 TCPU       10.90
 INFORMATION **** optc002 **** GEOMETRY OUTPUT FILE

 *******************************************************************************
 TEST11 - MGO BULK                                                               
 CRYSTAL - SCF - TYPE OF CALCULATION :  RESTRICTED CLOSED SHELL
 *******************************************************************************

 CAPPA:IS1  8;IS2  8;IS3  8; K PTS MONK NET  29; SYMMOPS:K SPACE  48;G SPACE  48

 TTTTTTTTTTTTTTTTTTTTTTTTTTTTTT SDIK        TELAPSE       10.96 TCPU       10.92

 INFORMATION FROM INTEGRAL EVALUATION

 RESTART FROM A PREVIOUS DENSITY MATRIX - DEP ACTIVE
 NUMBER OF COUPLE SETS (NEW, OLD, FOUND):      21      21      21
 NUMBER OF IRREDUCIBLE G VECTORS        :      75      75      75
 CHARGE NORMALIZATION FACTOR   1.00003899
 TOTAL ATOMIC CHARGES:
  10.0186764   9.9813236
 TTTTTTTTTTTTTTTTTTTTTTTTTTTTTT MOQGAD      TELAPSE       10.96 TCPU       10.92
 TTTTTTTTTTTTTTTTTTTTTTTTTTTTTT SHELLXN     TELAPSE       11.27 TCPU       11.23
 TTTTTTTTTTTTTTTTTTTTTTTTTTTTTT MONMO3      TELAPSE       11.27 TCPU       11.23
 CYC   0 ETOT(AU) -2.746704832108E+02 DETOT -2.75E+02 tst  3.80E-09 PX  1.00E+00
 TTTTTTTTTTTTTTTTTTTTTTTTTTTTTT DIIS        TELAPSE       11.27 TCPU       11.23
 TTTTTTTTTTTTTTTTTTTTTTTTTTTTTT FDIK        TELAPSE       11.28 TCPU       11.23
 INSULATING STATE
 TOP OF VALENCE BANDS -    BAND     10; K    1; EIG -3.0841485E-01 AU
 BOTTOM OF VIRTUAL BANDS - BAND     11; K    1; EIG  4.2530609E-01 AU
 DIRECT ENERGY BAND GAP:  19.9656 eV
 TTTTTTTTTTTTTTTTTTTTTTTTTTTTTT PDIG        TELAPSE       11.28 TCPU       11.24
 CHARGE NORMALIZATION FACTOR   1.00000000
 TOTAL ATOMIC CHARGES:
  10.0181666   9.9818334
 TTTTTTTTTTTTTTTTTTTTTTTTTTTTTT MOQGAD      TELAPSE       11.29 TCPU       11.25
 TTTTTTTTTTTTTTTTTTTTTTTTTTTTTT SHELLXN     TELAPSE       11.56 TCPU       11.52
 TTTTTTTTTTTTTTTTTTTTTTTTTTTTTT MONMO3      TELAPSE       11.56 TCPU       11.52
 CYC   1 ETOT(AU) -2.746642656914E+02 DETOT  6.22E-03 tst  0.00E+00 PX  2.15E-04
 TTTTTTTTTTTTTTTTTTTTTTTTTTTTTT DIIS        TELAPSE       11.57 TCPU       11.53
 DIIS TEST: 0.25406E-06 AT SCF   CYCLE   1 - MIX   30 %
 TTTTTTTTTTTTTTTTTTTTTTTTTTTTTT FDIK        TELAPSE       11.57 TCPU       11.53
 INSULATING STATE
 TOP OF VALENCE BANDS -    BAND     10; K    1; EIG -3.0826816E-01 AU
 BOTTOM OF VIRTUAL BANDS - BAND     11; K    1; EIG  4.2548416E-01 AU
 DIRECT ENERGY BAND GAP:  19.9664 eV
 TTTTTTTTTTTTTTTTTTTTTTTTTTTTTT PDIG        TELAPSE       11.58 TCPU       11.53
 CHARGE NORMALIZATION FACTOR   1.00000000
 TOTAL ATOMIC CHARGES:
  10.0181515   9.9818485
 TTTTTTTTTTTTTTTTTTTTTTTTTTTTTT MOQGAD      TELAPSE       11.58 TCPU       11.54
 TTTTTTTTTTTTTTTTTTTTTTTTTTTTTT SHELLXN     TELAPSE       11.85 TCPU       11.81
 TTTTTTTTTTTTTTTTTTTTTTTTTTTTTT MONMO3      TELAPSE       11.86 TCPU       11.81
 CYC   2 ETOT(AU) -2.746642657161E+02 DETOT -2.46E-08 tst  5.65E-09 PX  1.70E-04
 TTTTTTTTTTTTTTTTTTTTTTTTTTTTTT DIIS        TELAPSE       11.86 TCPU       11.82
 DIIS TEST: 0.74552E-08 AT SCF   CYCLE   2 - DIIS ACTIVE - HISTORY:     2 CYCLES
 TTTTTTTTTTTTTTTTTTTTTTTTTTTTTT FDIK        TELAPSE       11.86 TCPU       11.82
 INSULATING STATE
 TOP OF VALENCE BANDS -    BAND     10; K    1; EIG -3.0832155E-01 AU
 BOTTOM OF VIRTUAL BANDS - BAND     11; K    1; EIG  4.2550739E-01 AU
 DIRECT ENERGY BAND GAP:  19.9685 eV
 TTTTTTTTTTTTTTTTTTTTTTTTTTTTTT PDIG        TELAPSE       11.87 TCPU       11.83
 CHARGE NORMALIZATION FACTOR   1.00000000
 TOTAL ATOMIC CHARGES:
  10.0181328   9.9818672
 TTTTTTTTTTTTTTTTTTTTTTTTTTTTTT MOQGAD      TELAPSE       11.88 TCPU       11.83
 TTTTTTTTTTTTTTTTTTTTTTTTTTTTTT SHELLXN     TELAPSE       12.15 TCPU       12.10
 +++ ENERGIES IN A.U. +++
 ::: EXT EL-POLE                                  -5.3161518998427E+02
 ::: EXT EL-SPHEROPOLE                             4.0301381028190E+00
 ::: BIELET ZONE E-E                               5.7397125046567E+02
 ::: TOTAL E-E                                     4.6386198584215E+01
 ::: TOTAL E-N + N-E                              -5.2231878194015E+02
 ::: TOTAL N-N                                    -7.3423375279699E+01
 ::: KINETIC ENERGY                                2.7469169295075E+02
 ::: TOTAL   ENERGY                               -2.7466426568489E+02
 ::: VIRIAL COEFFICIENT                            1.0000499262189E+00
 TTTTTTTTTTTTTTTTTTTTTTTTTTTTTT MONMO3      TELAPSE       12.15 TCPU       12.10
 CYC   3 ETOT(AU) -2.746642656849E+02 DETOT  3.12E-08 tst  1.42E-09 PX  1.70E-04

 == SCF ENDED - CONVERGENCE ON ENERGY      E(AU) -2.7466426568489E+02 CYCLES   3

 TOTAL ENERGY(HF)(AU)(   3) -2.7466426568489E+02 DE 3.1E-08 tst 1.4E-09 PX 1.7E-04

 *******************************************************************************
 *                             FORCE CALCULATION                               *
 *******************************************************************************

 INFORMATION **** EXCPOG **** EXCH. BIPO BUFFER LENGTH (WORDS) =      409896
 INFORMATION **** GENPOG **** BIPO BUFFER LENGTH (WORDS) =       26000
 TTTTTTTTTTTTTTTTTTTTTTTTTTTTTT SHELXG      TELAPSE       15.67 TCPU       15.62

 CARTESIAN FORCES IN HARTREE/BOHR (ANALYTICAL)
   ATOM                     X                   Y                   Z
   1  12             1.207157978622E-15 -3.204628714947E-16  8.666424147576E-16
   2   8            -1.205820795942E-15  3.204628714947E-16 -8.666424147576E-16

 RESULTANT FORCE     1.337182679399E-18  0.000000000000E+00  0.000000000000E+00

 ATOMIC PART

 THERE ARE NO SYMMETRY ALLOWED DIRECTIONS

 CELL PART

 GRADIENT WITH RESPECT TO THE CELL PARAMETER IN HARTREE/BOHR
ORDER: -D/DA1X, -D/DA1Y, -D/DA1Z
       -D/DA2X, -D/DA2Y, -D/DA2Z
       -D/DA3X, -D/DA3Y, -D/DA3Z
 -0.108042244763E-05  0.108042244808E-05  0.108042244852E-05
  0.108042244704E-05 -0.108042244763E-05  0.108042244763E-05
  0.108042244763E-05  0.108042244763E-05 -0.108042244808E-05

STRESS TENSOR, IN HARTREE/BOHR^3:
ORDER: 11 12 13
       21 22 23
       31 32 33
 -0.689147911383E-07  0.669835652709E-23  0.188841686642E-16
  0.284759286831E-23 -0.689147911714E-07 -0.141631254493E-16
  0.141631254493E-16 -0.141631242759E-16 -0.689147911855E-07

PRESSURE FROM THE STRESS TENSOR,
IN HARTREE/BOHR^3:  0.68915E-07
PRESSURE IN GIGAPASCAL:  0.2028E-02
CONVERSION FACTOR: 1 HARTREE/BOHR^3= 29421 GIGAPASCAL
WHEN USING VALUES FOR BOHR RADIUS AND HARTREE
FROM IUPAC WEBSITE, APRIL 2009
ENTHALPY: -2.7466425712902E+02

 SYMMETRY ALLOWED FORCES (ANALYTICAL) (DIRECTION, FORCE)

    1  1.4819201E-05
 TTTTTTTTTTTTTTTTTTTTTTTTTTTTTT TOTGRA      TELAPSE       15.79 TCPU       15.74
 INFORMATION **** optc003 **** GEOMETRY OUTPUT FILE

 GCALCO - MAX INDICES DIRECT LATTICE VECTOR    14    14    14
 NO.OF VECTORS CREATED 6999 STARS  105 RMAX    59.26060 BOHR
 TTTTTTTTTTTTTTTTTTTTTTTTTTTTTT gordsh1     TELAPSE       15.80 TCPU       15.74

 MATRIX SIZE: P(G)   18058, F(G)    3490, P(G) IRR     880, F(G) IRR     486
 MAX G-VECTOR INDEX FOR 1- AND 2-ELECTRON INTEGRALS 247

 TTTTTTTTTTTTTTTTTTTTTTTTTTTTTT INPUT       TELAPSE       15.80 TCPU       15.75

 NEIGHBORS OF THE NON-EQUIVALENT ATOMS

 N = NUMBER OF NEIGHBORS AT DISTANCE R
    ATOM  N     R/ANG      R/AU   NEIGHBORS (ATOM LABELS AND CELL INDICES)
   1 MG   6     2.0953     3.9595    2 O   -1 0 0    2 O    0-1 0    2 O    0 0-1
                                     2 O   -1-1 0    2 O   -1 0-1    2 O    0-1-1
   1 MG  12     2.9632     5.5996    1 MG  -1 0 0    1 MG   1 0 0    1 MG  -1 0 1
                                     1 MG   1 0-1    1 MG  -1 1 0    1 MG   1-1 0
                                     1 MG   0-1 0    1 MG   0 1 0    1 MG   0-1 1
                                     1 MG   0 1-1    1 MG   0 0-1    1 MG   0 0 1
   1 MG   8     3.6291     6.8581    2 O    0 0 0    2 O   -1-1 1    2 O   -1 1-1
                                     2 O    1-1-1    2 O   -2 0 0    2 O    0-2 0
                                     2 O    0 0-2    2 O   -1-1-1
   1 MG   6     4.1906     7.9190    1 MG  -1-1 1    1 MG   1 1-1    1 MG  -1 1-1
                                     1 MG   1-1 1    1 MG  -1 1 1    1 MG   1-1-1
   1 MG  24     4.6852     8.8537    2 O    1 0-1    2 O   -1 0 1    2 O    1-1 0
                                     2 O   -1 1 0    2 O    0 1-1    2 O    0-1 1
                                     2 O   -2 0 1    2 O   -2 1 0    2 O    1 0-2
                                     2 O    1-2 0    2 O    0-2 1    2 O    0 1-2
                                     2 O   -2-1 1    2 O   -2 1-1    2 O   -1-2 1
                                     2 O   -1 1-2    2 O    1-1-2    2 O    1-2-1
                                     2 O   -2-1 0    2 O   -2 0-1    2 O   -1-2 0
                                     2 O   -1 0-2    2 O    0-2-1    2 O    0-1-2
   1 MG  24     5.1324     9.6988    1 MG  -2 0 1    1 MG   2 0-1    1 MG  -2 1 0
                                     1 MG   2-1 0    1 MG  -2 1 1    1 MG   2-1-1
                                     1 MG  -1-1 0    1 MG   1 1 0    1 MG  -1-1 2
                                     1 MG   1 1-2    1 MG  -1 0-1    1 MG   1 0 1
                                     1 MG  -1 0 2    1 MG   1 0-2    1 MG  -1 2-1
                                     1 MG   1-2 1    1 MG  -1 2 0    1 MG   1-2 0
                                     1 MG   0-2 1    1 MG   0 2-1    1 MG   0-1-1
                                     1 MG   0 1 1    1 MG   0-1 2    1 MG   0 1-2

   2 O    6     2.0953     3.9595    1 MG   1 0 0    1 MG   0 1 0    1 MG   0 0 1
                                     1 MG   1 1 0    1 MG   1 0 1    1 MG   0 1 1
   2 O   12     2.9632     5.5996    2 O   -1 0 0    2 O    1 0 0    2 O   -1 0 1
                                     2 O    1 0-1    2 O   -1 1 0    2 O    1-1 0
                                     2 O    0-1 0    2 O    0 1 0    2 O    0-1 1
                                     2 O    0 1-1    2 O    0 0-1    2 O    0 0 1
   2 O    8     3.6291     6.8581    1 MG   0 0 0    1 MG   1 1-1    1 MG   1-1 1
                                     1 MG  -1 1 1    1 MG   2 0 0    1 MG   0 2 0
                                     1 MG   0 0 2    1 MG   1 1 1
   2 O    6     4.1906     7.9190    2 O   -1-1 1    2 O    1 1-1    2 O   -1 1-1
                                     2 O    1-1 1    2 O   -1 1 1    2 O    1-1-1
   2 O   24     4.6852     8.8537    1 MG  -1 0 1    1 MG   1 0-1    1 MG  -1 1 0
                                     1 MG   1-1 0    1 MG   0-1 1    1 MG   0 1-1
                                     1 MG   2 0-1    1 MG   2-1 0    1 MG  -1 0 2
                                     1 MG  -1 2 0    1 MG   0 2-1    1 MG   0-1 2
                                     1 MG   2 1-1    1 MG   2-1 1    1 MG   1 2-1
                                     1 MG   1-1 2    1 MG  -1 1 2    1 MG  -1 2 1
                                     1 MG   2 1 0    1 MG   2 0 1    1 MG   1 2 0
                                     1 MG   1 0 2    1 MG   0 2 1    1 MG   0 1 2
   2 O   24     5.1324     9.6988    2 O   -2 0 1    2 O    2 0-1    2 O   -2 1 0
                                     2 O    2-1 0    2 O   -2 1 1    2 O    2-1-1
                                     2 O   -1-1 0    2 O    1 1 0    2 O   -1-1 2
                                     2 O    1 1-2    2 O   -1 0-1    2 O    1 0 1
                                     2 O   -1 0 2    2 O    1 0-2    2 O   -1 2-1
                                     2 O    1-2 1    2 O   -1 2 0    2 O    1-2 0
                                     2 O    0-2 1    2 O    0 2-1    2 O    0-1-1
                                     2 O    0 1 1    2 O    0-1 2    2 O    0 1-2

 TTTTTTTTTTTTTTTTTTTTTTTTTTTTTT SYMM        TELAPSE       15.81 TCPU       15.75

 ***** NEW REFERENCE GEOMETRY *****
 TTTTTTTTTTTTTTTTTTTTTTTTTTTTTT INT_SCREEN  TELAPSE       15.81 TCPU       15.75

 *******************************************************************************
 TEST11 - MGO BULK                                                               
 CRYSTAL - SCF - TYPE OF CALCULATION :  RESTRICTED CLOSED SHELL
 *******************************************************************************

 CAPPA:IS1  8;IS2  8;IS3  8; K PTS MONK NET  29; SYMMOPS:K SPACE  48;G SPACE  48

 TTTTTTTTTTTTTTTTTTTTTTTTTTTTTT SDIK        TELAPSE       15.83 TCPU       15.77

 INFORMATION FROM INTEGRAL EVALUATION

 RESTART FROM A PREVIOUS DENSITY MATRIX - DEP ACTIVE
 NUMBER OF COUPLE SETS (NEW, OLD, FOUND):      21      21      21
 NUMBER OF IRREDUCIBLE G VECTORS        :      76      75      75
 CHARGE NORMALIZATION FACTOR   0.99999973
 TOTAL ATOMIC CHARGES:
  10.0181312   9.9818688
 TTTTTTTTTTTTTTTTTTTTTTTTTTTTTT MOQGAD      TELAPSE       15.83 TCPU       15.77
 TTTTTTTTTTTTTTTTTTTTTTTTTTTTTT SHELLXN     TELAPSE       16.12 TCPU       16.06
 TTTTTTTTTTTTTTTTTTTTTTTTTTTTTT MONMO3      TELAPSE       16.12 TCPU       16.06
 CYC   0 ETOT(AU) -2.746642316279E+02 DETOT -2.75E+02 tst  1.42E-09 PX  1.00E+00
 TTTTTTTTTTTTTTTTTTTTTTTTTTTTTT DIIS        TELAPSE       16.12 TCPU       16.07
 TTTTTTTTTTTTTTTTTTTTTTTTTTTTTT FDIK        TELAPSE       16.13 TCPU       16.07
 INSULATING STATE
 TOP OF VALENCE BANDS -    BAND     10; K    1; EIG -3.0827951E-01 AU
 BOTTOM OF VIRTUAL BANDS - BAND     11; K    1; EIG  4.2555961E-01 AU
 DIRECT ENERGY BAND GAP:  19.9688 eV
 TTTTTTTTTTTTTTTTTTTTTTTTTTTTTT PDIG        TELAPSE       16.14 TCPU       16.08
 CHARGE NORMALIZATION FACTOR   1.00000000
 TOTAL ATOMIC CHARGES:
  10.0181278   9.9818722
 TTTTTTTTTTTTTTTTTTTTTTTTTTTTTT MOQGAD      TELAPSE       16.14 TCPU       16.08
 TTTTTTTTTTTTTTTTTTTTTTTTTTTTTT SHELLXN     TELAPSE       16.43 TCPU       16.37
 TTTTTTTTTTTTTTTTTTTTTTTTTTTTTT MONMO3      TELAPSE       16.43 TCPU       16.37
 CYC   1 ETOT(AU) -2.746642753981E+02 DETOT -4.38E-05 tst  0.00E+00 PX  1.27E-04
 TTTTTTTTTTTTTTTTTTTTTTTTTTTTTT DIIS        TELAPSE       16.43 TCPU       16.37
 DIIS TEST: 0.93649E-08 AT SCF   CYCLE   1 - MIX   30 %
 TTTTTTTTTTTTTTTTTTTTTTTTTTTTTT FDIK        TELAPSE       16.43 TCPU       16.37
 INSULATING STATE
 TOP OF VALENCE BANDS -    BAND     10; K    1; EIG -3.0828868E-01 AU
 BOTTOM OF VIRTUAL BANDS - BAND     11; K    1; EIG  4.2555698E-01 AU
 DIRECT ENERGY BAND GAP:  19.9690 eV
 TTTTTTTTTTTTTTTTTTTTTTTTTTTTTT PDIG        TELAPSE       16.44 TCPU       16.38
 CHARGE NORMALIZATION FACTOR   1.00000000
 TOTAL ATOMIC CHARGES:
  10.0181268   9.9818732
 TTTTTTTTTTTTTTTTTTTTTTTTTTTTTT MOQGAD      TELAPSE       16.45 TCPU       16.38
 TTTTTTTTTTTTTTTTTTTTTTTTTTTTTT SHELLXN     TELAPSE       16.73 TCPU       16.67
 TTTTTTTTTTTTTTTTTTTTTTTTTTTTTT MONMO3      TELAPSE       16.74 TCPU       16.67
 CYC   2 ETOT(AU) -2.746642754016E+02 DETOT -3.42E-09 tst  2.73E-10 PX  1.04E-05
 TTTTTTTTTTTTTTTTTTTTTTTTTTTTTT DIIS        TELAPSE       16.74 TCPU       16.68
 DIIS TEST: 0.70169E-09 AT SCF   CYCLE   2 - DIIS ACTIVE - HISTORY:     2 CYCLES
 TTTTTTTTTTTTTTTTTTTTTTTTTTTTTT FDIK        TELAPSE       16.74 TCPU       16.68
 INSULATING STATE
 TOP OF VALENCE BANDS -    BAND     10; K    1; EIG -3.0828076E-01 AU
 BOTTOM OF VIRTUAL BANDS - BAND     11; K    1; EIG  4.2556422E-01 AU
 DIRECT ENERGY BAND GAP:  19.9689 eV
 TTTTTTTTTTTTTTTTTTTTTTTTTTTTTT PDIG        TELAPSE       16.75 TCPU       16.69
 CHARGE NORMALIZATION FACTOR   1.00000000
 TOTAL ATOMIC CHARGES:
  10.0181268   9.9818732
 TTTTTTTTTTTTTTTTTTTTTTTTTTTTTT MOQGAD      TELAPSE       16.75 TCPU       16.69
 TTTTTTTTTTTTTTTTTTTTTTTTTTTTTT SHELLXN     TELAPSE       17.04 TCPU       16.97
 +++ ENERGIES IN A.U. +++
 ::: EXT EL-POLE                                  -5.6906462642423E+02
 ::: EXT EL-SPHEROPOLE                             4.0301391224181E+00
 ::: BIELET ZONE E-E                               6.1142075542806E+02
 ::: TOTAL E-E                                     4.6386268126243E+01
 ::: TOTAL E-N + N-E                              -5.2231897900039E+02
 ::: TOTAL N-N                                    -7.3423126378270E+01
 ::: KINETIC ENERGY                                2.7469156184873E+02
 ::: TOTAL   ENERGY                               -2.7466427540369E+02
 ::: VIRIAL COEFFICIENT                            1.0000496698919E+00
 TTTTTTTTTTTTTTTTTTTTTTTTTTTTTT MONMO3      TELAPSE       17.04 TCPU       16.98
 CYC   3 ETOT(AU) -2.746642754037E+02 DETOT -2.12E-09 tst  5.21E-11 PX  1.04E-05

 == SCF ENDED - CONVERGENCE ON ENERGY      E(AU) -2.7466427540369E+02 CYCLES   3

 TOTAL ENERGY(HF)(AU)(   3) -2.7466427540369E+02 DE-2.1E-09 tst 5.2E-11 PX 1.0E-05

 *******************************************************************************
 *                             FORCE CALCULATION                               *
 *******************************************************************************

 INFORMATION **** EXCPOG **** EXCH. BIPO BUFFER LENGTH (WORDS) =      419112
 INFORMATION **** GENPOG **** BIPO BUFFER LENGTH (WORDS) =       26800
 TTTTTTTTTTTTTTTTTTTTTTTTTTTTTT SHELXG      TELAPSE       20.74 TCPU       20.67

 CARTESIAN FORCES IN HARTREE/BOHR (ANALYTICAL)
   ATOM                     X                   Y                   Z
   1  12             4.165925018376E-16  4.137571301115E-16  4.175495500500E-16
   2   8            -4.147854982168E-16 -4.137571301115E-16 -4.175495500500E-16

 RESULTANT FORCE     1.807003620809E-18  0.000000000000E+00  0.000000000000E+00

 ATOMIC PART

 THERE ARE NO SYMMETRY ALLOWED DIRECTIONS

 CELL PART

 GRADIENT WITH RESPECT TO THE CELL PARAMETER IN HARTREE/BOHR
ORDER: -D/DA1X, -D/DA1Y, -D/DA1Z
       -D/DA2X, -D/DA2Y, -D/DA2Z
       -D/DA3X, -D/DA3Y, -D/DA3Z
  0.149489007067E-04 -0.149489007070E-04 -0.149489007064E-04
 -0.149489007056E-04  0.149489007070E-04 -0.149489007068E-04
 -0.149489007067E-04 -0.149489007064E-04  0.149489007065E-04

STRESS TENSOR, IN HARTREE/BOHR^3:
ORDER: 11 12 13
       21 22 23
       31 32 33
  0.953509794073E-06 -0.403924999579E-22 -0.330470764407E-16
 -0.188840309853E-16  0.953509794106E-06  0.208022501050E-22
  0.944202657504E-17 -0.472102063514E-17  0.953509794101E-06

PRESSURE FROM THE STRESS TENSOR,
IN HARTREE/BOHR^3: -0.95351E-06
PRESSURE IN GIGAPASCAL: -0.2805E-01
CONVERSION FACTOR: 1 HARTREE/BOHR^3= 29421 GIGAPASCAL
WHEN USING VALUES FOR BOHR RADIUS AND HARTREE
FROM IUPAC WEBSITE, APRIL 2009
ENTHALPY: -2.7466439378450E+02

 SYMMETRY ALLOWED FORCES (ANALYTICAL) (DIRECTION, FORCE)

    1 -2.0504158E-04
 TTTTTTTTTTTTTTTTTTTTTTTTTTTTTT TOTGRA      TELAPSE       20.86 TCPU       20.79
 INFORMATION **** optc004 **** GEOMETRY OUTPUT FILE
