
 *******************************************************************************
 SILICON BULK - BASIS SET 6-21 MODIFIED                                          
 CRYSTAL - SCF - TYPE OF CALCULATION :  RESTRICTED CLOSED SHELL
 *******************************************************************************

 CAPPA:IS1  8;IS2  8;IS3  8; K PTS MONK NET  29; SYMMOPS:K SPACE  48;G SPACE  48

 TTTTTTTTTTTTTTTTTTTTTTTTTTTTTT SDIK        TELAPSE        9.67 TCPU        9.64

 INFORMATION FROM INTEGRAL EVALUATION

 RESTART FROM A PREVIOUS DENSITY MATRIX - DEP ACTIVE
 NUMBER OF COUPLE SETS (NEW, OLD, FOUND):      19      19      19
 NUMBER OF IRREDUCIBLE G VECTORS        :      84      84      84
 CHARGE NORMALIZATION FACTOR   1.00021958
 TOTAL ATOMIC CHARGES:
  14.0000000  14.0000000
 TTTTTTTTTTTTTTTTTTTTTTTTTTTTTT MOQGAD      TELAPSE        9.67 TCPU        9.64
 TTTTTTTTTTTTTTTTTTTTTTTTTTTTTT SHELLXN     TELAPSE       10.10 TCPU       10.07
 TTTTTTTTTTTTTTTTTTTTTTTTTTTTTT MONMO3      TELAPSE       10.10 TCPU       10.07
 CYC   0 ETOT(AU) -5.778721355290E+02 DETOT -5.78E+02 tst  8.74E-12 PX  1.00E+00
 TTTTTTTTTTTTTTTTTTTTTTTTTTTTTT DIIS        TELAPSE       10.10 TCPU       10.07
 TTTTTTTTTTTTTTTTTTTTTTTTTTTTTT FDIK        TELAPSE       10.11 TCPU       10.08
 INSULATING STATE
 TOP OF VALENCE BANDS -    BAND     14; K    1; EIG -1.8037113E-01 AU
 BOTTOM OF VIRTUAL BANDS - BAND     15; K   18; EIG  4.4840276E-02 AU
 INDIRECT ENERGY BAND GAP:   6.1283 eV
 BOTTOM OF VIRTUAL BANDS - BAND     15; K    1; EIG  1.0596590E-01 AU
 TTTTTTTTTTTTTTTTTTTTTTTTTTTTTT PDIG        TELAPSE       10.12 TCPU       10.09
 CHARGE NORMALIZATION FACTOR   1.00000000
 TOTAL ATOMIC CHARGES:
  14.0000000  14.0000000
 TTTTTTTTTTTTTTTTTTTTTTTTTTTTTT MOQGAD      TELAPSE       10.12 TCPU       10.09
 TTTTTTTTTTTTTTTTTTTTTTTTTTTTTT SHELLXN     TELAPSE       10.55 TCPU       10.52
 TTTTTTTTTTTTTTTTTTTTTTTTTTTTTT MONMO3      TELAPSE       10.55 TCPU       10.52
 CYC   1 ETOT(AU) -5.778293919692E+02 DETOT  4.27E-02 tst  0.00E+00 PX  1.50E-02
 TTTTTTTTTTTTTTTTTTTTTTTTTTTTTT DIIS        TELAPSE       10.56 TCPU       10.52
 DIIS TEST: 0.55463E-04 AT SCF   CYCLE   1 - MIX   30 %
 TTTTTTTTTTTTTTTTTTTTTTTTTTTTTT FDIK        TELAPSE       10.56 TCPU       10.53
 INSULATING STATE
 TOP OF VALENCE BANDS -    BAND     14; K    1; EIG -1.7972906E-01 AU
 BOTTOM OF VIRTUAL BANDS - BAND     15; K   18; EIG  3.7363325E-02 AU
 INDIRECT ENERGY BAND GAP:   5.9074 eV
 BOTTOM OF VIRTUAL BANDS - BAND     15; K    1; EIG  1.0205846E-01 AU
 TTTTTTTTTTTTTTTTTTTTTTTTTTTTTT PDIG        TELAPSE       10.57 TCPU       10.54
 CHARGE NORMALIZATION FACTOR   1.00000000
 TOTAL ATOMIC CHARGES:
  14.0000000  14.0000000
 TTTTTTTTTTTTTTTTTTTTTTTTTTTTTT MOQGAD      TELAPSE       10.58 TCPU       10.54
 TTTTTTTTTTTTTTTTTTTTTTTTTTTTTT SHELLXN     TELAPSE       11.00 TCPU       10.97
 TTTTTTTTTTTTTTTTTTTTTTTTTTTTTT MONMO3      TELAPSE       11.01 TCPU       10.97
 CYC   2 ETOT(AU) -5.778295436637E+02 DETOT -1.52E-04 tst  1.62E-05 PX  1.77E-02
 TTTTTTTTTTTTTTTTTTTTTTTTTTTTTT DIIS        TELAPSE       11.01 TCPU       10.97
 DIIS TEST: 0.59347E-05 AT SCF   CYCLE   2 - DIIS ACTIVE - HISTORY:     2 CYCLES
 TTTTTTTTTTTTTTTTTTTTTTTTTTTTTT FDIK        TELAPSE       11.01 TCPU       10.98
 INSULATING STATE
 TOP OF VALENCE BANDS -    BAND     14; K    1; EIG -1.7950902E-01 AU
 BOTTOM OF VIRTUAL BANDS - BAND     15; K   18; EIG  3.3049572E-02 AU
 INDIRECT ENERGY BAND GAP:   5.7840 eV
 BOTTOM OF VIRTUAL BANDS - BAND     15; K    1; EIG  9.8409666E-02 AU
 TTTTTTTTTTTTTTTTTTTTTTTTTTTTTT PDIG        TELAPSE       11.03 TCPU       10.99
 CHARGE NORMALIZATION FACTOR   1.00000000
 TOTAL ATOMIC CHARGES:
  14.0000000  14.0000000
 TTTTTTTTTTTTTTTTTTTTTTTTTTTTTT MOQGAD      TELAPSE       11.03 TCPU       10.99
 TTTTTTTTTTTTTTTTTTTTTTTTTTTTTT SHELLXN     TELAPSE       11.46 TCPU       11.42
 TTTTTTTTTTTTTTTTTTTTTTTTTTTTTT MONMO3      TELAPSE       11.46 TCPU       11.42
 CYC   3 ETOT(AU) -5.778295999980E+02 DETOT -5.63E-05 tst  9.23E-06 PX  7.63E-03
 TTTTTTTTTTTTTTTTTTTTTTTTTTTTTT DIIS        TELAPSE       11.46 TCPU       11.43
 DIIS TEST: 0.10351E-07 AT SCF   CYCLE   3 - DIIS ACTIVE - HISTORY:     3 CYCLES
 TTTTTTTTTTTTTTTTTTTTTTTTTTTTTT FDIK        TELAPSE       11.46 TCPU       11.43
 INSULATING STATE
 TOP OF VALENCE BANDS -    BAND     14; K    1; EIG -1.7944098E-01 AU
 BOTTOM OF VIRTUAL BANDS - BAND     15; K   18; EIG  3.2846365E-02 AU
 INDIRECT ENERGY BAND GAP:   5.7766 eV
 BOTTOM OF VIRTUAL BANDS - BAND     15; K    1; EIG  9.8025559E-02 AU
 TTTTTTTTTTTTTTTTTTTTTTTTTTTTTT PDIG        TELAPSE       11.48 TCPU       11.44
 CHARGE NORMALIZATION FACTOR   1.00000000
 TOTAL ATOMIC CHARGES:
  14.0000000  14.0000000
 TTTTTTTTTTTTTTTTTTTTTTTTTTTTTT MOQGAD      TELAPSE       11.48 TCPU       11.45
 TTTTTTTTTTTTTTTTTTTTTTTTTTTTTT SHELLXN     TELAPSE       11.91 TCPU       11.87
 TTTTTTTTTTTTTTTTTTTTTTTTTTTTTT MONMO3      TELAPSE       11.91 TCPU       11.87
 CYC   4 ETOT(AU) -5.778295996067E+02 DETOT  3.91E-07 tst  1.73E-07 PX  4.89E-04
 TTTTTTTTTTTTTTTTTTTTTTTTTTTTTT DIIS        TELAPSE       11.92 TCPU       11.88
 DIIS TEST: 0.69989E-08 AT SCF   CYCLE   4 - DIIS ACTIVE - HISTORY:     4 CYCLES
 TTTTTTTTTTTTTTTTTTTTTTTTTTTTTT FDIK        TELAPSE       11.92 TCPU       11.88
 INSULATING STATE
 TOP OF VALENCE BANDS -    BAND     14; K    1; EIG -1.7939452E-01 AU
 BOTTOM OF VIRTUAL BANDS - BAND     15; K   18; EIG  3.2828769E-02 AU
 INDIRECT ENERGY BAND GAP:   5.7749 eV
 BOTTOM OF VIRTUAL BANDS - BAND     15; K    1; EIG  9.7858545E-02 AU
 TTTTTTTTTTTTTTTTTTTTTTTTTTTTTT PDIG        TELAPSE       11.93 TCPU       11.89
 CHARGE NORMALIZATION FACTOR   1.00000000
 TOTAL ATOMIC CHARGES:
  14.0000000  14.0000000
 TTTTTTTTTTTTTTTTTTTTTTTTTTTTTT MOQGAD      TELAPSE       11.93 TCPU       11.90
 TTTTTTTTTTTTTTTTTTTTTTTTTTTTTT SHELLXN     TELAPSE       12.36 TCPU       12.32
 TTTTTTTTTTTTTTTTTTTTTTTTTTTTTT MONMO3      TELAPSE       12.36 TCPU       12.32
 CYC   5 ETOT(AU) -5.778295992030E+02 DETOT  4.04E-07 tst  1.83E-08 PX  1.84E-04
 TTTTTTTTTTTTTTTTTTTTTTTTTTTTTT DIIS        TELAPSE       12.37 TCPU       12.33
 DIIS TEST: 0.69847E-08 AT SCF   CYCLE   5 - DIIS ACTIVE - HISTORY:     5 CYCLES
 TTTTTTTTTTTTTTTTTTTTTTTTTTTTTT FDIK        TELAPSE       12.37 TCPU       12.33
 INSULATING STATE
 TOP OF VALENCE BANDS -    BAND     14; K    1; EIG -1.7938640E-01 AU
 BOTTOM OF VIRTUAL BANDS - BAND     15; K   18; EIG  3.2827311E-02 AU
 INDIRECT ENERGY BAND GAP:   5.7746 eV
 BOTTOM OF VIRTUAL BANDS - BAND     15; K    1; EIG  9.7841470E-02 AU
 TTTTTTTTTTTTTTTTTTTTTTTTTTTTTT PDIG        TELAPSE       12.38 TCPU       12.34
 CHARGE NORMALIZATION FACTOR   1.00000000
 TOTAL ATOMIC CHARGES:
  14.0000000  14.0000000
 TTTTTTTTTTTTTTTTTTTTTTTTTTTTTT MOQGAD      TELAPSE       12.39 TCPU       12.35
 TTTTTTTTTTTTTTTTTTTTTTTTTTTTTT SHELLXN     TELAPSE       12.81 TCPU       12.77
 TTTTTTTTTTTTTTTTTTTTTTTTTTTTTT MONMO3      TELAPSE       12.82 TCPU       12.77
 CYC   6 ETOT(AU) -5.778295991555E+02 DETOT  4.75E-08 tst  3.14E-10 PX  2.67E-05
 TTTTTTTTTTTTTTTTTTTTTTTTTTTTTT DIIS        TELAPSE       12.82 TCPU       12.78
 DIIS TEST: 0.90987E-10 AT SCF   CYCLE   6 - DIIS ACTIVE - HISTORY:     6 CYCLES
 TTTTTTTTTTTTTTTTTTTTTTTTTTTTTT FDIK        TELAPSE       12.82 TCPU       12.78
 INSULATING STATE
 TOP OF VALENCE BANDS -    BAND     14; K    1; EIG -1.7936484E-01 AU
 BOTTOM OF VIRTUAL BANDS - BAND     15; K   18; EIG  3.2820884E-02 AU
 INDIRECT ENERGY BAND GAP:   5.7739 eV
 BOTTOM OF VIRTUAL BANDS - BAND     15; K    1; EIG  9.7791856E-02 AU
 TTTTTTTTTTTTTTTTTTTTTTTTTTTTTT PDIG        TELAPSE       12.84 TCPU       12.79
 CHARGE NORMALIZATION FACTOR   1.00000000
 TOTAL ATOMIC CHARGES:
  14.0000000  14.0000000
 TTTTTTTTTTTTTTTTTTTTTTTTTTTTTT MOQGAD      TELAPSE       12.84 TCPU       12.80
 TTTTTTTTTTTTTTTTTTTTTTTTTTTTTT SHELLXN     TELAPSE       13.27 TCPU       13.22
 +++ ENERGIES IN A.U. +++
 ::: EXT EL-POLE                                  -5.3983028228450E+02
 ::: EXT EL-SPHEROPOLE                             5.4090529817855E+00
 ::: BIELET ZONE E-E                               6.6988300405480E+02
 ::: TOTAL E-E                                     1.3546177475208E+02
 ::: TOTAL E-N + N-E                              -1.1917362357847E+03
 ::: TOTAL N-N                                    -9.9460568779557E+01
 ::: KINETIC ENERGY                                5.7790543079186E+02
 ::: TOTAL   ENERGY                               -5.7782959902028E+02
 ::: VIRIAL COEFFICIENT                            1.0000656134578E+00
 TTTTTTTTTTTTTTTTTTTTTTTTTTTTTT MONMO3      TELAPSE       13.27 TCPU       13.22
 CYC   7 ETOT(AU) -5.778295990203E+02 DETOT  1.35E-07 tst  2.57E-09 PX  2.67E-05

 == SCF ENDED - CONVERGENCE ON ENERGY      E(AU) -5.7782959902028E+02 CYCLES   7

 TOTAL ENERGY(HF)(AU)(   7) -5.7782959902028E+02 DE 1.4E-07 tst 2.6E-09 PX 2.7E-05

 *******************************************************************************
 *                             FORCE CALCULATION                               *
 *******************************************************************************

 INFORMATION **** EXCPOG **** EXCH. BIPO BUFFER LENGTH (WORDS) =      618408
 INFORMATION **** GENPOG **** BIPO BUFFER LENGTH (WORDS) =       40600
 TTTTTTTTTTTTTTTTTTTTTTTTTTTTTT SHELXG      TELAPSE       18.24 TCPU       18.19

 CARTESIAN FORCES IN HARTREE/BOHR (ANALYTICAL)
   ATOM                     X                   Y                   Z
   1  14             9.740879671304E-17 -2.395764702653E-15 -2.357805727791E-16
   2  14            -8.764449168467E-17  2.395252256164E-15  2.311546435098E-16

 RESULTANT FORCE     9.764305028366E-18 -5.124464898234E-19 -4.625929269271E-18

 ATOMIC PART

 THERE ARE NO SYMMETRY ALLOWED DIRECTIONS

 CELL PART

 GRADIENT WITH RESPECT TO THE CELL PARAMETER IN HARTREE/BOHR
ORDER: -D/DA1X, -D/DA1Y, -D/DA1Z
       -D/DA2X, -D/DA2Y, -D/DA2Z
       -D/DA3X, -D/DA3Y, -D/DA3Z
  0.236920171099E-02 -0.236920171099E-02 -0.236920171099E-02
 -0.236920171099E-02  0.236920171099E-02 -0.236920171099E-02
 -0.236920171099E-02 -0.236920171099E-02  0.236920171099E-02

STRESS TENSOR, IN HARTREE/BOHR^3:
ORDER: 11 12 13
       21 22 23
       31 32 33
  0.840989101807E-04 -0.105014243265E-16  0.131423568310E-16
 -0.787989041500E-17  0.840989101807E-04 -0.105076217360E-16
  0.210215583554E-16 -0.183889337178E-16  0.840989101807E-04

PRESSURE FROM THE STRESS TENSOR,
IN HARTREE/BOHR^3: -0.84099E-04
PRESSURE IN GIGAPASCAL: -0.2474E+01
CONVERSION FACTOR: 1 HARTREE/BOHR^3= 29421 GIGAPASCAL
WHEN USING VALUES FOR BOHR RADIUS AND HARTREE
FROM IUPAC WEBSITE, APRIL 2009
ENTHALPY: -5.7785474901326E+02

 SYMMETRY ALLOWED FORCES (ANALYTICAL) (DIRECTION, FORCE)

    1 -4.3561066E-02
 TTTTTTTTTTTTTTTTTTTTTTTTTTTTTT TOTGRA      TELAPSE       18.32 TCPU       18.28
 INFORMATION **** optc002 **** GEOMETRY OUTPUT FILE

 *******************************************************************************
 SILICON BULK - BASIS SET 6-21 MODIFIED                                          
 CRYSTAL - SCF - TYPE OF CALCULATION :  RESTRICTED CLOSED SHELL
 *******************************************************************************

 CAPPA:IS1  8;IS2  8;IS3  8; K PTS MONK NET  29; SYMMOPS:K SPACE  48;G SPACE  48

 TTTTTTTTTTTTTTTTTTTTTTTTTTTTTT SDIK        TELAPSE       18.35 TCPU       18.30

 INFORMATION FROM INTEGRAL EVALUATION

 RESTART FROM A PREVIOUS DENSITY MATRIX - DEP ACTIVE
 NUMBER OF COUPLE SETS (NEW, OLD, FOUND):      19      19      19
 NUMBER OF IRREDUCIBLE G VECTORS        :      84      84      84
 CHARGE NORMALIZATION FACTOR   0.99979642
 TOTAL ATOMIC CHARGES:
  14.0000000  14.0000000
 TTTTTTTTTTTTTTTTTTTTTTTTTTTTTT MOQGAD      TELAPSE       18.35 TCPU       18.30
 TTTTTTTTTTTTTTTTTTTTTTTTTTTTTT SHELLXN     TELAPSE       18.78 TCPU       18.73
 TTTTTTTTTTTTTTTTTTTTTTTTTTTTTT MONMO3      TELAPSE       18.78 TCPU       18.73
 CYC   0 ETOT(AU) -5.777690741057E+02 DETOT -5.78E+02 tst  2.57E-09 PX  1.00E+00
 TTTTTTTTTTTTTTTTTTTTTTTTTTTTTT DIIS        TELAPSE       18.78 TCPU       18.73
 TTTTTTTTTTTTTTTTTTTTTTTTTTTTTT FDIK        TELAPSE       18.79 TCPU       18.74
 INSULATING STATE
 TOP OF VALENCE BANDS -    BAND     14; K    1; EIG -1.7415318E-01 AU
 BOTTOM OF VIRTUAL BANDS - BAND     15; K   18; EIG  3.4224038E-02 AU
 INDIRECT ENERGY BAND GAP:   5.6702 eV
 BOTTOM OF VIRTUAL BANDS - BAND     15; K    1; EIG  1.0302178E-01 AU
 TTTTTTTTTTTTTTTTTTTTTTTTTTTTTT PDIG        TELAPSE       18.80 TCPU       18.75
 CHARGE NORMALIZATION FACTOR   1.00000000
 TOTAL ATOMIC CHARGES:
  14.0000000  14.0000000
 TTTTTTTTTTTTTTTTTTTTTTTTTTTTTT MOQGAD      TELAPSE       18.81 TCPU       18.75
 TTTTTTTTTTTTTTTTTTTTTTTTTTTTTT SHELLXN     TELAPSE       19.23 TCPU       19.18
 TTTTTTTTTTTTTTTTTTTTTTTTTTTTTT MONMO3      TELAPSE       19.24 TCPU       19.18
 CYC   1 ETOT(AU) -5.778299486893E+02 DETOT -6.09E-02 tst  0.00E+00 PX  3.86E-03
 TTTTTTTTTTTTTTTTTTTTTTTTTTTTTT DIIS        TELAPSE       19.24 TCPU       19.18
 DIIS TEST: 0.82069E-05 AT SCF   CYCLE   1 - MIX   30 %
 TTTTTTTTTTTTTTTTTTTTTTTTTTTTTT FDIK        TELAPSE       19.24 TCPU       19.19
 INSULATING STATE
 TOP OF VALENCE BANDS -    BAND     14; K    1; EIG -1.7383535E-01 AU
 BOTTOM OF VIRTUAL BANDS - BAND     15; K   18; EIG  3.6263984E-02 AU
 INDIRECT ENERGY BAND GAP:   5.7171 eV
 BOTTOM OF VIRTUAL BANDS - BAND     15; K    1; EIG  1.0426756E-01 AU
 TTTTTTTTTTTTTTTTTTTTTTTTTTTTTT PDIG        TELAPSE       19.26 TCPU       19.20
 CHARGE NORMALIZATION FACTOR   1.00000000
 TOTAL ATOMIC CHARGES:
  14.0000000  14.0000000
 TTTTTTTTTTTTTTTTTTTTTTTTTTTTTT MOQGAD      TELAPSE       19.26 TCPU       19.20
 TTTTTTTTTTTTTTTTTTTTTTTTTTTTTT SHELLXN     TELAPSE       19.69 TCPU       19.63
 TTTTTTTTTTTTTTTTTTTTTTTTTTTTTT MONMO3      TELAPSE       19.69 TCPU       19.63
 CYC   2 ETOT(AU) -5.778299334103E+02 DETOT  1.53E-05 tst  1.07E-06 PX  4.30E-03
 TTTTTTTTTTTTTTTTTTTTTTTTTTTTTT DIIS        TELAPSE       19.69 TCPU       19.63
 DIIS TEST: 0.64402E-06 AT SCF   CYCLE   2 - DIIS ACTIVE - HISTORY:     2 CYCLES
 TTTTTTTTTTTTTTTTTTTTTTTTTTTTTT FDIK        TELAPSE       19.69 TCPU       19.64
 INSULATING STATE
 TOP OF VALENCE BANDS -    BAND     14; K    1; EIG -1.7380275E-01 AU
 BOTTOM OF VIRTUAL BANDS - BAND     15; K   18; EIG  3.7297771E-02 AU
 INDIRECT ENERGY BAND GAP:   5.7443 eV
 BOTTOM OF VIRTUAL BANDS - BAND     15; K    1; EIG  1.0496421E-01 AU
 TTTTTTTTTTTTTTTTTTTTTTTTTTTTTT PDIG        TELAPSE       19.71 TCPU       19.65
 CHARGE NORMALIZATION FACTOR   1.00000000
 TOTAL ATOMIC CHARGES:
  14.0000000  14.0000000
 TTTTTTTTTTTTTTTTTTTTTTTTTTTTTT MOQGAD      TELAPSE       19.71 TCPU       19.65
 TTTTTTTTTTTTTTTTTTTTTTTTTTTTTT SHELLXN     TELAPSE       20.14 TCPU       20.08
 TTTTTTTTTTTTTTTTTTTTTTTTTTTTTT MONMO3      TELAPSE       20.14 TCPU       20.08
 CYC   3 ETOT(AU) -5.778299238978E+02 DETOT  9.51E-06 tst  5.69E-07 PX  1.80E-03
 TTTTTTTTTTTTTTTTTTTTTTTTTTTTTT DIIS        TELAPSE       20.14 TCPU       20.08
 DIIS TEST: 0.18370E-08 AT SCF   CYCLE   3 - DIIS ACTIVE - HISTORY:     3 CYCLES
 TTTTTTTTTTTTTTTTTTTTTTTTTTTTTT FDIK        TELAPSE       20.15 TCPU       20.09
 INSULATING STATE
 TOP OF VALENCE BANDS -    BAND     14; K    1; EIG -1.7382588E-01 AU
 BOTTOM OF VIRTUAL BANDS - BAND     15; K   18; EIG  3.7348188E-02 AU
 INDIRECT ENERGY BAND GAP:   5.7463 eV
 BOTTOM OF VIRTUAL BANDS - BAND     15; K    1; EIG  1.0500326E-01 AU
 TTTTTTTTTTTTTTTTTTTTTTTTTTTTTT PDIG        TELAPSE       20.16 TCPU       20.10
 CHARGE NORMALIZATION FACTOR   1.00000000
 TOTAL ATOMIC CHARGES:
  14.0000000  14.0000000
 TTTTTTTTTTTTTTTTTTTTTTTTTTTTTT MOQGAD      TELAPSE       20.16 TCPU       20.10
 TTTTTTTTTTTTTTTTTTTTTTTTTTTTTT SHELLXN     TELAPSE       20.59 TCPU       20.53
 TTTTTTTTTTTTTTTTTTTTTTTTTTTTTT MONMO3      TELAPSE       20.59 TCPU       20.53
 CYC   4 ETOT(AU) -5.778299240679E+02 DETOT -1.70E-07 tst  1.33E-08 PX  1.53E-04
 TTTTTTTTTTTTTTTTTTTTTTTTTTTTTT DIIS        TELAPSE       20.60 TCPU       20.53
 DIIS TEST: 0.15569E-08 AT SCF   CYCLE   4 - DIIS ACTIVE - HISTORY:     4 CYCLES
 TTTTTTTTTTTTTTTTTTTTTTTTTTTTTT FDIK        TELAPSE       20.60 TCPU       20.54
 INSULATING STATE
 TOP OF VALENCE BANDS -    BAND     14; K    1; EIG -1.7384548E-01 AU
 BOTTOM OF VIRTUAL BANDS - BAND     15; K   18; EIG  3.7351991E-02 AU
 INDIRECT ENERGY BAND GAP:   5.7470 eV
 BOTTOM OF VIRTUAL BANDS - BAND     15; K    1; EIG  1.0500043E-01 AU
 TTTTTTTTTTTTTTTTTTTTTTTTTTTTTT PDIG        TELAPSE       20.61 TCPU       20.55
 CHARGE NORMALIZATION FACTOR   1.00000000
 TOTAL ATOMIC CHARGES:
  14.0000000  14.0000000
 TTTTTTTTTTTTTTTTTTTTTTTTTTTTTT MOQGAD      TELAPSE       20.62 TCPU       20.55
 TTTTTTTTTTTTTTTTTTTTTTTTTTTTTT SHELLXN     TELAPSE       21.05 TCPU       20.99
 TTTTTTTTTTTTTTTTTTTTTTTTTTTTTT MONMO3      TELAPSE       21.06 TCPU       20.99
 CYC   5 ETOT(AU) -5.778299242567E+02 DETOT -1.89E-07 tst  2.79E-09 PX  8.44E-05
 TTTTTTTTTTTTTTTTTTTTTTTTTTTTTT DIIS        TELAPSE       21.06 TCPU       21.00
 DIIS TEST: 0.15851E-08 AT SCF   CYCLE   5 - DIIS ACTIVE - HISTORY:     5 CYCLES
 TTTTTTTTTTTTTTTTTTTTTTTTTTTTTT FDIK        TELAPSE       21.06 TCPU       21.00
 INSULATING STATE
 TOP OF VALENCE BANDS -    BAND     14; K    1; EIG -1.7384040E-01 AU
 BOTTOM OF VIRTUAL BANDS - BAND     15; K   18; EIG  3.7351526E-02 AU
 INDIRECT ENERGY BAND GAP:   5.7468 eV
 BOTTOM OF VIRTUAL BANDS - BAND     15; K    1; EIG  1.0500178E-01 AU
 TTTTTTTTTTTTTTTTTTTTTTTTTTTTTT PDIG        TELAPSE       21.08 TCPU       21.01
 CHARGE NORMALIZATION FACTOR   1.00000000
 TOTAL ATOMIC CHARGES:
  14.0000000  14.0000000
 TTTTTTTTTTTTTTTTTTTTTTTTTTTTTT MOQGAD      TELAPSE       21.08 TCPU       21.02
 TTTTTTTTTTTTTTTTTTTTTTTTTTTTTT SHELLXN     TELAPSE       21.51 TCPU       21.44
 TTTTTTTTTTTTTTTTTTTTTTTTTTTTTT MONMO3      TELAPSE       21.51 TCPU       21.45
 CYC   6 ETOT(AU) -5.778299242215E+02 DETOT  3.52E-08 tst  1.12E-10 PX  1.83E-05
 TTTTTTTTTTTTTTTTTTTTTTTTTTTTTT DIIS        TELAPSE       21.52 TCPU       21.45
 DIIS TEST: 0.12799E-10 AT SCF   CYCLE   6 - DIIS ACTIVE - HISTORY:     6 CYCLES
 TTTTTTTTTTTTTTTTTTTTTTTTTTTTTT FDIK        TELAPSE       21.52 TCPU       21.45
 INSULATING STATE
 TOP OF VALENCE BANDS -    BAND     14; K    1; EIG -1.7384576E-01 AU
 BOTTOM OF VIRTUAL BANDS - BAND     15; K   18; EIG  3.7353519E-02 AU
 INDIRECT ENERGY BAND GAP:   5.7470 eV
 BOTTOM OF VIRTUAL BANDS - BAND     15; K    1; EIG  1.0500150E-01 AU
 TTTTTTTTTTTTTTTTTTTTTTTTTTTTTT PDIG        TELAPSE       21.53 TCPU       21.46
 CHARGE NORMALIZATION FACTOR   1.00000000
 TOTAL ATOMIC CHARGES:
  14.0000000  14.0000000
 TTTTTTTTTTTTTTTTTTTTTTTTTTTTTT MOQGAD      TELAPSE       21.54 TCPU       21.47
 TTTTTTTTTTTTTTTTTTTTTTTTTTTTTT SHELLXN     TELAPSE       21.96 TCPU       21.89
 +++ ENERGIES IN A.U. +++
 ::: EXT EL-POLE                                  -5.4289101847530E+02
 ::: EXT EL-SPHEROPOLE                             5.4818505105151E+00
 ::: BIELET ZONE E-E                               6.7232036295152E+02
 ::: TOTAL E-E                                     1.3491119498673E+02
 ::: TOTAL E-N + N-E                              -1.1904016157881E+03
 ::: TOTAL N-N                                    -1.0033218714227E+02
 ::: KINETIC ENERGY                                5.7799268370727E+02
 ::: TOTAL   ENERGY                               -5.7782992423637E+02
 ::: VIRIAL COEFFICIENT                            1.0001408169989E+00
 TTTTTTTTTTTTTTTTTTTTTTTTTTTTTT MONMO3      TELAPSE       21.96 TCPU       21.90
 CYC   7 ETOT(AU) -5.778299242364E+02 DETOT -1.48E-08 tst  3.16E-10 PX  1.83E-05

 == SCF ENDED - CONVERGENCE ON ENERGY      E(AU) -5.7782992423637E+02 CYCLES   7

 TOTAL ENERGY(HF)(AU)(   7) -5.7782992423637E+02 DE-1.5E-08 tst 3.2E-10 PX 1.8E-05

 *******************************************************************************
 *                             FORCE CALCULATION                               *
 *******************************************************************************

 INFORMATION **** EXCPOG **** EXCH. BIPO BUFFER LENGTH (WORDS) =      618408
 INFORMATION **** GENPOG **** BIPO BUFFER LENGTH (WORDS) =       40600
 TTTTTTTTTTTTTTTTTTTTTTTTTTTTTT SHELXG      TELAPSE       27.56 TCPU       27.49

 CARTESIAN FORCES IN HARTREE/BOHR (ANALYTICAL)
   ATOM                     X                   Y                   Z
   1  14            -1.428810786851E-15  1.106941041248E-16  1.057703270619E-15
   2  14             1.436414832190E-15 -1.090462909246E-16 -1.066955129157E-15

 RESULTANT FORCE     7.604045338321E-18  1.647813200222E-18 -9.251858538543E-18

 ATOMIC PART

 THERE ARE NO SYMMETRY ALLOWED DIRECTIONS

 CELL PART

 GRADIENT WITH RESPECT TO THE CELL PARAMETER IN HARTREE/BOHR
ORDER: -D/DA1X, -D/DA1Y, -D/DA1Z
       -D/DA2X, -D/DA2Y, -D/DA2Z
       -D/DA3X, -D/DA3Y, -D/DA3Z
  0.137649887818E-03 -0.137649887821E-03 -0.137649887820E-03
 -0.137649887821E-03  0.137649887821E-03 -0.137649887822E-03
 -0.137649887820E-03 -0.137649887820E-03  0.137649887822E-03

STRESS TENSOR, IN HARTREE/BOHR^3:
ORDER: 11 12 13
       21 22 23
       31 32 33
  0.497213456976E-05  0.294090303622E-16  0.481235156560E-16
 -0.802061488307E-17  0.497213456976E-05 -0.174351546379E-21
  0.802051044125E-17 -0.267353885315E-16  0.497213456979E-05

PRESSURE FROM THE STRESS TENSOR,
IN HARTREE/BOHR^3: -0.49721E-05
PRESSURE IN GIGAPASCAL: -0.1463E+00
CONVERSION FACTOR: 1 HARTREE/BOHR^3= 29421 GIGAPASCAL
WHEN USING VALUES FOR BOHR RADIUS AND HARTREE
FROM IUPAC WEBSITE, APRIL 2009
ENTHALPY: -5.7783137274922E+02

 SYMMETRY ALLOWED FORCES (ANALYTICAL) (DIRECTION, FORCE)

    1 -2.5088978E-03
 TTTTTTTTTTTTTTTTTTTTTTTTTTTTTT TOTGRA      TELAPSE       27.66 TCPU       27.59
 INFORMATION **** optc003 **** GEOMETRY OUTPUT FILE

 *******************************************************************************
 SILICON BULK - BASIS SET 6-21 MODIFIED                                          
 CRYSTAL - SCF - TYPE OF CALCULATION :  RESTRICTED CLOSED SHELL
 *******************************************************************************

 CAPPA:IS1  8;IS2  8;IS3  8; K PTS MONK NET  29; SYMMOPS:K SPACE  48;G SPACE  48

 TTTTTTTTTTTTTTTTTTTTTTTTTTTTTT SDIK        TELAPSE       27.69 TCPU       27.61

 INFORMATION FROM INTEGRAL EVALUATION

 RESTART FROM A PREVIOUS DENSITY MATRIX - DEP ACTIVE
 NUMBER OF COUPLE SETS (NEW, OLD, FOUND):      19      19      19
 NUMBER OF IRREDUCIBLE G VECTORS        :      84      84      84
 CHARGE NORMALIZATION FACTOR   0.99999021
 TOTAL ATOMIC CHARGES:
  14.0000000  14.0000000
 TTTTTTTTTTTTTTTTTTTTTTTTTTTTTT MOQGAD      TELAPSE       27.69 TCPU       27.62
 TTTTTTTTTTTTTTTTTTTTTTTTTTTTTT SHELLXN     TELAPSE       28.19 TCPU       28.11
 TTTTTTTTTTTTTTTTTTTTTTTTTTTTTT MONMO3      TELAPSE       28.19 TCPU       28.12
 CYC   0 ETOT(AU) -5.778271060536E+02 DETOT -5.78E+02 tst  3.16E-10 PX  1.00E+00
 TTTTTTTTTTTTTTTTTTTTTTTTTTTTTT DIIS        TELAPSE       28.19 TCPU       28.12
 TTTTTTTTTTTTTTTTTTTTTTTTTTTTTT FDIK        TELAPSE       28.20 TCPU       28.12
 INSULATING STATE
 TOP OF VALENCE BANDS -    BAND     14; K    1; EIG -1.7351075E-01 AU
 BOTTOM OF VIRTUAL BANDS - BAND     15; K   18; EIG  3.7450991E-02 AU
 INDIRECT ENERGY BAND GAP:   5.7406 eV
 BOTTOM OF VIRTUAL BANDS - BAND     15; K    1; EIG  1.0526243E-01 AU
 TTTTTTTTTTTTTTTTTTTTTTTTTTTTTT PDIG        TELAPSE       28.22 TCPU       28.14
 CHARGE NORMALIZATION FACTOR   1.00000000
 TOTAL ATOMIC CHARGES:
  14.0000000  14.0000000
 TTTTTTTTTTTTTTTTTTTTTTTTTTTTTT MOQGAD      TELAPSE       28.22 TCPU       28.14
 TTTTTTTTTTTTTTTTTTTTTTTTTTTTTT SHELLXN     TELAPSE       28.72 TCPU       28.64
 TTTTTTTTTTTTTTTTTTTTTTTTTTTTTT MONMO3      TELAPSE       28.72 TCPU       28.64
 CYC   1 ETOT(AU) -5.778299255705E+02 DETOT -2.82E-03 tst  0.00E+00 PX  2.33E-04
 TTTTTTTTTTTTTTTTTTTTTTTTTTTTTT DIIS        TELAPSE       28.73 TCPU       28.65
 DIIS TEST: 0.23613E-07 AT SCF   CYCLE   1 - MIX   30 %
 TTTTTTTTTTTTTTTTTTTTTTTTTTTTTT FDIK        TELAPSE       28.73 TCPU       28.65
 INSULATING STATE
 TOP OF VALENCE BANDS -    BAND     14; K    1; EIG -1.7349922E-01 AU
 BOTTOM OF VIRTUAL BANDS - BAND     15; K   18; EIG  3.7572252E-02 AU
 INDIRECT ENERGY BAND GAP:   5.7435 eV
 BOTTOM OF VIRTUAL BANDS - BAND     15; K    1; EIG  1.0533334E-01 AU
 TTTTTTTTTTTTTTTTTTTTTTTTTTTTTT PDIG        TELAPSE       28.74 TCPU       28.66
 CHARGE NORMALIZATION FACTOR   1.00000000
 TOTAL ATOMIC CHARGES:
  14.0000000  14.0000000
 TTTTTTTTTTTTTTTTTTTTTTTTTTTTTT MOQGAD      TELAPSE       28.75 TCPU       28.67
 TTTTTTTTTTTTTTTTTTTTTTTTTTTTTT SHELLXN     TELAPSE       29.26 TCPU       29.18
 TTTTTTTTTTTTTTTTTTTTTTTTTTTTTT MONMO3      TELAPSE       29.27 TCPU       29.18
 CYC   2 ETOT(AU) -5.778299243234E+02 DETOT  1.25E-06 tst  3.91E-09 PX  2.63E-04
 TTTTTTTTTTTTTTTTTTTTTTTTTTTTTT DIIS        TELAPSE       29.27 TCPU       29.19
 DIIS TEST: 0.19518E-08 AT SCF   CYCLE   2 - DIIS ACTIVE - HISTORY:     2 CYCLES
 TTTTTTTTTTTTTTTTTTTTTTTTTTTTTT FDIK        TELAPSE       29.27 TCPU       29.19
 INSULATING STATE
 TOP OF VALENCE BANDS -    BAND     14; K    1; EIG -1.7349864E-01 AU
 BOTTOM OF VIRTUAL BANDS - BAND     15; K   18; EIG  3.7636023E-02 AU
 INDIRECT ENERGY BAND GAP:   5.7453 eV
 BOTTOM OF VIRTUAL BANDS - BAND     15; K    1; EIG  1.0537636E-01 AU
 TTTTTTTTTTTTTTTTTTTTTTTTTTTTTT PDIG        TELAPSE       29.29 TCPU       29.21
 CHARGE NORMALIZATION FACTOR   1.00000000
 TOTAL ATOMIC CHARGES:
  14.0000000  14.0000000
 TTTTTTTTTTTTTTTTTTTTTTTTTTTTTT MOQGAD      TELAPSE       29.30 TCPU       29.21
 TTTTTTTTTTTTTTTTTTTTTTTTTTTTTT SHELLXN     TELAPSE       29.81 TCPU       29.72
 TTTTTTTTTTTTTTTTTTTTTTTTTTTTTT MONMO3      TELAPSE       29.81 TCPU       29.73
 CYC   3 ETOT(AU) -5.778299236862E+02 DETOT  6.37E-07 tst  2.11E-09 PX  1.10E-04
 TTTTTTTTTTTTTTTTTTTTTTTTTTTTTT DIIS        TELAPSE       29.81 TCPU       29.73
 DIIS TEST: 0.52704E-11 AT SCF   CYCLE   3 - DIIS ACTIVE - HISTORY:     3 CYCLES
 TTTTTTTTTTTTTTTTTTTTTTTTTTTTTT FDIK        TELAPSE       29.82 TCPU       29.73
 INSULATING STATE
 TOP OF VALENCE BANDS -    BAND     14; K    1; EIG -1.7349992E-01 AU
 BOTTOM OF VIRTUAL BANDS - BAND     15; K   18; EIG  3.7639233E-02 AU
 INDIRECT ENERGY BAND GAP:   5.7454 eV
 BOTTOM OF VIRTUAL BANDS - BAND     15; K    1; EIG  1.0537887E-01 AU
 TTTTTTTTTTTTTTTTTTTTTTTTTTTTTT PDIG        TELAPSE       29.83 TCPU       29.75
 CHARGE NORMALIZATION FACTOR   1.00000000
 TOTAL ATOMIC CHARGES:
  14.0000000  14.0000000
 TTTTTTTTTTTTTTTTTTTTTTTTTTTTTT MOQGAD      TELAPSE       29.84 TCPU       29.75
 TTTTTTTTTTTTTTTTTTTTTTTTTTTTTT SHELLXN     TELAPSE       30.33 TCPU       30.24
 TTTTTTTTTTTTTTTTTTTTTTTTTTTTTT MONMO3      TELAPSE       30.33 TCPU       30.24
 CYC   4 ETOT(AU) -5.778299236943E+02 DETOT -8.04E-09 tst  4.93E-11 PX  9.17E-06
 TTTTTTTTTTTTTTTTTTTTTTTTTTTTTT DIIS        TELAPSE       30.33 TCPU       30.25
 DIIS TEST: 0.43499E-11 AT SCF   CYCLE   4 - DIIS ACTIVE - HISTORY:     4 CYCLES
 TTTTTTTTTTTTTTTTTTTTTTTTTTTTTT FDIK        TELAPSE       30.34 TCPU       30.25
 INSULATING STATE
 TOP OF VALENCE BANDS -    BAND     14; K    1; EIG -1.7350086E-01 AU
 BOTTOM OF VIRTUAL BANDS - BAND     15; K   18; EIG  3.7639467E-02 AU
 INDIRECT ENERGY BAND GAP:   5.7454 eV
 BOTTOM OF VIRTUAL BANDS - BAND     15; K    1; EIG  1.0537882E-01 AU
 TTTTTTTTTTTTTTTTTTTTTTTTTTTTTT PDIG        TELAPSE       30.35 TCPU       30.26
 CHARGE NORMALIZATION FACTOR   1.00000000
 TOTAL ATOMIC CHARGES:
  14.0000000  14.0000000
 TTTTTTTTTTTTTTTTTTTTTTTTTTTTTT MOQGAD      TELAPSE       30.36 TCPU       30.27
 TTTTTTTTTTTTTTTTTTTTTTTTTTTTTT SHELLXN     TELAPSE       30.84 TCPU       30.75
 +++ ENERGIES IN A.U. +++
 ::: EXT EL-POLE                                  -5.4307681704322E+02
 ::: EXT EL-SPHEROPOLE                             5.4862513912791E+00
 ::: BIELET ZONE E-E                               6.7246818346456E+02
 ::: TOTAL E-E                                     1.3487761781261E+02
 ::: TOTAL E-N + N-E                              -1.1903201566460E+03
 ::: TOTAL N-N                                    -1.0038548428085E+02
 ::: KINETIC ENERGY                                5.7799809941125E+02
 ::: TOTAL   ENERGY                               -5.7782992370301E+02
 ::: VIRIAL COEFFICIENT                            1.0001455023627E+00
 TTTTTTTTTTTTTTTTTTTTTTTTTTTTTT MONMO3      TELAPSE       30.85 TCPU       30.76
 CYC   5 ETOT(AU) -5.778299237030E+02 DETOT -8.74E-09 tst  6.46E-12 PX  9.17E-06

 == SCF ENDED - CONVERGENCE ON ENERGY      E(AU) -5.7782992370301E+02 CYCLES   5

 TOTAL ENERGY(HF)(AU)(   5) -5.7782992370301E+02 DE-8.7E-09 tst 6.5E-12 PX 9.2E-06
 GRADIENT CALCULATION CANCELLED

 *******************************************************************************
 SILICON BULK - BASIS SET 6-21 MODIFIED                                          
 CRYSTAL - SCF - TYPE OF CALCULATION :  RESTRICTED CLOSED SHELL
 *******************************************************************************

 CAPPA:IS1  8;IS2  8;IS3  8; K PTS MONK NET  29; SYMMOPS:K SPACE  48;G SPACE  48

 TTTTTTTTTTTTTTTTTTTTTTTTTTTTTT SDIK        TELAPSE       30.87 TCPU       30.78

 INFORMATION FROM INTEGRAL EVALUATION

 RESTART FROM A PREVIOUS DENSITY MATRIX - DEP ACTIVE
 NUMBER OF COUPLE SETS (NEW, OLD, FOUND):      19      19      19
 NUMBER OF IRREDUCIBLE G VECTORS        :      84      84      84
 CHARGE NORMALIZATION FACTOR   1.00000728
 TOTAL ATOMIC CHARGES:
  14.0000000  14.0000000
 TTTTTTTTTTTTTTTTTTTTTTTTTTTTTT MOQGAD      TELAPSE       30.88 TCPU       30.79
 TTTTTTTTTTTTTTTTTTTTTTTTTTTTTT SHELLXN     TELAPSE       31.37 TCPU       31.28
 TTTTTTTTTTTTTTTTTTTTTTTTTTTTTT MONMO3      TELAPSE       31.38 TCPU       31.28
 CYC   0 ETOT(AU) -5.778320185405E+02 DETOT -5.78E+02 tst  6.46E-12 PX  1.00E+00
 TTTTTTTTTTTTTTTTTTTTTTTTTTTTTT DIIS        TELAPSE       31.38 TCPU       31.29
 TTTTTTTTTTTTTTTTTTTTTTTTTTTTTT FDIK        TELAPSE       31.39 TCPU       31.29
 INSULATING STATE
 TOP OF VALENCE BANDS -    BAND     14; K    1; EIG -1.7375488E-01 AU
 BOTTOM OF VIRTUAL BANDS - BAND     15; K   18; EIG  3.7566364E-02 AU
 INDIRECT ENERGY BAND GAP:   5.7503 eV
 BOTTOM OF VIRTUAL BANDS - BAND     15; K    1; EIG  1.0518246E-01 AU
 TTTTTTTTTTTTTTTTTTTTTTTTTTTTTT PDIG        TELAPSE       31.40 TCPU       31.31
 CHARGE NORMALIZATION FACTOR   1.00000000
 TOTAL ATOMIC CHARGES:
  14.0000000  14.0000000
 TTTTTTTTTTTTTTTTTTTTTTTTTTTTTT MOQGAD      TELAPSE       31.41 TCPU       31.31
 TTTTTTTTTTTTTTTTTTTTTTTTTTTTTT SHELLXN     TELAPSE       31.89 TCPU       31.80
 TTTTTTTTTTTTTTTTTTTTTTTTTTTTTT MONMO3      TELAPSE       31.90 TCPU       31.80
 CYC   1 ETOT(AU) -5.778299229083E+02 DETOT  2.10E-03 tst  0.00E+00 PX  1.74E-04
 TTTTTTTTTTTTTTTTTTTTTTTTTTTTTT DIIS        TELAPSE       31.90 TCPU       31.80
 DIIS TEST: 0.13276E-07 AT SCF   CYCLE   1 - MIX   30 %
 TTTTTTTTTTTTTTTTTTTTTTTTTTTTTT FDIK        TELAPSE       31.90 TCPU       31.81
 INSULATING STATE
 TOP OF VALENCE BANDS -    BAND     14; K    1; EIG -1.7376382E-01 AU
 BOTTOM OF VIRTUAL BANDS - BAND     15; K   18; EIG  3.7475575E-02 AU
 INDIRECT ENERGY BAND GAP:   5.7481 eV
 BOTTOM OF VIRTUAL BANDS - BAND     15; K    1; EIG  1.0512923E-01 AU
 TTTTTTTTTTTTTTTTTTTTTTTTTTTTTT PDIG        TELAPSE       31.92 TCPU       31.82
 CHARGE NORMALIZATION FACTOR   1.00000000
 TOTAL ATOMIC CHARGES:
  14.0000000  14.0000000
 TTTTTTTTTTTTTTTTTTTTTTTTTTTTTT MOQGAD      TELAPSE       31.92 TCPU       31.83
 TTTTTTTTTTTTTTTTTTTTTTTTTTTTTT SHELLXN     TELAPSE       32.42 TCPU       32.32
 TTTTTTTTTTTTTTTTTTTTTTTTTTTTTT MONMO3      TELAPSE       32.42 TCPU       32.32
 CYC   2 ETOT(AU) -5.778299238701E+02 DETOT -9.62E-07 tst  2.11E-09 PX  1.99E-04
 TTTTTTTTTTTTTTTTTTTTTTTTTTTTTT DIIS        TELAPSE       32.43 TCPU       32.33
 DIIS TEST: 0.11065E-08 AT SCF   CYCLE   2 - DIIS ACTIVE - HISTORY:     2 CYCLES
 TTTTTTTTTTTTTTTTTTTTTTTTTTTTTT FDIK        TELAPSE       32.43 TCPU       32.33
 INSULATING STATE
 TOP OF VALENCE BANDS -    BAND     14; K    1; EIG -1.7376471E-01 AU
 BOTTOM OF VIRTUAL BANDS - BAND     15; K   18; EIG  3.7427740E-02 AU
 INDIRECT ENERGY BAND GAP:   5.7468 eV
 BOTTOM OF VIRTUAL BANDS - BAND     15; K    1; EIG  1.0509677E-01 AU
 TTTTTTTTTTTTTTTTTTTTTTTTTTTTTT PDIG        TELAPSE       32.44 TCPU       32.34
 CHARGE NORMALIZATION FACTOR   1.00000000
 TOTAL ATOMIC CHARGES:
  14.0000000  14.0000000
 TTTTTTTTTTTTTTTTTTTTTTTTTTTTTT MOQGAD      TELAPSE       32.45 TCPU       32.35
 TTTTTTTTTTTTTTTTTTTTTTTTTTTTTT SHELLXN     TELAPSE       32.94 TCPU       32.84
 TTTTTTTTTTTTTTTTTTTTTTTTTTTTTT MONMO3      TELAPSE       32.94 TCPU       32.84
 CYC   3 ETOT(AU) -5.778299243530E+02 DETOT -4.83E-07 tst  1.12E-09 PX  8.42E-05
 TTTTTTTTTTTTTTTTTTTTTTTTTTTTTT DIIS        TELAPSE       32.94 TCPU       32.84
 DIIS TEST: 0.29111E-11 AT SCF   CYCLE   3 - DIIS ACTIVE - HISTORY:     3 CYCLES
 TTTTTTTTTTTTTTTTTTTTTTTTTTTTTT FDIK        TELAPSE       32.95 TCPU       32.84
 INSULATING STATE
 TOP OF VALENCE BANDS -    BAND     14; K    1; EIG -1.7376386E-01 AU
 BOTTOM OF VIRTUAL BANDS - BAND     15; K   18; EIG  3.7425316E-02 AU
 INDIRECT ENERGY BAND GAP:   5.7468 eV
 BOTTOM OF VIRTUAL BANDS - BAND     15; K    1; EIG  1.0509483E-01 AU
 TTTTTTTTTTTTTTTTTTTTTTTTTTTTTT PDIG        TELAPSE       32.96 TCPU       32.86
 CHARGE NORMALIZATION FACTOR   1.00000000
 TOTAL ATOMIC CHARGES:
  14.0000000  14.0000000
 TTTTTTTTTTTTTTTTTTTTTTTTTTTTTT MOQGAD      TELAPSE       32.97 TCPU       32.86
 TTTTTTTTTTTTTTTTTTTTTTTTTTTTTT SHELLXN     TELAPSE       33.61 TCPU       33.51
 TTTTTTTTTTTTTTTTTTTTTTTTTTTTTT MONMO3      TELAPSE       33.62 TCPU       33.51
 CYC   4 ETOT(AU) -5.778299243469E+02 DETOT  6.10E-09 tst  2.65E-11 PX  6.37E-06
 TTTTTTTTTTTTTTTTTTTTTTTTTTTTTT DIIS        TELAPSE       33.62 TCPU       33.52
 DIIS TEST: 0.23597E-11 AT SCF   CYCLE   4 - DIIS ACTIVE - HISTORY:     4 CYCLES
 TTTTTTTTTTTTTTTTTTTTTTTTTTTTTT FDIK        TELAPSE       33.62 TCPU       33.52
 INSULATING STATE
 TOP OF VALENCE BANDS -    BAND     14; K    1; EIG -1.7376319E-01 AU
 BOTTOM OF VIRTUAL BANDS - BAND     15; K   18; EIG  3.7425113E-02 AU
 INDIRECT ENERGY BAND GAP:   5.7467 eV
 BOTTOM OF VIRTUAL BANDS - BAND     15; K    1; EIG  1.0509483E-01 AU
 TTTTTTTTTTTTTTTTTTTTTTTTTTTTTT PDIG        TELAPSE       33.64 TCPU       33.54
 CHARGE NORMALIZATION FACTOR   1.00000000
 TOTAL ATOMIC CHARGES:
  14.0000000  14.0000000
 TTTTTTTTTTTTTTTTTTTTTTTTTTTTTT MOQGAD      TELAPSE       33.65 TCPU       33.54
 TTTTTTTTTTTTTTTTTTTTTTTTTTTTTT SHELLXN     TELAPSE       34.17 TCPU       34.06
 +++ ENERGIES IN A.U. +++
 ::: EXT EL-POLE                                  -5.4293728181396E+02
 ::: EXT EL-SPHEROPOLE                             5.4829586537944E+00
 ::: BIELET ZONE E-E                               6.7235712257221E+02
 ::: TOTAL E-E                                     1.3490279941205E+02
 ::: TOTAL E-N + N-E                              -1.1903812494946E+03
 ::: TOTAL N-N                                    -1.0034550612057E+02
 ::: KINETIC ENERGY                                5.7799403186256E+02
 ::: TOTAL   ENERGY                               -5.7782992434056E+02
 ::: VIRIAL COEFFICIENT                            1.0001419831464E+00
 TTTTTTTTTTTTTTTTTTTTTTTTTTTTTT MONMO3      TELAPSE       34.17 TCPU       34.07
 CYC   5 ETOT(AU) -5.778299243406E+02 DETOT  6.33E-09 tst  3.35E-12 PX  6.37E-06

 == SCF ENDED - CONVERGENCE ON ENERGY      E(AU) -5.7782992434056E+02 CYCLES   5

 TOTAL ENERGY(HF)(AU)(   5) -5.7782992434056E+02 DE 6.3E-09 tst 3.4E-12 PX 6.4E-06

 *******************************************************************************
 *                             FORCE CALCULATION                               *
 *******************************************************************************

 INFORMATION **** EXCPOG **** EXCH. BIPO BUFFER LENGTH (WORDS) =      618408
 INFORMATION **** GENPOG **** BIPO BUFFER LENGTH (WORDS) =       40600
 TTTTTTTTTTTTTTTTTTTTTTTTTTTTTT SHELXG      TELAPSE       39.98 TCPU       39.87

 CARTESIAN FORCES IN HARTREE/BOHR (ANALYTICAL)
   ATOM                     X                   Y                   Z
   1  14            -1.552684574588E-16 -7.497930389046E-15 -7.818520044921E-16
   2  14             1.605619343283E-16  7.492636912177E-15  7.818520044921E-16

 RESULTANT FORCE     5.293476869529E-18 -5.293476869528E-18  0.000000000000E+00

 ATOMIC PART

 THERE ARE NO SYMMETRY ALLOWED DIRECTIONS

 CELL PART

 GRADIENT WITH RESPECT TO THE CELL PARAMETER IN HARTREE/BOHR
ORDER: -D/DA1X, -D/DA1Y, -D/DA1Z
       -D/DA2X, -D/DA2Y, -D/DA2Z
       -D/DA3X, -D/DA3Y, -D/DA3Z
  0.102044688379E-03 -0.102044688380E-03 -0.102044688381E-03
 -0.102044688384E-03  0.102044688381E-03 -0.102044688383E-03
 -0.102044688380E-03 -0.102044688381E-03  0.102044688379E-03

STRESS TENSOR, IN HARTREE/BOHR^3:
ORDER: 11 12 13
       21 22 23
       31 32 33
  0.368699639281E-05  0.802266507616E-17  0.802271898802E-16
  0.802276350530E-17  0.368699639278E-05 -0.106969418998E-16
  0.615078082499E-16  0.267425801959E-16  0.368699639281E-05

PRESSURE FROM THE STRESS TENSOR,
IN HARTREE/BOHR^3: -0.36870E-05
PRESSURE IN GIGAPASCAL: -0.1085E+00
CONVERSION FACTOR: 1 HARTREE/BOHR^3= 29421 GIGAPASCAL
WHEN USING VALUES FOR BOHR RADIUS AND HARTREE
FROM IUPAC WEBSITE, APRIL 2009
ENTHALPY: -5.7783099803139E+02

 SYMMETRY ALLOWED FORCES (ANALYTICAL) (DIRECTION, FORCE)

    1 -1.8596871E-03
 TTTTTTTTTTTTTTTTTTTTTTTTTTTTTT TOTGRA      TELAPSE       40.08 TCPU       39.97
 INFORMATION **** optc005 **** GEOMETRY OUTPUT FILE

 *******************************************************************************
 SILICON BULK - BASIS SET 6-21 MODIFIED                                          
 CRYSTAL - SCF - TYPE OF CALCULATION :  RESTRICTED CLOSED SHELL
 *******************************************************************************

 CAPPA:IS1  8;IS2  8;IS3  8; K PTS MONK NET  29; SYMMOPS:K SPACE  48;G SPACE  48

 TTTTTTTTTTTTTTTTTTTTTTTTTTTTTT SDIK        TELAPSE       40.11 TCPU       40.00

 INFORMATION FROM INTEGRAL EVALUATION

 RESTART FROM A PREVIOUS DENSITY MATRIX - DEP ACTIVE
 NUMBER OF COUPLE SETS (NEW, OLD, FOUND):      19      19      19
 NUMBER OF IRREDUCIBLE G VECTORS        :      84      84      84
 CHARGE NORMALIZATION FACTOR   0.99999939
 TOTAL ATOMIC CHARGES:
  14.0000000  14.0000000
 TTTTTTTTTTTTTTTTTTTTTTTTTTTTTT MOQGAD      TELAPSE       40.12 TCPU       40.00
 TTTTTTTTTTTTTTTTTTTTTTTTTTTTTT SHELLXN     TELAPSE       40.63 TCPU       40.51
 TTTTTTTTTTTTTTTTTTTTTTTTTTTTTT MONMO3      TELAPSE       40.63 TCPU       40.51
 CYC   0 ETOT(AU) -5.778297475471E+02 DETOT -5.78E+02 tst  3.35E-12 PX  1.00E+00
 TTTTTTTTTTTTTTTTTTTTTTTTTTTTTT DIIS        TELAPSE       40.63 TCPU       40.51
 TTTTTTTTTTTTTTTTTTTTTTTTTTTTTT FDIK        TELAPSE       40.64 TCPU       40.52
 INSULATING STATE
 TOP OF VALENCE BANDS -    BAND     14; K    1; EIG -1.7374190E-01 AU
 BOTTOM OF VIRTUAL BANDS - BAND     15; K   18; EIG  3.7431100E-02 AU
 INDIRECT ENERGY BAND GAP:   5.7463 eV
 BOTTOM OF VIRTUAL BANDS - BAND     15; K    1; EIG  1.0511116E-01 AU
 TTTTTTTTTTTTTTTTTTTTTTTTTTTTTT PDIG        TELAPSE       40.65 TCPU       40.53
 CHARGE NORMALIZATION FACTOR   1.00000000
 TOTAL ATOMIC CHARGES:
  14.0000000  14.0000000
 TTTTTTTTTTTTTTTTTTTTTTTTTTTTTT MOQGAD      TELAPSE       40.66 TCPU       40.54
 TTTTTTTTTTTTTTTTTTTTTTTTTTTTTT SHELLXN     TELAPSE       41.15 TCPU       41.03
 TTTTTTTTTTTTTTTTTTTTTTTTTTTTTT MONMO3      TELAPSE       41.15 TCPU       41.03
 CYC   1 ETOT(AU) -5.778299244566E+02 DETOT -1.77E-04 tst  0.00E+00 PX  1.44E-05
 TTTTTTTTTTTTTTTTTTTTTTTTTTTTTT DIIS        TELAPSE       41.16 TCPU       41.03
 DIIS TEST: 0.93502E-10 AT SCF   CYCLE   1 - MIX   30 %
 TTTTTTTTTTTTTTTTTTTTTTTTTTTTTT FDIK        TELAPSE       41.16 TCPU       41.04
 INSULATING STATE
 TOP OF VALENCE BANDS -    BAND     14; K    1; EIG -1.7374108E-01 AU
 BOTTOM OF VIRTUAL BANDS - BAND     15; K   18; EIG  3.7438668E-02 AU
 INDIRECT ENERGY BAND GAP:   5.7465 eV
 BOTTOM OF VIRTUAL BANDS - BAND     15; K    1; EIG  1.0511562E-01 AU
 TTTTTTTTTTTTTTTTTTTTTTTTTTTTTT PDIG        TELAPSE       41.17 TCPU       41.05
 CHARGE NORMALIZATION FACTOR   1.00000000
 TOTAL ATOMIC CHARGES:
  14.0000000  14.0000000
 TTTTTTTTTTTTTTTTTTTTTTTTTTTTTT MOQGAD      TELAPSE       41.18 TCPU       41.06
 TTTTTTTTTTTTTTTTTTTTTTTTTTTTTT SHELLXN     TELAPSE       41.67 TCPU       41.54
 TTTTTTTTTTTTTTTTTTTTTTTTTTTTTT MONMO3      TELAPSE       41.67 TCPU       41.55
 CYC   2 ETOT(AU) -5.778299243772E+02 DETOT  7.94E-08 tst  1.38E-11 PX  1.67E-05
 TTTTTTTTTTTTTTTTTTTTTTTTTTTTTT DIIS        TELAPSE       41.67 TCPU       41.55
 DIIS TEST: 0.79287E-11 AT SCF   CYCLE   2 - DIIS ACTIVE - HISTORY:     2 CYCLES
 TTTTTTTTTTTTTTTTTTTTTTTTTTTTTT FDIK        TELAPSE       41.68 TCPU       41.55
 INSULATING STATE
 TOP OF VALENCE BANDS -    BAND     14; K    1; EIG -1.7374096E-01 AU
 BOTTOM OF VIRTUAL BANDS - BAND     15; K   18; EIG  3.7442652E-02 AU
 INDIRECT ENERGY BAND GAP:   5.7466 eV
 BOTTOM OF VIRTUAL BANDS - BAND     15; K    1; EIG  1.0511833E-01 AU
 TTTTTTTTTTTTTTTTTTTTTTTTTTTTTT PDIG        TELAPSE       41.69 TCPU       41.57
 CHARGE NORMALIZATION FACTOR   1.00000000
 TOTAL ATOMIC CHARGES:
  14.0000000  14.0000000
 TTTTTTTTTTTTTTTTTTTTTTTTTTTTTT MOQGAD      TELAPSE       41.70 TCPU       41.57
 TTTTTTTTTTTTTTTTTTTTTTTTTTTTTT SHELLXN     TELAPSE       42.18 TCPU       42.06
 +++ ENERGIES IN A.U. +++
 ::: EXT EL-POLE                                  -5.4294893592601E+02
 ::: EXT EL-SPHEROPOLE                             5.4832323484610E+00
 ::: BIELET ZONE E-E                               6.7236640556796E+02
 ::: TOTAL E-E                                     1.3490070199041E+02
 ::: TOTAL E-N + N-E                              -1.1903761618508E+03
 ::: TOTAL N-N                                    -1.0034883597564E+02
 ::: KINETIC ENERGY                                5.7799437149913E+02
 ::: TOTAL   ENERGY                               -5.7782992433689E+02
 ::: VIRIAL COEFFICIENT                            1.0001422769558E+00
 TTTTTTTTTTTTTTTTTTTTTTTTTTTTTT MONMO3      TELAPSE       42.19 TCPU       42.06
 CYC   3 ETOT(AU) -5.778299243369E+02 DETOT  4.03E-08 tst  7.22E-12 PX  1.67E-05

 == SCF ENDED - CONVERGENCE ON ENERGY      E(AU) -5.7782992433689E+02 CYCLES   3

 TOTAL ENERGY(HF)(AU)(   3) -5.7782992433689E+02 DE 4.0E-08 tst 7.2E-12 PX 1.7E-05

 *******************************************************************************
 *                             FORCE CALCULATION                               *
 *******************************************************************************

 INFORMATION **** EXCPOG **** EXCH. BIPO BUFFER LENGTH (WORDS) =      618408
 INFORMATION **** GENPOG **** BIPO BUFFER LENGTH (WORDS) =       40600
 TTTTTTTTTTTTTTTTTTTTTTTTTTTTTT SHELXG      TELAPSE       47.84 TCPU       47.71

 CARTESIAN FORCES IN HARTREE/BOHR (ANALYTICAL)
   ATOM                     X                   Y                   Z
   1  14             9.207196783775E-16 -5.043315230917E-15 -2.939667700976E-16
   2  14            -9.223645218912E-16  5.035708215892E-15  3.032186286362E-16

 RESULTANT FORCE    -1.644843513718E-18 -7.607015024825E-18  9.251858538543E-18

 ATOMIC PART

 THERE ARE NO SYMMETRY ALLOWED DIRECTIONS

 CELL PART

 GRADIENT WITH RESPECT TO THE CELL PARAMETER IN HARTREE/BOHR
ORDER: -D/DA1X, -D/DA1Y, -D/DA1Z
       -D/DA2X, -D/DA2Y, -D/DA2Z
       -D/DA3X, -D/DA3Y, -D/DA3Z
  0.930959450045E-04 -0.930959450087E-04 -0.930959450045E-04
 -0.930959450085E-04  0.930959450078E-04 -0.930959450079E-04
 -0.930959450050E-04 -0.930959450082E-04  0.930959450050E-04

STRESS TENSOR, IN HARTREE/BOHR^3:
ORDER: 11 12 13
       21 22 23
       31 32 33
  0.336389085627E-05  0.802308266664E-17  0.722092448930E-16
  0.802318242837E-17  0.336389085634E-05  0.160464992499E-16
  0.534884858221E-16 -0.802333023133E-17  0.336389085626E-05

PRESSURE FROM THE STRESS TENSOR,
IN HARTREE/BOHR^3: -0.33639E-05
PRESSURE IN GIGAPASCAL: -0.9897E-01
CONVERSION FACTOR: 1 HARTREE/BOHR^3= 29421 GIGAPASCAL
WHEN USING VALUES FOR BOHR RADIUS AND HARTREE
FROM IUPAC WEBSITE, APRIL 2009
ENTHALPY: -5.7783090383860E+02

 SYMMETRY ALLOWED FORCES (ANALYTICAL) (DIRECTION, FORCE)

    1 -1.6965467E-03
 TTTTTTTTTTTTTTTTTTTTTTTTTTTTTT TOTGRA      TELAPSE       47.94 TCPU       47.81
 INFORMATION **** optc006 **** GEOMETRY OUTPUT FILE

 *******************************************************************************
 SILICON BULK - BASIS SET 6-21 MODIFIED                                          
 CRYSTAL - SCF - TYPE OF CALCULATION :  RESTRICTED CLOSED SHELL
 *******************************************************************************

 CAPPA:IS1  8;IS2  8;IS3  8; K PTS MONK NET  29; SYMMOPS:K SPACE  48;G SPACE  48

 TTTTTTTTTTTTTTTTTTTTTTTTTTTTTT SDIK        TELAPSE       47.97 TCPU       47.84

 INFORMATION FROM INTEGRAL EVALUATION

 RESTART FROM A PREVIOUS DENSITY MATRIX - DEP ACTIVE
 NUMBER OF COUPLE SETS (NEW, OLD, FOUND):      19      19      19
 NUMBER OF IRREDUCIBLE G VECTORS        :      84      84      84
 CHARGE NORMALIZATION FACTOR   0.99999985
 TOTAL ATOMIC CHARGES:
  14.0000000  14.0000000
 TTTTTTTTTTTTTTTTTTTTTTTTTTTTTT MOQGAD      TELAPSE       47.98 TCPU       47.84
 TTTTTTTTTTTTTTTTTTTTTTTTTTTTTT SHELLXN     TELAPSE       48.47 TCPU       48.33
 TTTTTTTTTTTTTTTTTTTTTTTTTTTTTT MONMO3      TELAPSE       48.47 TCPU       48.34
 CYC   0 ETOT(AU) -5.778298801981E+02 DETOT -5.78E+02 tst  7.22E-12 PX  1.00E+00
 TTTTTTTTTTTTTTTTTTTTTTTTTTTTTT DIIS        TELAPSE       48.47 TCPU       48.34
 TTTTTTTTTTTTTTTTTTTTTTTTTTTTTT FDIK        TELAPSE       48.48 TCPU       48.34
 INSULATING STATE
 TOP OF VALENCE BANDS -    BAND     14; K    1; EIG -1.7373574E-01 AU
 BOTTOM OF VIRTUAL BANDS - BAND     15; K   18; EIG  3.7444368E-02 AU
 INDIRECT ENERGY BAND GAP:   5.7465 eV
 BOTTOM OF VIRTUAL BANDS - BAND     15; K    1; EIG  1.0512258E-01 AU
 TTTTTTTTTTTTTTTTTTTTTTTTTTTTTT PDIG        TELAPSE       48.49 TCPU       48.36
 CHARGE NORMALIZATION FACTOR   1.00000000
 TOTAL ATOMIC CHARGES:
  14.0000000  14.0000000
 TTTTTTTTTTTTTTTTTTTTTTTTTTTTTT MOQGAD      TELAPSE       48.50 TCPU       48.36
 TTTTTTTTTTTTTTTTTTTTTTTTTTTTTT SHELLXN     TELAPSE       49.01 TCPU       48.87
 TTTTTTTTTTTTTTTTTTTTTTTTTTTTTT MONMO3      TELAPSE       49.01 TCPU       48.87
 CYC   1 ETOT(AU) -5.778299243650E+02 DETOT -4.42E-05 tst  0.00E+00 PX  3.72E-06
 TTTTTTTTTTTTTTTTTTTTTTTTTTTTTT DIIS        TELAPSE       49.01 TCPU       48.88
 DIIS TEST: 0.57282E-11 AT SCF   CYCLE   1 - MIX   30 %
 TTTTTTTTTTTTTTTTTTTTTTTTTTTTTT FDIK        TELAPSE       49.02 TCPU       48.88
 INSULATING STATE
 TOP OF VALENCE BANDS -    BAND     14; K    1; EIG -1.7373559E-01 AU
 BOTTOM OF VIRTUAL BANDS - BAND     15; K   18; EIG  3.7446281E-02 AU
 INDIRECT ENERGY BAND GAP:   5.7466 eV
 BOTTOM OF VIRTUAL BANDS - BAND     15; K    1; EIG  1.0512370E-01 AU
 TTTTTTTTTTTTTTTTTTTTTTTTTTTTTT PDIG        TELAPSE       49.03 TCPU       48.89
 CHARGE NORMALIZATION FACTOR   1.00000000
 TOTAL ATOMIC CHARGES:
  14.0000000  14.0000000
 TTTTTTTTTTTTTTTTTTTTTTTTTTTTTT MOQGAD      TELAPSE       49.04 TCPU       48.90
 TTTTTTTTTTTTTTTTTTTTTTTTTTTTTT SHELLXN     TELAPSE       49.54 TCPU       49.40
 TTTTTTTTTTTTTTTTTTTTTTTTTTTTTT MONMO3      TELAPSE       49.54 TCPU       49.40
 CYC   2 ETOT(AU) -5.778299243455E+02 DETOT  1.95E-08 tst  1.13E-12 PX  3.97E-06
 TTTTTTTTTTTTTTTTTTTTTTTTTTTTTT DIIS        TELAPSE       49.54 TCPU       49.41
 DIIS TEST: 0.47134E-12 AT SCF   CYCLE   2 - DIIS ACTIVE - HISTORY:     2 CYCLES
 TTTTTTTTTTTTTTTTTTTTTTTTTTTTTT FDIK        TELAPSE       49.55 TCPU       49.41
 INSULATING STATE
 TOP OF VALENCE BANDS -    BAND     14; K    1; EIG -1.7373560E-01 AU
 BOTTOM OF VIRTUAL BANDS - BAND     15; K   18; EIG  3.7447288E-02 AU
 INDIRECT ENERGY BAND GAP:   5.7466 eV
 BOTTOM OF VIRTUAL BANDS - BAND     15; K    1; EIG  1.0512437E-01 AU
 TTTTTTTTTTTTTTTTTTTTTTTTTTTTTT PDIG        TELAPSE       49.56 TCPU       49.42
 CHARGE NORMALIZATION FACTOR   1.00000000
 TOTAL ATOMIC CHARGES:
  14.0000000  14.0000000
 TTTTTTTTTTTTTTTTTTTTTTTTTTTTTT MOQGAD      TELAPSE       49.57 TCPU       49.43
 TTTTTTTTTTTTTTTTTTTTTTTTTTTTTT SHELLXN     TELAPSE       50.12 TCPU       49.98
 +++ ENERGIES IN A.U. +++
 ::: EXT EL-POLE                                  -5.4295183087087E+02
 ::: EXT EL-SPHEROPOLE                             5.4833010662356E+00
 ::: BIELET ZONE E-E                               6.7236870748955E+02
 ::: TOTAL E-E                                     1.3490017768492E+02
 ::: TOTAL E-N + N-E                              -1.1903748894004E+03
 ::: TOTAL N-N                                    -1.0034966844631E+02
 ::: KINETIC ENERGY                                5.7799445582604E+02
 ::: TOTAL   ENERGY                               -5.7782992433577E+02
 ::: VIRIAL COEFFICIENT                            1.0001423499046E+00
 TTTTTTTTTTTTTTTTTTTTTTTTTTTTTT MONMO3      TELAPSE       50.12 TCPU       49.98
 CYC   3 ETOT(AU) -5.778299243358E+02 DETOT  9.69E-09 tst  6.19E-13 PX  3.97E-06

 == SCF ENDED - CONVERGENCE ON ENERGY      E(AU) -5.7782992433577E+02 CYCLES   3

 TOTAL ENERGY(HF)(AU)(   3) -5.7782992433577E+02 DE 9.7E-09 tst 6.2E-13 PX 4.0E-06

 *******************************************************************************
 *                             FORCE CALCULATION                               *
 *******************************************************************************

 INFORMATION **** EXCPOG **** EXCH. BIPO BUFFER LENGTH (WORDS) =      618408
 INFORMATION **** GENPOG **** BIPO BUFFER LENGTH (WORDS) =       40600
 TTTTTTTTTTTTTTTTTTTTTTTTTTTTTT SHELXG      TELAPSE       55.86 TCPU       55.71

 CARTESIAN FORCES IN HARTREE/BOHR (ANALYTICAL)
   ATOM                     X                   Y                   Z
   1  14            -7.184096950522E-16 -6.071220134641E-16 -8.482011907398E-16
   2  14             7.260168645124E-16  5.995148440039E-16  8.389493322012E-16

 RESULTANT FORCE     7.607169460172E-18 -7.607169460172E-18 -9.251858538543E-18

 ATOMIC PART

 THERE ARE NO SYMMETRY ALLOWED DIRECTIONS

 CELL PART

 GRADIENT WITH RESPECT TO THE CELL PARAMETER IN HARTREE/BOHR
ORDER: -D/DA1X, -D/DA1Y, -D/DA1Z
       -D/DA2X, -D/DA2Y, -D/DA2Z
       -D/DA3X, -D/DA3Y, -D/DA3Z
  0.910516776622E-04 -0.910516776642E-04 -0.910516776628E-04
 -0.910516776639E-04  0.910516776644E-04 -0.910516776651E-04
 -0.910516776631E-04 -0.910516776647E-04  0.910516776629E-04

STRESS TENSOR, IN HARTREE/BOHR^3:
ORDER: 11 12 13
       21 22 23
       31 32 33
  0.329007872176E-05  0.160468951884E-16  0.320937420146E-16
  0.534885657200E-17  0.329007872179E-05 -0.267447375220E-17
  0.401170924450E-16 -0.267449876869E-17  0.329007872177E-05

PRESSURE FROM THE STRESS TENSOR,
IN HARTREE/BOHR^3: -0.32901E-05
PRESSURE IN GIGAPASCAL: -0.9680E-01
CONVERSION FACTOR: 1 HARTREE/BOHR^3= 29421 GIGAPASCAL
WHEN USING VALUES FOR BOHR RADIUS AND HARTREE
FROM IUPAC WEBSITE, APRIL 2009
ENTHALPY: -5.7783088232093E+02

 SYMMETRY ALLOWED FORCES (ANALYTICAL) (DIRECTION, FORCE)

    1 -1.6592790E-03
 TTTTTTTTTTTTTTTTTTTTTTTTTTTTTT TOTGRA      TELAPSE       55.96 TCPU       55.81
 INFORMATION **** optc007 **** GEOMETRY OUTPUT FILE

 GCALCO - MAX INDICES DIRECT LATTICE VECTOR    14    14    14
 NO.OF VECTORS CREATED 6999 STARS  105 RMAX    78.70538 BOHR
 TTTTTTTTTTTTTTTTTTTTTTTTTTTTTT gordsh1     TELAPSE       55.97 TCPU       55.81

 MATRIX SIZE: P(G)   32114, F(G)    5854, P(G) IRR    1073, F(G) IRR     525
 MAX G-VECTOR INDEX FOR 1- AND 2-ELECTRON INTEGRALS 219

 TTTTTTTTTTTTTTTTTTTTTTTTTTTTTT INPUT       TELAPSE       55.97 TCPU       55.81

 NEIGHBORS OF THE NON-EQUIVALENT ATOMS

 N = NUMBER OF NEIGHBORS AT DISTANCE R
    ATOM  N     R/ANG      R/AU   NEIGHBORS (ATOM LABELS AND CELL INDICES)
   1 SI   4     2.4100     4.5542    2 SI   0 0 0    2 SI   1 0 0    2 SI   0 1 0
                                     2 SI   0 0 1
   1 SI  12     3.9355     7.4370    1 SI  -1 0 0    1 SI   1 0 0    1 SI  -1 0 1
                                     1 SI   1 0-1    1 SI  -1 1 0    1 SI   1-1 0
                                     1 SI   0-1 0    1 SI   0 1 0    1 SI   0-1 1
                                     1 SI   0 1-1    1 SI   0 0-1    1 SI   0 0 1
   1 SI  12     4.6147     8.7206    2 SI   1 0-1    2 SI  -1 0 1    2 SI   1-1 0
                                     2 SI  -1 1 0    2 SI   0 1-1    2 SI   0-1 1
                                     2 SI   1 1-1    2 SI   1-1 1    2 SI  -1 1 1
                                     2 SI   1 1 0    2 SI   1 0 1    2 SI   0 1 1
   1 SI   6     5.5656    10.5174    1 SI  -1-1 1    1 SI   1 1-1    1 SI  -1 1-1
                                     1 SI   1-1 1    1 SI  -1 1 1    1 SI   1-1-1
   1 SI  12     6.0650    11.4611    2 SI  -1 0 0    2 SI   0-1 0    2 SI   0 0-1
                                     2 SI   2 0-1    2 SI   2-1 0    2 SI  -1 0 2
                                     2 SI  -1 2 0    2 SI   0 2-1    2 SI   0-1 2
                                     2 SI   2 0 0    2 SI   0 2 0    2 SI   0 0 2
   1 SI  24     6.8164    12.8812    1 SI  -2 0 1    1 SI   2 0-1    1 SI  -2 1 0
                                     1 SI   2-1 0    1 SI  -2 1 1    1 SI   2-1-1
                                     1 SI  -1-1 0    1 SI   1 1 0    1 SI  -1-1 2
                                     1 SI   1 1-2    1 SI  -1 0-1    1 SI   1 0 1
                                     1 SI  -1 0 2    1 SI   1 0-2    1 SI  -1 2-1
                                     1 SI   1-2 1    1 SI  -1 2 0    1 SI   1-2 0
                                     1 SI   0-2 1    1 SI   0 2-1    1 SI   0-1-1
                                     1 SI   0 1 1    1 SI   0-1 2    1 SI   0 1-2

 TTTTTTTTTTTTTTTTTTTTTTTTTTTTTT SYMM        TELAPSE       55.97 TCPU       55.81

 ***** NEW REFERENCE GEOMETRY *****
 TTTTTTTTTTTTTTTTTTTTTTTTTTTTTT INT_SCREEN  TELAPSE       55.97 TCPU       55.81

 *******************************************************************************
 SILICON BULK - BASIS SET 6-21 MODIFIED                                          
 CRYSTAL - SCF - TYPE OF CALCULATION :  RESTRICTED CLOSED SHELL
 *******************************************************************************

 CAPPA:IS1  8;IS2  8;IS3  8; K PTS MONK NET  29; SYMMOPS:K SPACE  48;G SPACE  48

 TTTTTTTTTTTTTTTTTTTTTTTTTTTTTT SDIK        TELAPSE       55.99 TCPU       55.84

 INFORMATION FROM INTEGRAL EVALUATION

 RESTART FROM A PREVIOUS DENSITY MATRIX - DEP ACTIVE
 NUMBER OF COUPLE SETS (NEW, OLD, FOUND):      19      19      19
 NUMBER OF IRREDUCIBLE G VECTORS        :      80      84      80
 CHARGE NORMALIZATION FACTOR   0.99999323
 TOTAL ATOMIC CHARGES:
  14.0000000  14.0000000
 TTTTTTTTTTTTTTTTTTTTTTTTTTTTTT MOQGAD      TELAPSE       56.00 TCPU       55.84
 TTTTTTTTTTTTTTTTTTTTTTTTTTTTTT SHELLXN     TELAPSE       56.43 TCPU       56.28
 TTTTTTTTTTTTTTTTTTTTTTTTTTTTTT MONMO3      TELAPSE       56.43 TCPU       56.28
 CYC   0 ETOT(AU) -5.778279545740E+02 DETOT -5.78E+02 tst  6.19E-13 PX  1.00E+00
 TTTTTTTTTTTTTTTTTTTTTTTTTTTTTT DIIS        TELAPSE       56.44 TCPU       56.28
 TTTTTTTTTTTTTTTTTTTTTTTTTTTTTT FDIK        TELAPSE       56.44 TCPU       56.29
 INSULATING STATE
 TOP OF VALENCE BANDS -    BAND     14; K    1; EIG -1.7362578E-01 AU
 BOTTOM OF VIRTUAL BANDS - BAND     15; K   18; EIG  3.7225662E-02 AU
 INDIRECT ENERGY BAND GAP:   5.7376 eV
 BOTTOM OF VIRTUAL BANDS - BAND     15; K    1; EIG  1.0488949E-01 AU
 TTTTTTTTTTTTTTTTTTTTTTTTTTTTTT PDIG        TELAPSE       56.46 TCPU       56.30
 CHARGE NORMALIZATION FACTOR   1.00000000
 TOTAL ATOMIC CHARGES:
  14.0000000  14.0000000
 TTTTTTTTTTTTTTTTTTTTTTTTTTTTTT MOQGAD      TELAPSE       56.46 TCPU       56.30
 TTTTTTTTTTTTTTTTTTTTTTTTTTTTTT SHELLXN     TELAPSE       56.90 TCPU       56.74
 TTTTTTTTTTTTTTTTTTTTTTTTTTTTTT MONMO3      TELAPSE       56.90 TCPU       56.74
 CYC   1 ETOT(AU) -5.778299129777E+02 DETOT -1.96E-03 tst  0.00E+00 PX  1.50E-03
 TTTTTTTTTTTTTTTTTTTTTTTTTTTTTT DIIS        TELAPSE       56.90 TCPU       56.74
 DIIS TEST: 0.24583E-07 AT SCF   CYCLE   1 - MIX   30 %
 TTTTTTTTTTTTTTTTTTTTTTTTTTTTTT FDIK        TELAPSE       56.91 TCPU       56.75
 INSULATING STATE
 TOP OF VALENCE BANDS -    BAND     14; K    1; EIG -1.7363025E-01 AU
 BOTTOM OF VIRTUAL BANDS - BAND     15; K   18; EIG  3.7263860E-02 AU
 INDIRECT ENERGY BAND GAP:   5.7387 eV
 BOTTOM OF VIRTUAL BANDS - BAND     15; K    1; EIG  1.0496057E-01 AU
 TTTTTTTTTTTTTTTTTTTTTTTTTTTTTT PDIG        TELAPSE       56.92 TCPU       56.76
 CHARGE NORMALIZATION FACTOR   1.00000000
 TOTAL ATOMIC CHARGES:
  14.0000000  14.0000000
 TTTTTTTTTTTTTTTTTTTTTTTTTTTTTT MOQGAD      TELAPSE       56.93 TCPU       56.77
 TTTTTTTTTTTTTTTTTTTTTTTTTTTTTT SHELLXN     TELAPSE       57.36 TCPU       57.20
 TTTTTTTTTTTTTTTTTTTTTTTTTTTTTT MONMO3      TELAPSE       57.37 TCPU       57.21
 CYC   2 ETOT(AU) -5.778299122432E+02 DETOT  7.35E-07 tst  1.11E-07 PX  2.54E-04
 TTTTTTTTTTTTTTTTTTTTTTTTTTTTTT DIIS        TELAPSE       57.37 TCPU       57.21
 DIIS TEST: 0.31588E-08 AT SCF   CYCLE   2 - DIIS ACTIVE - HISTORY:     2 CYCLES
 TTTTTTTTTTTTTTTTTTTTTTTTTTTTTT FDIK        TELAPSE       57.37 TCPU       57.21
 INSULATING STATE
 TOP OF VALENCE BANDS -    BAND     14; K    1; EIG -1.7363810E-01 AU
 BOTTOM OF VIRTUAL BANDS - BAND     15; K   18; EIG  3.7306547E-02 AU
 INDIRECT ENERGY BAND GAP:   5.7401 eV
 BOTTOM OF VIRTUAL BANDS - BAND     15; K    1; EIG  1.0499346E-01 AU
 TTTTTTTTTTTTTTTTTTTTTTTTTTTTTT PDIG        TELAPSE       57.39 TCPU       57.23
 CHARGE NORMALIZATION FACTOR   1.00000000
 TOTAL ATOMIC CHARGES:
  14.0000000  14.0000000
 TTTTTTTTTTTTTTTTTTTTTTTTTTTTTT MOQGAD      TELAPSE       57.39 TCPU       57.23
 TTTTTTTTTTTTTTTTTTTTTTTTTTTTTT SHELLXN     TELAPSE       57.83 TCPU       57.67
 TTTTTTTTTTTTTTTTTTTTTTTTTTTTTT MONMO3      TELAPSE       57.83 TCPU       57.67
 CYC   3 ETOT(AU) -5.778299117995E+02 DETOT  4.44E-07 tst  3.80E-09 PX  1.16E-04
 TTTTTTTTTTTTTTTTTTTTTTTTTTTTTT DIIS        TELAPSE       57.84 TCPU       57.67
 DIIS TEST: 0.71651E-10 AT SCF   CYCLE   3 - DIIS ACTIVE - HISTORY:     3 CYCLES
 TTTTTTTTTTTTTTTTTTTTTTTTTTTTTT FDIK        TELAPSE       57.84 TCPU       57.68
 INSULATING STATE
 TOP OF VALENCE BANDS -    BAND     14; K    1; EIG -1.7364078E-01 AU
 BOTTOM OF VIRTUAL BANDS - BAND     15; K   18; EIG  3.7309455E-02 AU
 INDIRECT ENERGY BAND GAP:   5.7403 eV
 BOTTOM OF VIRTUAL BANDS - BAND     15; K    1; EIG  1.0499208E-01 AU
 TTTTTTTTTTTTTTTTTTTTTTTTTTTTTT PDIG        TELAPSE       57.86 TCPU       57.69
 CHARGE NORMALIZATION FACTOR   1.00000000
 TOTAL ATOMIC CHARGES:
  14.0000000  14.0000000
 TTTTTTTTTTTTTTTTTTTTTTTTTTTTTT MOQGAD      TELAPSE       57.86 TCPU       57.70
 TTTTTTTTTTTTTTTTTTTTTTTTTTTTTT SHELLXN     TELAPSE       58.40 TCPU       58.24
 TTTTTTTTTTTTTTTTTTTTTTTTTTTTTT MONMO3      TELAPSE       58.41 TCPU       58.24
 CYC   4 ETOT(AU) -5.778299117840E+02 DETOT  1.56E-08 tst  6.76E-11 PX  9.93E-06
 TTTTTTTTTTTTTTTTTTTTTTTTTTTTTT DIIS        TELAPSE       58.41 TCPU       58.24
 DIIS TEST: 0.11629E-10 AT SCF   CYCLE   4 - DIIS ACTIVE - HISTORY:     4 CYCLES
 TTTTTTTTTTTTTTTTTTTTTTTTTTTTTT FDIK        TELAPSE       58.42 TCPU       58.25
 INSULATING STATE
 TOP OF VALENCE BANDS -    BAND     14; K    1; EIG -1.7364140E-01 AU
 BOTTOM OF VIRTUAL BANDS - BAND     15; K   18; EIG  3.7310128E-02 AU
 INDIRECT ENERGY BAND GAP:   5.7403 eV
 BOTTOM OF VIRTUAL BANDS - BAND     15; K    1; EIG  1.0499189E-01 AU
 TTTTTTTTTTTTTTTTTTTTTTTTTTTTTT PDIG        TELAPSE       58.43 TCPU       58.26
 CHARGE NORMALIZATION FACTOR   1.00000000
 TOTAL ATOMIC CHARGES:
  14.0000000  14.0000000
 TTTTTTTTTTTTTTTTTTTTTTTTTTTTTT MOQGAD      TELAPSE       58.44 TCPU       58.27
 TTTTTTTTTTTTTTTTTTTTTTTTTTTTTT SHELLXN     TELAPSE       58.88 TCPU       58.72
 +++ ENERGIES IN A.U. +++
 ::: EXT EL-POLE                                  -5.2258184633645E+02
 ::: EXT EL-SPHEROPOLE                             5.4867262937205E+00
 ::: BIELET ZONE E-E                               6.5197197442089E+02
 ::: TOTAL E-E                                     1.3487685437817E+02
 ::: TOTAL E-N + N-E                              -1.1903182874355E+03
 ::: TOTAL N-N                                    -1.0038674638653E+02
 ::: KINETIC ENERGY                                5.7799826765861E+02
 ::: TOTAL   ENERGY                               -5.7782991178524E+02
 ::: VIRIAL COEFFICIENT                            1.0001456582184E+00
 TTTTTTTTTTTTTTTTTTTTTTTTTTTTTT MONMO3      TELAPSE       58.89 TCPU       58.72
 CYC   5 ETOT(AU) -5.778299117852E+02 DETOT -1.28E-09 tst  2.68E-12 PX  9.93E-06

 == SCF ENDED - CONVERGENCE ON ENERGY      E(AU) -5.7782991178524E+02 CYCLES   5

 TOTAL ENERGY(HF)(AU)(   5) -5.7782991178524E+02 DE-1.3E-09 tst 2.7E-12 PX 9.9E-06

 *******************************************************************************
 *                             FORCE CALCULATION                               *
 *******************************************************************************

 INFORMATION **** EXCPOG **** EXCH. BIPO BUFFER LENGTH (WORDS) =      618408
 INFORMATION **** GENPOG **** BIPO BUFFER LENGTH (WORDS) =       40600
 TTTTTTTTTTTTTTTTTTTTTTTTTTTTTT SHELXG      TELAPSE       63.89 TCPU       63.72

 CARTESIAN FORCES IN HARTREE/BOHR (ANALYTICAL)
   ATOM                     X                   Y                   Z
   1  14             6.498343786225E-16  2.547660806249E-16  4.111912854851E-17
   2  14            -6.491550867219E-16 -2.646972310640E-16 -5.037098708706E-17

 RESULTANT FORCE     6.792919005405E-19 -9.931150439083E-18 -9.251858538543E-18

 ATOMIC PART

 THERE ARE NO SYMMETRY ALLOWED DIRECTIONS

 CELL PART

 GRADIENT WITH RESPECT TO THE CELL PARAMETER IN HARTREE/BOHR
ORDER: -D/DA1X, -D/DA1Y, -D/DA1Z
       -D/DA2X, -D/DA2Y, -D/DA2Z
       -D/DA3X, -D/DA3Y, -D/DA3Z
 -0.148740009216E-04  0.148740009227E-04  0.148740009216E-04
  0.148740009213E-04 -0.148740009222E-04  0.148740009213E-04
  0.148740009220E-04  0.148740009211E-04 -0.148740009226E-04

STRESS TENSOR, IN HARTREE/BOHR^3:
ORDER: 11 12 13
       21 22 23
       31 32 33
 -0.537857234690E-06 -0.802936451831E-17  0.535283477505E-17
  0.187351323761E-16 -0.537857234700E-06 -0.107057433462E-16
  0.240879775617E-16  0.187351248795E-16 -0.537857234681E-06

PRESSURE FROM THE STRESS TENSOR,
IN HARTREE/BOHR^3:  0.53786E-06
PRESSURE IN GIGAPASCAL:  0.1582E-01
CONVERSION FACTOR: 1 HARTREE/BOHR^3= 29421 GIGAPASCAL
WHEN USING VALUES FOR BOHR RADIUS AND HARTREE
FROM IUPAC WEBSITE, APRIL 2009
ENTHALPY: -5.7782975534870E+02

 SYMMETRY ALLOWED FORCES (ANALYTICAL) (DIRECTION, FORCE)

    1  2.7095603E-04
 TTTTTTTTTTTTTTTTTTTTTTTTTTTTTT TOTGRA      TELAPSE       63.99 TCPU       63.82
 INFORMATION **** optc008 **** GEOMETRY OUTPUT FILE
