
 *******************************************************************************
 BERILLIUM BULK                                                                  
 CRYSTAL - SCF - TYPE OF CALCULATION :  RESTRICTED CLOSED SHELL
 *******************************************************************************

 CAPPA:IS1 12;IS2 12;IS3 12; K PTS MONK NET 133; SYMMOPS:K SPACE  24;G SPACE  24

 TTTTTTTTTTTTTTTTTTTTTTTTTTTTTT SDIK        TELAPSE        6.19 TCPU        6.15

 INFORMATION FROM INTEGRAL EVALUATION

 RESTART FROM A PREVIOUS DENSITY MATRIX - DEP ACTIVE
 NUMBER OF COUPLE SETS (NEW, OLD, FOUND):      18      18      18
 NUMBER OF IRREDUCIBLE G VECTORS        :     100     100     100
 CHARGE NORMALIZATION FACTOR   0.99591998
 TOTAL ATOMIC CHARGES:
   4.0000000   4.0000000
 TTTTTTTTTTTTTTTTTTTTTTTTTTTTTT MOQGAD      TELAPSE        6.20 TCPU        6.15
 TTTTTTTTTTTTTTTTTTTTTTTTTTTTTT SHELLXN     TELAPSE        6.42 TCPU        6.38
 TTTTTTTTTTTTTTTTTTTTTTTTTTTTTT MONMO3      TELAPSE        6.42 TCPU        6.38
 CYC   0 ETOT(AU) -2.919213318734E+01 DETOT -2.92E+01 tst  1.58E-11 PX  1.00E+00
 TTTTTTTTTTTTTTTTTTTTTTTTTTTTTT DIIS        TELAPSE        6.43 TCPU        6.39
 TTTTTTTTTTTTTTTTTTTTTTTTTTTTTT FDIK        TELAPSE        6.45 TCPU        6.40
 POSSIBLY CONDUCTING STATE - EFERMI(AU) -1.0682394E-01 (RES. CHARGE  2.20E-11;IT. 12)
 TTTTTTTTTTTTTTTTTTTTTTTTTTTTTT PDIG        TELAPSE        6.48 TCPU        6.44
 CHARGE NORMALIZATION FACTOR   1.00000000
 TOTAL ATOMIC CHARGES:
   4.0000000   4.0000000
 TTTTTTTTTTTTTTTTTTTTTTTTTTTTTT MOQGAD      TELAPSE        6.48 TCPU        6.44
 TTTTTTTTTTTTTTTTTTTTTTTTTTTTTT SHELLXN     TELAPSE        6.71 TCPU        6.66
 TTTTTTTTTTTTTTTTTTTTTTTTTTTTTT MONMO3      TELAPSE        6.71 TCPU        6.66
 CYC   1 ETOT(AU) -2.925694507189E+01 DETOT -6.48E-02 tst  0.00E+00 PX  3.16E-03
 TTTTTTTTTTTTTTTTTTTTTTTTTTTTTT DIIS        TELAPSE        6.72 TCPU        6.67
 DIIS TEST: 0.33994E-04 AT SCF   CYCLE   1 - MIX   30 %
 TTTTTTTTTTTTTTTTTTTTTTTTTTTTTT FDIK        TELAPSE        6.73 TCPU        6.68
 POSSIBLY CONDUCTING STATE - EFERMI(AU) -1.0448654E-01 (RES. CHARGE  1.44E-10;IT.  8)
 TTTTTTTTTTTTTTTTTTTTTTTTTTTTTT PDIG        TELAPSE        6.76 TCPU        6.71
 CHARGE NORMALIZATION FACTOR   1.00000000
 TOTAL ATOMIC CHARGES:
   4.0000000   4.0000000
 TTTTTTTTTTTTTTTTTTTTTTTTTTTTTT MOQGAD      TELAPSE        6.76 TCPU        6.72
 TTTTTTTTTTTTTTTTTTTTTTTTTTTTTT SHELLXN     TELAPSE        6.99 TCPU        6.94
 TTTTTTTTTTTTTTTTTTTTTTTTTTTTTT MONMO3      TELAPSE        6.99 TCPU        6.94
 CYC   2 ETOT(AU) -2.925694291990E+01 DETOT  2.15E-06 tst  7.77E-07 PX  4.66E-04
 TTTTTTTTTTTTTTTTTTTTTTTTTTTTTT DIIS        TELAPSE        7.00 TCPU        6.95
 DIIS TEST: 0.34859E-05 AT SCF   CYCLE   2 - DIIS ACTIVE - HISTORY:     2 CYCLES
 TTTTTTTTTTTTTTTTTTTTTTTTTTTTTT FDIK        TELAPSE        7.01 TCPU        6.96
 POSSIBLY CONDUCTING STATE - EFERMI(AU) -1.0369876E-01 (RES. CHARGE  6.98E-12;IT.  8)
 TTTTTTTTTTTTTTTTTTTTTTTTTTTTTT PDIG        TELAPSE        7.04 TCPU        6.99
 CHARGE NORMALIZATION FACTOR   1.00000000
 TOTAL ATOMIC CHARGES:
   4.0000000   4.0000000
 TTTTTTTTTTTTTTTTTTTTTTTTTTTTTT MOQGAD      TELAPSE        7.04 TCPU        6.99
 TTTTTTTTTTTTTTTTTTTTTTTTTTTTTT SHELLXN     TELAPSE        7.26 TCPU        7.22
 TTTTTTTTTTTTTTTTTTTTTTTTTTTTTT MONMO3      TELAPSE        7.27 TCPU        7.22
 CYC   3 ETOT(AU) -2.925694015712E+01 DETOT  2.76E-06 tst  1.00E-07 PX  3.81E-04
 TTTTTTTTTTTTTTTTTTTTTTTTTTTTTT DIIS        TELAPSE        7.27 TCPU        7.23
 DIIS TEST: 0.37856E-09 AT SCF   CYCLE   3 - DIIS ACTIVE - HISTORY:     3 CYCLES
 TTTTTTTTTTTTTTTTTTTTTTTTTTTTTT FDIK        TELAPSE        7.28 TCPU        7.24
 POSSIBLY CONDUCTING STATE - EFERMI(AU) -1.0373092E-01 (RES. CHARGE  2.43E-10;IT. 10)
 TTTTTTTTTTTTTTTTTTTTTTTTTTTTTT PDIG        TELAPSE        7.32 TCPU        7.27
 CHARGE NORMALIZATION FACTOR   1.00000000
 TOTAL ATOMIC CHARGES:
   4.0000000   4.0000000
 TTTTTTTTTTTTTTTTTTTTTTTTTTTTTT MOQGAD      TELAPSE        7.32 TCPU        7.27
 TTTTTTTTTTTTTTTTTTTTTTTTTTTTTT SHELLXN     TELAPSE        7.54 TCPU        7.50
 TTTTTTTTTTTTTTTTTTTTTTTTTTTTTT MONMO3      TELAPSE        7.54 TCPU        7.50
 CYC   4 ETOT(AU) -2.925693996035E+01 DETOT  1.97E-07 tst  4.19E-09 PX  6.84E-05
 TTTTTTTTTTTTTTTTTTTTTTTTTTTTTT DIIS        TELAPSE        7.55 TCPU        7.51
 DIIS TEST: 0.72870E-11 AT SCF   CYCLE   4 - DIIS ACTIVE - HISTORY:     4 CYCLES
 TTTTTTTTTTTTTTTTTTTTTTTTTTTTTT FDIK        TELAPSE        7.56 TCPU        7.52
 POSSIBLY CONDUCTING STATE - EFERMI(AU) -1.0373953E-01 (RES. CHARGE  6.54E-11;IT. 10)
 TTTTTTTTTTTTTTTTTTTTTTTTTTTTTT PDIG        TELAPSE        7.60 TCPU        7.55
 CHARGE NORMALIZATION FACTOR   1.00000000
 TOTAL ATOMIC CHARGES:
   4.0000000   4.0000000
 TTTTTTTTTTTTTTTTTTTTTTTTTTTTTT MOQGAD      TELAPSE        7.60 TCPU        7.55
 TTTTTTTTTTTTTTTTTTTTTTTTTTTTTT SHELLXN     TELAPSE        7.83 TCPU        7.78
 TTTTTTTTTTTTTTTTTTTTTTTTTTTTTT MONMO3      TELAPSE        7.83 TCPU        7.78
 CYC   5 ETOT(AU) -2.925693985542E+01 DETOT  1.05E-07 tst  7.96E-10 PX  1.66E-05
 TTTTTTTTTTTTTTTTTTTTTTTTTTTTTT DIIS        TELAPSE        7.83 TCPU        7.79
 DIIS TEST: 0.11474E-12 AT SCF   CYCLE   5 - DIIS ACTIVE - HISTORY:     5 CYCLES
 TTTTTTTTTTTTTTTTTTTTTTTTTTTTTT FDIK        TELAPSE        7.84 TCPU        7.80
 POSSIBLY CONDUCTING STATE - EFERMI(AU) -1.0374146E-01 (RES. CHARGE  1.47E-11;IT. 10)
 TTTTTTTTTTTTTTTTTTTTTTTTTTTTTT PDIG        TELAPSE        7.88 TCPU        7.83
 CHARGE NORMALIZATION FACTOR   1.00000000
 TOTAL ATOMIC CHARGES:
   4.0000000   4.0000000
 TTTTTTTTTTTTTTTTTTTTTTTTTTTTTT MOQGAD      TELAPSE        7.88 TCPU        7.83
 TTTTTTTTTTTTTTTTTTTTTTTTTTTTTT SHELLXN     TELAPSE        8.10 TCPU        8.06
 TTTTTTTTTTTTTTTTTTTTTTTTTTTTTT MONMO3      TELAPSE        8.11 TCPU        8.06
 CYC   6 ETOT(AU) -2.925693981887E+01 DETOT  3.66E-08 tst  8.18E-11 PX  2.37E-06
 TTTTTTTTTTTTTTTTTTTTTTTTTTTTTT DIIS        TELAPSE        8.11 TCPU        8.06
 DIIS TEST: 0.11532E-12 AT SCF   CYCLE   6 - DIIS ACTIVE - HISTORY:     6 CYCLES
 TTTTTTTTTTTTTTTTTTTTTTTTTTTTTT FDIK        TELAPSE        8.12 TCPU        8.07
 POSSIBLY CONDUCTING STATE - EFERMI(AU) -1.0374214E-01 (RES. CHARGE  5.94E-10;IT.  8)
 TTTTTTTTTTTTTTTTTTTTTTTTTTTTTT PDIG        TELAPSE        8.16 TCPU        8.11
 CHARGE NORMALIZATION FACTOR   1.00000000
 TOTAL ATOMIC CHARGES:
   4.0000000   4.0000000
 TTTTTTTTTTTTTTTTTTTTTTTTTTTTTT MOQGAD      TELAPSE        8.16 TCPU        8.11
 TTTTTTTTTTTTTTTTTTTTTTTTTTTTTT SHELLXN     TELAPSE        8.38 TCPU        8.33
 +++ ENERGIES IN A.U. +++
 ::: EXT EL-POLE                                  -9.8826634742804E+01
 ::: EXT EL-SPHEROPOLE                             1.8839723089808E+00
 ::: BIELET ZONE E-E                               9.7342929622697E+01
 ::: TOTAL E-E                                     4.0026718887422E-01
 ::: TOTAL E-N + N-E                              -4.6732363457723E+01
 ::: TOTAL N-N                                    -1.2209746060926E+01
 ::: KINETIC ENERGY                                2.9284902529147E+01
 ::: TOTAL   ENERGY                               -2.9256939800629E+01
 ::: VIRIAL COEFFICIENT                            1.0004776537158E+00
 TTTTTTTTTTTTTTTTTTTTTTTTTTTTTT MONMO3      TELAPSE        8.39 TCPU        8.33
 CYC   7 ETOT(AU) -2.925693980063E+01 DETOT  1.82E-08 tst  1.30E-11 PX  2.37E-06

 == SCF ENDED - CONVERGENCE ON ENERGY      E(AU) -2.9256939800629E+01 CYCLES   7

 TOTAL ENERGY(HF)(AU)(   7) -2.9256939800629E+01 DE 1.8E-08 tst 1.3E-11 PX 2.4E-06

 *******************************************************************************
 *                             FORCE CALCULATION                               *
 *******************************************************************************

 INFORMATION **** EXCPOG **** EXCH. BIPO BUFFER LENGTH (WORDS) =      446688
 INFORMATION **** GENPOG **** BIPO BUFFER LENGTH (WORDS) =       34600
 TTTTTTTTTTTTTTTTTTTTTTTTTTTTTT SHELXG      TELAPSE       10.46 TCPU       10.41

 CARTESIAN FORCES IN HARTREE/BOHR (ANALYTICAL)
   ATOM                     X                   Y                   Z
   1   4            -2.063712749819E-16  7.734320228885E-17  1.552393704142E-15
   2   4             2.060151436215E-16 -6.710229218946E-17 -1.552393704142E-15

 RESULTANT FORCE    -3.561313603416E-19  1.024091009939E-17  0.000000000000E+00

 ATOMIC PART

 THERE ARE NO SYMMETRY ALLOWED DIRECTIONS

 CELL PART

 GRADIENT WITH RESPECT TO THE CELL PARAMETER IN HARTREE/BOHR
ORDER: -D/DA1X, -D/DA1Y, -D/DA1Z
       -D/DA2X, -D/DA2Y, -D/DA2Z
       -D/DA3X, -D/DA3Y, -D/DA3Z
 -0.392269286392E-02  0.161991804389E-16  0.157140251007E-15
 -0.196134643196E-02 -0.339715167140E-02  0.643591442670E-16
  0.819761202776E-16 -0.979211832208E-17 -0.291632270643E-02

STRESS TENSOR, IN HARTREE/BOHR^3:
ORDER: 11 12 13
       21 22 23
       31 32 33
  0.135089007272E-03  0.235337500493E-16 -0.509988845036E-17
 -0.557864528280E-18  0.135089007272E-03  0.609186077192E-18
 -0.541156834030E-17  0.565104985979E-18  0.181429914439E-03

STRESS TENSOR DOES NOT CORRESPOND TO
HYDROSTATIC PRESSURE, NO PRESSURE COMPUTED!

 SYMMETRY ALLOWED FORCES (ANALYTICAL) (DIRECTION, FORCE)

    1 -2.8248402E-02    2  4.0993203E-03
 TTTTTTTTTTTTTTTTTTTTTTTTTTTTTT TOTGRA      TELAPSE       10.49 TCPU       10.44
 INFORMATION **** optc002 **** GEOMETRY OUTPUT FILE

 *******************************************************************************
 BERILLIUM BULK                                                                  
 CRYSTAL - SCF - TYPE OF CALCULATION :  RESTRICTED CLOSED SHELL
 *******************************************************************************

 CAPPA:IS1 12;IS2 12;IS3 12; K PTS MONK NET 133; SYMMOPS:K SPACE  24;G SPACE  24

 TTTTTTTTTTTTTTTTTTTTTTTTTTTTTT SDIK        TELAPSE       10.53 TCPU       10.46

 INFORMATION FROM INTEGRAL EVALUATION

 RESTART FROM A PREVIOUS DENSITY MATRIX - DEP ACTIVE
 NUMBER OF COUPLE SETS (NEW, OLD, FOUND):      18      18      18
 NUMBER OF IRREDUCIBLE G VECTORS        :     100     100     100
 CHARGE NORMALIZATION FACTOR   0.99300121
 TOTAL ATOMIC CHARGES:
   4.0000000   4.0000000
 TTTTTTTTTTTTTTTTTTTTTTTTTTTTTT MOQGAD      TELAPSE       10.53 TCPU       10.47
 TTTTTTTTTTTTTTTTTTTTTTTTTTTTTT SHELLXN     TELAPSE       10.75 TCPU       10.69
 TTTTTTTTTTTTTTTTTTTTTTTTTTTTTT MONMO3      TELAPSE       10.75 TCPU       10.69
 CYC   0 ETOT(AU) -2.914655106747E+01 DETOT -2.91E+01 tst  1.30E-11 PX  1.00E+00
 TTTTTTTTTTTTTTTTTTTTTTTTTTTTTT DIIS        TELAPSE       10.76 TCPU       10.70
 TTTTTTTTTTTTTTTTTTTTTTTTTTTTTT FDIK        TELAPSE       10.79 TCPU       10.72
 POSSIBLY CONDUCTING STATE - EFERMI(AU) -1.1023018E-01 (RES. CHARGE  4.86E-12;IT. 12)
 TTTTTTTTTTTTTTTTTTTTTTTTTTTTTT PDIG        TELAPSE       10.82 TCPU       10.76
 CHARGE NORMALIZATION FACTOR   1.00000000
 TOTAL ATOMIC CHARGES:
   4.0000000   4.0000000
 TTTTTTTTTTTTTTTTTTTTTTTTTTTTTT MOQGAD      TELAPSE       10.82 TCPU       10.76
 TTTTTTTTTTTTTTTTTTTTTTTTTTTTTT SHELLXN     TELAPSE       11.05 TCPU       10.99
 TTTTTTTTTTTTTTTTTTTTTTTTTTTTTT MONMO3      TELAPSE       11.05 TCPU       10.99
 CYC   1 ETOT(AU) -2.925713203652E+01 DETOT -1.11E-01 tst  0.00E+00 PX  5.19E-03
 TTTTTTTTTTTTTTTTTTTTTTTTTTTTTT DIIS        TELAPSE       11.06 TCPU       10.99
 DIIS TEST: 0.99915E-04 AT SCF   CYCLE   1 - MIX   30 %
 TTTTTTTTTTTTTTTTTTTTTTTTTTTTTT FDIK        TELAPSE       11.07 TCPU       11.00
 POSSIBLY CONDUCTING STATE - EFERMI(AU) -1.0605203E-01 (RES. CHARGE  2.09E-10;IT.  8)
 TTTTTTTTTTTTTTTTTTTTTTTTTTTTTT PDIG        TELAPSE       11.10 TCPU       11.04
 CHARGE NORMALIZATION FACTOR   1.00000000
 TOTAL ATOMIC CHARGES:
   4.0000000   4.0000000
 TTTTTTTTTTTTTTTTTTTTTTTTTTTTTT MOQGAD      TELAPSE       11.11 TCPU       11.04
 TTTTTTTTTTTTTTTTTTTTTTTTTTTTTT SHELLXN     TELAPSE       11.33 TCPU       11.26
 TTTTTTTTTTTTTTTTTTTTTTTTTTTTTT MONMO3      TELAPSE       11.33 TCPU       11.27
 CYC   2 ETOT(AU) -2.925713494136E+01 DETOT -2.90E-06 tst  2.65E-06 PX  8.02E-04
 TTTTTTTTTTTTTTTTTTTTTTTTTTTTTT DIIS        TELAPSE       11.34 TCPU       11.27
 DIIS TEST: 0.10241E-04 AT SCF   CYCLE   2 - DIIS ACTIVE - HISTORY:     2 CYCLES
 TTTTTTTTTTTTTTTTTTTTTTTTTTTTTT FDIK        TELAPSE       11.35 TCPU       11.28
 POSSIBLY CONDUCTING STATE - EFERMI(AU) -1.0457848E-01 (RES. CHARGE  1.08E-11;IT.  8)
 TTTTTTTTTTTTTTTTTTTTTTTTTTTTTT PDIG        TELAPSE       11.39 TCPU       11.32
 CHARGE NORMALIZATION FACTOR   1.00000000
 TOTAL ATOMIC CHARGES:
   4.0000000   4.0000000
 TTTTTTTTTTTTTTTTTTTTTTTTTTTTTT MOQGAD      TELAPSE       11.39 TCPU       11.32
 TTTTTTTTTTTTTTTTTTTTTTTTTTTTTT SHELLXN     TELAPSE       11.61 TCPU       11.54
 TTTTTTTTTTTTTTTTTTTTTTTTTTTTTT MONMO3      TELAPSE       11.61 TCPU       11.55
 CYC   3 ETOT(AU) -2.925713101540E+01 DETOT  3.93E-06 tst  4.11E-07 PX  7.50E-04
 TTTTTTTTTTTTTTTTTTTTTTTTTTTTTT DIIS        TELAPSE       11.62 TCPU       11.55
 DIIS TEST: 0.31398E-08 AT SCF   CYCLE   3 - DIIS ACTIVE - HISTORY:     3 CYCLES
 TTTTTTTTTTTTTTTTTTTTTTTTTTTTTT FDIK        TELAPSE       11.64 TCPU       11.56
 POSSIBLY CONDUCTING STATE - EFERMI(AU) -1.0474497E-01 (RES. CHARGE  3.59E-10;IT. 10)
 TTTTTTTTTTTTTTTTTTTTTTTTTTTTTT PDIG        TELAPSE       11.67 TCPU       11.60
 CHARGE NORMALIZATION FACTOR   1.00000000
 TOTAL ATOMIC CHARGES:
   4.0000000   4.0000000
 TTTTTTTTTTTTTTTTTTTTTTTTTTTTTT MOQGAD      TELAPSE       11.67 TCPU       11.60
 TTTTTTTTTTTTTTTTTTTTTTTTTTTTTT SHELLXN     TELAPSE       11.90 TCPU       11.83
 TTTTTTTTTTTTTTTTTTTTTTTTTTTTTT MONMO3      TELAPSE       11.90 TCPU       11.83
 CYC   4 ETOT(AU) -2.925713046915E+01 DETOT  5.46E-07 tst  6.03E-07 PX  1.80E-04
 TTTTTTTTTTTTTTTTTTTTTTTTTTTTTT DIIS        TELAPSE       11.91 TCPU       11.83
 DIIS TEST: 0.37795E-08 AT SCF   CYCLE   4 - DIIS ACTIVE - HISTORY:     4 CYCLES
 TTTTTTTTTTTTTTTTTTTTTTTTTTTTTT FDIK        TELAPSE       11.92 TCPU       11.84
 POSSIBLY CONDUCTING STATE - EFERMI(AU) -1.0471606E-01 (RES. CHARGE  2.96E-11;IT.  6)
 TTTTTTTTTTTTTTTTTTTTTTTTTTTTTT PDIG        TELAPSE       11.95 TCPU       11.88
 CHARGE NORMALIZATION FACTOR   1.00000000
 TOTAL ATOMIC CHARGES:
   4.0000000   4.0000000
 TTTTTTTTTTTTTTTTTTTTTTTTTTTTTT MOQGAD      TELAPSE       11.95 TCPU       11.88
 TTTTTTTTTTTTTTTTTTTTTTTTTTTTTT SHELLXN     TELAPSE       12.18 TCPU       12.11
 TTTTTTTTTTTTTTTTTTTTTTTTTTTTTT MONMO3      TELAPSE       12.18 TCPU       12.11
 CYC   5 ETOT(AU) -2.925713101795E+01 DETOT -5.49E-07 tst  3.76E-08 PX  2.55E-05
 TTTTTTTTTTTTTTTTTTTTTTTTTTTTTT DIIS        TELAPSE       12.19 TCPU       12.11
 DIIS TEST: 0.12239E-08 AT SCF   CYCLE   5 - DIIS ACTIVE - HISTORY:     5 CYCLES
 TTTTTTTTTTTTTTTTTTTTTTTTTTTTTT FDIK        TELAPSE       12.20 TCPU       12.12
 POSSIBLY CONDUCTING STATE - EFERMI(AU) -1.0464994E-01 (RES. CHARGE  1.61E-10;IT.  6)
 TTTTTTTTTTTTTTTTTTTTTTTTTTTTTT PDIG        TELAPSE       12.23 TCPU       12.16
 CHARGE NORMALIZATION FACTOR   1.00000000
 TOTAL ATOMIC CHARGES:
   4.0000000   4.0000000
 TTTTTTTTTTTTTTTTTTTTTTTTTTTTTT MOQGAD      TELAPSE       12.24 TCPU       12.16
 TTTTTTTTTTTTTTTTTTTTTTTTTTTTTT SHELLXN     TELAPSE       12.46 TCPU       12.38
 TTTTTTTTTTTTTTTTTTTTTTTTTTTTTT MONMO3      TELAPSE       12.46 TCPU       12.38
 CYC   6 ETOT(AU) -2.925713144526E+01 DETOT -4.27E-07 tst  1.76E-07 PX  6.45E-05
 TTTTTTTTTTTTTTTTTTTTTTTTTTTTTT DIIS        TELAPSE       12.47 TCPU       12.39
 DIIS TEST: 0.34173E-09 AT SCF   CYCLE   6 - DIIS ACTIVE - HISTORY:     6 CYCLES
 TTTTTTTTTTTTTTTTTTTTTTTTTTTTTT FDIK        TELAPSE       12.48 TCPU       12.40
 POSSIBLY CONDUCTING STATE - EFERMI(AU) -1.0467077E-01 (RES. CHARGE  4.63E-11;IT. 10)
 TTTTTTTTTTTTTTTTTTTTTTTTTTTTTT PDIG        TELAPSE       12.52 TCPU       12.44
 CHARGE NORMALIZATION FACTOR   1.00000000
 TOTAL ATOMIC CHARGES:
   4.0000000   4.0000000
 TTTTTTTTTTTTTTTTTTTTTTTTTTTTTT MOQGAD      TELAPSE       12.52 TCPU       12.44
 TTTTTTTTTTTTTTTTTTTTTTTTTTTTTT SHELLXN     TELAPSE       12.74 TCPU       12.66
 TTTTTTTTTTTTTTTTTTTTTTTTTTTTTT MONMO3      TELAPSE       12.74 TCPU       12.66
 CYC   7 ETOT(AU) -2.925713192299E+01 DETOT -4.78E-07 tst  1.50E-08 PX  6.80E-05
 TTTTTTTTTTTTTTTTTTTTTTTTTTTTTT DIIS        TELAPSE       12.75 TCPU       12.67
 DIIS TEST: 0.18668E-09 AT SCF   CYCLE   7 - DIIS ACTIVE - HISTORY:     7 CYCLES
 TTTTTTTTTTTTTTTTTTTTTTTTTTTTTT FDIK        TELAPSE       12.76 TCPU       12.68
 POSSIBLY CONDUCTING STATE - EFERMI(AU) -1.0466530E-01 (RES. CHARGE  1.10E-12;IT.  6)
 TTTTTTTTTTTTTTTTTTTTTTTTTTTTTT PDIG        TELAPSE       12.80 TCPU       12.71
 CHARGE NORMALIZATION FACTOR   1.00000000
 TOTAL ATOMIC CHARGES:
   4.0000000   4.0000000
 TTTTTTTTTTTTTTTTTTTTTTTTTTTTTT MOQGAD      TELAPSE       12.80 TCPU       12.71
 TTTTTTTTTTTTTTTTTTTTTTTTTTTTTT SHELLXN     TELAPSE       13.03 TCPU       12.94
 TTTTTTTTTTTTTTTTTTTTTTTTTTTTTT MONMO3      TELAPSE       13.03 TCPU       12.94
 CYC   8 ETOT(AU) -2.925713203874E+01 DETOT -1.16E-07 tst  1.24E-09 PX  6.74E-06
 TTTTTTTTTTTTTTTTTTTTTTTTTTTTTT DIIS        TELAPSE       13.04 TCPU       12.95
 DIIS TEST: 0.14565E-09 AT SCF   CYCLE   8 - DIIS ACTIVE - HISTORY:     8 CYCLES
 TTTTTTTTTTTTTTTTTTTTTTTTTTTTTT FDIK        TELAPSE       13.05 TCPU       12.96
 POSSIBLY CONDUCTING STATE - EFERMI(AU) -1.0467977E-01 (RES. CHARGE  3.19E-11;IT. 10)
 TTTTTTTTTTTTTTTTTTTTTTTTTTTTTT PDIG        TELAPSE       13.08 TCPU       12.99
 CHARGE NORMALIZATION FACTOR   1.00000000
 TOTAL ATOMIC CHARGES:
   4.0000000   4.0000000
 TTTTTTTTTTTTTTTTTTTTTTTTTTTTTT MOQGAD      TELAPSE       13.08 TCPU       12.99
 TTTTTTTTTTTTTTTTTTTTTTTTTTTTTT SHELLXN     TELAPSE       13.31 TCPU       13.22
 TTTTTTTTTTTTTTTTTTTTTTTTTTTTTT MONMO3      TELAPSE       13.31 TCPU       13.22
 CYC   9 ETOT(AU) -2.925713173858E+01 DETOT  3.00E-07 tst  8.42E-09 PX  1.73E-05
 TTTTTTTTTTTTTTTTTTTTTTTTTTTTTT DIIS        TELAPSE       13.32 TCPU       13.23
 DIIS TEST: 0.26549E-09 AT SCF   CYCLE   9 - DIIS ACTIVE - HISTORY:     9 CYCLES
 TTTTTTTTTTTTTTTTTTTTTTTTTTTTTT FDIK        TELAPSE       13.33 TCPU       13.24
 POSSIBLY CONDUCTING STATE - EFERMI(AU) -1.0467195E-01 (RES. CHARGE  2.23E-12;IT.  6)
 TTTTTTTTTTTTTTTTTTTTTTTTTTTTTT PDIG        TELAPSE       13.36 TCPU       13.27
 CHARGE NORMALIZATION FACTOR   1.00000000
 TOTAL ATOMIC CHARGES:
   4.0000000   4.0000000
 TTTTTTTTTTTTTTTTTTTTTTTTTTTTTT MOQGAD      TELAPSE       13.36 TCPU       13.27
 TTTTTTTTTTTTTTTTTTTTTTTTTTTTTT SHELLXN     TELAPSE       13.59 TCPU       13.50
 TTTTTTTTTTTTTTTTTTTTTTTTTTTTTT MONMO3      TELAPSE       13.59 TCPU       13.50
 CYC  10 ETOT(AU) -2.925713189901E+01 DETOT -1.60E-07 tst  2.20E-09 PX  9.78E-06
 TTTTTTTTTTTTTTTTTTTTTTTTTTTTTT DIIS        TELAPSE       13.60 TCPU       13.51
 DIIS TEST: 0.20076E-09 AT SCF   CYCLE  10 - DIIS ACTIVE - HISTORY:    10 CYCLES
 TTTTTTTTTTTTTTTTTTTTTTTTTTTTTT FDIK        TELAPSE       13.61 TCPU       13.52
 POSSIBLY CONDUCTING STATE - EFERMI(AU) -1.0474721E-01 (RES. CHARGE  1.53E-10;IT. 10)
 TTTTTTTTTTTTTTTTTTTTTTTTTTTTTT PDIG        TELAPSE       13.64 TCPU       13.55
 CHARGE NORMALIZATION FACTOR   1.00000000
 TOTAL ATOMIC CHARGES:
   4.0000000   4.0000000
 TTTTTTTTTTTTTTTTTTTTTTTTTTTTTT MOQGAD      TELAPSE       13.64 TCPU       13.55
 TTTTTTTTTTTTTTTTTTTTTTTTTTTTTT SHELLXN     TELAPSE       13.87 TCPU       13.78
 TTTTTTTTTTTTTTTTTTTTTTTTTTTTTT MONMO3      TELAPSE       13.87 TCPU       13.78
 CYC  11 ETOT(AU) -2.925713022967E+01 DETOT  1.67E-06 tst  2.21E-07 PX  9.31E-05
 TTTTTTTTTTTTTTTTTTTTTTTTTTTTTT DIIS        TELAPSE       13.88 TCPU       13.79
 DIIS TEST: 0.12421E-08 AT SCF   CYCLE  11 - DIIS ACTIVE - HISTORY:    11 CYCLES
 TTTTTTTTTTTTTTTTTTTTTTTTTTTTTT FDIK        TELAPSE       13.90 TCPU       13.80
 POSSIBLY CONDUCTING STATE - EFERMI(AU) -1.0461451E-01 (RES. CHARGE  6.58E-10;IT.  6)
 TTTTTTTTTTTTTTTTTTTTTTTTTTTTTT PDIG        TELAPSE       13.93 TCPU       13.83
 CHARGE NORMALIZATION FACTOR   1.00000000
 TOTAL ATOMIC CHARGES:
   4.0000000   4.0000000
 TTTTTTTTTTTTTTTTTTTTTTTTTTTTTT MOQGAD      TELAPSE       13.93 TCPU       13.83
 TTTTTTTTTTTTTTTTTTTTTTTTTTTTTT SHELLXN     TELAPSE       14.15 TCPU       14.06
 TTTTTTTTTTTTTTTTTTTTTTTTTTTTTT MONMO3      TELAPSE       14.15 TCPU       14.06
 CYC  12 ETOT(AU) -2.925713130243E+01 DETOT -1.07E-06 tst  6.08E-07 PX  1.80E-04
 TTTTTTTTTTTTTTTTTTTTTTTTTTTTTT DIIS        TELAPSE       14.17 TCPU       14.07
 DIIS TEST: 0.35051E-08 AT SCF   CYCLE  12 - DIIS ACTIVE - HISTORY:    12 CYCLES
 TTTTTTTTTTTTTTTTTTTTTTTTTTTTTT FDIK        TELAPSE       14.18 TCPU       14.08
 POSSIBLY CONDUCTING STATE - EFERMI(AU) -1.0465526E-01 (RES. CHARGE  9.18E-11;IT. 10)
 TTTTTTTTTTTTTTTTTTTTTTTTTTTTTT PDIG        TELAPSE       14.21 TCPU       14.11
 CHARGE NORMALIZATION FACTOR   1.00000000
 TOTAL ATOMIC CHARGES:
   4.0000000   4.0000000
 TTTTTTTTTTTTTTTTTTTTTTTTTTTTTT MOQGAD      TELAPSE       14.21 TCPU       14.11
 TTTTTTTTTTTTTTTTTTTTTTTTTTTTTT SHELLXN     TELAPSE       14.44 TCPU       14.34
 TTTTTTTTTTTTTTTTTTTTTTTTTTTTTT MONMO3      TELAPSE       14.44 TCPU       14.34
 CYC  13 ETOT(AU) -2.925713144952E+01 DETOT -1.47E-07 tst  4.03E-08 PX  1.16E-04
 TTTTTTTTTTTTTTTTTTTTTTTTTTTTTT DIIS        TELAPSE       14.45 TCPU       14.35
 DIIS TEST: 0.15695E-09 AT SCF   CYCLE  13 - DIIS ACTIVE - HISTORY:    13 CYCLES
 TTTTTTTTTTTTTTTTTTTTTTTTTTTTTT FDIK        TELAPSE       14.46 TCPU       14.36
 POSSIBLY CONDUCTING STATE - EFERMI(AU) -1.0461929E-01 (RES. CHARGE  4.84E-11;IT.  6)
 TTTTTTTTTTTTTTTTTTTTTTTTTTTTTT PDIG        TELAPSE       14.49 TCPU       14.39
 CHARGE NORMALIZATION FACTOR   1.00000000
 TOTAL ATOMIC CHARGES:
   4.0000000   4.0000000
 TTTTTTTTTTTTTTTTTTTTTTTTTTTTTT MOQGAD      TELAPSE       14.49 TCPU       14.39
 TTTTTTTTTTTTTTTTTTTTTTTTTTTTTT SHELLXN     TELAPSE       14.72 TCPU       14.62
 TTTTTTTTTTTTTTTTTTTTTTTTTTTTTT MONMO3      TELAPSE       14.72 TCPU       14.62
 CYC  14 ETOT(AU) -2.925713125241E+01 DETOT  1.97E-07 tst  3.17E-08 PX  1.16E-04
 TTTTTTTTTTTTTTTTTTTTTTTTTTTTTT DIIS        TELAPSE       14.73 TCPU       14.63
 DIIS TEST: 0.33260E-08 AT SCF   CYCLE  14 - DIIS ACTIVE - HISTORY:    14 CYCLES
 TTTTTTTTTTTTTTTTTTTTTTTTTTTTTT FDIK        TELAPSE       14.74 TCPU       14.64
 POSSIBLY CONDUCTING STATE - EFERMI(AU) -1.0465927E-01 (RES. CHARGE  8.97E-11;IT. 10)
 TTTTTTTTTTTTTTTTTTTTTTTTTTTTTT PDIG        TELAPSE       14.78 TCPU       14.67
 CHARGE NORMALIZATION FACTOR   1.00000000
 TOTAL ATOMIC CHARGES:
   4.0000000   4.0000000
 TTTTTTTTTTTTTTTTTTTTTTTTTTTTTT MOQGAD      TELAPSE       14.78 TCPU       14.67
 TTTTTTTTTTTTTTTTTTTTTTTTTTTTTT SHELLXN     TELAPSE       15.01 TCPU       14.90
 TTTTTTTTTTTTTTTTTTTTTTTTTTTTTT MONMO3      TELAPSE       15.01 TCPU       14.90
 CYC  15 ETOT(AU) -2.925713217194E+01 DETOT -9.20E-07 tst  4.17E-08 PX  1.85E-04
 TTTTTTTTTTTTTTTTTTTTTTTTTTTTTT DIIS        TELAPSE       15.01 TCPU       14.91
 DIIS TEST: 0.11661E-09 AT SCF   CYCLE  15 - DIIS ACTIVE - HISTORY:    15 CYCLES
 TTTTTTTTTTTTTTTTTTTTTTTTTTTTTT FDIK        TELAPSE       15.02 TCPU       14.92
 POSSIBLY CONDUCTING STATE - EFERMI(AU) -1.0465268E-01 (RES. CHARGE  1.60E-12;IT.  6)
 TTTTTTTTTTTTTTTTTTTTTTTTTTTTTT PDIG        TELAPSE       15.06 TCPU       14.95
 CHARGE NORMALIZATION FACTOR   1.00000000
 TOTAL ATOMIC CHARGES:
   4.0000000   4.0000000
 TTTTTTTTTTTTTTTTTTTTTTTTTTTTTT MOQGAD      TELAPSE       15.06 TCPU       14.95
 TTTTTTTTTTTTTTTTTTTTTTTTTTTTTT SHELLXN     TELAPSE       15.28 TCPU       15.18
 TTTTTTTTTTTTTTTTTTTTTTTTTTTTTT MONMO3      TELAPSE       15.28 TCPU       15.18
 CYC  16 ETOT(AU) -2.925713149995E+01 DETOT  6.72E-07 tst  1.69E-09 PX  6.91E-05
 TTTTTTTTTTTTTTTTTTTTTTTTTTTTTT DIIS        TELAPSE       15.29 TCPU       15.19
 DIIS TEST: 0.17067E-09 AT SCF   CYCLE  16 - DIIS ACTIVE - HISTORY:    16 CYCLES
 TTTTTTTTTTTTTTTTTTTTTTTTTTTTTT FDIK        TELAPSE       15.31 TCPU       15.20
 POSSIBLY CONDUCTING STATE - EFERMI(AU) -1.0457837E-01 (RES. CHARGE  2.10E-10;IT.  6)
 TTTTTTTTTTTTTTTTTTTTTTTTTTTTTT PDIG        TELAPSE       15.34 TCPU       15.23
 CHARGE NORMALIZATION FACTOR   1.00000000
 TOTAL ATOMIC CHARGES:
   4.0000000   4.0000000
 TTTTTTTTTTTTTTTTTTTTTTTTTTTTTT MOQGAD      TELAPSE       15.34 TCPU       15.23
 TTTTTTTTTTTTTTTTTTTTTTTTTTTTTT SHELLXN     TELAPSE       15.56 TCPU       15.46
 TTTTTTTTTTTTTTTTTTTTTTTTTTTTTT MONMO3      TELAPSE       15.57 TCPU       15.46
 CYC  17 ETOT(AU) -2.925713182414E+01 DETOT -3.24E-07 tst  1.28E-07 PX  1.13E-04
 TTTTTTTTTTTTTTTTTTTTTTTTTTTTTT DIIS        TELAPSE       15.58 TCPU       15.47
 DIIS TEST: 0.45158E-08 AT SCF   CYCLE  17 - DIIS ACTIVE - HISTORY:    17 CYCLES
 TTTTTTTTTTTTTTTTTTTTTTTTTTTTTT FDIK        TELAPSE       15.59 TCPU       15.48
 POSSIBLY CONDUCTING STATE - EFERMI(AU) -1.0462138E-01 (RES. CHARGE  1.01E-10;IT. 10)
 TTTTTTTTTTTTTTTTTTTTTTTTTTTTTT PDIG        TELAPSE       15.62 TCPU       15.51
 CHARGE NORMALIZATION FACTOR   1.00000000
 TOTAL ATOMIC CHARGES:
   4.0000000   4.0000000
 TTTTTTTTTTTTTTTTTTTTTTTTTTTTTT MOQGAD      TELAPSE       15.62 TCPU       15.51
 TTTTTTTTTTTTTTTTTTTTTTTTTTTTTT SHELLXN     TELAPSE       15.85 TCPU       15.74
 TTTTTTTTTTTTTTTTTTTTTTTTTTTTTT MONMO3      TELAPSE       15.85 TCPU       15.74
 CYC  18 ETOT(AU) -2.925713120992E+01 DETOT  6.14E-07 tst  4.18E-08 PX  3.96E-05
 TTTTTTTTTTTTTTTTTTTTTTTTTTTTTT DIIS        TELAPSE       15.86 TCPU       15.75
 DIIS TEST: 0.33220E-08 AT SCF   CYCLE  18 - DIIS ACTIVE - HISTORY:    18 CYCLES
 TTTTTTTTTTTTTTTTTTTTTTTTTTTTTT FDIK        TELAPSE       15.87 TCPU       15.76
 POSSIBLY CONDUCTING STATE - EFERMI(AU) -1.0463444E-01 (RES. CHARGE  3.02E-11;IT. 10)
 TTTTTTTTTTTTTTTTTTTTTTTTTTTTTT PDIG        TELAPSE       15.90 TCPU       15.79
 CHARGE NORMALIZATION FACTOR   1.00000000
 TOTAL ATOMIC CHARGES:
   4.0000000   4.0000000
 TTTTTTTTTTTTTTTTTTTTTTTTTTTTTT MOQGAD      TELAPSE       15.90 TCPU       15.79
 TTTTTTTTTTTTTTTTTTTTTTTTTTTTTT SHELLXN     TELAPSE       16.13 TCPU       16.02
 TTTTTTTTTTTTTTTTTTTTTTTTTTTTTT MONMO3      TELAPSE       16.13 TCPU       16.02
 CYC  19 ETOT(AU) -2.925713102005E+01 DETOT  1.90E-07 tst  3.95E-09 PX  1.14E-05
 TTTTTTTTTTTTTTTTTTTTTTTTTTTTTT DIIS        TELAPSE       16.14 TCPU       16.03
 DIIS TEST: 0.29620E-08 AT SCF   CYCLE  19 - DIIS ACTIVE - HISTORY:    19 CYCLES
 TTTTTTTTTTTTTTTTTTTTTTTTTTTTTT FDIK        TELAPSE       16.15 TCPU       16.04
 POSSIBLY CONDUCTING STATE - EFERMI(AU) -1.0425229E-01 (RES. CHARGE  1.53E-12;IT.  8)
 TTTTTTTTTTTTTTTTTTTTTTTTTTTTTT PDIG        TELAPSE       16.19 TCPU       16.07
 CHARGE NORMALIZATION FACTOR   1.00000000
 TOTAL ATOMIC CHARGES:
   4.0000000   4.0000000
 TTTTTTTTTTTTTTTTTTTTTTTTTTTTTT MOQGAD      TELAPSE       16.19 TCPU       16.07
 TTTTTTTTTTTTTTTTTTTTTTTTTTTTTT SHELLXN     TELAPSE       16.41 TCPU       16.30
 TTTTTTTTTTTTTTTTTTTTTTTTTTTTTT MONMO3      TELAPSE       16.42 TCPU       16.30
 CYC  20 ETOT(AU) -2.925713508161E+01 DETOT -4.06E-06 tst  3.24E-06 PX  3.45E-04
 TTTTTTTTTTTTTTTTTTTTTTTTTTTTTT DIIS        TELAPSE       16.43 TCPU       16.31
 DIIS TEST: 0.19990E-07 AT SCF   CYCLE  20 - DIIS ACTIVE - HISTORY:    20 CYCLES
 TTTTTTTTTTTTTTTTTTTTTTTTTTTTTT FDIK        TELAPSE       16.44 TCPU       16.32
 POSSIBLY CONDUCTING STATE - EFERMI(AU) -1.0468813E-01 (RES. CHARGE  9.22E-10;IT. 10)
 TTTTTTTTTTTTTTTTTTTTTTTTTTTTTT PDIG        TELAPSE       16.47 TCPU       16.35
 CHARGE NORMALIZATION FACTOR   1.00000000
 TOTAL ATOMIC CHARGES:
   4.0000000   4.0000000
 TTTTTTTTTTTTTTTTTTTTTTTTTTTTTT MOQGAD      TELAPSE       16.47 TCPU       16.35
 TTTTTTTTTTTTTTTTTTTTTTTTTTTTTT SHELLXN     TELAPSE       16.70 TCPU       16.58
 TTTTTTTTTTTTTTTTTTTTTTTTTTTTTT MONMO3      TELAPSE       16.70 TCPU       16.58
 CYC  21 ETOT(AU) -2.925713157335E+01 DETOT  3.51E-06 tst  4.45E-06 PX  2.18E-04
 TTTTTTTTTTTTTTTTTTTTTTTTTTTTTT DIIS        TELAPSE       16.71 TCPU       16.59
 DIIS TEST: 0.36436E-09 AT SCF   CYCLE  21 - DIIS ACTIVE - HISTORY:    21 CYCLES
 TTTTTTTTTTTTTTTTTTTTTTTTTTTTTT FDIK        TELAPSE       16.72 TCPU       16.60
 POSSIBLY CONDUCTING STATE - EFERMI(AU) -1.0459311E-01 (RES. CHARGE  3.41E-10;IT.  6)
 TTTTTTTTTTTTTTTTTTTTTTTTTTTTTT PDIG        TELAPSE       16.75 TCPU       16.63
 CHARGE NORMALIZATION FACTOR   1.00000000
 TOTAL ATOMIC CHARGES:
   4.0000000   4.0000000
 TTTTTTTTTTTTTTTTTTTTTTTTTTTTTT MOQGAD      TELAPSE       16.75 TCPU       16.63
 TTTTTTTTTTTTTTTTTTTTTTTTTTTTTT SHELLXN     TELAPSE       16.98 TCPU       16.86
 TTTTTTTTTTTTTTTTTTTTTTTTTTTTTT MONMO3      TELAPSE       16.98 TCPU       16.86
 CYC  22 ETOT(AU) -2.925713160644E+01 DETOT -3.31E-08 tst  2.59E-07 PX  1.82E-04
 TTTTTTTTTTTTTTTTTTTTTTTTTTTTTT DIIS        TELAPSE       16.99 TCPU       16.87
 DIIS TEST: 0.40913E-08 AT SCF   CYCLE  22 - DIIS ACTIVE - HISTORY:    22 CYCLES
 TTTTTTTTTTTTTTTTTTTTTTTTTTTTTT FDIK        TELAPSE       17.00 TCPU       16.88
 POSSIBLY CONDUCTING STATE - EFERMI(AU) -1.0466077E-01 (RES. CHARGE  1.51E-10;IT. 10)
 TTTTTTTTTTTTTTTTTTTTTTTTTTTTTT PDIG        TELAPSE       17.03 TCPU       16.91
 CHARGE NORMALIZATION FACTOR   1.00000000
 TOTAL ATOMIC CHARGES:
   4.0000000   4.0000000
 TTTTTTTTTTTTTTTTTTTTTTTTTTTTTT MOQGAD      TELAPSE       17.03 TCPU       16.91
 TTTTTTTTTTTTTTTTTTTTTTTTTTTTTT SHELLXN     TELAPSE       17.26 TCPU       17.14
 +++ ENERGIES IN A.U. +++
 ::: EXT EL-POLE                                  -9.9490058579746E+01
 ::: EXT EL-SPHEROPOLE                             1.9201935496474E+00
 ::: BIELET ZONE E-E                               9.7928011507745E+01
 ::: TOTAL E-E                                     3.5814647764605E-01
 ::: TOTAL E-N + N-E                              -4.6615433727729E+01
 ::: TOTAL N-N                                    -1.2319457745975E+01
 ::: KINETIC ENERGY                                2.9319612853048E+01
 ::: TOTAL   ENERGY                               -2.9257132143011E+01
 ::: VIRIAL COEFFICIENT                            1.0010666470122E+00
 TTTTTTTTTTTTTTTTTTTTTTTTTTTTTT MONMO3      TELAPSE       17.26 TCPU       17.14
 CYC  23 ETOT(AU) -2.925713214301E+01 DETOT -5.37E-07 tst  1.14E-07 PX  1.82E-04

 == SCF ENDED - CONVERGENCE ON ENERGY      E(AU) -2.9257132143011E+01 CYCLES  23

 TOTAL ENERGY(HF)(AU)(  23) -2.9257132143011E+01 DE-5.4E-07 tst 1.1E-07 PX 1.8E-04

 *******************************************************************************
 *                             FORCE CALCULATION                               *
 *******************************************************************************

 INFORMATION **** EXCPOG **** EXCH. BIPO BUFFER LENGTH (WORDS) =      446688
 INFORMATION **** GENPOG **** BIPO BUFFER LENGTH (WORDS) =       34600
 TTTTTTTTTTTTTTTTTTTTTTTTTTTTTT SHELXG      TELAPSE       19.35 TCPU       19.23

 CARTESIAN FORCES IN HARTREE/BOHR (ANALYTICAL)
   ATOM                     X                   Y                   Z
   1   4            -2.512684361408E-17  5.379703514636E-17  1.086404867862E-15
   2   4             2.342768936190E-17 -4.816378803959E-17 -1.086404867862E-15

 RESULTANT FORCE    -1.699154252173E-18  5.633247106761E-18  0.000000000000E+00

 ATOMIC PART

 THERE ARE NO SYMMETRY ALLOWED DIRECTIONS

 CELL PART

 GRADIENT WITH RESPECT TO THE CELL PARAMETER IN HARTREE/BOHR
ORDER: -D/DA1X, -D/DA1Y, -D/DA1Z
       -D/DA2X, -D/DA2Y, -D/DA2Z
       -D/DA3X, -D/DA3Y, -D/DA3Z
 -0.129353097082E-03 -0.120620708299E-15 -0.855711138993E-16
 -0.646765485412E-04 -0.112023068131E-03 -0.259151644131E-16
 -0.490152585979E-16 -0.109823818644E-16  0.236350658785E-03

STRESS TENSOR, IN HARTREE/BOHR^3:
ORDER: 11 12 13
       21 22 23
       31 32 33
  0.454055509150E-05  0.900015974942E-17  0.309761521955E-17
  0.423403059968E-17  0.454055509149E-05  0.694053121070E-18
  0.300371901149E-17 -0.683796185959E-18 -0.149366425629E-04

PRESSURE FROM THE STRESS TENSOR,
IN HARTREE/BOHR^3:  0.19518E-05
PRESSURE IN GIGAPASCAL:  0.5743E-01
CONVERSION FACTOR: 1 HARTREE/BOHR^3= 29421 GIGAPASCAL
WHEN USING VALUES FOR BOHR RADIUS AND HARTREE
FROM IUPAC WEBSITE, APRIL 2009
ENTHALPY: -2.9256926302787E+01

 SYMMETRY ALLOWED FORCES (ANALYTICAL) (DIRECTION, FORCE)

    1  3.5652573E-04    2 -1.6771270E-03
 TTTTTTTTTTTTTTTTTTTTTTTTTTTTTT TOTGRA      TELAPSE       19.38 TCPU       19.26
 INFORMATION **** optc003 **** GEOMETRY OUTPUT FILE

 *******************************************************************************
 BERILLIUM BULK                                                                  
 CRYSTAL - SCF - TYPE OF CALCULATION :  RESTRICTED CLOSED SHELL
 *******************************************************************************

 CAPPA:IS1 12;IS2 12;IS3 12; K PTS MONK NET 133; SYMMOPS:K SPACE  24;G SPACE  24

 TTTTTTTTTTTTTTTTTTTTTTTTTTTTTT SDIK        TELAPSE       19.42 TCPU       19.29

 INFORMATION FROM INTEGRAL EVALUATION

 RESTART FROM A PREVIOUS DENSITY MATRIX - DEP ACTIVE
 NUMBER OF COUPLE SETS (NEW, OLD, FOUND):      18      18      18
 NUMBER OF IRREDUCIBLE G VECTORS        :     100     100     100
 CHARGE NORMALIZATION FACTOR   1.00014096
 TOTAL ATOMIC CHARGES:
   4.0000000   4.0000000
 TTTTTTTTTTTTTTTTTTTTTTTTTTTTTT MOQGAD      TELAPSE       19.42 TCPU       19.29
 TTTTTTTTTTTTTTTTTTTTTTTTTTTTTT SHELLXN     TELAPSE       19.64 TCPU       19.51
 TTTTTTTTTTTTTTTTTTTTTTTTTTTTTT MONMO3      TELAPSE       19.65 TCPU       19.51
 CYC   0 ETOT(AU) -2.925936125731E+01 DETOT -2.93E+01 tst  1.14E-07 PX  1.00E+00
 TTTTTTTTTTTTTTTTTTTTTTTTTTTTTT DIIS        TELAPSE       19.65 TCPU       19.52
 TTTTTTTTTTTTTTTTTTTTTTTTTTTTTT FDIK        TELAPSE       19.67 TCPU       19.54
 POSSIBLY CONDUCTING STATE - EFERMI(AU) -1.0450158E-01 (RES. CHARGE  9.53E-10;IT.  6)
 TTTTTTTTTTTTTTTTTTTTTTTTTTTTTT PDIG        TELAPSE       19.70 TCPU       19.57
 CHARGE NORMALIZATION FACTOR   1.00000000
 TOTAL ATOMIC CHARGES:
   4.0000000   4.0000000
 TTTTTTTTTTTTTTTTTTTTTTTTTTTTTT MOQGAD      TELAPSE       19.71 TCPU       19.57
 TTTTTTTTTTTTTTTTTTTTTTTTTTTTTT SHELLXN     TELAPSE       19.93 TCPU       19.80
 TTTTTTTTTTTTTTTTTTTTTTTTTTTTTT MONMO3      TELAPSE       19.93 TCPU       19.80
 CYC   1 ETOT(AU) -2.925713192914E+01 DETOT  2.23E-03 tst  0.00E+00 PX  1.86E-04
 TTTTTTTTTTTTTTTTTTTTTTTTTTTTTT DIIS        TELAPSE       19.94 TCPU       19.80
 DIIS TEST: 0.48698E-07 AT SCF   CYCLE   1 - MIX   30 %
 TTTTTTTTTTTTTTTTTTTTTTTTTTTTTT FDIK        TELAPSE       19.95 TCPU       19.82
 POSSIBLY CONDUCTING STATE - EFERMI(AU) -1.0467803E-01 (RES. CHARGE  3.89E-10;IT. 10)
 TTTTTTTTTTTTTTTTTTTTTTTTTTTTTT PDIG        TELAPSE       19.99 TCPU       19.85
 CHARGE NORMALIZATION FACTOR   1.00000000
 TOTAL ATOMIC CHARGES:
   4.0000000   4.0000000
 TTTTTTTTTTTTTTTTTTTTTTTTTTTTTT MOQGAD      TELAPSE       19.99 TCPU       19.85
 TTTTTTTTTTTTTTTTTTTTTTTTTTTTTT SHELLXN     TELAPSE       20.22 TCPU       20.08
 TTTTTTTTTTTTTTTTTTTTTTTTTTTTTT MONMO3      TELAPSE       20.22 TCPU       20.08
 CYC   2 ETOT(AU) -2.925713230559E+01 DETOT -3.76E-07 tst  2.66E-07 PX  1.81E-04
 TTTTTTTTTTTTTTTTTTTTTTTTTTTTTT DIIS        TELAPSE       20.23 TCPU       20.09
 DIIS TEST: 0.49716E-08 AT SCF   CYCLE   2 - DIIS ACTIVE - HISTORY:     2 CYCLES
 TTTTTTTTTTTTTTTTTTTTTTTTTTTTTT FDIK        TELAPSE       20.24 TCPU       20.10
 POSSIBLY CONDUCTING STATE - EFERMI(AU) -1.0461599E-01 (RES. CHARGE  1.44E-10;IT.  6)
 TTTTTTTTTTTTTTTTTTTTTTTTTTTTTT PDIG        TELAPSE       20.27 TCPU       20.13
 CHARGE NORMALIZATION FACTOR   1.00000000
 TOTAL ATOMIC CHARGES:
   4.0000000   4.0000000
 TTTTTTTTTTTTTTTTTTTTTTTTTTTTTT MOQGAD      TELAPSE       20.27 TCPU       20.13
 TTTTTTTTTTTTTTTTTTTTTTTTTTTTTT SHELLXN     TELAPSE       20.50 TCPU       20.36
 TTTTTTTTTTTTTTTTTTTTTTTTTTTTTT MONMO3      TELAPSE       20.50 TCPU       20.36
 CYC   3 ETOT(AU) -2.925713207698E+01 DETOT  2.29E-07 tst  2.49E-07 PX  1.81E-04
 TTTTTTTTTTTTTTTTTTTTTTTTTTTTTT DIIS        TELAPSE       20.51 TCPU       20.37
 DIIS TEST: 0.46453E-08 AT SCF   CYCLE   3 - DIIS ACTIVE - HISTORY:     3 CYCLES
 TTTTTTTTTTTTTTTTTTTTTTTTTTTTTT FDIK        TELAPSE       20.52 TCPU       20.38
 POSSIBLY CONDUCTING STATE - EFERMI(AU) -1.0467599E-01 (RES. CHARGE  1.37E-10;IT. 10)
 TTTTTTTTTTTTTTTTTTTTTTTTTTTTTT PDIG        TELAPSE       20.55 TCPU       20.41
 CHARGE NORMALIZATION FACTOR   1.00000000
 TOTAL ATOMIC CHARGES:
   4.0000000   4.0000000
 TTTTTTTTTTTTTTTTTTTTTTTTTTTTTT MOQGAD      TELAPSE       20.56 TCPU       20.41
 TTTTTTTTTTTTTTTTTTTTTTTTTTTTTT SHELLXN     TELAPSE       20.78 TCPU       20.64
 TTTTTTTTTTTTTTTTTTTTTTTTTTTTTT MONMO3      TELAPSE       20.79 TCPU       20.64
 CYC   4 ETOT(AU) -2.925713280091E+01 DETOT -7.24E-07 tst  1.08E-07 PX  1.83E-04
 TTTTTTTTTTTTTTTTTTTTTTTTTTTTTT DIIS        TELAPSE       20.80 TCPU       20.65
 DIIS TEST: 0.45881E-09 AT SCF   CYCLE   4 - DIIS ACTIVE - HISTORY:     4 CYCLES
 TTTTTTTTTTTTTTTTTTTTTTTTTTTTTT FDIK        TELAPSE       20.81 TCPU       20.66
 POSSIBLY CONDUCTING STATE - EFERMI(AU) -1.0465319E-01 (RES. CHARGE  1.92E-11;IT.  6)
 TTTTTTTTTTTTTTTTTTTTTTTTTTTTTT PDIG        TELAPSE       20.84 TCPU       20.70
 CHARGE NORMALIZATION FACTOR   1.00000000
 TOTAL ATOMIC CHARGES:
   4.0000000   4.0000000
 TTTTTTTTTTTTTTTTTTTTTTTTTTTTTT MOQGAD      TELAPSE       20.84 TCPU       20.70
 TTTTTTTTTTTTTTTTTTTTTTTTTTTTTT SHELLXN     TELAPSE       21.07 TCPU       20.93
 TTTTTTTTTTTTTTTTTTTTTTTTTTTTTT MONMO3      TELAPSE       21.07 TCPU       20.93
 CYC   5 ETOT(AU) -2.925713321874E+01 DETOT -4.18E-07 tst  1.91E-08 PX  2.28E-05
 TTTTTTTTTTTTTTTTTTTTTTTTTTTTTT DIIS        TELAPSE       21.08 TCPU       20.93
 DIIS TEST: 0.16956E-09 AT SCF   CYCLE   5 - DIIS ACTIVE - HISTORY:     5 CYCLES
 TTTTTTTTTTTTTTTTTTTTTTTTTTTTTT FDIK        TELAPSE       21.09 TCPU       20.94
 POSSIBLY CONDUCTING STATE - EFERMI(AU) -1.0464696E-01 (RES. CHARGE  1.44E-12;IT.  6)
 TTTTTTTTTTTTTTTTTTTTTTTTTTTTTT PDIG        TELAPSE       21.13 TCPU       20.98
 CHARGE NORMALIZATION FACTOR   1.00000000
 TOTAL ATOMIC CHARGES:
   4.0000000   4.0000000
 TTTTTTTTTTTTTTTTTTTTTTTTTTTTTT MOQGAD      TELAPSE       21.13 TCPU       20.98
 TTTTTTTTTTTTTTTTTTTTTTTTTTTTTT SHELLXN     TELAPSE       21.36 TCPU       21.21
 TTTTTTTTTTTTTTTTTTTTTTTTTTTTTT MONMO3      TELAPSE       21.36 TCPU       21.21
 CYC   6 ETOT(AU) -2.925713334543E+01 DETOT -1.27E-07 tst  1.54E-09 PX  7.52E-06
 TTTTTTTTTTTTTTTTTTTTTTTTTTTTTT DIIS        TELAPSE       21.38 TCPU       21.23
 DIIS TEST: 0.12821E-09 AT SCF   CYCLE   6 - DIIS ACTIVE - HISTORY:     6 CYCLES
 TTTTTTTTTTTTTTTTTTTTTTTTTTTTTT FDIK        TELAPSE       21.39 TCPU       21.24
 POSSIBLY CONDUCTING STATE - EFERMI(AU) -1.0461871E-01 (RES. CHARGE  3.00E-11;IT.  6)
 TTTTTTTTTTTTTTTTTTTTTTTTTTTTTT PDIG        TELAPSE       21.42 TCPU       21.27
 CHARGE NORMALIZATION FACTOR   1.00000000
 TOTAL ATOMIC CHARGES:
   4.0000000   4.0000000
 TTTTTTTTTTTTTTTTTTTTTTTTTTTTTT MOQGAD      TELAPSE       21.42 TCPU       21.27
 TTTTTTTTTTTTTTTTTTTTTTTTTTTTTT SHELLXN     TELAPSE       21.65 TCPU       21.50
 TTTTTTTTTTTTTTTTTTTTTTTTTTTTTT MONMO3      TELAPSE       21.65 TCPU       21.50
 CYC   7 ETOT(AU) -2.925713220610E+01 DETOT  1.14E-06 tst  2.25E-08 PX  1.85E-04
 TTTTTTTTTTTTTTTTTTTTTTTTTTTTTT DIIS        TELAPSE       21.67 TCPU       21.51
 DIIS TEST: 0.29081E-08 AT SCF   CYCLE   7 - DIIS ACTIVE - HISTORY:     7 CYCLES
 TTTTTTTTTTTTTTTTTTTTTTTTTTTTTT FDIK        TELAPSE       21.68 TCPU       21.52
 POSSIBLY CONDUCTING STATE - EFERMI(AU) -1.0464435E-01 (RES. CHARGE  6.03E-11;IT. 10)
 TTTTTTTTTTTTTTTTTTTTTTTTTTTTTT PDIG        TELAPSE       21.71 TCPU       21.55
 CHARGE NORMALIZATION FACTOR   1.00000000
 TOTAL ATOMIC CHARGES:
   4.0000000   4.0000000
 TTTTTTTTTTTTTTTTTTTTTTTTTTTTTT MOQGAD      TELAPSE       21.71 TCPU       21.55
 TTTTTTTTTTTTTTTTTTTTTTTTTTTTTT SHELLXN     TELAPSE       21.94 TCPU       21.79
 TTTTTTTTTTTTTTTTTTTTTTTTTTTTTT MONMO3      TELAPSE       21.94 TCPU       21.79
 CYC   8 ETOT(AU) -2.925713342199E+01 DETOT -1.22E-06 tst  1.77E-08 PX  1.85E-04
 TTTTTTTTTTTTTTTTTTTTTTTTTTTTTT DIIS        TELAPSE       21.95 TCPU       21.80
 DIIS TEST: 0.14062E-09 AT SCF   CYCLE   8 - DIIS ACTIVE - HISTORY:     8 CYCLES
 TTTTTTTTTTTTTTTTTTTTTTTTTTTTTT FDIK        TELAPSE       21.97 TCPU       21.81
 POSSIBLY CONDUCTING STATE - EFERMI(AU) -1.0464435E-01 (RES. CHARGE  8.90E-10;IT.  4)
 TTTTTTTTTTTTTTTTTTTTTTTTTTTTTT PDIG        TELAPSE       22.00 TCPU       21.84
 CHARGE NORMALIZATION FACTOR   1.00000000
 TOTAL ATOMIC CHARGES:
   4.0000000   4.0000000
 TTTTTTTTTTTTTTTTTTTTTTTTTTTTTT MOQGAD      TELAPSE       22.00 TCPU       21.84
 TTTTTTTTTTTTTTTTTTTTTTTTTTTTTT SHELLXN     TELAPSE       22.23 TCPU       22.07
 TTTTTTTTTTTTTTTTTTTTTTTTTTTTTT MONMO3      TELAPSE       22.23 TCPU       22.07
 CYC   9 ETOT(AU) -2.925713341882E+01 DETOT  3.17E-09 tst  1.87E-12 PX  2.68E-07
 TTTTTTTTTTTTTTTTTTTTTTTTTTTTTT DIIS        TELAPSE       22.24 TCPU       22.08
 DIIS TEST: 0.14098E-09 AT SCF   CYCLE   9 - DIIS ACTIVE - HISTORY:     9 CYCLES
 TTTTTTTTTTTTTTTTTTTTTTTTTTTTTT FDIK        TELAPSE       22.25 TCPU       22.09
 POSSIBLY CONDUCTING STATE - EFERMI(AU) -1.0464579E-01 (RES. CHARGE  7.60E-10;IT.  8)
 TTTTTTTTTTTTTTTTTTTTTTTTTTTTTT PDIG        TELAPSE       22.28 TCPU       22.12
 CHARGE NORMALIZATION FACTOR   1.00000000
 TOTAL ATOMIC CHARGES:
   4.0000000   4.0000000
 TTTTTTTTTTTTTTTTTTTTTTTTTTTTTT MOQGAD      TELAPSE       22.29 TCPU       22.12
 TTTTTTTTTTTTTTTTTTTTTTTTTTTTTT SHELLXN     TELAPSE       22.51 TCPU       22.35
 +++ ENERGIES IN A.U. +++
 ::: EXT EL-POLE                                  -9.9476456238611E+01
 ::: EXT EL-SPHEROPOLE                             1.9194650323450E+00
 ::: BIELET ZONE E-E                               9.7915963191299E+01
 ::: TOTAL E-E                                     3.5897198503275E-01
 ::: TOTAL E-N + N-E                              -4.6617718111184E+01
 ::: TOTAL N-N                                    -1.2317262230379E+01
 ::: KINETIC ENERGY                                2.9318874963085E+01
 ::: TOTAL   ENERGY                               -2.9257133393446E+01
 ::: VIRIAL COEFFICIENT                            1.0010540419426E+00
 TTTTTTTTTTTTTTTTTTTTTTTTTTTTTT MONMO3      TELAPSE       22.52 TCPU       22.36
 CYC  10 ETOT(AU) -2.925713339345E+01 DETOT  2.54E-08 tst  7.32E-11 PX  2.68E-07

 == SCF ENDED - CONVERGENCE ON ENERGY      E(AU) -2.9257133393446E+01 CYCLES  10

 TOTAL ENERGY(HF)(AU)(  10) -2.9257133393446E+01 DE 2.5E-08 tst 7.3E-11 PX 2.7E-07

 *******************************************************************************
 *                             FORCE CALCULATION                               *
 *******************************************************************************

 INFORMATION **** EXCPOG **** EXCH. BIPO BUFFER LENGTH (WORDS) =      446688
 INFORMATION **** GENPOG **** BIPO BUFFER LENGTH (WORDS) =       34600
 TTTTTTTTTTTTTTTTTTTTTTTTTTTTTT SHELXG      TELAPSE       24.64 TCPU       24.48

 CARTESIAN FORCES IN HARTREE/BOHR (ANALYTICAL)
   ATOM                     X                   Y                   Z
   1   4            -2.380958810311E-16  5.060068995912E-17  1.315344360911E-15
   2   4             2.391181785445E-16 -4.959397444176E-17 -1.315344360911E-15

 RESULTANT FORCE     1.022297513403E-18  1.006715517367E-18  0.000000000000E+00

 ATOMIC PART

 THERE ARE NO SYMMETRY ALLOWED DIRECTIONS

 CELL PART

 GRADIENT WITH RESPECT TO THE CELL PARAMETER IN HARTREE/BOHR
ORDER: -D/DA1X, -D/DA1Y, -D/DA1Z
       -D/DA2X, -D/DA2Y, -D/DA2Z
       -D/DA3X, -D/DA3Y, -D/DA3Z
 -0.176048995324E-03 -0.513089443724E-16  0.137149573704E-16
 -0.880244976615E-04 -0.152462902261E-03 -0.557894773905E-17
  0.229456538044E-16 -0.505780362955E-17  0.140862107575E-03

STRESS TENSOR, IN HARTREE/BOHR^3:
ORDER: 11 12 13
       21 22 23
       31 32 33
  0.617693608852E-05 -0.149931859911E-16 -0.144980464521E-17
  0.180024924070E-17  0.617693608850E-05  0.319573687426E-18
 -0.481209307546E-18  0.503853790351E-18 -0.890027103332E-05

PRESSURE FROM THE STRESS TENSOR,
IN HARTREE/BOHR^3: -0.11512E-05
PRESSURE IN GIGAPASCAL: -0.3387E-01
CONVERSION FACTOR: 1 HARTREE/BOHR^3= 29421 GIGAPASCAL
WHEN USING VALUES FOR BOHR RADIUS AND HARTREE
FROM IUPAC WEBSITE, APRIL 2009
ENTHALPY: -2.9257254864320E+01

 SYMMETRY ALLOWED FORCES (ANALYTICAL) (DIRECTION, FORCE)

    1 -2.1039373E-04    2 -1.2989622E-03
 TTTTTTTTTTTTTTTTTTTTTTTTTTTTTT TOTGRA      TELAPSE       24.68 TCPU       24.51
 INFORMATION **** optc004 **** GEOMETRY OUTPUT FILE

 *******************************************************************************
 BERILLIUM BULK                                                                  
 CRYSTAL - SCF - TYPE OF CALCULATION :  RESTRICTED CLOSED SHELL
 *******************************************************************************

 CAPPA:IS1 12;IS2 12;IS3 12; K PTS MONK NET 133; SYMMOPS:K SPACE  24;G SPACE  24

 TTTTTTTTTTTTTTTTTTTTTTTTTTTTTT SDIK        TELAPSE       24.71 TCPU       24.54

 INFORMATION FROM INTEGRAL EVALUATION

 RESTART FROM A PREVIOUS DENSITY MATRIX - DEP ACTIVE
 NUMBER OF COUPLE SETS (NEW, OLD, FOUND):      18      18      18
 NUMBER OF IRREDUCIBLE G VECTORS        :     100     100     100
 CHARGE NORMALIZATION FACTOR   1.00006306
 TOTAL ATOMIC CHARGES:
   4.0000000   4.0000000
 TTTTTTTTTTTTTTTTTTTTTTTTTTTTTT MOQGAD      TELAPSE       24.71 TCPU       24.55
 TTTTTTTTTTTTTTTTTTTTTTTTTTTTTT SHELLXN     TELAPSE       24.98 TCPU       24.81
 TTTTTTTTTTTTTTTTTTTTTTTTTTTTTT MONMO3      TELAPSE       24.98 TCPU       24.81
 CYC   0 ETOT(AU) -2.925813667311E+01 DETOT -2.93E+01 tst  7.32E-11 PX  1.00E+00
 TTTTTTTTTTTTTTTTTTTTTTTTTTTTTT DIIS        TELAPSE       24.98 TCPU       24.82
 TTTTTTTTTTTTTTTTTTTTTTTTTTTTTT FDIK        TELAPSE       25.01 TCPU       24.84
 POSSIBLY CONDUCTING STATE - EFERMI(AU) -1.0455393E-01 (RES. CHARGE  3.24E-10;IT.  6)
 TTTTTTTTTTTTTTTTTTTTTTTTTTTTTT PDIG        TELAPSE       25.04 TCPU       24.87
 CHARGE NORMALIZATION FACTOR   1.00000000
 TOTAL ATOMIC CHARGES:
   4.0000000   4.0000000
 TTTTTTTTTTTTTTTTTTTTTTTTTTTTTT MOQGAD      TELAPSE       25.04 TCPU       24.87
 TTTTTTTTTTTTTTTTTTTTTTTTTTTTTT SHELLXN     TELAPSE       25.27 TCPU       25.10
 TTTTTTTTTTTTTTTTTTTTTTTTTTTTTT MONMO3      TELAPSE       25.27 TCPU       25.10
 CYC   1 ETOT(AU) -2.925713324091E+01 DETOT  1.00E-03 tst  0.00E+00 PX  1.86E-04
 TTTTTTTTTTTTTTTTTTTTTTTTTTTTTT DIIS        TELAPSE       25.28 TCPU       25.11
 DIIS TEST: 0.14073E-07 AT SCF   CYCLE   1 - MIX   30 %
 TTTTTTTTTTTTTTTTTTTTTTTTTTTTTT FDIK        TELAPSE       25.29 TCPU       25.12
 POSSIBLY CONDUCTING STATE - EFERMI(AU) -1.0468469E-01 (RES. CHARGE  3.13E-10;IT. 10)
 TTTTTTTTTTTTTTTTTTTTTTTTTTTTTT PDIG        TELAPSE       25.33 TCPU       25.15
 CHARGE NORMALIZATION FACTOR   1.00000000
 TOTAL ATOMIC CHARGES:
   4.0000000   4.0000000
 TTTTTTTTTTTTTTTTTTTTTTTTTTTTTT MOQGAD      TELAPSE       25.33 TCPU       25.16
 TTTTTTTTTTTTTTTTTTTTTTTTTTTTTT SHELLXN     TELAPSE       25.56 TCPU       25.38
 TTTTTTTTTTTTTTTTTTTTTTTTTTTTTT MONMO3      TELAPSE       25.56 TCPU       25.39
 CYC   2 ETOT(AU) -2.925713351201E+01 DETOT -2.71E-07 tst  2.63E-07 PX  1.80E-04
 TTTTTTTTTTTTTTTTTTTTTTTTTTTTTT DIIS        TELAPSE       25.57 TCPU       25.39
 DIIS TEST: 0.21384E-08 AT SCF   CYCLE   2 - DIIS ACTIVE - HISTORY:     2 CYCLES
 TTTTTTTTTTTTTTTTTTTTTTTTTTTTTT FDIK        TELAPSE       25.58 TCPU       25.40
 POSSIBLY CONDUCTING STATE - EFERMI(AU) -1.0464239E-01 (RES. CHARGE  6.74E-11;IT.  6)
 TTTTTTTTTTTTTTTTTTTTTTTTTTTTTT PDIG        TELAPSE       25.61 TCPU       25.44
 CHARGE NORMALIZATION FACTOR   1.00000000
 TOTAL ATOMIC CHARGES:
   4.0000000   4.0000000
 TTTTTTTTTTTTTTTTTTTTTTTTTTTTTT MOQGAD      TELAPSE       25.61 TCPU       25.44
 TTTTTTTTTTTTTTTTTTTTTTTTTTTTTT SHELLXN     TELAPSE       25.84 TCPU       25.67
 TTTTTTTTTTTTTTTTTTTTTTTTTTTTTT MONMO3      TELAPSE       25.84 TCPU       25.67
 CYC   3 ETOT(AU) -2.925713437008E+01 DETOT -8.58E-07 tst  1.02E-07 PX  4.30E-05
 TTTTTTTTTTTTTTTTTTTTTTTTTTTTTT DIIS        TELAPSE       25.85 TCPU       25.67
 DIIS TEST: 0.71722E-10 AT SCF   CYCLE   3 - DIIS ACTIVE - HISTORY:     3 CYCLES
 TTTTTTTTTTTTTTTTTTTTTTTTTTTTTT FDIK        TELAPSE       25.86 TCPU       25.69
 POSSIBLY CONDUCTING STATE - EFERMI(AU) -1.0461116E-01 (RES. CHARGE  3.74E-11;IT.  6)
 TTTTTTTTTTTTTTTTTTTTTTTTTTTTTT PDIG        TELAPSE       25.90 TCPU       25.72
 CHARGE NORMALIZATION FACTOR   1.00000000
 TOTAL ATOMIC CHARGES:
   4.0000000   4.0000000
 TTTTTTTTTTTTTTTTTTTTTTTTTTTTTT MOQGAD      TELAPSE       25.90 TCPU       25.72
 TTTTTTTTTTTTTTTTTTTTTTTTTTTTTT SHELLXN     TELAPSE       26.12 TCPU       25.95
 TTTTTTTTTTTTTTTTTTTTTTTTTTTTTT MONMO3      TELAPSE       26.13 TCPU       25.95
 CYC   4 ETOT(AU) -2.925713326761E+01 DETOT  1.10E-06 tst  2.79E-08 PX  1.84E-04
 TTTTTTTTTTTTTTTTTTTTTTTTTTTTTT DIIS        TELAPSE       26.14 TCPU       25.96
 DIIS TEST: 0.31556E-08 AT SCF   CYCLE   4 - DIIS ACTIVE - HISTORY:     4 CYCLES
 TTTTTTTTTTTTTTTTTTTTTTTTTTTTTT FDIK        TELAPSE       26.15 TCPU       25.97
 POSSIBLY CONDUCTING STATE - EFERMI(AU) -1.0463704E-01 (RES. CHARGE  6.66E-11;IT. 10)
 TTTTTTTTTTTTTTTTTTTTTTTTTTTTTT PDIG        TELAPSE       26.18 TCPU       26.00
 CHARGE NORMALIZATION FACTOR   1.00000000
 TOTAL ATOMIC CHARGES:
   4.0000000   4.0000000
 TTTTTTTTTTTTTTTTTTTTTTTTTTTTTT MOQGAD      TELAPSE       26.18 TCPU       26.00
 TTTTTTTTTTTTTTTTTTTTTTTTTTTTTT SHELLXN     TELAPSE       26.41 TCPU       26.23
 TTTTTTTTTTTTTTTTTTTTTTTTTTTTTT MONMO3      TELAPSE       26.41 TCPU       26.23
 CYC   5 ETOT(AU) -2.925713370735E+01 DETOT -4.40E-07 tst  1.72E-08 PX  1.16E-04
 TTTTTTTTTTTTTTTTTTTTTTTTTTTTTT DIIS        TELAPSE       26.42 TCPU       26.24
 DIIS TEST: 0.11499E-09 AT SCF   CYCLE   5 - DIIS ACTIVE - HISTORY:     5 CYCLES
 TTTTTTTTTTTTTTTTTTTTTTTTTTTTTT FDIK        TELAPSE       26.43 TCPU       26.25
 POSSIBLY CONDUCTING STATE - EFERMI(AU) -1.0463802E-01 (RES. CHARGE  5.47E-10;IT.  8)
 TTTTTTTTTTTTTTTTTTTTTTTTTTTTTT PDIG        TELAPSE       26.47 TCPU       26.28
 CHARGE NORMALIZATION FACTOR   1.00000000
 TOTAL ATOMIC CHARGES:
   4.0000000   4.0000000
 TTTTTTTTTTTTTTTTTTTTTTTTTTTTTT MOQGAD      TELAPSE       26.47 TCPU       26.28
 TTTTTTTTTTTTTTTTTTTTTTTTTTTTTT SHELLXN     TELAPSE       26.69 TCPU       26.51
 TTTTTTTTTTTTTTTTTTTTTTTTTTTTTT MONMO3      TELAPSE       26.70 TCPU       26.51
 CYC   6 ETOT(AU) -2.925713451252E+01 DETOT -8.05E-07 tst  1.24E-10 PX  6.96E-05
 TTTTTTTTTTTTTTTTTTTTTTTTTTTTTT DIIS        TELAPSE       26.71 TCPU       26.52
 DIIS TEST: 0.15047E-09 AT SCF   CYCLE   6 - DIIS ACTIVE - HISTORY:     6 CYCLES
 TTTTTTTTTTTTTTTTTTTTTTTTTTTTTT FDIK        TELAPSE       26.72 TCPU       26.53
 POSSIBLY CONDUCTING STATE - EFERMI(AU) -1.0463626E-01 (RES. CHARGE  1.18E-13;IT.  6)
 TTTTTTTTTTTTTTTTTTTTTTTTTTTTTT PDIG        TELAPSE       26.75 TCPU       26.56
 CHARGE NORMALIZATION FACTOR   1.00000000
 TOTAL ATOMIC CHARGES:
   4.0000000   4.0000000
 TTTTTTTTTTTTTTTTTTTTTTTTTTTTTT MOQGAD      TELAPSE       26.75 TCPU       26.56
 TTTTTTTTTTTTTTTTTTTTTTTTTTTTTT SHELLXN     TELAPSE       26.98 TCPU       26.79
 TTTTTTTTTTTTTTTTTTTTTTTTTTTTTT MONMO3      TELAPSE       26.98 TCPU       26.79
 CYC   7 ETOT(AU) -2.925713373081E+01 DETOT  7.82E-07 tst  1.18E-10 PX  6.90E-05
 TTTTTTTTTTTTTTTTTTTTTTTTTTTTTT DIIS        TELAPSE       26.99 TCPU       26.80
 DIIS TEST: 0.10023E-09 AT SCF   CYCLE   7 - DIIS ACTIVE - HISTORY:     7 CYCLES
 TTTTTTTTTTTTTTTTTTTTTTTTTTTTTT FDIK        TELAPSE       27.00 TCPU       26.81
 POSSIBLY CONDUCTING STATE - EFERMI(AU) -1.0463895E-01 (RES. CHARGE  6.91E-12;IT. 10)
 TTTTTTTTTTTTTTTTTTTTTTTTTTTTTT PDIG        TELAPSE       27.04 TCPU       26.85
 CHARGE NORMALIZATION FACTOR   1.00000000
 TOTAL ATOMIC CHARGES:
   4.0000000   4.0000000
 TTTTTTTTTTTTTTTTTTTTTTTTTTTTTT MOQGAD      TELAPSE       27.04 TCPU       26.85
 TTTTTTTTTTTTTTTTTTTTTTTTTTTTTT SHELLXN     TELAPSE       27.29 TCPU       27.10
 TTTTTTTTTTTTTTTTTTTTTTTTTTTTTT MONMO3      TELAPSE       27.29 TCPU       27.10
 CYC   8 ETOT(AU) -2.925713450117E+01 DETOT -7.70E-07 tst  2.92E-10 PX  6.89E-05
 TTTTTTTTTTTTTTTTTTTTTTTTTTTTTT DIIS        TELAPSE       27.30 TCPU       27.11
 DIIS TEST: 0.16135E-09 AT SCF   CYCLE   8 - DIIS ACTIVE - HISTORY:     8 CYCLES
 TTTTTTTTTTTTTTTTTTTTTTTTTTTTTT FDIK        TELAPSE       27.31 TCPU       27.12
 POSSIBLY CONDUCTING STATE - EFERMI(AU) -1.0463902E-01 (RES. CHARGE  4.15E-11;IT.  8)
 TTTTTTTTTTTTTTTTTTTTTTTTTTTTTT PDIG        TELAPSE       27.35 TCPU       27.16
 CHARGE NORMALIZATION FACTOR   1.00000000
 TOTAL ATOMIC CHARGES:
   4.0000000   4.0000000
 TTTTTTTTTTTTTTTTTTTTTTTTTTTTTT MOQGAD      TELAPSE       27.35 TCPU       27.16
 TTTTTTTTTTTTTTTTTTTTTTTTTTTTTT SHELLXN     TELAPSE       27.61 TCPU       27.42
 TTTTTTTTTTTTTTTTTTTTTTTTTTTTTT MONMO3      TELAPSE       27.61 TCPU       27.42
 CYC   9 ETOT(AU) -2.925713450072E+01 DETOT  4.48E-10 tst  3.39E-13 PX  5.85E-08
 TTTTTTTTTTTTTTTTTTTTTTTTTTTTTT DIIS        TELAPSE       27.62 TCPU       27.43
 DIIS TEST: 0.16289E-09 AT SCF   CYCLE   9 - DIIS ACTIVE - HISTORY:     9 CYCLES
 TTTTTTTTTTTTTTTTTTTTTTTTTTTTTT FDIK        TELAPSE       27.63 TCPU       27.44
 POSSIBLY CONDUCTING STATE - EFERMI(AU) -1.0464207E-01 (RES. CHARGE  7.79E-12;IT. 10)
 TTTTTTTTTTTTTTTTTTTTTTTTTTTTTT PDIG        TELAPSE       27.67 TCPU       27.48
 CHARGE NORMALIZATION FACTOR   1.00000000
 TOTAL ATOMIC CHARGES:
   4.0000000   4.0000000
 TTTTTTTTTTTTTTTTTTTTTTTTTTTTTT MOQGAD      TELAPSE       27.67 TCPU       27.48
 TTTTTTTTTTTTTTTTTTTTTTTTTTTTTT SHELLXN     TELAPSE       27.94 TCPU       27.74
 +++ ENERGIES IN A.U. +++
 ::: EXT EL-POLE                                  -9.9470345795235E+01
 ::: EXT EL-SPHEROPOLE                             1.9191617846233E+00
 ::: BIELET ZONE E-E                               9.7910471115525E+01
 ::: TOTAL E-E                                     3.5928710491352E-01
 ::: TOTAL E-N + N-E                              -4.6618569474460E+01
 ::: TOTAL N-N                                    -1.2316362548963E+01
 ::: KINETIC ENERGY                                2.9318510476622E+01
 ::: TOTAL   ENERGY                               -2.9257134441887E+01
 ::: VIRIAL COEFFICIENT                            1.0010478080919E+00
 TTTTTTTTTTTTTTTTTTTTTTTTTTTTTT MONMO3      TELAPSE       27.94 TCPU       27.75
 CYC  10 ETOT(AU) -2.925713444189E+01 DETOT  5.88E-08 tst  3.66E-10 PX  5.85E-08

 == SCF ENDED - CONVERGENCE ON ENERGY      E(AU) -2.9257134441887E+01 CYCLES  10

 TOTAL ENERGY(HF)(AU)(  10) -2.9257134441887E+01 DE 5.9E-08 tst 3.7E-10 PX 5.8E-08

 *******************************************************************************
 *                             FORCE CALCULATION                               *
 *******************************************************************************

 INFORMATION **** EXCPOG **** EXCH. BIPO BUFFER LENGTH (WORDS) =      446688
 INFORMATION **** GENPOG **** BIPO BUFFER LENGTH (WORDS) =       34600
 TTTTTTTTTTTTTTTTTTTTTTTTTTTTTT SHELXG      TELAPSE       30.47 TCPU       30.28

 CARTESIAN FORCES IN HARTREE/BOHR (ANALYTICAL)
   ATOM                     X                   Y                   Z
   1   4             1.071091897896E-17  3.303654424243E-17  1.737662364158E-15
   2   4            -1.032206790189E-17 -3.665635205959E-17 -1.737662364158E-15

 RESULTANT FORCE     3.888510770711E-19 -3.619807817151E-18  0.000000000000E+00

 ATOMIC PART

 THERE ARE NO SYMMETRY ALLOWED DIRECTIONS

 CELL PART

 GRADIENT WITH RESPECT TO THE CELL PARAMETER IN HARTREE/BOHR
ORDER: -D/DA1X, -D/DA1Y, -D/DA1Z
       -D/DA2X, -D/DA2Y, -D/DA2Z
       -D/DA3X, -D/DA3Y, -D/DA3Z
 -0.162503375186E-03  0.796302027017E-17 -0.853257786837E-16
 -0.812516875940E-04 -0.140732051113E-03 -0.508303552502E-16
 -0.635808720852E-16 -0.416311202366E-17  0.544778448703E-04

STRESS TENSOR, IN HARTREE/BOHR^3:
ORDER: 11 12 13
       21 22 23
       31 32 33
  0.570007387752E-05  0.374733242076E-16  0.401768760823E-17
 -0.279316068212E-18  0.570007387757E-05  0.263067854224E-18
  0.299294240256E-17  0.330807081271E-18 -0.344246555733E-05

PRESSURE FROM THE STRESS TENSOR,
IN HARTREE/BOHR^3: -0.26526E-05
PRESSURE IN GIGAPASCAL: -0.7804E-01
CONVERSION FACTOR: 1 HARTREE/BOHR^3= 29421 GIGAPASCAL
WHEN USING VALUES FOR BOHR RADIUS AND HARTREE
FROM IUPAC WEBSITE, APRIL 2009
ENTHALPY: -2.9257414396553E+01

 SYMMETRY ALLOWED FORCES (ANALYTICAL) (DIRECTION, FORCE)

    1 -4.8489571E-04    2 -7.8785009E-04
 TTTTTTTTTTTTTTTTTTTTTTTTTTTTTT TOTGRA      TELAPSE       30.51 TCPU       30.31
 INFORMATION **** optc005 **** GEOMETRY OUTPUT FILE

 *******************************************************************************
 BERILLIUM BULK                                                                  
 CRYSTAL - SCF - TYPE OF CALCULATION :  RESTRICTED CLOSED SHELL
 *******************************************************************************

 CAPPA:IS1 12;IS2 12;IS3 12; K PTS MONK NET 133; SYMMOPS:K SPACE  24;G SPACE  24

 TTTTTTTTTTTTTTTTTTTTTTTTTTTTTT SDIK        TELAPSE       30.55 TCPU       30.34

 INFORMATION FROM INTEGRAL EVALUATION

 RESTART FROM A PREVIOUS DENSITY MATRIX - DEP ACTIVE
 NUMBER OF COUPLE SETS (NEW, OLD, FOUND):      18      18      18
 NUMBER OF IRREDUCIBLE G VECTORS        :     100     100     100
 CHARGE NORMALIZATION FACTOR   0.99997084
 TOTAL ATOMIC CHARGES:
   4.0000000   4.0000000
 TTTTTTTTTTTTTTTTTTTTTTTTTTTTTT MOQGAD      TELAPSE       30.55 TCPU       30.34
 TTTTTTTTTTTTTTTTTTTTTTTTTTTTTT SHELLXN     TELAPSE       30.81 TCPU       30.61
 TTTTTTTTTTTTTTTTTTTTTTTTTTTTTT MONMO3      TELAPSE       30.81 TCPU       30.61
 CYC   0 ETOT(AU) -2.925668502371E+01 DETOT -2.93E+01 tst  3.66E-10 PX  1.00E+00
 TTTTTTTTTTTTTTTTTTTTTTTTTTTTTT DIIS        TELAPSE       30.82 TCPU       30.62
 TTTTTTTTTTTTTTTTTTTTTTTTTTTTTT FDIK        TELAPSE       30.84 TCPU       30.64
 POSSIBLY CONDUCTING STATE - EFERMI(AU) -1.0463162E-01 (RES. CHARGE  4.28E-12;IT.  6)
 TTTTTTTTTTTTTTTTTTTTTTTTTTTTTT PDIG        TELAPSE       30.88 TCPU       30.67
 CHARGE NORMALIZATION FACTOR   1.00000000
 TOTAL ATOMIC CHARGES:
   4.0000000   4.0000000
 TTTTTTTTTTTTTTTTTTTTTTTTTTTTTT MOQGAD      TELAPSE       30.88 TCPU       30.67
 TTTTTTTTTTTTTTTTTTTTTTTTTTTTTT SHELLXN     TELAPSE       31.14 TCPU       30.93
 TTTTTTTTTTTTTTTTTTTTTTTTTTTTTT MONMO3      TELAPSE       31.14 TCPU       30.94
 CYC   1 ETOT(AU) -2.925713429449E+01 DETOT -4.49E-04 tst  0.00E+00 PX  1.85E-04
 TTTTTTTTTTTTTTTTTTTTTTTTTTTTTT DIIS        TELAPSE       31.15 TCPU       30.94
 DIIS TEST: 0.45309E-08 AT SCF   CYCLE   1 - MIX   30 %
 TTTTTTTTTTTTTTTTTTTTTTTTTTTTTT FDIK        TELAPSE       31.17 TCPU       30.96
 POSSIBLY CONDUCTING STATE - EFERMI(AU) -1.0470667E-01 (RES. CHARGE  2.08E-10;IT. 10)
 TTTTTTTTTTTTTTTTTTTTTTTTTTTTTT PDIG        TELAPSE       31.20 TCPU       31.00
 CHARGE NORMALIZATION FACTOR   1.00000000
 TOTAL ATOMIC CHARGES:
   4.0000000   4.0000000
 TTTTTTTTTTTTTTTTTTTTTTTTTTTTTT MOQGAD      TELAPSE       31.21 TCPU       31.00
 TTTTTTTTTTTTTTTTTTTTTTTTTTTTTT SHELLXN     TELAPSE       31.47 TCPU       31.26
 TTTTTTTTTTTTTTTTTTTTTTTTTTTTTT MONMO3      TELAPSE       31.47 TCPU       31.26
 CYC   2 ETOT(AU) -2.925713440613E+01 DETOT -1.12E-07 tst  2.61E-07 PX  1.80E-04
 TTTTTTTTTTTTTTTTTTTTTTTTTTTTTT DIIS        TELAPSE       31.48 TCPU       31.27
 DIIS TEST: 0.20622E-08 AT SCF   CYCLE   2 - DIIS ACTIVE - HISTORY:     2 CYCLES
 TTTTTTTTTTTTTTTTTTTTTTTTTTTTTT FDIK        TELAPSE       31.50 TCPU       31.28
 POSSIBLY CONDUCTING STATE - EFERMI(AU) -1.0467008E-01 (RES. CHARGE  5.11E-11;IT.  6)
 TTTTTTTTTTTTTTTTTTTTTTTTTTTTTT PDIG        TELAPSE       31.53 TCPU       31.32
 CHARGE NORMALIZATION FACTOR   1.00000000
 TOTAL ATOMIC CHARGES:
   4.0000000   4.0000000
 TTTTTTTTTTTTTTTTTTTTTTTTTTTTTT MOQGAD      TELAPSE       31.53 TCPU       31.32
 TTTTTTTTTTTTTTTTTTTTTTTTTTTTTT SHELLXN     TELAPSE       31.80 TCPU       31.58
 TTTTTTTTTTTTTTTTTTTTTTTTTTTTTT MONMO3      TELAPSE       31.80 TCPU       31.59
 CYC   3 ETOT(AU) -2.925713479646E+01 DETOT -3.90E-07 tst  2.79E-08 PX  2.27E-05
 TTTTTTTTTTTTTTTTTTTTTTTTTTTTTT DIIS        TELAPSE       31.81 TCPU       31.59
 DIIS TEST: 0.54371E-09 AT SCF   CYCLE   3 - DIIS ACTIVE - HISTORY:     3 CYCLES
 TTTTTTTTTTTTTTTTTTTTTTTTTTTTTT FDIK        TELAPSE       31.82 TCPU       31.61
 POSSIBLY CONDUCTING STATE - EFERMI(AU) -1.0463611E-01 (RES. CHARGE  4.47E-11;IT.  6)
 TTTTTTTTTTTTTTTTTTTTTTTTTTTTTT PDIG        TELAPSE       31.86 TCPU       31.64
 CHARGE NORMALIZATION FACTOR   1.00000000
 TOTAL ATOMIC CHARGES:
   4.0000000   4.0000000
 TTTTTTTTTTTTTTTTTTTTTTTTTTTTTT MOQGAD      TELAPSE       31.86 TCPU       31.65
 TTTTTTTTTTTTTTTTTTTTTTTTTTTTTT SHELLXN     TELAPSE       32.12 TCPU       31.91
 TTTTTTTTTTTTTTTTTTTTTTTTTTTTTT MONMO3      TELAPSE       32.12 TCPU       31.91
 CYC   4 ETOT(AU) -2.925713461203E+01 DETOT  1.84E-07 tst  4.58E-08 PX  6.63E-05
 TTTTTTTTTTTTTTTTTTTTTTTTTTTTTT DIIS        TELAPSE       32.13 TCPU       31.92
 DIIS TEST: 0.16480E-09 AT SCF   CYCLE   4 - DIIS ACTIVE - HISTORY:     4 CYCLES
 TTTTTTTTTTTTTTTTTTTTTTTTTTTTTT FDIK        TELAPSE       32.15 TCPU       31.93
 POSSIBLY CONDUCTING STATE - EFERMI(AU) -1.0465271E-01 (RES. CHARGE  4.93E-11;IT. 10)
 TTTTTTTTTTTTTTTTTTTTTTTTTTTTTT PDIG        TELAPSE       32.19 TCPU       31.97
 CHARGE NORMALIZATION FACTOR   1.00000000
 TOTAL ATOMIC CHARGES:
   4.0000000   4.0000000
 TTTTTTTTTTTTTTTTTTTTTTTTTTTTTT MOQGAD      TELAPSE       32.19 TCPU       31.97
 TTTTTTTTTTTTTTTTTTTTTTTTTTTTTT SHELLXN     TELAPSE       32.45 TCPU       32.23
 TTTTTTTTTTTTTTTTTTTTTTTTTTTTTT MONMO3      TELAPSE       32.45 TCPU       32.23
 CYC   5 ETOT(AU) -2.925713514289E+01 DETOT -5.31E-07 tst  9.97E-09 PX  6.77E-05
 TTTTTTTTTTTTTTTTTTTTTTTTTTTTTT DIIS        TELAPSE       32.46 TCPU       32.24
 DIIS TEST: 0.26226E-09 AT SCF   CYCLE   5 - DIIS ACTIVE - HISTORY:     5 CYCLES
 TTTTTTTTTTTTTTTTTTTTTTTTTTTTTT FDIK        TELAPSE       32.47 TCPU       32.25
 POSSIBLY CONDUCTING STATE - EFERMI(AU) -1.0464180E-01 (RES. CHARGE  4.61E-12;IT.  6)
 TTTTTTTTTTTTTTTTTTTTTTTTTTTTTT PDIG        TELAPSE       32.51 TCPU       32.29
 CHARGE NORMALIZATION FACTOR   1.00000000
 TOTAL ATOMIC CHARGES:
   4.0000000   4.0000000
 TTTTTTTTTTTTTTTTTTTTTTTTTTTTTT MOQGAD      TELAPSE       32.51 TCPU       32.29
 TTTTTTTTTTTTTTTTTTTTTTTTTTTTTT SHELLXN     TELAPSE       32.77 TCPU       32.55
 TTTTTTTTTTTTTTTTTTTTTTTTTTTTTT MONMO3      TELAPSE       32.77 TCPU       32.55
 CYC   6 ETOT(AU) -2.925713534493E+01 DETOT -2.02E-07 tst  4.49E-09 PX  1.16E-05
 TTTTTTTTTTTTTTTTTTTTTTTTTTTTTT DIIS        TELAPSE       32.78 TCPU       32.56
 DIIS TEST: 0.15029E-09 AT SCF   CYCLE   6 - DIIS ACTIVE - HISTORY:     6 CYCLES
 TTTTTTTTTTTTTTTTTTTTTTTTTTTTTT FDIK        TELAPSE       32.80 TCPU       32.57
 POSSIBLY CONDUCTING STATE - EFERMI(AU) -1.0463402E-01 (RES. CHARGE  2.35E-12;IT.  6)
 TTTTTTTTTTTTTTTTTTTTTTTTTTTTTT PDIG        TELAPSE       32.83 TCPU       32.61
 CHARGE NORMALIZATION FACTOR   1.00000000
 TOTAL ATOMIC CHARGES:
   4.0000000   4.0000000
 TTTTTTTTTTTTTTTTTTTTTTTTTTTTTT MOQGAD      TELAPSE       32.83 TCPU       32.61
 TTTTTTTTTTTTTTTTTTTTTTTTTTTTTT SHELLXN     TELAPSE       33.10 TCPU       32.87
 TTTTTTTTTTTTTTTTTTTTTTTTTTTTTT MONMO3      TELAPSE       33.10 TCPU       32.87
 CYC   7 ETOT(AU) -2.925713467982E+01 DETOT  6.65E-07 tst  2.32E-09 PX  6.84E-05
 TTTTTTTTTTTTTTTTTTTTTTTTTTTTTT DIIS        TELAPSE       33.11 TCPU       32.88
 DIIS TEST: 0.13884E-09 AT SCF   CYCLE   7 - DIIS ACTIVE - HISTORY:     7 CYCLES
 TTTTTTTTTTTTTTTTTTTTTTTTTTTTTT FDIK        TELAPSE       33.12 TCPU       32.90
 POSSIBLY CONDUCTING STATE - EFERMI(AU) -1.0463758E-01 (RES. CHARGE  1.08E-11;IT. 10)
 TTTTTTTTTTTTTTTTTTTTTTTTTTTTTT PDIG        TELAPSE       33.16 TCPU       32.93
 CHARGE NORMALIZATION FACTOR   1.00000000
 TOTAL ATOMIC CHARGES:
   4.0000000   4.0000000
 TTTTTTTTTTTTTTTTTTTTTTTTTTTTTT MOQGAD      TELAPSE       33.16 TCPU       32.94
 TTTTTTTTTTTTTTTTTTTTTTTTTTTTTT SHELLXN     TELAPSE       33.42 TCPU       33.20
 TTTTTTTTTTTTTTTTTTTTTTTTTTTTTT MONMO3      TELAPSE       33.42 TCPU       33.20
 CYC   8 ETOT(AU) -2.925713461830E+01 DETOT  6.15E-08 tst  5.10E-10 PX  4.04E-06
 TTTTTTTTTTTTTTTTTTTTTTTTTTTTTT DIIS        TELAPSE       33.44 TCPU       33.21
 DIIS TEST: 0.11481E-09 AT SCF   CYCLE   8 - DIIS ACTIVE - HISTORY:     8 CYCLES
 TTTTTTTTTTTTTTTTTTTTTTTTTTTTTT FDIK        TELAPSE       33.45 TCPU       33.22
 POSSIBLY CONDUCTING STATE - EFERMI(AU) -1.0464496E-01 (RES. CHARGE  2.21E-11;IT. 10)
 TTTTTTTTTTTTTTTTTTTTTTTTTTTTTT PDIG        TELAPSE       33.49 TCPU       33.26
 CHARGE NORMALIZATION FACTOR   1.00000000
 TOTAL ATOMIC CHARGES:
   4.0000000   4.0000000
 TTTTTTTTTTTTTTTTTTTTTTTTTTTTTT MOQGAD      TELAPSE       33.49 TCPU       33.26
 TTTTTTTTTTTTTTTTTTTTTTTTTTTTTT SHELLXN     TELAPSE       33.75 TCPU       33.52
 +++ ENERGIES IN A.U. +++
 ::: EXT EL-POLE                                  -9.9473135403984E+01
 ::: EXT EL-SPHEROPOLE                             1.9193551541988E+00
 ::: BIELET ZONE E-E                               9.7912790380544E+01
 ::: TOTAL E-E                                     3.5901013075879E-01
 ::: TOTAL E-N + N-E                              -4.6617767447933E+01
 ::: TOTAL N-N                                    -1.2316977715635E+01
 ::: KINETIC ENERGY                                2.9318599751309E+01
 ::: TOTAL   ENERGY                               -2.9257135281501E+01
 ::: VIRIAL COEFFICIENT                            1.0010493162360E+00
 TTTTTTTTTTTTTTTTTTTTTTTTTTTTTT MONMO3      TELAPSE       33.75 TCPU       33.52
 CYC   9 ETOT(AU) -2.925713528150E+01 DETOT -6.63E-07 tst  2.14E-09 PX  4.04E-06

 == SCF ENDED - CONVERGENCE ON ENERGY      E(AU) -2.9257135281501E+01 CYCLES   9

 TOTAL ENERGY(HF)(AU)(   9) -2.9257135281501E+01 DE-6.6E-07 tst 2.1E-09 PX 4.0E-06

 *******************************************************************************
 *                             FORCE CALCULATION                               *
 *******************************************************************************

 INFORMATION **** EXCPOG **** EXCH. BIPO BUFFER LENGTH (WORDS) =      446688
 INFORMATION **** GENPOG **** BIPO BUFFER LENGTH (WORDS) =       34600
 TTTTTTTTTTTTTTTTTTTTTTTTTTTTTT SHELXG      TELAPSE       36.14 TCPU       35.91

 CARTESIAN FORCES IN HARTREE/BOHR (ANALYTICAL)
   ATOM                     X                   Y                   Z
   1   4             6.937365136057E-17  1.326114350841E-16  1.961477992155E-15
   2   4            -6.250599072668E-17 -1.316058383948E-16 -1.961477992155E-15

 RESULTANT FORCE     6.867660633892E-18  1.005596689261E-18  0.000000000000E+00

 ATOMIC PART

 THERE ARE NO SYMMETRY ALLOWED DIRECTIONS

 CELL PART

 GRADIENT WITH RESPECT TO THE CELL PARAMETER IN HARTREE/BOHR
ORDER: -D/DA1X, -D/DA1Y, -D/DA1Z
       -D/DA2X, -D/DA2Y, -D/DA2Z
       -D/DA3X, -D/DA3Y, -D/DA3Z
 -0.786620475763E-04  0.226638189117E-15  0.147256343809E-15
 -0.393310237886E-04 -0.681233315153E-04  0.502942575323E-16
  0.672306729769E-16 -0.376103308993E-16 -0.123562315431E-04

STRESS TENSOR, IN HARTREE/BOHR^3:
ORDER: 11 12 13
       21 22 23
       31 32 33
  0.275901332328E-05  0.209835462876E-16 -0.425002501564E-17
 -0.794916738891E-17  0.275901332330E-05  0.237755833893E-17
 -0.516490769088E-17  0.945029833480E-18  0.781106165265E-06

PRESSURE FROM THE STRESS TENSOR,
IN HARTREE/BOHR^3: -0.20997E-05
PRESSURE IN GIGAPASCAL: -0.6178E-01
CONVERSION FACTOR: 1 HARTREE/BOHR^3= 29421 GIGAPASCAL
WHEN USING VALUES FOR BOHR RADIUS AND HARTREE
FROM IUPAC WEBSITE, APRIL 2009
ENTHALPY: -2.9257356858288E+01

 SYMMETRY ALLOWED FORCES (ANALYTICAL) (DIRECTION, FORCE)

    1 -3.8378225E-04    2 -1.7042175E-04
 TTTTTTTTTTTTTTTTTTTTTTTTTTTTTT TOTGRA      TELAPSE       36.18 TCPU       35.95
 INFORMATION **** optc006 **** GEOMETRY OUTPUT FILE

 GCALCO - MAX INDICES DIRECT LATTICE VECTOR    17    17     9
 NO.OF VECTORS CREATED 6999 STARS  373 RMAX    56.03162 BOHR
 TTTTTTTTTTTTTTTTTTTTTTTTTTTTTT gordsh1     TELAPSE       36.19 TCPU       35.95

 MATRIX SIZE: P(G)   22208, F(G)    4134, P(G) IRR    1169, F(G) IRR     503
 MAX G-VECTOR INDEX FOR 1- AND 2-ELECTRON INTEGRALS 255

 TTTTTTTTTTTTTTTTTTTTTTTTTTTTTT INPUT       TELAPSE       36.19 TCPU       35.95

 NEIGHBORS OF THE NON-EQUIVALENT ATOMS

 N = NUMBER OF NEIGHBORS AT DISTANCE R
    ATOM  N     R/ANG      R/AU   NEIGHBORS (ATOM LABELS AND CELL INDICES)
   1 BE   6     2.1955     4.1488    2 BE   0 0 0    2 BE  -1 0 0    2 BE   0 1 0
                                     2 BE   0 0 1    2 BE  -1 0 1    2 BE   0 1 1
   1 BE   6     2.2613     4.2733    1 BE  -1-1 0    1 BE   1 1 0    1 BE  -1 0 0
                                     1 BE   1 0 0    1 BE   0-1 0    1 BE   0 1 0
   1 BE   6     3.1518     5.9560    2 BE   1 1 0    2 BE  -1-1 0    2 BE  -1 1 0
                                     2 BE   1 1 1    2 BE  -1-1 1    2 BE  -1 1 1
   1 BE   2     3.5302     6.6711    1 BE   0 0-1    1 BE   0 0 1
   1 BE  12     3.8791     7.3304    2 BE   1 0 0    2 BE   0-1 0    2 BE  -2-1 0
                                     2 BE   1 2 0    2 BE   1 0 1    2 BE   0-1 1
                                     2 BE  -2 0 0    2 BE   0 2 0    2 BE  -2-1 1
                                     2 BE   1 2 1    2 BE  -2 0 1    2 BE   0 2 1
   1 BE   6     3.9167     7.4015    1 BE  -2-1 0    1 BE   2 1 0    1 BE  -1-2 0
                                     1 BE   1 2 0    1 BE  -1 1 0    1 BE   1-1 0

 TTTTTTTTTTTTTTTTTTTTTTTTTTTTTT SYMM        TELAPSE       36.20 TCPU       35.96

 ***** NEW REFERENCE GEOMETRY *****
 TTTTTTTTTTTTTTTTTTTTTTTTTTTTTT INT_SCREEN  TELAPSE       36.20 TCPU       35.96

 *******************************************************************************
 BERILLIUM BULK                                                                  
 CRYSTAL - SCF - TYPE OF CALCULATION :  RESTRICTED CLOSED SHELL
 *******************************************************************************

 CAPPA:IS1 12;IS2 12;IS3 12; K PTS MONK NET 133; SYMMOPS:K SPACE  24;G SPACE  24

 TTTTTTTTTTTTTTTTTTTTTTTTTTTTTT SDIK        TELAPSE       36.23 TCPU       35.99

 INFORMATION FROM INTEGRAL EVALUATION

 RESTART FROM A PREVIOUS DENSITY MATRIX - DEP ACTIVE
 NUMBER OF COUPLE SETS (NEW, OLD, FOUND):      18      18      18
 NUMBER OF IRREDUCIBLE G VECTORS        :     104     100     100
 CHARGE NORMALIZATION FACTOR   0.99993296
 TOTAL ATOMIC CHARGES:
   4.0000000   4.0000000
 TTTTTTTTTTTTTTTTTTTTTTTTTTTTTT MOQGAD      TELAPSE       36.23 TCPU       35.99
 TTTTTTTTTTTTTTTTTTTTTTTTTTTTTT SHELLXN     TELAPSE       36.54 TCPU       36.30
 TTTTTTTTTTTTTTTTTTTTTTTTTTTTTT MONMO3      TELAPSE       36.54 TCPU       36.30
 CYC   0 ETOT(AU) -2.925619729416E+01 DETOT -2.93E+01 tst  2.14E-09 PX  1.00E+00
 TTTTTTTTTTTTTTTTTTTTTTTTTTTTTT DIIS        TELAPSE       36.55 TCPU       36.31
 TTTTTTTTTTTTTTTTTTTTTTTTTTTTTT FDIK        TELAPSE       36.57 TCPU       36.33
 POSSIBLY CONDUCTING STATE - EFERMI(AU) -1.0444207E-01 (RES. CHARGE  7.46E-14;IT.  8)
 TTTTTTTTTTTTTTTTTTTTTTTTTTTTTT PDIG        TELAPSE       36.61 TCPU       36.37
 CHARGE NORMALIZATION FACTOR   1.00000000
 TOTAL ATOMIC CHARGES:
   4.0000000   4.0000000
 TTTTTTTTTTTTTTTTTTTTTTTTTTTTTT MOQGAD      TELAPSE       36.61 TCPU       36.37
 TTTTTTTTTTTTTTTTTTTTTTTTTTTTTT SHELLXN     TELAPSE       36.91 TCPU       36.68
 TTTTTTTTTTTTTTTTTTTTTTTTTTTTTT MONMO3      TELAPSE       36.92 TCPU       36.68
 CYC   1 ETOT(AU) -2.925722308871E+01 DETOT -1.03E-03 tst  0.00E+00 PX  4.86E-03
 TTTTTTTTTTTTTTTTTTTTTTTTTTTTTT DIIS        TELAPSE       36.93 TCPU       36.69
 DIIS TEST: 0.47719E-05 AT SCF   CYCLE   1 - MIX   30 %
 TTTTTTTTTTTTTTTTTTTTTTTTTTTTTT FDIK        TELAPSE       36.94 TCPU       36.70
 POSSIBLY CONDUCTING STATE - EFERMI(AU) -1.0453802E-01 (RES. CHARGE  5.91E-10;IT. 10)
 TTTTTTTTTTTTTTTTTTTTTTTTTTTTTT PDIG        TELAPSE       36.98 TCPU       36.74
 CHARGE NORMALIZATION FACTOR   1.00000000
 TOTAL ATOMIC CHARGES:
   4.0000000   4.0000000
 TTTTTTTTTTTTTTTTTTTTTTTTTTTTTT MOQGAD      TELAPSE       36.98 TCPU       36.74
 TTTTTTTTTTTTTTTTTTTTTTTTTTTTTT SHELLXN     TELAPSE       37.29 TCPU       37.05
 TTTTTTTTTTTTTTTTTTTTTTTTTTTTTT MONMO3      TELAPSE       37.29 TCPU       37.05
 CYC   2 ETOT(AU) -2.925721988017E+01 DETOT  3.21E-06 tst  5.49E-07 PX  1.49E-04
 TTTTTTTTTTTTTTTTTTTTTTTTTTTTTT DIIS        TELAPSE       37.30 TCPU       37.05
 DIIS TEST: 0.47602E-06 AT SCF   CYCLE   2 - DIIS ACTIVE - HISTORY:     2 CYCLES
 TTTTTTTTTTTTTTTTTTTTTTTTTTTTTT FDIK        TELAPSE       37.31 TCPU       37.07
 POSSIBLY CONDUCTING STATE - EFERMI(AU) -1.0461929E-01 (RES. CHARGE  3.54E-10;IT. 10)
 TTTTTTTTTTTTTTTTTTTTTTTTTTTTTT PDIG        TELAPSE       37.35 TCPU       37.11
 CHARGE NORMALIZATION FACTOR   1.00000000
 TOTAL ATOMIC CHARGES:
   4.0000000   4.0000000
 TTTTTTTTTTTTTTTTTTTTTTTTTTTTTT MOQGAD      TELAPSE       37.35 TCPU       37.11
 TTTTTTTTTTTTTTTTTTTTTTTTTTTTTT SHELLXN     TELAPSE       37.65 TCPU       37.41
 TTTTTTTTTTTTTTTTTTTTTTTTTTTTTT MONMO3      TELAPSE       37.65 TCPU       37.41
 CYC   3 ETOT(AU) -2.925721829386E+01 DETOT  1.59E-06 tst  1.77E-07 PX  1.89E-04
 TTTTTTTTTTTTTTTTTTTTTTTTTTTTTT DIIS        TELAPSE       37.66 TCPU       37.42
 DIIS TEST: 0.19426E-08 AT SCF   CYCLE   3 - DIIS ACTIVE - HISTORY:     3 CYCLES
 TTTTTTTTTTTTTTTTTTTTTTTTTTTTTT FDIK        TELAPSE       37.68 TCPU       37.43
 POSSIBLY CONDUCTING STATE - EFERMI(AU) -1.0452681E-01 (RES. CHARGE  4.62E-10;IT.  6)
 TTTTTTTTTTTTTTTTTTTTTTTTTTTTTT PDIG        TELAPSE       37.71 TCPU       37.47
 CHARGE NORMALIZATION FACTOR   1.00000000
 TOTAL ATOMIC CHARGES:
   4.0000000   4.0000000
 TTTTTTTTTTTTTTTTTTTTTTTTTTTTTT MOQGAD      TELAPSE       37.72 TCPU       37.47
 TTTTTTTTTTTTTTTTTTTTTTTTTTTTTT SHELLXN     TELAPSE       38.02 TCPU       37.77
 TTTTTTTTTTTTTTTTTTTTTTTTTTTTTT MONMO3      TELAPSE       38.02 TCPU       37.77
 CYC   4 ETOT(AU) -2.925721831212E+01 DETOT -1.83E-08 tst  1.81E-07 PX  1.89E-04
 TTTTTTTTTTTTTTTTTTTTTTTTTTTTTT DIIS        TELAPSE       38.03 TCPU       37.78
 DIIS TEST: 0.86527E-09 AT SCF   CYCLE   4 - DIIS ACTIVE - HISTORY:     4 CYCLES
 TTTTTTTTTTTTTTTTTTTTTTTTTTTTTT FDIK        TELAPSE       38.05 TCPU       37.80
 POSSIBLY CONDUCTING STATE - EFERMI(AU) -1.0455212E-01 (RES. CHARGE  1.28E-10;IT. 10)
 TTTTTTTTTTTTTTTTTTTTTTTTTTTTTT PDIG        TELAPSE       38.09 TCPU       37.84
 CHARGE NORMALIZATION FACTOR   1.00000000
 TOTAL ATOMIC CHARGES:
   4.0000000   4.0000000
 TTTTTTTTTTTTTTTTTTTTTTTTTTTTTT MOQGAD      TELAPSE       38.09 TCPU       37.84
 TTTTTTTTTTTTTTTTTTTTTTTTTTTTTT SHELLXN     TELAPSE       38.39 TCPU       38.14
 +++ ENERGIES IN A.U. +++
 ::: EXT EL-POLE                                  -1.0414877418430E+02
 ::: EXT EL-SPHEROPOLE                             1.9200334454371E+00
 ::: BIELET ZONE E-E                               1.0258720284442E+02
 ::: TOTAL E-E                                     3.5846210556149E-01
 ::: TOTAL E-N + N-E                              -4.6616413581651E+01
 ::: TOTAL N-N                                    -1.2318095908607E+01
 ::: KINETIC ENERGY                                2.9318829481940E+01
 ::: TOTAL   ENERGY                               -2.9257217902757E+01
 ::: VIRIAL COEFFICIENT                            1.0010518220661E+00
 TTTTTTTTTTTTTTTTTTTTTTTTTTTTTT MONMO3      TELAPSE       38.39 TCPU       38.14
 CYC   5 ETOT(AU) -2.925721790276E+01 DETOT  4.09E-07 tst  1.05E-08 PX  1.89E-04

 == SCF ENDED - CONVERGENCE ON ENERGY      E(AU) -2.9257217902757E+01 CYCLES   5

 TOTAL ENERGY(HF)(AU)(   5) -2.9257217902757E+01 DE 4.1E-07 tst 1.1E-08 PX 1.9E-04

 *******************************************************************************
 *                             FORCE CALCULATION                               *
 *******************************************************************************

 INFORMATION **** EXCPOG **** EXCH. BIPO BUFFER LENGTH (WORDS) =      465696
 INFORMATION **** GENPOG **** BIPO BUFFER LENGTH (WORDS) =       36400
 TTTTTTTTTTTTTTTTTTTTTTTTTTTTTT SHELXG      TELAPSE       41.11 TCPU       40.86

 CARTESIAN FORCES IN HARTREE/BOHR (ANALYTICAL)
   ATOM                     X                   Y                   Z
   1   4             8.816739161154E-17  2.250199374822E-17  1.378014737970E-15
   2   4            -8.980486583220E-17 -1.340179934663E-17 -1.378014737970E-15

 RESULTANT FORCE    -1.637474220659E-18  9.100194401592E-18  0.000000000000E+00

 ATOMIC PART

 THERE ARE NO SYMMETRY ALLOWED DIRECTIONS

 CELL PART

 GRADIENT WITH RESPECT TO THE CELL PARAMETER IN HARTREE/BOHR
ORDER: -D/DA1X, -D/DA1Y, -D/DA1Z
       -D/DA2X, -D/DA2Y, -D/DA2Z
       -D/DA3X, -D/DA3Y, -D/DA3Z
  0.300070336061E-04  0.243824942954E-16  0.107188456248E-15
  0.150035168032E-04  0.259868533947E-04  0.533285096688E-16
  0.589118155034E-16 -0.176398440969E-16  0.276455503626E-04

STRESS TENSOR, IN HARTREE/BOHR^3:
ORDER: 11 12 13
       21 22 23
       31 32 33
 -0.105260659390E-05 -0.599600587358E-17 -0.372519569894E-17
 -0.855305279688E-18 -0.105260659389E-05  0.111542770831E-17
 -0.376002764280E-17  0.107630190565E-19 -0.174812275646E-05

PRESSURE FROM THE STRESS TENSOR,
IN HARTREE/BOHR^3:  0.12844E-05
PRESSURE IN GIGAPASCAL:  0.3779E-01
CONVERSION FACTOR: 1 HARTREE/BOHR^3= 29421 GIGAPASCAL
WHEN USING VALUES FOR BOHR RADIUS AND HARTREE
FROM IUPAC WEBSITE, APRIL 2009
ENTHALPY: -2.9257082394871E+01

 SYMMETRY ALLOWED FORCES (ANALYTICAL) (DIRECTION, FORCE)

    1  2.3470654E-04    2 -5.9911549E-05
 TTTTTTTTTTTTTTTTTTTTTTTTTTTTTT TOTGRA      TELAPSE       41.15 TCPU       40.90
 INFORMATION **** optc007 **** GEOMETRY OUTPUT FILE
