
 DFT PARAMETERS

     ATOM       ELECTRONS   NET CHARGE   R(ANGSTROM)
   1   4  BE      4.0000      0.0000     1.12000000

 SIZE OF GRID=       3984
 TTTTTTTTTTTTTTTTTTTTTTTTTTTTTT MAKE_GRID2  TELAPSE        5.95 TCPU        5.92
 BECKE WEIGHT FUNCTION
 RADSAFE =     2.00
 TOLERANCES - DENSITY:10**- 6; POTENTIAL:10**- 9; GRID WGT:10**-14

 RADIAL INTEGRATION  - INTERVALS (POINTS,UPPER LIMIT):            1( 75,  4.0*R)

 ANGULAR INTEGRATION - INTERVALS (ACCURACY LEVEL [N. POINTS] UPPER LIMIT):
  1(  4[  86]   0.2)  2(  8[ 194]   0.5)  3( 12[ 350]   0.9)  4( 16[ 974]   3.5)
  5( 12[ 350]9999.0)

 *******************************************************************************
 BERILLIUM BULK                                                                  
 CRYSTAL - SCF - TYPE OF CALCULATION :  RESTRICTED CLOSED SHELL
 *******************************************************************************

 CAPPA:IS1 12;IS2 12;IS3 12; K PTS MONK NET 133; SYMMOPS:K SPACE  24;G SPACE  24

 TTTTTTTTTTTTTTTTTTTTTTTTTTTTTT SDIK        TELAPSE        5.97 TCPU        5.94

 INFORMATION FROM INTEGRAL EVALUATION

 RESTART FROM A PREVIOUS DENSITY MATRIX - DEP ACTIVE
 NUMBER OF COUPLE SETS (NEW, OLD, FOUND):      16      16      16
 NUMBER OF IRREDUCIBLE G VECTORS        :      44      44      44
 CHARGE NORMALIZATION FACTOR   0.99348711
 TOTAL ATOMIC CHARGES:
   4.0000000   4.0000000
 TTTTTTTTTTTTTTTTTTTTTTTTTTTTTT MOQGAD      TELAPSE        5.97 TCPU        5.94
 TTTTTTTTTTTTTTTTTTTTTTTTTTTTTT SHELLXN     TELAPSE        6.01 TCPU        5.98
 TTTTTTTTTTTTTTTTTTTTTTTTTTTTTT MONMO3      TELAPSE        6.01 TCPU        5.98
 NUMERICALLY INTEGRATED DENSITY      8.0000491910
 TTTTTTTTTTTTTTTTTTTTTTTTTTTTTT NUMDFT      TELAPSE        6.10 TCPU        6.07
 CYC   0 ETOT(AU) -2.939603657523E+01 DETOT -2.94E+01 tst  9.62E-14 PX  1.00E+00
 TTTTTTTTTTTTTTTTTTTTTTTTTTTTTT DIIS        TELAPSE        6.11 TCPU        6.08
 TTTTTTTTTTTTTTTTTTTTTTTTTTTTTT FDIK        TELAPSE        6.15 TCPU        6.11
 POSSIBLY CONDUCTING STATE - EFERMI(AU) -1.4375215E-01 (RES. CHARGE  1.11E-10;IT. 12)
 TTTTTTTTTTTTTTTTTTTTTTTTTTTTTT PDIG        TELAPSE        6.20 TCPU        6.15
 CHARGE NORMALIZATION FACTOR   1.00000000
 TOTAL ATOMIC CHARGES:
   4.0000000   4.0000000
 TTTTTTTTTTTTTTTTTTTTTTTTTTTTTT MOQGAD      TELAPSE        6.20 TCPU        6.16
 TTTTTTTTTTTTTTTTTTTTTTTTTTTTTT SHELLXN     TELAPSE        6.24 TCPU        6.19
 TTTTTTTTTTTTTTTTTTTTTTTTTTTTTT MONMO3      TELAPSE        6.24 TCPU        6.19
 NUMERICALLY INTEGRATED DENSITY      8.0000486593
 TTTTTTTTTTTTTTTTTTTTTTTTTTTTTT NUMDFT      TELAPSE        6.33 TCPU        6.28
 CYC   1 ETOT(AU) -2.948304434039E+01 DETOT -8.70E-02 tst  0.00E+00 PX  6.03E-03
 TTTTTTTTTTTTTTTTTTTTTTTTTTTTTT DIIS        TELAPSE        6.34 TCPU        6.28
 DIIS TEST: 0.39496E-03 AT SCF   CYCLE   1 - MIX   30 %
 TTTTTTTTTTTTTTTTTTTTTTTTTTTTTT FDIK        TELAPSE        6.35 TCPU        6.29
 POSSIBLY CONDUCTING STATE - EFERMI(AU) -1.4016663E-01 (RES. CHARGE  1.58E-12;IT. 10)
 TTTTTTTTTTTTTTTTTTTTTTTTTTTTTT PDIG        TELAPSE        6.37 TCPU        6.32
 CHARGE NORMALIZATION FACTOR   1.00000000
 TOTAL ATOMIC CHARGES:
   4.0000000   4.0000000
 TTTTTTTTTTTTTTTTTTTTTTTTTTTTTT MOQGAD      TELAPSE        6.37 TCPU        6.32
 TTTTTTTTTTTTTTTTTTTTTTTTTTTTTT SHELLXN     TELAPSE        6.41 TCPU        6.35
 TTTTTTTTTTTTTTTTTTTTTTTTTTTTTT MONMO3      TELAPSE        6.41 TCPU        6.35
 NUMERICALLY INTEGRATED DENSITY      8.0000487228
 TTTTTTTTTTTTTTTTTTTTTTTTTTTTTT NUMDFT      TELAPSE        6.49 TCPU        6.44
 CYC   2 ETOT(AU) -2.948309507382E+01 DETOT -5.07E-05 tst  3.94E-06 PX  1.90E-03
 TTTTTTTTTTTTTTTTTTTTTTTTTTTTTT DIIS        TELAPSE        6.50 TCPU        6.44
 DIIS TEST: 0.11147E-04 AT SCF   CYCLE   2 - DIIS ACTIVE - HISTORY:     2 CYCLES
 TTTTTTTTTTTTTTTTTTTTTTTTTTTTTT FDIK        TELAPSE        6.51 TCPU        6.45
 POSSIBLY CONDUCTING STATE - EFERMI(AU) -1.3917081E-01 (RES. CHARGE  2.68E-13;IT. 10)
 TTTTTTTTTTTTTTTTTTTTTTTTTTTTTT PDIG        TELAPSE        6.53 TCPU        6.48
 CHARGE NORMALIZATION FACTOR   1.00000000
 TOTAL ATOMIC CHARGES:
   4.0000000   4.0000000
 TTTTTTTTTTTTTTTTTTTTTTTTTTTTTT MOQGAD      TELAPSE        6.54 TCPU        6.48
 TTTTTTTTTTTTTTTTTTTTTTTTTTTTTT SHELLXN     TELAPSE        6.57 TCPU        6.51
 TTTTTTTTTTTTTTTTTTTTTTTTTTTTTT MONMO3      TELAPSE        6.57 TCPU        6.51
 NUMERICALLY INTEGRATED DENSITY      8.0000487405
 TTTTTTTTTTTTTTTTTTTTTTTTTTTTTT NUMDFT      TELAPSE        6.65 TCPU        6.60
 CYC   3 ETOT(AU) -2.948309654951E+01 DETOT -1.48E-06 tst  1.81E-07 PX  4.33E-04
 TTTTTTTTTTTTTTTTTTTTTTTTTTTTTT DIIS        TELAPSE        6.66 TCPU        6.60
 DIIS TEST: 0.71158E-09 AT SCF   CYCLE   3 - DIIS ACTIVE - HISTORY:     3 CYCLES
 TTTTTTTTTTTTTTTTTTTTTTTTTTTTTT FDIK        TELAPSE        6.67 TCPU        6.62
 POSSIBLY CONDUCTING STATE - EFERMI(AU) -1.3920150E-01 (RES. CHARGE  1.59E-13;IT. 12)
 TTTTTTTTTTTTTTTTTTTTTTTTTTTTTT PDIG        TELAPSE        6.70 TCPU        6.64
 CHARGE NORMALIZATION FACTOR   1.00000000
 TOTAL ATOMIC CHARGES:
   4.0000000   4.0000000
 TTTTTTTTTTTTTTTTTTTTTTTTTTTTTT MOQGAD      TELAPSE        6.70 TCPU        6.64
 TTTTTTTTTTTTTTTTTTTTTTTTTTTTTT SHELLXN     TELAPSE        6.73 TCPU        6.67
 TTTTTTTTTTTTTTTTTTTTTTTTTTTTTT MONMO3      TELAPSE        6.73 TCPU        6.68
 NUMERICALLY INTEGRATED DENSITY      8.0000487403
 TTTTTTTTTTTTTTTTTTTTTTTTTTTTTT NUMDFT      TELAPSE        6.82 TCPU        6.76
 CYC   4 ETOT(AU) -2.948309655271E+01 DETOT -3.20E-09 tst  6.09E-11 PX  4.00E-06
 TTTTTTTTTTTTTTTTTTTTTTTTTTTTTT DIIS        TELAPSE        6.83 TCPU        6.77
 DIIS TEST: 0.26124E-12 AT SCF   CYCLE   4 - DIIS ACTIVE - HISTORY:     4 CYCLES
 TTTTTTTTTTTTTTTTTTTTTTTTTTTTTT FDIK        TELAPSE        6.84 TCPU        6.77
 POSSIBLY CONDUCTING STATE - EFERMI(AU) -1.3920169E-01 (RES. CHARGE  1.07E-11;IT. 10)
 TTTTTTTTTTTTTTTTTTTTTTTTTTTTTT PDIG        TELAPSE        6.86 TCPU        6.80
 CHARGE NORMALIZATION FACTOR   1.00000000
 TOTAL ATOMIC CHARGES:
   4.0000000   4.0000000
 TTTTTTTTTTTTTTTTTTTTTTTTTTTTTT MOQGAD      TELAPSE        6.86 TCPU        6.80
 TTTTTTTTTTTTTTTTTTTTTTTTTTTTTT SHELLXN     TELAPSE        6.89 TCPU        6.83
 +++ ENERGIES IN A.U. +++
 ::: EXT EL-POLE                                  -9.8443137249767E+01
 ::: EXT EL-SPHEROPOLE                             1.8770300948947E+00
 ::: BIELET ZONE E-E                               1.0255787451267E+02
 ::: TOTAL E-E                                     5.9917673578021E+00
 ::: TOTAL E-N + N-E                              -4.6620472368661E+01
 ::: TOTAL N-N                                    -1.2247308765617E+01
 ::: KINETIC ENERGY                                2.9221531076931E+01
 ::: PSEUDO TOTAL   ENERGY                        -2.3654482699545E+01
 ::: VIRIAL COEFFICIENT                            1.1052849483117E+00
 TTTTTTTTTTTTTTTTTTTTTTTTTTTTTT MONMO3      TELAPSE        6.89 TCPU        6.83
 NUMERICALLY INTEGRATED DENSITY      8.0000487403
 EXCHANGE ENERGY: -0.555472480203E+01  CORRELATION ENERGY: -0.273889051071E+00
 TTTTTTTTTTTTTTTTTTTTTTTTTTTTTT NUMDFT      TELAPSE        6.98 TCPU        6.92
 CYC   5 ETOT(AU) -2.948309655265E+01 DETOT  6.47E-11 tst  7.72E-15 PX  4.00E-06

 == SCF ENDED - CONVERGENCE ON ENERGY      E(AU) -2.9483096552649E+01 CYCLES   5


 ENERGY EXPRESSION=HARTREE+FOCK EXCH*0.00000+(PBE        EXCH)*1.00000+PBE        CORR


 TOTAL ENERGY(DFT)(AU)(  5) -2.9483096552649E+01 DE 6.5E-11 tester 7.7E-15
 TTTTTTTTTTTTTTTTTTTTTTTTTTTTTT EDFT        TELAPSE        6.98 TCPU        6.92

 *******************************************************************************
 *                             FORCE CALCULATION                               *
 *******************************************************************************

 TTTTTTTTTTTTTTTTTTTTTTTTTTTTTT NUMDFG      TELAPSE       11.21 TCPU       11.14
 INFORMATION **** EXCPOG **** EXCH. BIPO BUFFER LENGTH (WORDS) =           0
 INFORMATION **** GENPOG **** BIPO BUFFER LENGTH (WORDS) =       34600
 TTTTTTTTTTTTTTTTTTTTTTTTTTTTTT SHELXG      TELAPSE       11.31 TCPU       11.24

 CARTESIAN FORCES IN HARTREE/BOHR (ANALYTICAL)
   ATOM                     X                   Y                   Z
   1   4             1.523892485405E-16 -1.992424340830E-17  1.206301129114E-15
   2   4            -1.531896835253E-16  1.175987946917E-17 -1.206301129114E-15

 RESULTANT FORCE    -8.004349848064E-19 -8.164363939123E-18  0.000000000000E+00

 ATOMIC PART

 THERE ARE NO SYMMETRY ALLOWED DIRECTIONS

 CELL PART

 GRADIENT WITH RESPECT TO THE CELL PARAMETER IN HARTREE/BOHR
ORDER: -D/DA1X, -D/DA1Y, -D/DA1Z
       -D/DA2X, -D/DA2Y, -D/DA2Z
       -D/DA3X, -D/DA3Y, -D/DA3Z
 -0.793437705434E-02 -0.632974746384E-16 -0.172862602100E-15
 -0.396718852717E-02 -0.687137209226E-02 -0.601878751817E-16
 -0.101260631302E-15  0.299015934822E-16 -0.352973429672E-02

STRESS TENSOR, IN HARTREE/BOHR^3:
ORDER: 11 12 13
       21 22 23
       31 32 33
  0.274897074907E-03 -0.739983881855E-17  0.633966003203E-17
  0.219302542694E-17  0.274897074907E-03 -0.187205960160E-17
  0.598905539183E-17 -0.104989817316E-17  0.220987319127E-03

STRESS TENSOR DOES NOT CORRESPOND TO
HYDROSTATIC PRESSURE, NO PRESSURE COMPUTED!

 SYMMETRY ALLOWED FORCES (ANALYTICAL) (DIRECTION, FORCE)

    1 -4.7771183E-02    2 -4.7251663E-03
 TTTTTTTTTTTTTTTTTTTTTTTTTTTTTT TOTGRA      TELAPSE       11.34 TCPU       11.27
 INFORMATION **** optc002 **** GEOMETRY OUTPUT FILE

 DFT PARAMETERS

     ATOM       ELECTRONS   NET CHARGE   R(ANGSTROM)
   1   4  BE      4.0000      0.0000     1.12000000

 SIZE OF GRID=       3984
 TTTTTTTTTTTTTTTTTTTTTTTTTTTTTT MAKE_GRID2  TELAPSE       11.47 TCPU       11.40
 BECKE WEIGHT FUNCTION
 RADSAFE =     2.00
 TOLERANCES - DENSITY:10**- 6; POTENTIAL:10**- 9; GRID WGT:10**-14

 RADIAL INTEGRATION  - INTERVALS (POINTS,UPPER LIMIT):            1( 75,  4.0*R)

 ANGULAR INTEGRATION - INTERVALS (ACCURACY LEVEL [N. POINTS] UPPER LIMIT):
  1(  4[  86]   0.2)  2(  8[ 194]   0.5)  3( 12[ 350]   0.9)  4( 16[ 974]   3.5)
  5( 12[ 350]9999.0)

 *******************************************************************************
 BERILLIUM BULK                                                                  
 CRYSTAL - SCF - TYPE OF CALCULATION :  RESTRICTED CLOSED SHELL
 *******************************************************************************

 CAPPA:IS1 12;IS2 12;IS3 12; K PTS MONK NET 133; SYMMOPS:K SPACE  24;G SPACE  24

 TTTTTTTTTTTTTTTTTTTTTTTTTTTTTT SDIK        TELAPSE       11.50 TCPU       11.43

 INFORMATION FROM INTEGRAL EVALUATION

 RESTART FROM A PREVIOUS DENSITY MATRIX - DEP ACTIVE
 NUMBER OF COUPLE SETS (NEW, OLD, FOUND):      16      16      16
 NUMBER OF IRREDUCIBLE G VECTORS        :      44      44      44
 CHARGE NORMALIZATION FACTOR   0.98777337
 TOTAL ATOMIC CHARGES:
   4.0000000   4.0000000
 TTTTTTTTTTTTTTTTTTTTTTTTTTTTTT MOQGAD      TELAPSE       11.50 TCPU       11.43
 TTTTTTTTTTTTTTTTTTTTTTTTTTTTTT SHELLXN     TELAPSE       11.53 TCPU       11.46
 TTTTTTTTTTTTTTTTTTTTTTTTTTTTTT MONMO3      TELAPSE       11.53 TCPU       11.46
 NUMERICALLY INTEGRATED DENSITY      8.0001275773
 TTTTTTTTTTTTTTTTTTTTTTTTTTTTTT NUMDFT      TELAPSE       11.61 TCPU       11.54
 CYC   0 ETOT(AU) -2.932128617201E+01 DETOT -2.93E+01 tst  7.72E-15 PX  1.00E+00
 TTTTTTTTTTTTTTTTTTTTTTTTTTTTTT DIIS        TELAPSE       11.62 TCPU       11.55
 TTTTTTTTTTTTTTTTTTTTTTTTTTTTTT FDIK        TELAPSE       11.64 TCPU       11.57
 POSSIBLY CONDUCTING STATE - EFERMI(AU) -1.4805054E-01 (RES. CHARGE  5.14E-11;IT. 12)
 TTTTTTTTTTTTTTTTTTTTTTTTTTTTTT PDIG        TELAPSE       11.66 TCPU       11.59
 CHARGE NORMALIZATION FACTOR   1.00000000
 TOTAL ATOMIC CHARGES:
   4.0000000   4.0000000
 TTTTTTTTTTTTTTTTTTTTTTTTTTTTTT MOQGAD      TELAPSE       11.67 TCPU       11.59
 TTTTTTTTTTTTTTTTTTTTTTTTTTTTTT SHELLXN     TELAPSE       11.70 TCPU       11.63
 TTTTTTTTTTTTTTTTTTTTTTTTTTTTTT MONMO3      TELAPSE       11.70 TCPU       11.63
 NUMERICALLY INTEGRATED DENSITY      8.0001250821
 TTTTTTTTTTTTTTTTTTTTTTTTTTTTTT NUMDFT      TELAPSE       11.78 TCPU       11.71
 CYC   1 ETOT(AU) -2.948355375021E+01 DETOT -1.62E-01 tst  0.00E+00 PX  1.11E-02
 TTTTTTTTTTTTTTTTTTTTTTTTTTTTTT DIIS        TELAPSE       11.79 TCPU       11.72
 DIIS TEST: 0.13787E-02 AT SCF   CYCLE   1 - MIX   30 %
 TTTTTTTTTTTTTTTTTTTTTTTTTTTTTT FDIK        TELAPSE       11.80 TCPU       11.73
 POSSIBLY CONDUCTING STATE - EFERMI(AU) -1.4106569E-01 (RES. CHARGE  5.04E-12;IT. 10)
 TTTTTTTTTTTTTTTTTTTTTTTTTTTTTT PDIG        TELAPSE       11.83 TCPU       11.75
 CHARGE NORMALIZATION FACTOR   1.00000000
 TOTAL ATOMIC CHARGES:
   4.0000000   4.0000000
 TTTTTTTTTTTTTTTTTTTTTTTTTTTTTT MOQGAD      TELAPSE       11.83 TCPU       11.75
 TTTTTTTTTTTTTTTTTTTTTTTTTTTTTT SHELLXN     TELAPSE       11.86 TCPU       11.79
 TTTTTTTTTTTTTTTTTTTTTTTTTTTTTT MONMO3      TELAPSE       11.86 TCPU       11.79
 NUMERICALLY INTEGRATED DENSITY      8.0001253614
 TTTTTTTTTTTTTTTTTTTTTTTTTTTTTT NUMDFT      TELAPSE       11.94 TCPU       11.87
 CYC   2 ETOT(AU) -2.948373285997E+01 DETOT -1.79E-04 tst  1.37E-05 PX  3.55E-03
 TTTTTTTTTTTTTTTTTTTTTTTTTTTTTT DIIS        TELAPSE       11.95 TCPU       11.88
 DIIS TEST: 0.39155E-04 AT SCF   CYCLE   2 - DIIS ACTIVE - HISTORY:     2 CYCLES
 TTTTTTTTTTTTTTTTTTTTTTTTTTTTTT FDIK        TELAPSE       11.96 TCPU       11.89
 POSSIBLY CONDUCTING STATE - EFERMI(AU) -1.3911340E-01 (RES. CHARGE  4.07E-13;IT. 10)
 TTTTTTTTTTTTTTTTTTTTTTTTTTTTTT PDIG        TELAPSE       11.99 TCPU       11.91
 CHARGE NORMALIZATION FACTOR   1.00000000
 TOTAL ATOMIC CHARGES:
   4.0000000   4.0000000
 TTTTTTTTTTTTTTTTTTTTTTTTTTTTTT MOQGAD      TELAPSE       11.99 TCPU       11.91
 TTTTTTTTTTTTTTTTTTTTTTTTTTTTTT SHELLXN     TELAPSE       12.02 TCPU       11.95
 TTTTTTTTTTTTTTTTTTTTTTTTTTTTTT MONMO3      TELAPSE       12.02 TCPU       11.95
 NUMERICALLY INTEGRATED DENSITY      8.0001254390
 TTTTTTTTTTTTTTTTTTTTTTTTTTTTTT NUMDFT      TELAPSE       12.11 TCPU       12.03
 CYC   3 ETOT(AU) -2.948373839310E+01 DETOT -5.53E-06 tst  6.37E-07 PX  8.12E-04
 TTTTTTTTTTTTTTTTTTTTTTTTTTTTTT DIIS        TELAPSE       12.11 TCPU       12.04
 DIIS TEST: 0.23770E-08 AT SCF   CYCLE   3 - DIIS ACTIVE - HISTORY:     3 CYCLES
 TTTTTTTTTTTTTTTTTTTTTTTTTTTTTT FDIK        TELAPSE       12.12 TCPU       12.05
 POSSIBLY CONDUCTING STATE - EFERMI(AU) -1.3917158E-01 (RES. CHARGE  6.81E-12;IT. 12)
 TTTTTTTTTTTTTTTTTTTTTTTTTTTTTT PDIG        TELAPSE       12.15 TCPU       12.07
 CHARGE NORMALIZATION FACTOR   1.00000000
 TOTAL ATOMIC CHARGES:
   4.0000000   4.0000000
 TTTTTTTTTTTTTTTTTTTTTTTTTTTTTT MOQGAD      TELAPSE       12.15 TCPU       12.08
 TTTTTTTTTTTTTTTTTTTTTTTTTTTTTT SHELLXN     TELAPSE       12.18 TCPU       12.11
 TTTTTTTTTTTTTTTTTTTTTTTTTTTTTT MONMO3      TELAPSE       12.19 TCPU       12.11
 NUMERICALLY INTEGRATED DENSITY      8.0001254382
 TTTTTTTTTTTTTTTTTTTTTTTTTTTTTT NUMDFT      TELAPSE       12.27 TCPU       12.19
 CYC   4 ETOT(AU) -2.948373839981E+01 DETOT -6.71E-09 tst  1.33E-10 PX  7.26E-06
 TTTTTTTTTTTTTTTTTTTTTTTTTTTTTT DIIS        TELAPSE       12.29 TCPU       12.21
 DIIS TEST: 0.93279E-12 AT SCF   CYCLE   4 - DIIS ACTIVE - HISTORY:     4 CYCLES
 TTTTTTTTTTTTTTTTTTTTTTTTTTTTTT FDIK        TELAPSE       12.30 TCPU       12.22
 POSSIBLY CONDUCTING STATE - EFERMI(AU) -1.3917193E-01 (RES. CHARGE  2.52E-11;IT. 10)
 TTTTTTTTTTTTTTTTTTTTTTTTTTTTTT PDIG        TELAPSE       12.33 TCPU       12.25
 CHARGE NORMALIZATION FACTOR   1.00000000
 TOTAL ATOMIC CHARGES:
   4.0000000   4.0000000
 TTTTTTTTTTTTTTTTTTTTTTTTTTTTTT MOQGAD      TELAPSE       12.33 TCPU       12.25
 TTTTTTTTTTTTTTTTTTTTTTTTTTTTTT SHELLXN     TELAPSE       12.36 TCPU       12.28
 +++ ENERGIES IN A.U. +++
 ::: EXT EL-POLE                                  -9.9574357283727E+01
 ::: EXT EL-SPHEROPOLE                             1.9416865907844E+00
 ::: BIELET ZONE E-E                               1.0356682551839E+02
 ::: TOTAL E-E                                     5.9341548254429E+00
 ::: TOTAL E-N + N-E                              -4.6407283919673E+01
 ::: TOTAL N-N                                    -1.2443046007924E+01
 ::: KINETIC ENERGY                                2.9280562460788E+01
 ::: PSEUDO TOTAL   ENERGY                        -2.3635612641366E+01
 ::: VIRIAL COEFFICIENT                            1.1066772080281E+00
 TTTTTTTTTTTTTTTTTTTTTTTTTTTTTT MONMO3      TELAPSE       12.36 TCPU       12.28
 NUMERICALLY INTEGRATED DENSITY      8.0001254382
 EXCHANGE ENERGY: -0.557243269616E+01  CORRELATION ENERGY: -0.275693062153E+00
 TTTTTTTTTTTTTTTTTTTTTTTTTTTTTT NUMDFT      TELAPSE       12.44 TCPU       12.36
 CYC   5 ETOT(AU) -2.948373839968E+01 DETOT  1.31E-10 tst  2.82E-14 PX  7.26E-06

 == SCF ENDED - CONVERGENCE ON ENERGY      E(AU) -2.9483738399680E+01 CYCLES   5


 ENERGY EXPRESSION=HARTREE+FOCK EXCH*0.00000+(PBE        EXCH)*1.00000+PBE        CORR


 TOTAL ENERGY(DFT)(AU)(  5) -2.9483738399680E+01 DE 1.3E-10 tester 2.8E-14
 TTTTTTTTTTTTTTTTTTTTTTTTTTTTTT EDFT        TELAPSE       12.44 TCPU       12.36

 *******************************************************************************
 *                             FORCE CALCULATION                               *
 *******************************************************************************

 TTTTTTTTTTTTTTTTTTTTTTTTTTTTTT NUMDFG      TELAPSE       16.71 TCPU       16.62
 INFORMATION **** EXCPOG **** EXCH. BIPO BUFFER LENGTH (WORDS) =           0
 INFORMATION **** GENPOG **** BIPO BUFFER LENGTH (WORDS) =       34600
 TTTTTTTTTTTTTTTTTTTTTTTTTTTTTT SHELXG      TELAPSE       16.81 TCPU       16.72

 CARTESIAN FORCES IN HARTREE/BOHR (ANALYTICAL)
   ATOM                     X                   Y                   Z
   1   4            -1.320618407961E-16 -1.147044118259E-17 -4.139917904301E-16
   2   4             1.246100905575E-16  1.258912724022E-17  4.139917904301E-16

 RESULTANT FORCE    -7.451750238651E-18  1.118686057636E-18  0.000000000000E+00

 ATOMIC PART

 THERE ARE NO SYMMETRY ALLOWED DIRECTIONS

 CELL PART

 GRADIENT WITH RESPECT TO THE CELL PARAMETER IN HARTREE/BOHR
ORDER: -D/DA1X, -D/DA1Y, -D/DA1Z
       -D/DA2X, -D/DA2Y, -D/DA2Z
       -D/DA3X, -D/DA3Y, -D/DA3Z
 -0.100878382754E-02  0.385086727321E-16 -0.204442445234E-17
 -0.504391913771E-03 -0.873632421578E-03  0.633546916128E-17
  0.259067705607E-17  0.161436528133E-16  0.121253042445E-02

STRESS TENSOR, IN HARTREE/BOHR^3:
ORDER: 11 12 13
       21 22 23
       31 32 33
  0.361050936370E-04 -0.153076637152E-17 -0.167184556918E-18
 -0.137825289905E-17  0.361050936370E-04 -0.104180080505E-17
  0.731714112285E-19 -0.304074996399E-18 -0.782484105017E-04

STRESS TENSOR DOES NOT CORRESPOND TO
HYDROSTATIC PRESSURE, NO PRESSURE COMPUTED!

 SYMMETRY ALLOWED FORCES (ANALYTICAL) (DIRECTION, FORCE)

    1  3.5682235E-04    2 -9.5566869E-03
 TTTTTTTTTTTTTTTTTTTTTTTTTTTTTT TOTGRA      TELAPSE       16.84 TCPU       16.75
 INFORMATION **** optc003 **** GEOMETRY OUTPUT FILE

 DFT PARAMETERS

     ATOM       ELECTRONS   NET CHARGE   R(ANGSTROM)
   1   4  BE      4.0000      0.0000     1.12000000

 SIZE OF GRID=       3984
 TTTTTTTTTTTTTTTTTTTTTTTTTTTTTT MAKE_GRID2  TELAPSE       16.97 TCPU       16.88
 BECKE WEIGHT FUNCTION
 RADSAFE =     2.00
 TOLERANCES - DENSITY:10**- 6; POTENTIAL:10**- 9; GRID WGT:10**-14

 RADIAL INTEGRATION  - INTERVALS (POINTS,UPPER LIMIT):            1( 75,  4.0*R)

 ANGULAR INTEGRATION - INTERVALS (ACCURACY LEVEL [N. POINTS] UPPER LIMIT):
  1(  4[  86]   0.2)  2(  8[ 194]   0.5)  3( 12[ 350]   0.9)  4( 16[ 974]   3.5)
  5( 12[ 350]9999.0)

 *******************************************************************************
 BERILLIUM BULK                                                                  
 CRYSTAL - SCF - TYPE OF CALCULATION :  RESTRICTED CLOSED SHELL
 *******************************************************************************

 CAPPA:IS1 12;IS2 12;IS3 12; K PTS MONK NET 133; SYMMOPS:K SPACE  24;G SPACE  24

 TTTTTTTTTTTTTTTTTTTTTTTTTTTTTT SDIK        TELAPSE       17.00 TCPU       16.91

 INFORMATION FROM INTEGRAL EVALUATION

 RESTART FROM A PREVIOUS DENSITY MATRIX - DEP ACTIVE
 NUMBER OF COUPLE SETS (NEW, OLD, FOUND):      16      16      16
 NUMBER OF IRREDUCIBLE G VECTORS        :      44      44      44
 CHARGE NORMALIZATION FACTOR   1.00020732
 TOTAL ATOMIC CHARGES:
   4.0000000   4.0000000
 TTTTTTTTTTTTTTTTTTTTTTTTTTTTTT MOQGAD      TELAPSE       17.00 TCPU       16.91
 TTTTTTTTTTTTTTTTTTTTTTTTTTTTTT SHELLXN     TELAPSE       17.03 TCPU       16.94
 TTTTTTTTTTTTTTTTTTTTTTTTTTTTTT MONMO3      TELAPSE       17.03 TCPU       16.94
 NUMERICALLY INTEGRATED DENSITY      8.0001240971
 TTTTTTTTTTTTTTTTTTTTTTTTTTTTTT NUMDFT      TELAPSE       17.11 TCPU       17.02
 CYC   0 ETOT(AU) -2.948648959218E+01 DETOT -2.95E+01 tst  2.82E-14 PX  1.00E+00
 TTTTTTTTTTTTTTTTTTTTTTTTTTTTTT DIIS        TELAPSE       17.12 TCPU       17.03
 TTTTTTTTTTTTTTTTTTTTTTTTTTTTTT FDIK        TELAPSE       17.13 TCPU       17.05
 POSSIBLY CONDUCTING STATE - EFERMI(AU) -1.3897818E-01 (RES. CHARGE  1.51E-10;IT.  8)
 TTTTTTTTTTTTTTTTTTTTTTTTTTTTTT PDIG        TELAPSE       17.16 TCPU       17.07
 CHARGE NORMALIZATION FACTOR   1.00000000
 TOTAL ATOMIC CHARGES:
   4.0000000   4.0000000
 TTTTTTTTTTTTTTTTTTTTTTTTTTTTTT MOQGAD      TELAPSE       17.16 TCPU       17.07
 TTTTTTTTTTTTTTTTTTTTTTTTTTTTTT SHELLXN     TELAPSE       17.19 TCPU       17.10
 TTTTTTTTTTTTTTTTTTTTTTTTTTTTTT MONMO3      TELAPSE       17.19 TCPU       17.10
 NUMERICALLY INTEGRATED DENSITY      8.0001241394
 TTTTTTTTTTTTTTTTTTTTTTTTTTTTTT NUMDFT      TELAPSE       17.28 TCPU       17.19
 CYC   1 ETOT(AU) -2.948374700514E+01 DETOT  2.74E-03 tst  0.00E+00 PX  1.58E-04
 TTTTTTTTTTTTTTTTTTTTTTTTTTTTTT DIIS        TELAPSE       17.28 TCPU       17.19
 DIIS TEST: 0.40974E-06 AT SCF   CYCLE   1 - MIX   30 %
 TTTTTTTTTTTTTTTTTTTTTTTTTTTTTT FDIK        TELAPSE       17.29 TCPU       17.20
 POSSIBLY CONDUCTING STATE - EFERMI(AU) -1.3909665E-01 (RES. CHARGE  1.06E-11;IT. 12)
 TTTTTTTTTTTTTTTTTTTTTTTTTTTTTT PDIG        TELAPSE       17.32 TCPU       17.23
 CHARGE NORMALIZATION FACTOR   1.00000000
 TOTAL ATOMIC CHARGES:
   4.0000000   4.0000000
 TTTTTTTTTTTTTTTTTTTTTTTTTTTTTT MOQGAD      TELAPSE       17.32 TCPU       17.23
 TTTTTTTTTTTTTTTTTTTTTTTTTTTTTT SHELLXN     TELAPSE       17.35 TCPU       17.26
 TTTTTTTTTTTTTTTTTTTTTTTTTTTTTT MONMO3      TELAPSE       17.35 TCPU       17.26
 NUMERICALLY INTEGRATED DENSITY      8.0001241346
 TTTTTTTTTTTTTTTTTTTTTTTTTTTTTT NUMDFT      TELAPSE       17.43 TCPU       17.34
 CYC   2 ETOT(AU) -2.948374709010E+01 DETOT -8.50E-08 tst  4.07E-09 PX  6.14E-05
 TTTTTTTTTTTTTTTTTTTTTTTTTTTTTT DIIS        TELAPSE       17.45 TCPU       17.36
 DIIS TEST: 0.11541E-07 AT SCF   CYCLE   2 - DIIS ACTIVE - HISTORY:     2 CYCLES
 TTTTTTTTTTTTTTTTTTTTTTTTTTTTTT FDIK        TELAPSE       17.46 TCPU       17.37
 POSSIBLY CONDUCTING STATE - EFERMI(AU) -1.3912966E-01 (RES. CHARGE  3.03E-12;IT. 12)
 TTTTTTTTTTTTTTTTTTTTTTTTTTTTTT PDIG        TELAPSE       17.49 TCPU       17.40
 CHARGE NORMALIZATION FACTOR   1.00000000
 TOTAL ATOMIC CHARGES:
   4.0000000   4.0000000
 TTTTTTTTTTTTTTTTTTTTTTTTTTTTTT MOQGAD      TELAPSE       17.49 TCPU       17.40
 TTTTTTTTTTTTTTTTTTTTTTTTTTTTTT SHELLXN     TELAPSE       17.52 TCPU       17.43
 +++ ENERGIES IN A.U. +++
 ::: EXT EL-POLE                                  -9.9553768555152E+01
 ::: EXT EL-SPHEROPOLE                             1.9406155610144E+00
 ::: BIELET ZONE E-E                               1.0354812437940E+02
 ::: TOTAL E-E                                     5.9349713852651E+00
 ::: TOTAL E-N + N-E                              -4.6410455488103E+01
 ::: TOTAL N-N                                    -1.2439879127620E+01
 ::: KINETIC ENERGY                                2.9279389168181E+01
 ::: PSEUDO TOTAL   ENERGY                        -2.3635974062276E+01
 ::: VIRIAL COEFFICIENT                            1.1066498415843E+00
 TTTTTTTTTTTTTTTTTTTTTTTTTTTTTT MONMO3      TELAPSE       17.53 TCPU       17.43
 NUMERICALLY INTEGRATED DENSITY      8.0001241333
 EXCHANGE ENERGY: -0.557210704013E+01  CORRELATION ENERGY: -0.275665997977E+00
 TTTTTTTTTTTTTTTTTTTTTTTTTTTTTT NUMDFT      TELAPSE       17.61 TCPU       17.51
 CYC   3 ETOT(AU) -2.948374710038E+01 DETOT -1.03E-08 tst  1.82E-10 PX  6.14E-05

 == SCF ENDED - CONVERGENCE ON ENERGY      E(AU) -2.9483747100384E+01 CYCLES   3


 ENERGY EXPRESSION=HARTREE+FOCK EXCH*0.00000+(PBE        EXCH)*1.00000+PBE        CORR


 TOTAL ENERGY(DFT)(AU)(  3) -2.9483747100384E+01 DE-1.0E-08 tester 1.8E-10
 TTTTTTTTTTTTTTTTTTTTTTTTTTTTTT EDFT        TELAPSE       17.61 TCPU       17.51

 *******************************************************************************
 *                             FORCE CALCULATION                               *
 *******************************************************************************

 TTTTTTTTTTTTTTTTTTTTTTTTTTTTTT NUMDFG      TELAPSE       21.83 TCPU       21.74
 INFORMATION **** EXCPOG **** EXCH. BIPO BUFFER LENGTH (WORDS) =           0
 INFORMATION **** GENPOG **** BIPO BUFFER LENGTH (WORDS) =       34600
 TTTTTTTTTTTTTTTTTTTTTTTTTTTTTT SHELXG      TELAPSE       21.93 TCPU       21.84

 CARTESIAN FORCES IN HARTREE/BOHR (ANALYTICAL)
   ATOM                     X                   Y                   Z
   1   4            -1.165450070772E-16 -1.241502288578E-16 -6.218849875280E-17
   2   4             1.193026547760E-16  1.252668762472E-16  5.293664021426E-17

 RESULTANT FORCE     2.757647698854E-18  1.116647389405E-18 -9.251858538543E-18

 ATOMIC PART

 THERE ARE NO SYMMETRY ALLOWED DIRECTIONS

 CELL PART

 GRADIENT WITH RESPECT TO THE CELL PARAMETER IN HARTREE/BOHR
ORDER: -D/DA1X, -D/DA1Y, -D/DA1Z
       -D/DA2X, -D/DA2Y, -D/DA2Z
       -D/DA3X, -D/DA3Y, -D/DA3Z
 -0.100374169067E-02  0.338909966985E-16 -0.898235682902E-16
 -0.501870845334E-03 -0.869265802954E-03 -0.474378898163E-16
 -0.428703591188E-16 -0.152075988483E-16  0.971379749674E-03

STRESS TENSOR, IN HARTREE/BOHR^3:
ORDER: 11 12 13
       21 22 23
       31 32 33
  0.358923388295E-04  0.366736305970E-16  0.276709443611E-17
 -0.121189260951E-17  0.358923388295E-04  0.981584083378E-18
  0.321195978799E-17  0.104303931387E-18 -0.626983201429E-04

STRESS TENSOR DOES NOT CORRESPOND TO
HYDROSTATIC PRESSURE, NO PRESSURE COMPUTED!

 SYMMETRY ALLOWED FORCES (ANALYTICAL) (DIRECTION, FORCE)

    1 -5.3737973E-04    2 -8.2459791E-03
 TTTTTTTTTTTTTTTTTTTTTTTTTTTTTT TOTGRA      TELAPSE       21.96 TCPU       21.87
 INFORMATION **** optc004 **** GEOMETRY OUTPUT FILE

 DFT PARAMETERS

     ATOM       ELECTRONS   NET CHARGE   R(ANGSTROM)
   1   4  BE      4.0000      0.0000     1.12000000

 SIZE OF GRID=       3984
 TTTTTTTTTTTTTTTTTTTTTTTTTTTTTT MAKE_GRID2  TELAPSE       22.09 TCPU       22.00
 BECKE WEIGHT FUNCTION
 RADSAFE =     2.00
 TOLERANCES - DENSITY:10**- 6; POTENTIAL:10**- 9; GRID WGT:10**-14

 RADIAL INTEGRATION  - INTERVALS (POINTS,UPPER LIMIT):            1( 75,  4.0*R)

 ANGULAR INTEGRATION - INTERVALS (ACCURACY LEVEL [N. POINTS] UPPER LIMIT):
  1(  4[  86]   0.2)  2(  8[ 194]   0.5)  3( 12[ 350]   0.9)  4( 16[ 974]   3.5)
  5( 12[ 350]9999.0)

 *******************************************************************************
 BERILLIUM BULK                                                                  
 CRYSTAL - SCF - TYPE OF CALCULATION :  RESTRICTED CLOSED SHELL
 *******************************************************************************

 CAPPA:IS1 12;IS2 12;IS3 12; K PTS MONK NET 133; SYMMOPS:K SPACE  24;G SPACE  24

 TTTTTTTTTTTTTTTTTTTTTTTTTTTTTT SDIK        TELAPSE       22.12 TCPU       22.02

 INFORMATION FROM INTEGRAL EVALUATION

 RESTART FROM A PREVIOUS DENSITY MATRIX - DEP ACTIVE
 NUMBER OF COUPLE SETS (NEW, OLD, FOUND):      16      16      16
 NUMBER OF IRREDUCIBLE G VECTORS        :      44      44      44
 CHARGE NORMALIZATION FACTOR   1.00012623
 TOTAL ATOMIC CHARGES:
   4.0000000   4.0000000
 TTTTTTTTTTTTTTTTTTTTTTTTTTTTTT MOQGAD      TELAPSE       22.12 TCPU       22.02
 TTTTTTTTTTTTTTTTTTTTTTTTTTTTTT SHELLXN     TELAPSE       22.15 TCPU       22.06
 TTTTTTTTTTTTTTTTTTTTTTTTTTTTTT MONMO3      TELAPSE       22.15 TCPU       22.06
 NUMERICALLY INTEGRATED DENSITY      8.0001236559
 TTTTTTTTTTTTTTTTTTTTTTTTTTTTTT NUMDFT      TELAPSE       22.23 TCPU       22.14
 CYC   0 ETOT(AU) -2.948550875064E+01 DETOT -2.95E+01 tst  1.82E-10 PX  1.00E+00
 TTTTTTTTTTTTTTTTTTTTTTTTTTTTTT DIIS        TELAPSE       22.24 TCPU       22.15
 TTTTTTTTTTTTTTTTTTTTTTTTTTTTTT FDIK        TELAPSE       22.26 TCPU       22.16
 POSSIBLY CONDUCTING STATE - EFERMI(AU) -1.3873117E-01 (RES. CHARGE  6.26E-10;IT.  8)
 TTTTTTTTTTTTTTTTTTTTTTTTTTTTTT PDIG        TELAPSE       22.28 TCPU       22.19
 CHARGE NORMALIZATION FACTOR   1.00000000
 TOTAL ATOMIC CHARGES:
   4.0000000   4.0000000
 TTTTTTTTTTTTTTTTTTTTTTTTTTTTTT MOQGAD      TELAPSE       22.28 TCPU       22.19
 TTTTTTTTTTTTTTTTTTTTTTTTTTTTTT SHELLXN     TELAPSE       22.32 TCPU       22.22
 TTTTTTTTTTTTTTTTTTTTTTTTTTTTTT MONMO3      TELAPSE       22.32 TCPU       22.22
 NUMERICALLY INTEGRATED DENSITY      8.0001236859
 TTTTTTTTTTTTTTTTTTTTTTTTTTTTTT NUMDFT      TELAPSE       22.40 TCPU       22.30
 CYC   1 ETOT(AU) -2.948377516938E+01 DETOT  1.73E-03 tst  0.00E+00 PX  5.08E-04
 TTTTTTTTTTTTTTTTTTTTTTTTTTTTTT DIIS        TELAPSE       22.41 TCPU       22.31
 DIIS TEST: 0.17844E-06 AT SCF   CYCLE   1 - MIX   30 %
 TTTTTTTTTTTTTTTTTTTTTTTTTTTTTT FDIK        TELAPSE       22.42 TCPU       22.32
 POSSIBLY CONDUCTING STATE - EFERMI(AU) -1.3880046E-01 (RES. CHARGE  3.00E-12;IT. 12)
 TTTTTTTTTTTTTTTTTTTTTTTTTTTTTT PDIG        TELAPSE       22.45 TCPU       22.35
 CHARGE NORMALIZATION FACTOR   1.00000000
 TOTAL ATOMIC CHARGES:
   4.0000000   4.0000000
 TTTTTTTTTTTTTTTTTTTTTTTTTTTTTT MOQGAD      TELAPSE       22.45 TCPU       22.35
 TTTTTTTTTTTTTTTTTTTTTTTTTTTTTT SHELLXN     TELAPSE       22.48 TCPU       22.38
 TTTTTTTTTTTTTTTTTTTTTTTTTTTTTT MONMO3      TELAPSE       22.48 TCPU       22.38
 NUMERICALLY INTEGRATED DENSITY      8.0001236825
 TTTTTTTTTTTTTTTTTTTTTTTTTTTTTT NUMDFT      TELAPSE       22.56 TCPU       22.46
 CYC   2 ETOT(AU) -2.948377521709E+01 DETOT -4.77E-08 tst  1.77E-09 PX  4.01E-05
 TTTTTTTTTTTTTTTTTTTTTTTTTTTTTT DIIS        TELAPSE       22.57 TCPU       22.47
 DIIS TEST: 0.49658E-08 AT SCF   CYCLE   2 - DIIS ACTIVE - HISTORY:     2 CYCLES
 TTTTTTTTTTTTTTTTTTTTTTTTTTTTTT FDIK        TELAPSE       22.58 TCPU       22.48
 POSSIBLY CONDUCTING STATE - EFERMI(AU) -1.3881825E-01 (RES. CHARGE  3.45E-10;IT. 10)
 TTTTTTTTTTTTTTTTTTTTTTTTTTTTTT PDIG        TELAPSE       22.61 TCPU       22.50
 CHARGE NORMALIZATION FACTOR   1.00000000
 TOTAL ATOMIC CHARGES:
   4.0000000   4.0000000
 TTTTTTTTTTTTTTTTTTTTTTTTTTTTTT MOQGAD      TELAPSE       22.61 TCPU       22.51
 TTTTTTTTTTTTTTTTTTTTTTTTTTTTTT SHELLXN     TELAPSE       22.64 TCPU       22.54
 +++ ENERGIES IN A.U. +++
 ::: EXT EL-POLE                                  -9.9537094028121E+01
 ::: EXT EL-SPHEROPOLE                             1.9402969202039E+00
 ::: BIELET ZONE E-E                               1.0353127419747E+02
 ::: TOTAL E-E                                     5.9344770895539E+00
 ::: TOTAL E-N + N-E                              -4.6409423143703E+01
 ::: TOTAL N-N                                    -1.2439405232243E+01
 ::: KINETIC ENERGY                                2.9278092271793E+01
 ::: PSEUDO TOTAL   ENERGY                        -2.3636259014600E+01
 ::: VIRIAL COEFFICIENT                            1.1066219866640E+00
 TTTTTTTTTTTTTTTTTTTTTTTTTTTTTT MONMO3      TELAPSE       22.64 TCPU       22.54
 NUMERICALLY INTEGRATED DENSITY      8.0001236815
 EXCHANGE ENERGY: -0.557184385548E+01  CORRELATION ENERGY: -0.275672352295E+00
 TTTTTTTTTTTTTTTTTTTTTTTTTTTTTT NUMDFT      TELAPSE       22.72 TCPU       22.62
 CYC   3 ETOT(AU) -2.948377522237E+01 DETOT -5.28E-09 tst  1.13E-10 PX  4.01E-05

 == SCF ENDED - CONVERGENCE ON ENERGY      E(AU) -2.9483775222373E+01 CYCLES   3


 ENERGY EXPRESSION=HARTREE+FOCK EXCH*0.00000+(PBE        EXCH)*1.00000+PBE        CORR


 TOTAL ENERGY(DFT)(AU)(  3) -2.9483775222373E+01 DE-5.3E-09 tester 1.1E-10
 TTTTTTTTTTTTTTTTTTTTTTTTTTTTTT EDFT        TELAPSE       22.73 TCPU       22.62

 *******************************************************************************
 *                             FORCE CALCULATION                               *
 *******************************************************************************

 TTTTTTTTTTTTTTTTTTTTTTTTTTTTTT NUMDFG      TELAPSE       27.03 TCPU       26.92
 INFORMATION **** EXCPOG **** EXCH. BIPO BUFFER LENGTH (WORDS) =           0
 INFORMATION **** GENPOG **** BIPO BUFFER LENGTH (WORDS) =       34600
 TTTTTTTTTTTTTTTTTTTTTTTTTTTTTT SHELXG      TELAPSE       27.12 TCPU       27.02

 CARTESIAN FORCES IN HARTREE/BOHR (ANALYTICAL)
   ATOM                     X                   Y                   Z
   1   4            -1.472407203621E-16  8.068842769968E-17  6.823264351452E-16
   2   4             1.488966920986E-16 -9.577219563133E-17 -6.823264351452E-16

 RESULTANT FORCE     1.655971736500E-18 -1.508376793165E-17  0.000000000000E+00

 ATOMIC PART

 THERE ARE NO SYMMETRY ALLOWED DIRECTIONS

 CELL PART

 GRADIENT WITH RESPECT TO THE CELL PARAMETER IN HARTREE/BOHR
ORDER: -D/DA1X, -D/DA1Y, -D/DA1Z
       -D/DA2X, -D/DA2Y, -D/DA2Z
       -D/DA3X, -D/DA3Y, -D/DA3Z
 -0.284588869410E-03  0.953933727013E-16 -0.425476525768E-15
 -0.142294434705E-03 -0.246461190542E-03 -0.168732401508E-15
 -0.248864498679E-15  0.290650636028E-16 -0.343986083063E-04

STRESS TENSOR, IN HARTREE/BOHR^3:
ORDER: 11 12 13
       21 22 23
       31 32 33
  0.101523339207E-04 -0.182924855070E-16  0.161290497295E-16
 -0.340303320890E-17  0.101523339206E-04 -0.188372330618E-17
  0.151783159122E-16 -0.181270811106E-17  0.222939337248E-05

PRESSURE FROM THE STRESS TENSOR,
IN HARTREE/BOHR^3: -0.75114E-05
PRESSURE IN GIGAPASCAL: -0.2210E+00
CONVERSION FACTOR: 1 HARTREE/BOHR^3= 29421 GIGAPASCAL
WHEN USING VALUES FOR BOHR RADIUS AND HARTREE
FROM IUPAC WEBSITE, APRIL 2009
ENTHALPY: -2.9484544906678E+01

 SYMMETRY ALLOWED FORCES (ANALYTICAL) (DIRECTION, FORCE)

    1 -1.3331323E-03    2 -6.6288041E-04
 TTTTTTTTTTTTTTTTTTTTTTTTTTTTTT TOTGRA      TELAPSE       27.16 TCPU       27.05
 INFORMATION **** optc005 **** GEOMETRY OUTPUT FILE

 DFT PARAMETERS

     ATOM       ELECTRONS   NET CHARGE   R(ANGSTROM)
   1   4  BE      4.0000      0.0000     1.12000000

 SIZE OF GRID=       3984
 TTTTTTTTTTTTTTTTTTTTTTTTTTTTTT MAKE_GRID2  TELAPSE       27.29 TCPU       27.18
 BECKE WEIGHT FUNCTION
 RADSAFE =     2.00
 TOLERANCES - DENSITY:10**- 6; POTENTIAL:10**- 9; GRID WGT:10**-14

 RADIAL INTEGRATION  - INTERVALS (POINTS,UPPER LIMIT):            1( 75,  4.0*R)

 ANGULAR INTEGRATION - INTERVALS (ACCURACY LEVEL [N. POINTS] UPPER LIMIT):
  1(  4[  86]   0.2)  2(  8[ 194]   0.5)  3( 12[ 350]   0.9)  4( 16[ 974]   3.5)
  5( 12[ 350]9999.0)

 *******************************************************************************
 BERILLIUM BULK                                                                  
 CRYSTAL - SCF - TYPE OF CALCULATION :  RESTRICTED CLOSED SHELL
 *******************************************************************************

 CAPPA:IS1 12;IS2 12;IS3 12; K PTS MONK NET 133; SYMMOPS:K SPACE  24;G SPACE  24

 TTTTTTTTTTTTTTTTTTTTTTTTTTTTTT SDIK        TELAPSE       27.31 TCPU       27.20

 INFORMATION FROM INTEGRAL EVALUATION

 RESTART FROM A PREVIOUS DENSITY MATRIX - DEP ACTIVE
 NUMBER OF COUPLE SETS (NEW, OLD, FOUND):      16      16      16
 NUMBER OF IRREDUCIBLE G VECTORS        :      44      44      44
 CHARGE NORMALIZATION FACTOR   0.99974643
 TOTAL ATOMIC CHARGES:
   4.0000000   4.0000000
 TTTTTTTTTTTTTTTTTTTTTTTTTTTTTT MOQGAD      TELAPSE       27.32 TCPU       27.21
 TTTTTTTTTTTTTTTTTTTTTTTTTTTTTT SHELLXN     TELAPSE       27.35 TCPU       27.24
 TTTTTTTTTTTTTTTTTTTTTTTTTTTTTT MONMO3      TELAPSE       27.35 TCPU       27.24
 NUMERICALLY INTEGRATED DENSITY      8.0001254070
 TTTTTTTTTTTTTTTTTTTTTTTTTTTTTT NUMDFT      TELAPSE       27.43 TCPU       27.32
 CYC   0 ETOT(AU) -2.948043975712E+01 DETOT -2.95E+01 tst  1.13E-10 PX  1.00E+00
 TTTTTTTTTTTTTTTTTTTTTTTTTTTTTT DIIS        TELAPSE       27.44 TCPU       27.33
 TTTTTTTTTTTTTTTTTTTTTTTTTTTTTT FDIK        TELAPSE       27.46 TCPU       27.34
 POSSIBLY CONDUCTING STATE - EFERMI(AU) -1.3896263E-01 (RES. CHARGE  4.86E-12;IT. 12)
 TTTTTTTTTTTTTTTTTTTTTTTTTTTTTT PDIG        TELAPSE       27.49 TCPU       27.38
 CHARGE NORMALIZATION FACTOR   1.00000000
 TOTAL ATOMIC CHARGES:
   4.0000000   4.0000000
 TTTTTTTTTTTTTTTTTTTTTTTTTTTTTT MOQGAD      TELAPSE       27.50 TCPU       27.38
 TTTTTTTTTTTTTTTTTTTTTTTTTTTTTT SHELLXN     TELAPSE       27.53 TCPU       27.42
 TTTTTTTTTTTTTTTTTTTTTTTTTTTTTT MONMO3      TELAPSE       27.53 TCPU       27.42
 NUMERICALLY INTEGRATED DENSITY      8.0001253558
 TTTTTTTTTTTTTTTTTTTTTTTTTTTTTT NUMDFT      TELAPSE       27.65 TCPU       27.54
 CYC   1 ETOT(AU) -2.948377636860E+01 DETOT -3.34E-03 tst  0.00E+00 PX  2.67E-04
 TTTTTTTTTTTTTTTTTTTTTTTTTTTTTT DIIS        TELAPSE       27.67 TCPU       27.55
 DIIS TEST: 0.59478E-06 AT SCF   CYCLE   1 - MIX   30 %
 TTTTTTTTTTTTTTTTTTTTTTTTTTTTTT FDIK        TELAPSE       27.68 TCPU       27.57
 POSSIBLY CONDUCTING STATE - EFERMI(AU) -1.3881717E-01 (RES. CHARGE  4.56E-10;IT.  8)
 TTTTTTTTTTTTTTTTTTTTTTTTTTTTTT PDIG        TELAPSE       27.71 TCPU       27.60
 CHARGE NORMALIZATION FACTOR   1.00000000
 TOTAL ATOMIC CHARGES:
   4.0000000   4.0000000
 TTTTTTTTTTTTTTTTTTTTTTTTTTTTTT MOQGAD      TELAPSE       27.71 TCPU       27.60
 TTTTTTTTTTTTTTTTTTTTTTTTTTTTTT SHELLXN     TELAPSE       27.75 TCPU       27.64
 TTTTTTTTTTTTTTTTTTTTTTTTTTTTTT MONMO3      TELAPSE       27.75 TCPU       27.64
 NUMERICALLY INTEGRATED DENSITY      8.0001253616
 TTTTTTTTTTTTTTTTTTTTTTTTTTTTTT NUMDFT      TELAPSE       27.84 TCPU       27.73
 CYC   2 ETOT(AU) -2.948377640833E+01 DETOT -3.97E-08 tst  5.91E-09 PX  7.40E-05
 TTTTTTTTTTTTTTTTTTTTTTTTTTTTTT DIIS        TELAPSE       27.85 TCPU       27.74
 DIIS TEST: 0.16826E-07 AT SCF   CYCLE   2 - DIIS ACTIVE - HISTORY:     2 CYCLES
 TTTTTTTTTTTTTTTTTTTTTTTTTTTTTT FDIK        TELAPSE       27.86 TCPU       27.75
 POSSIBLY CONDUCTING STATE - EFERMI(AU) -1.3877615E-01 (RES. CHARGE  9.72E-12;IT.  8)
 TTTTTTTTTTTTTTTTTTTTTTTTTTTTTT PDIG        TELAPSE       27.89 TCPU       27.77
 CHARGE NORMALIZATION FACTOR   1.00000000
 TOTAL ATOMIC CHARGES:
   4.0000000   4.0000000
 TTTTTTTTTTTTTTTTTTTTTTTTTTTTTT MOQGAD      TELAPSE       27.89 TCPU       27.77
 TTTTTTTTTTTTTTTTTTTTTTTTTTTTTT SHELLXN     TELAPSE       27.92 TCPU       27.81
 +++ ENERGIES IN A.U. +++
 ::: EXT EL-POLE                                  -9.9560823225313E+01
 ::: EXT EL-SPHEROPOLE                             1.9417124921357E+00
 ::: BIELET ZONE E-E                               1.0355225685020E+02
 ::: TOTAL E-E                                     5.9331461170192E+00
 ::: TOTAL E-N + N-E                              -4.6404557302379E+01
 ::: TOTAL N-N                                    -1.2443749837410E+01
 ::: KINETIC ENERGY                                2.9279314841022E+01
 ::: PSEUDO TOTAL   ENERGY                        -2.3635846181748E+01
 ::: VIRIAL COEFFICIENT                            1.1066512611923E+00
 TTTTTTTTTTTTTTTTTTTTTTTTTTTTTT MONMO3      TELAPSE       27.92 TCPU       27.81
 NUMERICALLY INTEGRATED DENSITY      8.0001253631
 EXCHANGE ENERGY: -0.557221721493E+01  CORRELATION ENERGY: -0.275713005943E+00
 TTTTTTTTTTTTTTTTTTTTTTTTTTTTTT NUMDFT      TELAPSE       28.00 TCPU       27.89
 CYC   3 ETOT(AU) -2.948377640262E+01 DETOT  5.71E-09 tst  2.69E-10 PX  7.40E-05

 == SCF ENDED - CONVERGENCE ON ENERGY      E(AU) -2.9483776402616E+01 CYCLES   3


 ENERGY EXPRESSION=HARTREE+FOCK EXCH*0.00000+(PBE        EXCH)*1.00000+PBE        CORR


 TOTAL ENERGY(DFT)(AU)(  3) -2.9483776402616E+01 DE 5.7E-09 tester 2.7E-10
 TTTTTTTTTTTTTTTTTTTTTTTTTTTTTT EDFT        TELAPSE       28.01 TCPU       27.89

 *******************************************************************************
 *                             FORCE CALCULATION                               *
 *******************************************************************************

 TTTTTTTTTTTTTTTTTTTTTTTTTTTTTT NUMDFG      TELAPSE       32.22 TCPU       32.11
 INFORMATION **** EXCPOG **** EXCH. BIPO BUFFER LENGTH (WORDS) =           0
 INFORMATION **** GENPOG **** BIPO BUFFER LENGTH (WORDS) =       34600
 TTTTTTTTTTTTTTTTTTTTTTTTTTTTTT SHELXG      TELAPSE       32.32 TCPU       32.21

 CARTESIAN FORCES IN HARTREE/BOHR (ANALYTICAL)
   ATOM                     X                   Y                   Z
   1   4             2.017979415831E-16 -1.513104154840E-16  9.432567063315E-16
   2   4            -1.907453935988E-16  1.385393059874E-16 -9.340048477930E-16

 RESULTANT FORCE     1.105254798427E-17 -1.277110949656E-17  9.251858538543E-18

 ATOMIC PART

 THERE ARE NO SYMMETRY ALLOWED DIRECTIONS

 CELL PART

 GRADIENT WITH RESPECT TO THE CELL PARAMETER IN HARTREE/BOHR
ORDER: -D/DA1X, -D/DA1Y, -D/DA1Z
       -D/DA2X, -D/DA2Y, -D/DA2Z
       -D/DA3X, -D/DA3Y, -D/DA3Z
 -0.545362189281E-04 -0.580681384505E-16  0.455997154807E-16
 -0.272681094635E-04 -0.472297510182E-04  0.211906459641E-16
  0.221844629115E-16 -0.260822307221E-17 -0.284894345332E-04

STRESS TENSOR, IN HARTREE/BOHR^3:
ORDER: 11 12 13
       21 22 23
       31 32 33
  0.194645383562E-05 -0.228773541777E-16 -0.143935071573E-17
  0.207251168189E-17  0.194645383563E-05  0.169224189053E-18
 -0.162750082138E-17  0.663195627027E-19  0.184842374367E-05

PRESSURE FROM THE STRESS TENSOR,
IN HARTREE/BOHR^3: -0.19138E-05
PRESSURE IN GIGAPASCAL: -0.5631E-01
CONVERSION FACTOR: 1 HARTREE/BOHR^3= 29421 GIGAPASCAL
WHEN USING VALUES FOR BOHR RADIUS AND HARTREE
FROM IUPAC WEBSITE, APRIL 2009
ENTHALPY: -2.9483972304558E+01

 SYMMETRY ALLOWED FORCES (ANALYTICAL) (DIRECTION, FORCE)

    1 -3.3931212E-04    2 -8.1933434E-06
 TTTTTTTTTTTTTTTTTTTTTTTTTTTTTT TOTGRA      TELAPSE       32.35 TCPU       32.24
 INFORMATION **** optc006 **** GEOMETRY OUTPUT FILE

 GCALCO - MAX INDICES DIRECT LATTICE VECTOR    18    18     9
 NO.OF VECTORS CREATED 6999 STARS  372 RMAX    55.42634 BOHR
 TTTTTTTTTTTTTTTTTTTTTTTTTTTTTT gordsh1     TELAPSE       32.36 TCPU       32.25

 MATRIX SIZE: P(G)    7848, F(G)    4134, P(G) IRR     503, F(G) IRR     503
 MAX G-VECTOR INDEX FOR 1- AND 2-ELECTRON INTEGRALS 111

 TTTTTTTTTTTTTTTTTTTTTTTTTTTTTT INPUT       TELAPSE       32.36 TCPU       32.25

 NEIGHBORS OF THE NON-EQUIVALENT ATOMS

 N = NUMBER OF NEIGHBORS AT DISTANCE R
    ATOM  N     R/ANG      R/AU   NEIGHBORS (ATOM LABELS AND CELL INDICES)
   1 BE   6     2.1790     4.1178    2 BE   0 0 0    2 BE  -1 0 0    2 BE   0 1 0
                                     2 BE   0 0 1    2 BE  -1 0 1    2 BE   0 1 1
   1 BE   6     2.2322     4.2182    1 BE  -1-1 0    1 BE   1 1 0    1 BE  -1 0 0
                                     1 BE   1 0 0    1 BE   0-1 0    1 BE   0 1 0
   1 BE   6     3.1194     5.8948    2 BE   1 1 0    2 BE  -1-1 0    2 BE  -1 1 0
                                     2 BE   1 1 1    2 BE  -1-1 1    2 BE  -1 1 1
   1 BE   2     3.5142     6.6409    1 BE   0 0-1    1 BE   0 0 1
   1 BE  12     3.8358     7.2486    2 BE   1 0 0    2 BE   0-1 0    2 BE  -2-1 0
                                     2 BE   1 2 0    2 BE   1 0 1    2 BE   0-1 1
                                     2 BE  -2 0 0    2 BE   0 2 0    2 BE  -2-1 1
                                     2 BE   1 2 1    2 BE  -2 0 1    2 BE   0 2 1
   1 BE   6     3.8662     7.3061    1 BE  -2-1 0    1 BE   2 1 0    1 BE  -1-2 0
                                     1 BE   1 2 0    1 BE  -1 1 0    1 BE   1-1 0

 TTTTTTTTTTTTTTTTTTTTTTTTTTTTTT SYMM        TELAPSE       32.37 TCPU       32.25

 ***** NEW REFERENCE GEOMETRY *****
 TTTTTTTTTTTTTTTTTTTTTTTTTTTTTT INT_SCREEN  TELAPSE       32.37 TCPU       32.25

 DFT PARAMETERS

     ATOM       ELECTRONS   NET CHARGE   R(ANGSTROM)
   1   4  BE      4.0000      0.0000     1.12000000

 SIZE OF GRID=       3870
 TTTTTTTTTTTTTTTTTTTTTTTTTTTTTT MAKE_GRID2  TELAPSE       32.77 TCPU       32.65
 BECKE WEIGHT FUNCTION
 RADSAFE =     2.00
 TOLERANCES - DENSITY:10**- 6; POTENTIAL:10**- 9; GRID WGT:10**-14

 RADIAL INTEGRATION  - INTERVALS (POINTS,UPPER LIMIT):            1( 75,  4.0*R)

 ANGULAR INTEGRATION - INTERVALS (ACCURACY LEVEL [N. POINTS] UPPER LIMIT):
  1(  4[  86]   0.2)  2(  8[ 194]   0.5)  3( 12[ 350]   0.9)  4( 16[ 974]   3.5)
  5( 12[ 350]9999.0)

 *******************************************************************************
 BERILLIUM BULK                                                                  
 CRYSTAL - SCF - TYPE OF CALCULATION :  RESTRICTED CLOSED SHELL
 *******************************************************************************

 CAPPA:IS1 12;IS2 12;IS3 12; K PTS MONK NET 133; SYMMOPS:K SPACE  24;G SPACE  24

 TTTTTTTTTTTTTTTTTTTTTTTTTTTTTT SDIK        TELAPSE       32.79 TCPU       32.67

 INFORMATION FROM INTEGRAL EVALUATION

 RESTART FROM A PREVIOUS DENSITY MATRIX - DEP ACTIVE
 NUMBER OF COUPLE SETS (NEW, OLD, FOUND):      16      16      16
 NUMBER OF IRREDUCIBLE G VECTORS        :      47      44      44
 CHARGE NORMALIZATION FACTOR   0.99991697
 TOTAL ATOMIC CHARGES:
   4.0000000   4.0000000
 TTTTTTTTTTTTTTTTTTTTTTTTTTTTTT MOQGAD      TELAPSE       32.79 TCPU       32.67
 TTTTTTTTTTTTTTTTTTTTTTTTTTTTTT SHELLXN     TELAPSE       32.83 TCPU       32.71
 TTTTTTTTTTTTTTTTTTTTTTTTTTTTTT MONMO3      TELAPSE       32.83 TCPU       32.71
 NUMERICALLY INTEGRATED DENSITY      8.0000125244
 TTTTTTTTTTTTTTTTTTTTTTTTTTTTTT NUMDFT      TELAPSE       32.92 TCPU       32.80
 CYC   0 ETOT(AU) -2.948261748854E+01 DETOT -2.95E+01 tst  2.69E-10 PX  1.00E+00
 TTTTTTTTTTTTTTTTTTTTTTTTTTTTTT DIIS        TELAPSE       32.93 TCPU       32.81
 TTTTTTTTTTTTTTTTTTTTTTTTTTTTTT FDIK        TELAPSE       32.95 TCPU       32.82
 POSSIBLY CONDUCTING STATE - EFERMI(AU) -1.3889008E-01 (RES. CHARGE  3.79E-12;IT. 12)
 TTTTTTTTTTTTTTTTTTTTTTTTTTTTTT PDIG        TELAPSE       32.97 TCPU       32.85
 CHARGE NORMALIZATION FACTOR   1.00000000
 TOTAL ATOMIC CHARGES:
   4.0000000   4.0000000
 TTTTTTTTTTTTTTTTTTTTTTTTTTTTTT MOQGAD      TELAPSE       32.97 TCPU       32.85
 TTTTTTTTTTTTTTTTTTTTTTTTTTTTTT SHELLXN     TELAPSE       33.01 TCPU       32.89
 TTTTTTTTTTTTTTTTTTTTTTTTTTTTTT MONMO3      TELAPSE       33.01 TCPU       32.89
 NUMERICALLY INTEGRATED DENSITY      8.0000129725
 TTTTTTTTTTTTTTTTTTTTTTTTTTTTTT NUMDFT      TELAPSE       33.10 TCPU       32.98
 CYC   1 ETOT(AU) -2.948373636666E+01 DETOT -1.12E-03 tst  0.00E+00 PX  2.40E-02
 TTTTTTTTTTTTTTTTTTTTTTTTTTTTTT DIIS        TELAPSE       33.11 TCPU       32.99
 DIIS TEST: 0.64151E-07 AT SCF   CYCLE   1 - MIX   30 %
 TTTTTTTTTTTTTTTTTTTTTTTTTTTTTT FDIK        TELAPSE       33.12 TCPU       33.00
 POSSIBLY CONDUCTING STATE - EFERMI(AU) -1.3884391E-01 (RES. CHARGE  1.20E-11;IT.  8)
 TTTTTTTTTTTTTTTTTTTTTTTTTTTTTT PDIG        TELAPSE       33.15 TCPU       33.02
 CHARGE NORMALIZATION FACTOR   1.00000000
 TOTAL ATOMIC CHARGES:
   4.0000000   4.0000000
 TTTTTTTTTTTTTTTTTTTTTTTTTTTTTT MOQGAD      TELAPSE       33.15 TCPU       33.02
 TTTTTTTTTTTTTTTTTTTTTTTTTTTTTT SHELLXN     TELAPSE       33.19 TCPU       33.06
 TTTTTTTTTTTTTTTTTTTTTTTTTTTTTT MONMO3      TELAPSE       33.19 TCPU       33.06
 NUMERICALLY INTEGRATED DENSITY      8.0000129728
 TTTTTTTTTTTTTTTTTTTTTTTTTTTTTT NUMDFT      TELAPSE       33.28 TCPU       33.15
 CYC   2 ETOT(AU) -2.948373636137E+01 DETOT  5.29E-09 tst  6.43E-10 PX  2.44E-05
 TTTTTTTTTTTTTTTTTTTTTTTTTTTTTT DIIS        TELAPSE       33.29 TCPU       33.16
 DIIS TEST: 0.18047E-08 AT SCF   CYCLE   2 - DIIS ACTIVE - HISTORY:     2 CYCLES
 TTTTTTTTTTTTTTTTTTTTTTTTTTTTTT FDIK        TELAPSE       33.30 TCPU       33.17
 POSSIBLY CONDUCTING STATE - EFERMI(AU) -1.3883110E-01 (RES. CHARGE  9.27E-13;IT.  8)
 TTTTTTTTTTTTTTTTTTTTTTTTTTTTTT PDIG        TELAPSE       33.32 TCPU       33.19
 CHARGE NORMALIZATION FACTOR   1.00000000
 TOTAL ATOMIC CHARGES:
   4.0000000   4.0000000
 TTTTTTTTTTTTTTTTTTTTTTTTTTTTTT MOQGAD      TELAPSE       33.32 TCPU       33.20
 TTTTTTTTTTTTTTTTTTTTTTTTTTTTTT SHELLXN     TELAPSE       33.36 TCPU       33.23
 +++ ENERGIES IN A.U. +++
 ::: EXT EL-POLE                                  -1.0476883146338E+02
 ::: EXT EL-SPHEROPOLE                             1.9421749612916E+00
 ::: BIELET ZONE E-E                               1.0875943718458E+02
 ::: TOTAL E-E                                     5.9327806824981E+00
 ::: TOTAL E-N + N-E                              -4.6403113831223E+01
 ::: TOTAL N-N                                    -1.2445128911085E+01
 ::: KINETIC ENERGY                                2.9279758051572E+01
 ::: PSEUDO TOTAL   ENERGY                        -2.3635704008239E+01
 ::: VIRIAL COEFFICIENT                            1.1066617170791E+00
 TTTTTTTTTTTTTTTTTTTTTTTTTTTTTT MONMO3      TELAPSE       33.36 TCPU       33.23
 NUMERICALLY INTEGRATED DENSITY      8.0000129729
 EXCHANGE ENERGY: -0.557231223860E+01  CORRELATION ENERGY: -0.275720111205E+00
 TTTTTTTTTTTTTTTTTTTTTTTTTTTTTT NUMDFT      TELAPSE       33.46 TCPU       33.33
 CYC   3 ETOT(AU) -2.948373635804E+01 DETOT  3.33E-09 tst  2.93E-11 PX  2.44E-05

 == SCF ENDED - CONVERGENCE ON ENERGY      E(AU) -2.9483736358041E+01 CYCLES   3


 ENERGY EXPRESSION=HARTREE+FOCK EXCH*0.00000+(PBE        EXCH)*1.00000+PBE        CORR


 TOTAL ENERGY(DFT)(AU)(  3) -2.9483736358041E+01 DE 3.3E-09 tester 2.9E-11
 TTTTTTTTTTTTTTTTTTTTTTTTTTTTTT EDFT        TELAPSE       33.46 TCPU       33.33

 *******************************************************************************
 *                             FORCE CALCULATION                               *
 *******************************************************************************

 TTTTTTTTTTTTTTTTTTTTTTTTTTTTTT NUMDFG      TELAPSE       38.58 TCPU       38.45
 INFORMATION **** EXCPOG **** EXCH. BIPO BUFFER LENGTH (WORDS) =           0
 INFORMATION **** GENPOG **** BIPO BUFFER LENGTH (WORDS) =       36400
 TTTTTTTTTTTTTTTTTTTTTTTTTTTTTT SHELXG      TELAPSE       38.70 TCPU       38.57

 CARTESIAN FORCES IN HARTREE/BOHR (ANALYTICAL)
   ATOM                     X                   Y                   Z
   1   4             3.740654886225E-17  7.656659299768E-18  8.133021359773E-16
   2   4            -3.874344465766E-17 -1.117570315447E-17 -8.133021359773E-16

 RESULTANT FORCE    -1.336895795405E-18 -3.519043854705E-18  0.000000000000E+00

 ATOMIC PART

 THERE ARE NO SYMMETRY ALLOWED DIRECTIONS

 CELL PART

 GRADIENT WITH RESPECT TO THE CELL PARAMETER IN HARTREE/BOHR
ORDER: -D/DA1X, -D/DA1Y, -D/DA1Z
       -D/DA2X, -D/DA2Y, -D/DA2Z
       -D/DA3X, -D/DA3Y, -D/DA3Z
 -0.155567139091E-04  0.137473277103E-15 -0.481997330951E-16
 -0.777835695338E-05 -0.134725094428E-04 -0.324114366428E-16
 -0.306304372582E-16  0.192775216866E-17  0.101569128326E-04

STRESS TENSOR, IN HARTREE/BOHR^3:
ORDER: 11 12 13
       21 22 23
       31 32 33
  0.555352579188E-06 -0.488157144922E-16  0.198781164479E-17
 -0.490760063176E-17  0.555352579111E-06 -0.125104587206E-18
  0.172066197572E-17  0.342612629699E-18 -0.659149245355E-06

PRESSURE FROM THE STRESS TENSOR,
IN HARTREE/BOHR^3: -0.15052E-06
PRESSURE IN GIGAPASCAL: -0.4428E-02
CONVERSION FACTOR: 1 HARTREE/BOHR^3= 29421 GIGAPASCAL
WHEN USING VALUES FOR BOHR RADIUS AND HARTREE
FROM IUPAC WEBSITE, APRIL 2009
ENTHALPY: -2.9483751760627E+01

 SYMMETRY ALLOWED FORCES (ANALYTICAL) (DIRECTION, FORCE)

    1 -2.6678062E-05    2 -1.0147426E-04
 TTTTTTTTTTTTTTTTTTTTTTTTTTTTTT TOTGRA      TELAPSE       38.74 TCPU       38.61
 INFORMATION **** optc007 **** GEOMETRY OUTPUT FILE
