
 *******************************************************************************
 BERILLIUM BULK                                                                  
 CRYSTAL - SCF - TYPE OF CALCULATION :  RESTRICTED CLOSED SHELL
 *******************************************************************************

 CAPPA:IS1 12;IS2 12;IS3 12; K PTS MONK NET 133; SYMMOPS:K SPACE  24;G SPACE  24

 TTTTTTTTTTTTTTTTTTTTTTTTTTTTTT SDIK        TELAPSE        6.39 TCPU        6.36

 INFORMATION FROM INTEGRAL EVALUATION

 RESTART FROM A PREVIOUS DENSITY MATRIX - DEP ACTIVE
 NUMBER OF COUPLE SETS (NEW, OLD, FOUND):      18      18      18
 NUMBER OF IRREDUCIBLE G VECTORS        :     104     104     104
 CHARGE NORMALIZATION FACTOR   1.00004663
 TOTAL ATOMIC CHARGES:
   4.0000000   4.0000000
 TTTTTTTTTTTTTTTTTTTTTTTTTTTTTT MOQGAD      TELAPSE        6.40 TCPU        6.36
 TTTTTTTTTTTTTTTTTTTTTTTTTTTTTT SHELLXN     TELAPSE        6.69 TCPU        6.65
 TTTTTTTTTTTTTTTTTTTTTTTTTTTTTT MONMO3      TELAPSE        6.69 TCPU        6.65
 CYC   0 ETOT(AU) -2.925795354058E+01 DETOT -2.93E+01 tst  1.59E-08 PX  1.00E+00
 TTTTTTTTTTTTTTTTTTTTTTTTTTTTTT DIIS        TELAPSE        6.70 TCPU        6.66
 TTTTTTTTTTTTTTTTTTTTTTTTTTTTTT FDIK        TELAPSE        6.71 TCPU        6.67
 POSSIBLY CONDUCTING STATE - EFERMI(AU) -1.0448941E-01 (RES. CHARGE  6.56E-10;IT.  6)
 TTTTTTTTTTTTTTTTTTTTTTTTTTTTTT PDIG        TELAPSE        6.75 TCPU        6.71
 CHARGE NORMALIZATION FACTOR   1.00000000
 TOTAL ATOMIC CHARGES:
   4.0000000   4.0000000
 TTTTTTTTTTTTTTTTTTTTTTTTTTTTTT MOQGAD      TELAPSE        6.75 TCPU        6.71
 TTTTTTTTTTTTTTTTTTTTTTTTTTTTTT SHELLXN     TELAPSE        7.01 TCPU        6.97
 TTTTTTTTTTTTTTTTTTTTTTTTTTTTTT MONMO3      TELAPSE        7.01 TCPU        6.97
 CYC   1 ETOT(AU) -2.925721817092E+01 DETOT  7.35E-04 tst  0.00E+00 PX  1.18E-04
 TTTTTTTTTTTTTTTTTTTTTTTTTTTTTT DIIS        TELAPSE        7.02 TCPU        6.98
 DIIS TEST: 0.63578E-08 AT SCF   CYCLE   1 - MIX   30 %
 TTTTTTTTTTTTTTTTTTTTTTTTTTTTTT FDIK        TELAPSE        7.03 TCPU        6.99
 POSSIBLY CONDUCTING STATE - EFERMI(AU) -1.0458564E-01 (RES. CHARGE  4.41E-10;IT. 10)
 TTTTTTTTTTTTTTTTTTTTTTTTTTTTTT PDIG        TELAPSE        7.07 TCPU        7.02
 CHARGE NORMALIZATION FACTOR   1.00000000
 TOTAL ATOMIC CHARGES:
   4.0000000   4.0000000
 TTTTTTTTTTTTTTTTTTTTTTTTTTTTTT MOQGAD      TELAPSE        7.07 TCPU        7.02
 TTTTTTTTTTTTTTTTTTTTTTTTTTTTTT SHELLXN     TELAPSE        7.33 TCPU        7.28
 TTTTTTTTTTTTTTTTTTTTTTTTTTTTTT MONMO3      TELAPSE        7.33 TCPU        7.28
 CYC   2 ETOT(AU) -2.925721789691E+01 DETOT  2.74E-07 tst  8.31E-08 PX  1.18E-04
 TTTTTTTTTTTTTTTTTTTTTTTTTTTTTT DIIS        TELAPSE        7.34 TCPU        7.29
 DIIS TEST: 0.61278E-09 AT SCF   CYCLE   2 - DIIS ACTIVE - HISTORY:     2 CYCLES
 TTTTTTTTTTTTTTTTTTTTTTTTTTTTTT FDIK        TELAPSE        7.35 TCPU        7.30
 POSSIBLY CONDUCTING STATE - EFERMI(AU) -1.0452442E-01 (RES. CHARGE  2.03E-10;IT.  6)
 TTTTTTTTTTTTTTTTTTTTTTTTTTTTTT PDIG        TELAPSE        7.38 TCPU        7.34
 CHARGE NORMALIZATION FACTOR   1.00000000
 TOTAL ATOMIC CHARGES:
   4.0000000   4.0000000
 TTTTTTTTTTTTTTTTTTTTTTTTTTTTTT MOQGAD      TELAPSE        7.38 TCPU        7.34
 TTTTTTTTTTTTTTTTTTTTTTTTTTTTTT SHELLXN     TELAPSE        7.64 TCPU        7.60
 TTTTTTTTTTTTTTTTTTTTTTTTTTTTTT MONMO3      TELAPSE        7.64 TCPU        7.60
 CYC   3 ETOT(AU) -2.925721833994E+01 DETOT -4.43E-07 tst  9.18E-08 PX  1.18E-04
 TTTTTTTTTTTTTTTTTTTTTTTTTTTTTT DIIS        TELAPSE        7.65 TCPU        7.61
 DIIS TEST: 0.85329E-09 AT SCF   CYCLE   3 - DIIS ACTIVE - HISTORY:     3 CYCLES
 TTTTTTTTTTTTTTTTTTTTTTTTTTTTTT FDIK        TELAPSE        7.67 TCPU        7.62
 POSSIBLY CONDUCTING STATE - EFERMI(AU) -1.0456403E-01 (RES. CHARGE  1.94E-10;IT. 10)
 TTTTTTTTTTTTTTTTTTTTTTTTTTTTTT PDIG        TELAPSE        7.70 TCPU        7.65
 CHARGE NORMALIZATION FACTOR   1.00000000
 TOTAL ATOMIC CHARGES:
   4.0000000   4.0000000
 TTTTTTTTTTTTTTTTTTTTTTTTTTTTTT MOQGAD      TELAPSE        7.70 TCPU        7.65
 TTTTTTTTTTTTTTTTTTTTTTTTTTTTTT SHELLXN     TELAPSE        7.96 TCPU        7.91
 TTTTTTTTTTTTTTTTTTTTTTTTTTTTTT MONMO3      TELAPSE        7.96 TCPU        7.91
 CYC   4 ETOT(AU) -2.925721771596E+01 DETOT  6.24E-07 tst  2.87E-08 PX  2.52E-05
 TTTTTTTTTTTTTTTTTTTTTTTTTTTTTT DIIS        TELAPSE        7.97 TCPU        7.92
 DIIS TEST: 0.30757E-09 AT SCF   CYCLE   4 - DIIS ACTIVE - HISTORY:     4 CYCLES
 TTTTTTTTTTTTTTTTTTTTTTTTTTTTTT FDIK        TELAPSE        7.98 TCPU        7.93
 POSSIBLY CONDUCTING STATE - EFERMI(AU) -1.0456814E-01 (RES. CHARGE  1.99E-11;IT. 10)
 TTTTTTTTTTTTTTTTTTTTTTTTTTTTTT PDIG        TELAPSE        8.02 TCPU        7.97
 CHARGE NORMALIZATION FACTOR   1.00000000
 TOTAL ATOMIC CHARGES:
   4.0000000   4.0000000
 TTTTTTTTTTTTTTTTTTTTTTTTTTTTTT MOQGAD      TELAPSE        8.02 TCPU        7.97
 TTTTTTTTTTTTTTTTTTTTTTTTTTTTTT SHELLXN     TELAPSE        8.28 TCPU        8.23
 TTTTTTTTTTTTTTTTTTTTTTTTTTTTTT MONMO3      TELAPSE        8.28 TCPU        8.23
 CYC   5 ETOT(AU) -2.925721764105E+01 DETOT  7.49E-08 tst  3.52E-10 PX  3.19E-06
 TTTTTTTTTTTTTTTTTTTTTTTTTTTTTT DIIS        TELAPSE        8.29 TCPU        8.24
 DIIS TEST: 0.27925E-09 AT SCF   CYCLE   5 - DIIS ACTIVE - HISTORY:     5 CYCLES
 TTTTTTTTTTTTTTTTTTTTTTTTTTTTTT FDIK        TELAPSE        8.30 TCPU        8.25
 POSSIBLY CONDUCTING STATE - EFERMI(AU) -1.0456701E-01 (RES. CHARGE  6.84E-14;IT.  6)
 TTTTTTTTTTTTTTTTTTTTTTTTTTTTTT PDIG        TELAPSE        8.33 TCPU        8.28
 CHARGE NORMALIZATION FACTOR   1.00000000
 TOTAL ATOMIC CHARGES:
   4.0000000   4.0000000
 TTTTTTTTTTTTTTTTTTTTTTTTTTTTTT MOQGAD      TELAPSE        8.33 TCPU        8.28
 TTTTTTTTTTTTTTTTTTTTTTTTTTTTTT SHELLXN     TELAPSE        8.59 TCPU        8.54
 +++ ENERGIES IN A.U. +++
 ::: EXT EL-POLE                                  -1.0414692988838E+02
 ::: EXT EL-SPHEROPOLE                             1.9199437456960E+00
 ::: BIELET ZONE E-E                               1.0258555880977E+02
 ::: TOTAL E-E                                     3.5857266708946E-01
 ::: TOTAL E-N + N-E                              -4.6616711687862E+01
 ::: TOTAL N-N                                    -1.2317809390168E+01
 ::: KINETIC ENERGY                                2.9318730746605E+01
 ::: TOTAL   ENERGY                               -2.9257217664336E+01
 ::: VIRIAL COEFFICIENT                            1.0010501423184E+00
 TTTTTTTTTTTTTTTTTTTTTTTTTTTTTT MONMO3      TELAPSE        8.59 TCPU        8.54
 CYC   6 ETOT(AU) -2.925721766434E+01 DETOT -2.33E-08 tst  2.89E-11 PX  3.19E-06

 == SCF ENDED - CONVERGENCE ON ENERGY      E(AU) -2.9257217664336E+01 CYCLES   6

 TOTAL ENERGY(HF)(AU)(   6) -2.9257217664336E+01 DE-2.3E-08 tst 2.9E-11 PX 3.2E-06

 *******************************************************************************
 *                             FORCE CALCULATION                               *
 *******************************************************************************

 INFORMATION **** EXCPOG **** EXCH. BIPO BUFFER LENGTH (WORDS) =      465696
 INFORMATION **** GENPOG **** BIPO BUFFER LENGTH (WORDS) =       36400
 TTTTTTTTTTTTTTTTTTTTTTTTTTTTTT SHELXG      TELAPSE       11.09 TCPU       11.03

 CARTESIAN FORCES IN HARTREE/BOHR (ANALYTICAL)
   ATOM                     X                   Y                   Z
   1   4             2.409402570425E-16  4.696202786037E-17  2.850934294971E-15
   2   4            -2.352418660936E-16 -4.696202786037E-17 -2.850934294971E-15

 RESULTANT FORCE     5.698390948971E-18  0.000000000000E+00  0.000000000000E+00

 ATOMIC PART

 THERE ARE NO SYMMETRY ALLOWED DIRECTIONS

 CELL PART

 GRADIENT WITH RESPECT TO THE CELL PARAMETER IN HARTREE/BOHR
ORDER: -D/DA1X, -D/DA1Y, -D/DA1Z
       -D/DA2X, -D/DA2Y, -D/DA2Z
       -D/DA3X, -D/DA3Y, -D/DA3Z
  0.194797525045E-04  0.473721918191E-16  0.170082314029E-16
  0.973987625086E-05  0.168699605285E-04  0.675094064108E-16
  0.226563624280E-16  0.218834292064E-16  0.220661171658E-04

STRESS TENSOR, IN HARTREE/BOHR^3:
ORDER: 11 12 13
       21 22 23
       31 32 33
 -0.683294549290E-06  0.554605617216E-16 -0.143256258550E-17
 -0.166168232667E-17 -0.683294549297E-06 -0.138368999097E-17
 -0.596600588637E-18 -0.238992814793E-17 -0.139524135701E-05

PRESSURE FROM THE STRESS TENSOR,
IN HARTREE/BOHR^3:  0.92061E-06
PRESSURE IN GIGAPASCAL:  0.2709E-01
CONVERSION FACTOR: 1 HARTREE/BOHR^3= 29421 GIGAPASCAL
WHEN USING VALUES FOR BOHR RADIUS AND HARTREE
FROM IUPAC WEBSITE, APRIL 2009
ENTHALPY: -2.9257120534010E+01

 SYMMETRY ALLOWED FORCES (ANALYTICAL) (DIRECTION, FORCE)

    1  1.6823466E-04    2 -6.1331135E-05
 TTTTTTTTTTTTTTTTTTTTTTTTTTTTTT TOTGRA      TELAPSE       11.13 TCPU       11.07
 INFORMATION **** optc002 **** GEOMETRY OUTPUT FILE

 GCALCO - MAX INDICES DIRECT LATTICE VECTOR    17    17     9
 NO.OF VECTORS CREATED 6999 STARS  373 RMAX    56.03456 BOHR
 TTTTTTTTTTTTTTTTTTTTTTTTTTTTTT gordsh1     TELAPSE       11.14 TCPU       11.07

 MATRIX SIZE: P(G)   22208, F(G)    4134, P(G) IRR    1169, F(G) IRR     503
 MAX G-VECTOR INDEX FOR 1- AND 2-ELECTRON INTEGRALS 255

 TTTTTTTTTTTTTTTTTTTTTTTTTTTTTT INPUT       TELAPSE       11.14 TCPU       11.07

 NEIGHBORS OF THE NON-EQUIVALENT ATOMS

 N = NUMBER OF NEIGHBORS AT DISTANCE R
    ATOM  N     R/ANG      R/AU   NEIGHBORS (ATOM LABELS AND CELL INDICES)
   1 BE   6     2.1956     4.1491    2 BE   0 0 0    2 BE  -1 0 0    2 BE   0 1 0
                                     2 BE   0 0 1    2 BE  -1 0 1    2 BE   0 1 1
   1 BE   6     2.2614     4.2735    1 BE  -1-1 0    1 BE   1 1 0    1 BE  -1 0 0
                                     1 BE   1 0 0    1 BE   0-1 0    1 BE   0 1 0
   1 BE   6     3.1519     5.9563    2 BE   1 1 0    2 BE  -1-1 0    2 BE  -1 1 0
                                     2 BE   1 1 1    2 BE  -1-1 1    2 BE  -1 1 1
   1 BE   2     3.5304     6.6714    1 BE   0 0-1    1 BE   0 0 1
   1 BE  12     3.8793     7.3308    2 BE   1 0 0    2 BE   0-1 0    2 BE  -2-1 0
                                     2 BE   1 2 0    2 BE   1 0 1    2 BE   0-1 1
                                     2 BE  -2 0 0    2 BE   0 2 0    2 BE  -2-1 1
                                     2 BE   1 2 1    2 BE  -2 0 1    2 BE   0 2 1
   1 BE   6     3.9169     7.4019    1 BE  -2-1 0    1 BE   2 1 0    1 BE  -1-2 0
                                     1 BE   1 2 0    1 BE  -1 1 0    1 BE   1-1 0

 TTTTTTTTTTTTTTTTTTTTTTTTTTTTTT SYMM        TELAPSE       11.14 TCPU       11.08

 ***** NEW REFERENCE GEOMETRY *****
 TTTTTTTTTTTTTTTTTTTTTTTTTTTTTT INT_SCREEN  TELAPSE       11.14 TCPU       11.08

 *******************************************************************************
 BERILLIUM BULK                                                                  
 CRYSTAL - SCF - TYPE OF CALCULATION :  RESTRICTED CLOSED SHELL
 *******************************************************************************

 CAPPA:IS1 12;IS2 12;IS3 12; K PTS MONK NET 133; SYMMOPS:K SPACE  24;G SPACE  24

 TTTTTTTTTTTTTTTTTTTTTTTTTTTTTT SDIK        TELAPSE       11.16 TCPU       11.10

 INFORMATION FROM INTEGRAL EVALUATION

 RESTART FROM A PREVIOUS DENSITY MATRIX - DEP ACTIVE
 NUMBER OF COUPLE SETS (NEW, OLD, FOUND):      18      18      18
 NUMBER OF IRREDUCIBLE G VECTORS        :     104     104     104
 CHARGE NORMALIZATION FACTOR   1.00002250
 TOTAL ATOMIC CHARGES:
   4.0000000   4.0000000
 TTTTTTTTTTTTTTTTTTTTTTTTTTTTTT MOQGAD      TELAPSE       11.17 TCPU       11.10
 TTTTTTTTTTTTTTTTTTTTTTTTTTTTTT SHELLXN     TELAPSE       11.43 TCPU       11.36
 TTTTTTTTTTTTTTTTTTTTTTTTTTTTTT MONMO3      TELAPSE       11.43 TCPU       11.36
 CYC   0 ETOT(AU) -2.925757312293E+01 DETOT -2.93E+01 tst  2.89E-11 PX  1.00E+00
 TTTTTTTTTTTTTTTTTTTTTTTTTTTTTT DIIS        TELAPSE       11.43 TCPU       11.37
 TTTTTTTTTTTTTTTTTTTTTTTTTTTTTT FDIK        TELAPSE       11.45 TCPU       11.39
 POSSIBLY CONDUCTING STATE - EFERMI(AU) -1.0460507E-01 (RES. CHARGE  1.59E-10;IT. 10)
 TTTTTTTTTTTTTTTTTTTTTTTTTTTTTT PDIG        TELAPSE       11.49 TCPU       11.42
 CHARGE NORMALIZATION FACTOR   1.00000000
 TOTAL ATOMIC CHARGES:
   4.0000000   4.0000000
 TTTTTTTTTTTTTTTTTTTTTTTTTTTTTT MOQGAD      TELAPSE       11.49 TCPU       11.42
 TTTTTTTTTTTTTTTTTTTTTTTTTTTTTT SHELLXN     TELAPSE       11.75 TCPU       11.68
 TTTTTTTTTTTTTTTTTTTTTTTTTTTTTT MONMO3      TELAPSE       11.75 TCPU       11.68
 CYC   1 ETOT(AU) -2.925721819350E+01 DETOT  3.55E-04 tst  0.00E+00 PX  1.88E-04
 TTTTTTTTTTTTTTTTTTTTTTTTTTTTTT DIIS        TELAPSE       11.76 TCPU       11.69
 DIIS TEST: 0.23494E-08 AT SCF   CYCLE   1 - MIX   30 %
 TTTTTTTTTTTTTTTTTTTTTTTTTTTTTT FDIK        TELAPSE       11.77 TCPU       11.70
 POSSIBLY CONDUCTING STATE - EFERMI(AU) -1.0450820E-01 (RES. CHARGE  5.08E-10;IT.  6)
 TTTTTTTTTTTTTTTTTTTTTTTTTTTTTT PDIG        TELAPSE       11.80 TCPU       11.73
 CHARGE NORMALIZATION FACTOR   1.00000000
 TOTAL ATOMIC CHARGES:
   4.0000000   4.0000000
 TTTTTTTTTTTTTTTTTTTTTTTTTTTTTT MOQGAD      TELAPSE       11.80 TCPU       11.73
 TTTTTTTTTTTTTTTTTTTTTTTTTTTTTT SHELLXN     TELAPSE       12.06 TCPU       11.99
 TTTTTTTTTTTTTTTTTTTTTTTTTTTTTT MONMO3      TELAPSE       12.06 TCPU       12.00
 CYC   2 ETOT(AU) -2.925721861272E+01 DETOT -4.19E-07 tst  2.58E-07 PX  1.88E-04
 TTTTTTTTTTTTTTTTTTTTTTTTTTTTTT DIIS        TELAPSE       12.07 TCPU       12.00
 DIIS TEST: 0.13089E-08 AT SCF   CYCLE   2 - DIIS ACTIVE - HISTORY:     2 CYCLES
 TTTTTTTTTTTTTTTTTTTTTTTTTTTTTT FDIK        TELAPSE       12.08 TCPU       12.01
 POSSIBLY CONDUCTING STATE - EFERMI(AU) -1.0455541E-01 (RES. CHARGE  2.35E-10;IT. 10)
 TTTTTTTTTTTTTTTTTTTTTTTTTTTTTT PDIG        TELAPSE       12.12 TCPU       12.05
 CHARGE NORMALIZATION FACTOR   1.00000000
 TOTAL ATOMIC CHARGES:
   4.0000000   4.0000000
 TTTTTTTTTTTTTTTTTTTTTTTTTTTTTT MOQGAD      TELAPSE       12.12 TCPU       12.05
 TTTTTTTTTTTTTTTTTTTTTTTTTTTTTT SHELLXN     TELAPSE       12.38 TCPU       12.31
 TTTTTTTTTTTTTTTTTTTTTTTTTTTTTT MONMO3      TELAPSE       12.38 TCPU       12.31
 CYC   3 ETOT(AU) -2.925721801552E+01 DETOT  5.97E-07 tst  2.93E-08 PX  2.44E-05
 TTTTTTTTTTTTTTTTTTTTTTTTTTTTTT DIIS        TELAPSE       12.39 TCPU       12.32
 DIIS TEST: 0.36885E-09 AT SCF   CYCLE   3 - DIIS ACTIVE - HISTORY:     3 CYCLES
 TTTTTTTTTTTTTTTTTTTTTTTTTTTTTT FDIK        TELAPSE       12.40 TCPU       12.33
 POSSIBLY CONDUCTING STATE - EFERMI(AU) -1.0460320E-01 (RES. CHARGE  2.08E-10;IT. 10)
 TTTTTTTTTTTTTTTTTTTTTTTTTTTTTT PDIG        TELAPSE       12.44 TCPU       12.36
 CHARGE NORMALIZATION FACTOR   1.00000000
 TOTAL ATOMIC CHARGES:
   4.0000000   4.0000000
 TTTTTTTTTTTTTTTTTTTTTTTTTTTTTT MOQGAD      TELAPSE       12.44 TCPU       12.36
 TTTTTTTTTTTTTTTTTTTTTTTTTTTTTT SHELLXN     TELAPSE       12.70 TCPU       12.63
 TTTTTTTTTTTTTTTTTTTTTTTTTTTTTT MONMO3      TELAPSE       12.71 TCPU       12.63
 CYC   4 ETOT(AU) -2.925721862951E+01 DETOT -6.14E-07 tst  5.39E-08 PX  1.88E-04
 TTTTTTTTTTTTTTTTTTTTTTTTTTTTTT DIIS        TELAPSE       12.71 TCPU       12.64
 DIIS TEST: 0.14968E-08 AT SCF   CYCLE   4 - DIIS ACTIVE - HISTORY:     4 CYCLES
 TTTTTTTTTTTTTTTTTTTTTTTTTTTTTT FDIK        TELAPSE       12.73 TCPU       12.65
 POSSIBLY CONDUCTING STATE - EFERMI(AU) -1.0457096E-01 (RES. CHARGE  5.60E-11;IT.  6)
 TTTTTTTTTTTTTTTTTTTTTTTTTTTTTT PDIG        TELAPSE       12.76 TCPU       12.69
 CHARGE NORMALIZATION FACTOR   1.00000000
 TOTAL ATOMIC CHARGES:
   4.0000000   4.0000000
 TTTTTTTTTTTTTTTTTTTTTTTTTTTTTT MOQGAD      TELAPSE       12.76 TCPU       12.69
 TTTTTTTTTTTTTTTTTTTTTTTTTTTTTT SHELLXN     TELAPSE       13.03 TCPU       12.95
 TTTTTTTTTTTTTTTTTTTTTTTTTTTTTT MONMO3      TELAPSE       13.03 TCPU       12.95
 CYC   5 ETOT(AU) -2.925721771969E+01 DETOT  9.10E-07 tst  2.53E-08 PX  1.89E-04
 TTTTTTTTTTTTTTTTTTTTTTTTTTTTTT DIIS        TELAPSE       13.04 TCPU       12.96
 DIIS TEST: 0.24318E-09 AT SCF   CYCLE   5 - DIIS ACTIVE - HISTORY:     5 CYCLES
 TTTTTTTTTTTTTTTTTTTTTTTTTTTTTT FDIK        TELAPSE       13.05 TCPU       12.97
 POSSIBLY CONDUCTING STATE - EFERMI(AU) -1.0457267E-01 (RES. CHARGE  8.20E-12;IT. 10)
 TTTTTTTTTTTTTTTTTTTTTTTTTTTTTT PDIG        TELAPSE       13.08 TCPU       13.01
 CHARGE NORMALIZATION FACTOR   1.00000000
 TOTAL ATOMIC CHARGES:
   4.0000000   4.0000000
 TTTTTTTTTTTTTTTTTTTTTTTTTTTTTT MOQGAD      TELAPSE       13.08 TCPU       13.01
 TTTTTTTTTTTTTTTTTTTTTTTTTTTTTT SHELLXN     TELAPSE       13.34 TCPU       13.27
 TTTTTTTTTTTTTTTTTTTTTTTTTTTTTT MONMO3      TELAPSE       13.35 TCPU       13.27
 CYC   6 ETOT(AU) -2.925721768577E+01 DETOT  3.39E-08 tst  6.47E-11 PX  1.47E-06
 TTTTTTTTTTTTTTTTTTTTTTTTTTTTTT DIIS        TELAPSE       13.36 TCPU       13.28
 DIIS TEST: 0.23421E-09 AT SCF   CYCLE   6 - DIIS ACTIVE - HISTORY:     6 CYCLES
 TTTTTTTTTTTTTTTTTTTTTTTTTTTTTT FDIK        TELAPSE       13.37 TCPU       13.29
 POSSIBLY CONDUCTING STATE - EFERMI(AU) -1.0457339E-01 (RES. CHARGE  5.27E-10;IT.  8)
 TTTTTTTTTTTTTTTTTTTTTTTTTTTTTT PDIG        TELAPSE       13.40 TCPU       13.32
 CHARGE NORMALIZATION FACTOR   1.00000000
 TOTAL ATOMIC CHARGES:
   4.0000000   4.0000000
 TTTTTTTTTTTTTTTTTTTTTTTTTTTTTT MOQGAD      TELAPSE       13.40 TCPU       13.32
 TTTTTTTTTTTTTTTTTTTTTTTTTTTTTT SHELLXN     TELAPSE       13.66 TCPU       13.58
 +++ ENERGIES IN A.U. +++
 ::: EXT EL-POLE                                  -1.0414463551869E+02
 ::: EXT EL-SPHEROPOLE                             1.9198280209085E+00
 ::: BIELET ZONE E-E                               1.0258351629908E+02
 ::: TOTAL E-E                                     3.5870880129337E-01
 ::: TOTAL E-N + N-E                              -4.6617084547523E+01
 ::: TOTAL N-N                                    -1.2317452401841E+01
 ::: KINETIC ENERGY                                2.9318610478778E+01
 ::: TOTAL   ENERGY                               -2.9257217669292E+01
 ::: VIRIAL COEFFICIENT                            1.0010480911910E+00
 TTTTTTTTTTTTTTTTTTTTTTTTTTTTTT MONMO3      TELAPSE       13.66 TCPU       13.58
 CYC   7 ETOT(AU) -2.925721766929E+01 DETOT  1.65E-08 tst  1.09E-11 PX  1.47E-06

 == SCF ENDED - CONVERGENCE ON ENERGY      E(AU) -2.9257217669292E+01 CYCLES   7

 TOTAL ENERGY(HF)(AU)(   7) -2.9257217669292E+01 DE 1.6E-08 tst 1.1E-11 PX 1.5E-06

 *******************************************************************************
 *                             FORCE CALCULATION                               *
 *******************************************************************************

 INFORMATION **** EXCPOG **** EXCH. BIPO BUFFER LENGTH (WORDS) =      465696
 INFORMATION **** GENPOG **** BIPO BUFFER LENGTH (WORDS) =       36400
 TTTTTTTTTTTTTTTTTTTTTTTTTTTTTT SHELXG      TELAPSE       16.03 TCPU       15.94

 CARTESIAN FORCES IN HARTREE/BOHR (ANALYTICAL)
   ATOM                     X                   Y                   Z
   1   4            -1.560341594870E-16 -3.939738143529E-17  1.696564542976E-15
   2   4             1.638965898663E-16  4.633627533920E-17 -1.696564542976E-15

 RESULTANT FORCE     7.862430379299E-18  6.938893903907E-18  0.000000000000E+00

 ATOMIC PART

 THERE ARE NO SYMMETRY ALLOWED DIRECTIONS

 CELL PART

 GRADIENT WITH RESPECT TO THE CELL PARAMETER IN HARTREE/BOHR
ORDER: -D/DA1X, -D/DA1Y, -D/DA1Z
       -D/DA2X, -D/DA2Y, -D/DA2Z
       -D/DA3X, -D/DA3Y, -D/DA3Z
  0.783777103450E-05 -0.182752652348E-16  0.873139562547E-16
  0.391888551718E-05  0.678770882547E-05  0.234794632299E-17
  0.396040832180E-16 -0.307858179079E-16  0.101938647679E-04

STRESS TENSOR, IN HARTREE/BOHR^3:
ORDER: 11 12 13
       21 22 23
       31 32 33
 -0.274909196937E-06  0.299767144760E-17 -0.250404988666E-17
  0.641003477300E-18 -0.274909196960E-06  0.194649686545E-17
 -0.306253008537E-17  0.167305832535E-17 -0.644528135547E-06

PRESSURE FROM THE STRESS TENSOR,
IN HARTREE/BOHR^3:  0.39812E-06
PRESSURE IN GIGAPASCAL:  0.1171E-01
CONVERSION FACTOR: 1 HARTREE/BOHR^3= 29421 GIGAPASCAL
WHEN USING VALUES FOR BOHR RADIUS AND HARTREE
FROM IUPAC WEBSITE, APRIL 2009
ENTHALPY: -2.9257175661853E+01

 SYMMETRY ALLOWED FORCES (ANALYTICAL) (DIRECTION, FORCE)

    1  7.2759019E-05    2 -3.1843859E-05
 TTTTTTTTTTTTTTTTTTTTTTTTTTTTTT TOTGRA      TELAPSE       16.06 TCPU       15.98
 INFORMATION **** optc003 **** GEOMETRY OUTPUT FILE
