
         
 *******************************************************************************
 *                                                                             *
 *                               CRYSTAL23                                     *
 *                      public : 1.0.1 - October 2022                          *
 *                       HTTP://WWW.CRYSTAL.UNITO.IT                           *
 *                                                                             *
 *                              MAIN AUTHORS                                   *
 *                                                                             *
 *  R. DOVESI(1,11), V.R. SAUNDERS(2), C. ROETTI(1,11), R. ORLANDO(1,11),      *
 *  C.M. ZICOVICH-WILSON(1,3), F. PASCALE(4), B. CIVALLERI(1,11),              *
 *  K. DOLL(5), N.M. HARRISON(6), I.J. BUSH(7), Ph. D'ARCO(8),                 *
 *  M. LLUNELL(9), M. CAUSA'(10), Y. NOEL(8), L. MASCHIO(1,11), A. ERBA(1,11)  *
 *  M. RE'RAT(14), S. CASASSA(1,11), B.G. SEARLE(2), J.K. DESMARAIS(1)         *
 *                                                                             *
 *        CONTRIBUTIONS TO THE CODE HAVE ALSO BEEN GIVEN BY                    *
 *                                                                             *
 *  M. FERRABONE(1,11), M. DE LA PIERRE(1,11), M. FERRERO(1,11),               *
 *  J. BAIMA(1,11), E. ALBANESE(1,11), M.F. PEINTINGER(12), R. BAST(13),       *
 *  B. KIRTMAN(15), V. LACIVITA(1,11), R. DEMICHELIS(1,16)                     *
 *  G. BRANDEBURG(17), S. SALUSTRO(1,11), G. SANSONE(1,11)                     *
 *  M.T. RUGGIERO(18), L.E. DAGA(1), L. DONA'(1), A. COSSARD(1)                *
 *                                                                             *
 * (1) THEORETICAL CHEMISTRY GROUP - UNIVERSITA' DI TORINO - TORINO (ITALY)    *
 * (2) SCIENTIFIC COMPUTING DEPARTMENT - STFC DARESBURY (UK)                   *
 * (3) UNIVERSIDAD AUTONOMA DEL ESTADO DE MORELOS - CUERNAVACA (MEXICO)        *
 * (4) UNIVERSITE' DE LORRAINE - NANCY (FRANCE)                                *
 * (5) UNIVERSITAET STUTTGART- STUTTGART (GERMANY)                             *
 * (6) IMPERIAL COLLEGE - LONDON (UK)                                          *
 * (7) SCIENTIFIC COMPUTING DEPARTMENT - STFC RAL (UK)                         *
 * (8) UPMC - SORBONNE UNIVERSITES - PARIS (FRANCE)                            *
 * (9) UNIVERSIDAD DE BARCELONA - BARCELONA (SPAIN)                            *
 *(10) UNIVERSITA' DI NAPOLI "FEDERICO II" - NAPOLI (ITALY)                    *
 *(11) NIS - NANOSTRUCTURED INTERFACES AND SURFACES - TORINO (ITALY)           *
 *(12) MPI FUER CHEMISCHE ENERGIEKONVERSION - MUELHEIM AN DER RUHR (GERMANY)   *
 *(13) UNIVERSITY OF TROMSO - TROMSO (NORWAY)                                  *
 *(14) UNIVERSITE' DE PAU ET DES PAYS DE L'ADOUR - PAU (FRANCE)                *
 *(15) UNIVERSITY OF CALIFORNIA SANTA BARBARA - SANTA BARBARA (USA)            *
 *(16) CURTIN UNIVERSITY - PERTH (AUSTRALIA)                                   *
 *(17) UNIVERSITY COLLEGE LONDON - LONDON (UK)                                 *
 *(18) UNIVERSITY OF VERMONT - BURLINGTON (USA)                                *
 *                                                                             *
 *******************************************************************************
 EEEEEEEEEE STARTING  DATE 20 09 2024 TIME 14:03:34.9
 LiF                                                                             

 CRYSTAL CALCULATION
 (INPUT ACCORDING TO THE INTERNATIONAL TABLES FOR X-RAY CRYSTALLOGRAPHY)
 CRYSTAL FAMILY                       :  CUBIC       
 CRYSTAL CLASS  (GROTH - 1921)        :  CUBIC HEXAKISOCTAHEDRAL              

 SPACE GROUP (CENTROSYMMETRIC)        :  F M 3 M         

 LATTICE PARAMETERS  (ANGSTROMS AND DEGREES) - CONVENTIONAL CELL
        A           B           C        ALPHA        BETA       GAMMA
     4.02000     4.02000     4.02000    90.00000    90.00000    90.00000


 NUMBER OF IRREDUCIBLE ATOMS IN THE CONVENTIONAL CELL:    2

 INPUT COORDINATES

 ATOM AT. N.              COORDINATES
   1   9     0.000000000000E+00  0.000000000000E+00  0.000000000000E+00
   2   3     5.000000000000E-01  5.000000000000E-01  5.000000000000E-01

 *******************************************************************************

 << INFORMATION >>: FROM NOW ON, ALL COORDINATES REFER TO THE PRIMITIVE CELL

 *******************************************************************************

 LATTICE PARAMETERS  (ANGSTROMS AND DEGREES) - PRIMITIVE CELL
       A          B          C        ALPHA      BETA     GAMMA        VOLUME
    2.84257    2.84257    2.84257    60.00000  60.00000  60.00000     16.241202

 COORDINATES OF THE EQUIVALENT ATOMS (FRACTIONAL UNITS)

 N. ATOM EQUIV AT. N.          X                  Y                  Z

   1   1   1    9 F     0.00000000000E+00  0.00000000000E+00  0.00000000000E+00

   2   2   1    3 LI   -5.00000000000E-01 -5.00000000000E-01 -5.00000000000E-01

 NUMBER OF SYMMETRY OPERATORS         :   48
 *******************************************************************************
 * GEOMETRY EDITING - INPUT COORDINATES ARE GIVEN IN ANGSTROM         
 *******************************************************************************

 GEOMETRY NOW FULLY CONSISTENT WITH THE GROUP

 NO SYMMOPS WITH FINITE TRANSLATIONAL COMPONENT

 *******************************************************************************
 * SUPERCELL OPTION
 *******************************************************************************


        EXPANSION MATRIX OF PRIMITIVE CELL
 E1     2.000     0.000     0.000
 E2     0.000     2.000     0.000
 E3     0.000     0.000     2.000

 NUMBER OF ATOMS PER SUPERCELL    16

        DIRECT LATTICE VECTORS COMPONENTS (ANGSTROM)
 B1     0.000     4.020     4.020
 B2     4.020     0.000     4.020
 B3     4.020     4.020     0.000

 LATTICE PARAMETERS  (ANGSTROM AND DEGREES)
       A          B          C         ALPHA     BETA     GAMMA        VOLUME
    5.68514    5.68514    5.68514    60.00000  60.00000  60.00000    129.929616


 **** ATOMS BELONGING TO THE SUPERCELL
 LABEL AT.NO.      COORDINATES (ANGSTROM AND FRACTIONAL)
     1     9     0.0000     0.0000     0.0000     0.0000     0.0000     0.0000
     2     9    -2.0100    -2.0100    -0.0000     0.0000    -0.0000    -0.5000
     3     9    -2.0100    -0.0000    -2.0100     0.0000    -0.5000    -0.0000
     4     9    -4.0200    -2.0100    -2.0100     0.0000    -0.5000    -0.5000
     5     9    -0.0000    -2.0100    -2.0100    -0.5000     0.0000    -0.0000
     6     9    -2.0100    -4.0200    -2.0100    -0.5000     0.0000    -0.5000
     7     9    -2.0100    -2.0100    -4.0200    -0.5000    -0.5000    -0.0000
     8     9    -4.0200    -4.0200    -4.0200    -0.5000    -0.5000    -0.5000
     9     3     0.0000     0.0000    -2.0100    -0.2500    -0.2500     0.2500
    10     3    -2.0100    -2.0100    -2.0100    -0.2500    -0.2500    -0.2500
    11     3     2.0100     0.0000     0.0000    -0.2500     0.2500     0.2500
    12     3     0.0000    -2.0100     0.0000    -0.2500     0.2500    -0.2500
    13     3     0.0000     2.0100     0.0000     0.2500    -0.2500     0.2500
    14     3    -2.0100     0.0000     0.0000     0.2500    -0.2500    -0.2500
    15     3     2.0100     2.0100     2.0100     0.2500     0.2500     0.2500
    16     3     0.0000     0.0000     2.0100     0.2500     0.2500    -0.2500

 **************************** SUPERCELL GENERATED ****************************

 GCALCO - MAX INDICES DIRECT LATTICE VECTOR    14    14    14
 NO.OF VECTORS CREATED 6999 STARS  105 RMAX   113.69698 BOHR

 GEOMETRY FOR WAVE FUNCTION - DIMENSIONALITY OF THE SYSTEM    3
 (NON PERIODIC DIRECTION: LATTICE PARAMETER FORMALLY SET TO 500)
 *******************************************************************************
 LATTICE PARAMETERS (ANGSTROMS AND DEGREES) - BOHR = 0.5291772083 ANGSTROM
 PRIMITIVE CELL - CENTRING CODE 1/0 VOLUME=   129.929616 - DENSITY  2.660 g/cm^3
         A              B              C           ALPHA      BETA       GAMMA 
     5.68513852     5.68513852     5.68513852    60.000000  60.000000  60.000000
 *******************************************************************************
 ATOMS IN THE ASYMMETRIC UNIT    5 - ATOMS IN THE UNIT CELL:   16
     ATOM                 X/A                 Y/B                 Z/C    
 *******************************************************************************
      1 T   9 F     0.000000000000E+00  0.000000000000E+00  0.000000000000E+00
      2 T   9 F     1.161196822186E-17 -1.161196822186E-17  5.000000000000E-01
      3 F   9 F     2.409052480699E-17  5.000000000000E-01  8.665883632765E-19
      4 F   9 F    -5.138565778160E-18  5.000000000000E-01  5.000000000000E-01
      5 F   9 F    -5.000000000000E-01 -8.665883632765E-19  8.665883632765E-19
      6 F   9 F    -5.000000000000E-01 -8.665883632765E-19  5.000000000000E-01
      7 F   9 F    -5.000000000000E-01  5.000000000000E-01  1.733176726553E-18
      8 T   9 F    -5.000000000000E-01  5.000000000000E-01  5.000000000000E-01
      9 T   3 LI   -2.500000000000E-01 -2.500000000000E-01  2.500000000000E-01
     10 T   3 LI   -2.500000000000E-01 -2.500000000000E-01 -2.500000000000E-01
     11 F   3 LI   -2.500000000000E-01  2.500000000000E-01  2.500000000000E-01
     12 F   3 LI   -2.500000000000E-01  2.500000000000E-01 -2.500000000000E-01
     13 F   3 LI    2.500000000000E-01 -2.500000000000E-01  2.500000000000E-01
     14 F   3 LI    2.500000000000E-01 -2.500000000000E-01 -2.500000000000E-01
     15 F   3 LI    2.500000000000E-01  2.500000000000E-01  2.500000000000E-01
     16 F   3 LI    2.500000000000E-01  2.500000000000E-01 -2.500000000000E-01

 T = ATOM BELONGING TO THE ASYMMETRIC UNIT

 ****   48 SYMMOPS - TRANSLATORS IN FRACTIONAL UNITS
 **** MATRICES AND TRANSLATORS IN THE CRYSTALLOGRAPHIC REFERENCE FRAME
   V INV                    ROTATION MATRICES                   TRANSLATORS
   1   1  1.00  0.00  0.00  0.00  1.00  0.00  0.00  0.00  1.00  0.00  0.00  0.00
   2   2  0.00  1.00 -0.00  1.00 -0.00 -0.00 -1.00 -1.00 -1.00  0.00  0.00  0.00
   3   3 -1.00 -1.00 -1.00  0.00  0.00  1.00 -0.00  1.00  0.00  0.00  0.00  0.00
   4   4 -0.00 -0.00  1.00 -1.00 -1.00 -1.00  1.00 -0.00 -0.00  0.00  0.00  0.00
   5   6  0.00  0.00  1.00  1.00  0.00 -0.00  0.00  1.00  0.00  0.00  0.00  0.00
   6   5  0.00  1.00  0.00  0.00 -0.00  1.00  1.00  0.00  0.00  0.00  0.00  0.00
   7   8  1.00 -0.00  0.00 -0.00 -0.00  1.00 -1.00 -1.00 -1.00  0.00  0.00  0.00
   8   7  1.00 -0.00 -0.00 -1.00 -1.00 -1.00 -0.00  1.00 -0.00  0.00  0.00  0.00
   9  10 -1.00 -1.00 -1.00  0.00  1.00  0.00  1.00  0.00 -0.00  0.00  0.00  0.00
  10   9 -0.00  0.00  1.00 -0.00  1.00 -0.00 -1.00 -1.00 -1.00  0.00  0.00  0.00
  11  12 -0.00  1.00 -0.00 -1.00 -1.00 -1.00 -0.00 -0.00  1.00  0.00  0.00  0.00
  12  11 -1.00 -1.00 -1.00  1.00  0.00  0.00  0.00 -0.00  1.00  0.00  0.00  0.00
  13  13 -0.00 -1.00 -0.00 -1.00  0.00 -0.00 -0.00 -0.00 -1.00  0.00  0.00  0.00
  14  14 -1.00 -0.00  0.00  0.00 -1.00  0.00  1.00  1.00  1.00  0.00  0.00  0.00
  15  16  0.00  0.00 -1.00  1.00  1.00  1.00  0.00 -1.00  0.00  0.00  0.00  0.00
  16  15  1.00  1.00  1.00 -0.00 -0.00 -1.00 -1.00  0.00 -0.00  0.00  0.00  0.00
  17  17 -1.00 -0.00 -0.00  0.00 -0.00 -1.00 -0.00 -1.00 -0.00  0.00  0.00  0.00
  18  18 -0.00 -0.00 -1.00 -0.00 -1.00  0.00 -1.00 -0.00 -0.00  0.00  0.00  0.00
  19  21 -0.00  0.00 -1.00 -1.00  0.00  0.00  1.00  1.00  1.00  0.00  0.00  0.00
  20  22  1.00  1.00  1.00 -1.00 -0.00 -0.00 -0.00 -1.00  0.00  0.00  0.00  0.00
  21  19  0.00 -1.00  0.00  1.00  1.00  1.00 -1.00  0.00  0.00  0.00  0.00  0.00
  22  20  0.00 -1.00 -0.00  0.00  0.00 -1.00  1.00  1.00  1.00  0.00  0.00  0.00
  23  23  1.00  1.00  1.00 -0.00 -1.00 -0.00  0.00 -0.00 -1.00  0.00  0.00  0.00
  24  24 -1.00  0.00  0.00  1.00  1.00  1.00  0.00  0.00 -1.00  0.00  0.00  0.00
  25  25 -1.00 -0.00 -0.00  0.00 -1.00 -0.00 -0.00 -0.00 -1.00  0.00  0.00  0.00
  26  26 -0.00 -1.00  0.00 -1.00  0.00  0.00  1.00  1.00  1.00  0.00  0.00  0.00
  27  27  1.00  1.00  1.00 -0.00 -0.00 -1.00  0.00 -1.00 -0.00  0.00  0.00  0.00
  28  28  0.00  0.00 -1.00  1.00  1.00  1.00 -1.00  0.00  0.00  0.00  0.00  0.00
  29  30 -0.00 -0.00 -1.00 -1.00 -0.00  0.00 -0.00 -1.00 -0.00  0.00  0.00  0.00
  30  29 -0.00 -1.00 -0.00 -0.00  0.00 -1.00 -1.00 -0.00 -0.00  0.00  0.00  0.00
  31  32 -1.00  0.00 -0.00  0.00  0.00 -1.00  1.00  1.00  1.00  0.00  0.00  0.00
  32  31 -1.00  0.00  0.00  1.00  1.00  1.00  0.00 -1.00  0.00  0.00  0.00  0.00
  33  34  1.00  1.00  1.00 -0.00 -1.00 -0.00 -1.00 -0.00  0.00  0.00  0.00  0.00
  34  33  0.00 -0.00 -1.00  0.00 -1.00  0.00  1.00  1.00  1.00  0.00  0.00  0.00
  35  36  0.00 -1.00  0.00  1.00  1.00  1.00  0.00  0.00 -1.00  0.00  0.00  0.00
  36  35  1.00  1.00  1.00 -1.00 -0.00 -0.00 -0.00  0.00 -1.00  0.00  0.00  0.00
  37  37  0.00  1.00  0.00  1.00 -0.00  0.00  0.00  0.00  1.00  0.00  0.00  0.00
  38  38  1.00  0.00 -0.00 -0.00  1.00 -0.00 -1.00 -1.00 -1.00  0.00  0.00  0.00
  39  40 -0.00 -0.00  1.00 -1.00 -1.00 -1.00 -0.00  1.00 -0.00  0.00  0.00  0.00
  40  39 -1.00 -1.00 -1.00  0.00  0.00  1.00  1.00 -0.00  0.00  0.00  0.00  0.00
  41  41  1.00  0.00  0.00 -0.00  0.00  1.00  0.00  1.00  0.00  0.00  0.00  0.00
  42  42  0.00  0.00  1.00  0.00  1.00 -0.00  1.00  0.00  0.00  0.00  0.00  0.00
  43  45  0.00 -0.00  1.00  1.00 -0.00 -0.00 -1.00 -1.00 -1.00  0.00  0.00  0.00
  44  46 -1.00 -1.00 -1.00  1.00  0.00  0.00  0.00  1.00 -0.00  0.00  0.00  0.00
  45  43 -0.00  1.00 -0.00 -1.00 -1.00 -1.00  1.00 -0.00 -0.00  0.00  0.00  0.00
  46  44 -0.00  1.00  0.00 -0.00 -0.00  1.00 -1.00 -1.00 -1.00  0.00  0.00  0.00
  47  47 -1.00 -1.00 -1.00  0.00  1.00  0.00 -0.00  0.00  1.00  0.00  0.00  0.00
  48  48  1.00 -0.00 -0.00 -1.00 -1.00 -1.00 -0.00 -0.00  1.00  0.00  0.00  0.00

 DIRECT LATTICE VECTORS CARTESIAN COMPONENTS (ANGSTROM)
          X                    Y                    Z
   0.000000000000E+00   0.402000000000E+01   0.402000000000E+01
   0.402000000000E+01   0.000000000000E+00   0.402000000000E+01
   0.402000000000E+01   0.402000000000E+01   0.000000000000E+00


 CARTESIAN COORDINATES - PRIMITIVE CELL
 *******************************************************************************
 *      ATOM          X(ANGSTROM)         Y(ANGSTROM)         Z(ANGSTROM)
 *******************************************************************************
    1     9 F     0.000000000000E+00  0.000000000000E+00  0.000000000000E+00
    2     9 F     2.010000000000E+00  2.010000000000E+00 -1.003275949445E-16
    3     9 F     2.010000000000E+00 -1.003275949445E-16  2.010000000000E+00
    4     9 F     4.020000000000E+00  2.010000000000E+00  2.010000000000E+00
    5     9 F    -8.255249958931E-36  2.010000000000E+00  2.010000000000E+00
    6     9 F     2.010000000000E+00  4.020000000000E+00  2.010000000000E+00
    7     9 F     2.010000000000E+00  2.010000000000E+00  4.020000000000E+00
    8     9 F     4.020000000000E+00  4.020000000000E+00  4.020000000000E+00
    9     3 LI    5.923530177476E-18 -1.115774139748E-16 -2.010000000000E+00
   10     3 LI   -2.010000000000E+00 -2.010000000000E+00 -2.010000000000E+00
   11     3 LI    2.010000000000E+00 -1.115774139748E-16 -1.115774139748E-16
   12     3 LI   -5.923530177476E-18 -2.010000000000E+00 -1.115774139748E-16
   13     3 LI    5.923530177476E-18  2.010000000000E+00  1.115774139748E-16
   14     3 LI   -2.010000000000E+00  1.115774139748E-16  1.115774139748E-16
   15     3 LI    2.010000000000E+00  2.010000000000E+00  2.010000000000E+00
   16     3 LI   -5.923530177476E-18  1.115774139748E-16  2.010000000000E+00

 *******************************************************************************
 LOCAL ATOMIC FUNCTIONS BASIS SET
 *******************************************************************************
   ATOM   X(AU)   Y(AU)   Z(AU)  N. TYPE  EXPONENT  S COEF   P COEF   D/F/G COEF
 *******************************************************************************
   1 F    0.000   0.000   0.000
                                  1 S  
                                         1.377E+04 8.770E-04 0.000E+00 0.000E+00
                                         1.590E+03 9.150E-03 0.000E+00 0.000E+00
                                         3.265E+02 4.860E-02 0.000E+00 0.000E+00
                                         9.166E+01 1.691E-01 0.000E+00 0.000E+00
                                         3.046E+01 3.708E-01 0.000E+00 0.000E+00
                                         1.150E+01 4.165E-01 0.000E+00 0.000E+00
                                         4.760E+00 1.306E-01 0.000E+00 0.000E+00
                           2-     5 SP 
                                         1.900E+01-1.094E-01 1.244E-01 0.000E+00
                                         4.530E+00-1.289E-01 5.323E-01 0.000E+00
                                         1.387E+00 1.000E+00 1.000E+00 0.000E+00
                           6-     9 SP 
                                         4.370E-01 1.000E+00 1.000E+00 0.000E+00
                          10-    13 SP 
                                         1.370E-01 1.000E+00 1.000E+00 0.000E+00
   2 F    3.798   3.798  -0.000
   3 F    3.798  -0.000   3.798
   4 F    7.597   3.798   3.798
   5 F   -0.000   3.798   3.798
   6 F    3.798   7.597   3.798
   7 F    3.798   3.798   7.597
   8 F    7.597   7.597   7.597
   9 LI   0.000  -0.000  -3.798
                                105 S  
                                         8.400E+02 2.640E-03 0.000E+00 0.000E+00
                                         2.175E+02 8.500E-03 0.000E+00 0.000E+00
                                         7.230E+01 3.350E-02 0.000E+00 0.000E+00
                                         1.966E+01 1.824E-01 0.000E+00 0.000E+00
                                         5.044E+00 6.379E-01 0.000E+00 0.000E+00
                                         1.500E+00 1.000E+00 0.000E+00 0.000E+00
                         106-   109 SP 
                                         5.250E-01 1.000E+00 1.000E+00 0.000E+00
  10 LI  -3.798  -3.798  -3.798
  11 LI   3.798  -0.000  -0.000
  12 LI  -0.000  -3.798  -0.000
  13 LI   0.000   3.798   0.000
  14 LI  -3.798   0.000   0.000
  15 LI   3.798   3.798   3.798
  16 LI  -0.000   0.000   3.798
 INFORMATION **** SET_MPP **** PCRYSTAL CALCULATION
 INFORMATION **** READM2 **** NEW DEFAULT: FOCK/KS MATRIX MIXING SET TO 30 %
 INFORMATION **** READM2 **** NEW DEFAULT: FULL DIRECT SCF MODE
 INFORMATION **** READM2 **** NEW DEFAULT: COULOMB BIPOLAR BUFFER SET TO 32 Mb
 INFORMATION **** READM2 **** NEW DEFAULT: EXCHANGE BIPOLAR BUFFER SET TO 32 Mb
 INFORMATION **** PPAN ****  MULLIKEN POPULATION ANALYSIS AT THE END OF SCF
 *******************************************************************************
 N. OF ATOMS PER CELL        16  COULOMB OVERLAP TOL         (T1) 10**   -6
 NUMBER OF SHELLS            48  COULOMB PENETRATION TOL     (T2) 10**   -6
 NUMBER OF AO               144  EXCHANGE OVERLAP TOL        (T3) 10**   -6
 N. OF ELECTRONS PER CELL    96  EXCHANGE PSEUDO OVP (F(G))  (T4) 10**   -6
 CORE ELECTRONS PER CELL     32  EXCHANGE PSEUDO OVP (P(G))  (T5) 10**  -12
 N. OF SYMMETRY OPERATORS    48  POLE ORDER IN MONO ZONE                  4
 *******************************************************************************
 TYPE OF CALCULATION :  RESTRICTED CLOSED SHELL
 HARTREE-FOCK HAMILTONIAN

 CAPPA:IS1  4;IS2  4;IS3  4; K PTS MONK NET   8; SYMMOPS:K SPACE  48;G SPACE  48

 *******************************************************************************
 MAX NUMBER OF SCF CYCLES      50  CONVERGENCE ON DELTAP        10**-16
 WEIGHT OF F(I) IN F(I+1)      30% CONVERGENCE ON ENERGY        10**- 6
 SHRINK. FACT.(MONKH.)    4  4  4  NUMBER OF K POINTS IN THE IBZ      8
 SHRINKING FACTOR(GILAT NET)    8  NUMBER OF K POINTS(GILAT NET)     29
 *******************************************************************************
 *** K POINTS COORDINATES (OBLIQUE COORDINATES IN UNITS OF IS =  4)
   1-R(  0  0  0)   2-C(  1  0  0)   3-R(  2  0  0)   4-C(  1  1  0)
   5-C(  2  1  0)   6-C(  3  1  0)   7-R(  2  2  0)   8-C(  3  2  1)

 DIRECT LATTICE VECTORS COMPON. (A.U.)     RECIP. LATTICE VECTORS COMPON. (A.U.) 
        X            Y            Z              X            Y            Z
    0.0000000    7.5966991    7.5966991     -0.4135471    0.4135471    0.4135471
    7.5966991    0.0000000    7.5966991      0.4135471   -0.4135471    0.4135471
    7.5966991    7.5966991    0.0000000      0.4135471    0.4135471   -0.4135471

 DISK SPACE FOR EIGENVECTORS (FTN 10)      269568 REALS

 SYMMETRY ADAPTION OF THE BLOCH FUNCTIONS ENABLED
 TTTTTTTTTTTTTTTTTTTTTTTTTTTTTT gordsh1     TELAPSE        0.06 TCPU        0.05

 MATRIX SIZE: P(G)  214736, F(G)   33616, P(G) IRR    5020, F(G) IRR    2121
 MAX G-VECTOR INDEX FOR 1- AND 2-ELECTRON INTEGRALS 133

 TTTTTTTTTTTTTTTTTTTTTTTTTTTTTT INPUT       TELAPSE        0.06 TCPU        0.05

 NEIGHBORS OF THE NON-EQUIVALENT ATOMS

 N = NUMBER OF NEIGHBORS AT DISTANCE R
    ATOM  N     R/ANG      R/AU   NEIGHBORS (ATOM LABELS AND CELL INDICES)
   1 F    6     2.0100     3.7983    9 LI   0 0 0   11 LI   0 0 0   12 LI   0 0 0
                                    13 LI   0 0 0   14 LI   0 0 0   16 LI   0 0 0
   1 F   12     2.8426     5.3717    2 F    0 0 0    2 F    0 0-1    3 F    0 0 0
                                     3 F    0-1 0    4 F    0 0-1    4 F    0-1 0
                                     5 F    0 0 0    5 F   -1 0 0    6 F    0 0-1
                                     6 F   -1 0 0    7 F   -1 0 0    7 F    0-1 0
   1 F    8     3.4814     6.5789   10 LI   0 0 0   10 LI   1 0 0   10 LI   0 1 0
                                    10 LI   0 0 1   15 LI   0 0 0   15 LI  -1 0 0
                                    15 LI   0-1 0   15 LI   0 0-1
   1 F    6     4.0200     7.5967    8 F   -1 0 0    8 F    0-1 0    8 F    0 0-1
                                     8 F   -1-1 0    8 F   -1 0-1    8 F    0-1-1
   1 F   24     4.4945     8.4934    9 LI   1 0 0    9 LI   1 0-1    9 LI   0 1 0
                                     9 LI   0 1-1   11 LI   0-1 0   11 LI   1-1 0
                                    11 LI   0 0-1   11 LI   1 0-1   12 LI   0 0 1
                                    12 LI   0-1 1   12 LI   1 0 0   12 LI   1-1 0
                                    13 LI   0 0-1   13 LI   0 1-1   13 LI  -1 0 0
                                    13 LI  -1 1 0   14 LI   0 1 0   14 LI  -1 1 0
                                    14 LI   0 0 1   14 LI  -1 0 1   16 LI  -1 0 0
                                    16 LI  -1 0 1   16 LI   0-1 0   16 LI   0-1 1
   1 F   24     4.9235     9.3040    2 F   -1 0 0    2 F    1 0-1    2 F    0-1 0
                                     2 F    0 1-1    3 F    0 0-1    3 F    0-1 1
                                     3 F   -1 0 0    3 F    1-1 0    4 F   -1 0 0
                                     4 F    1-1-1    4 F    0 0 0    4 F    0-1-1
                                     5 F    0-1 0    5 F   -1 1 0    5 F    0 0-1
                                     5 F   -1 0 1    6 F    0 0 0    6 F   -1 0-1
                                     6 F    0-1 0    6 F   -1 1-1    7 F    0 0 0
                                     7 F   -1-1 0    7 F    0 0-1    7 F   -1-1 1

   2 F    6     2.0100     3.7983   10 LI   0 0 1   11 LI   0 0 0   12 LI   0 0 1
                                    13 LI   0 0 0   14 LI   0 0 1   15 LI   0 0 0
   2 F   12     2.8426     5.3717    1 F    0 0 0    1 F    0 0 1    3 F    0 0 0
                                     3 F    0-1 1    4 F    0 0 0    4 F    0-1 0
                                     5 F    0 0 0    5 F   -1 0 1    6 F    0 0 0
                                     6 F   -1 0 0    8 F   -1 0 0    8 F    0-1 0
   2 F    8     3.4814     6.5789    9 LI   0 0 0    9 LI   1 0 0    9 LI   0 1 0
                                     9 LI   0 0 1   16 LI   0 0 1   16 LI   0-1 1
                                    16 LI  -1 0 1   16 LI   0 0 0
   2 F    6     4.0200     7.5967    7 F    0 0 0    7 F    0-1 1    7 F   -1 0 1
                                     7 F   -1 0 0    7 F    0-1 0    7 F   -1-1 1
   2 F   24     4.4945     8.4934   10 LI   1 0 0   10 LI   0 1 0   10 LI   1 0 1
                                    10 LI   0 1 1   11 LI   0 0 1   11 LI   1 0 0
                                    11 LI   0-1 1   11 LI   1-1 0   12 LI   0 0 0
                                    12 LI   0-1 1   12 LI   1 0 0   12 LI   1-1 1
                                    13 LI   0 0 1   13 LI  -1 0 1   13 LI   0 1 0
                                    13 LI  -1 1 0   14 LI   0 0 0   14 LI   0 1 0
                                    14 LI  -1 0 1   14 LI  -1 1 1   15 LI   0-1 1
                                    15 LI  -1 0 1   15 LI   0-1 0   15 LI  -1 0 0
   2 F   24     4.9235     9.3040    1 F    1 0 0    1 F   -1 0 1    1 F    0 1 0
                                     1 F    0-1 1    3 F   -1 0 1    3 F    1-1 0
                                     3 F    0-1 0    3 F    0 0 1    4 F    1-1 0
                                     4 F   -1 0 0    4 F    0 0-1    4 F    0-1 1
                                     5 F   -1 1 0    5 F    0-1 1    5 F    0 0 1
                                     5 F   -1 0 0    6 F    0-1 0    6 F   -1 1 0
                                     6 F   -1 0 1    6 F    0 0-1    8 F    0 0 0
                                     8 F   -1-1 0    8 F    0 0-1    8 F   -1-1 1

   8 F    6     2.0100     3.7983    9 LI   1 1 0   11 LI   1 0 0   12 LI   1 0 1
                                    13 LI   0 1 0   14 LI   0 1 1   16 LI   0 0 1
   8 F   12     2.8426     5.3717    2 F    1 0 0    2 F    0 1 0    3 F    0 0 1
                                     3 F    1 0 0    4 F    0 0 0    4 F    1 0 0
                                     5 F    0 0 1    5 F    0 1 0    6 F    0 0 0
                                     6 F    0 1 0    7 F    0 0 0    7 F    0 0 1
   8 F    8     3.4814     6.5789   10 LI   1 1 0   10 LI   1 0 1   10 LI   0 1 1
                                    10 LI   1 1 1   15 LI   0 0 1   15 LI   1 0 0
                                    15 LI   0 1 0   15 LI   0 0 0
   8 F    6     4.0200     7.5967    1 F    1 0 0    1 F    0 1 0    1 F    0 0 1
                                     1 F    1 1 0    1 F    1 0 1    1 F    0 1 1
   8 F   24     4.4945     8.4934    9 LI   1 0 0    9 LI   0 1 0    9 LI   1 0 1
                                     9 LI   0 1 1   11 LI   1 0 1   11 LI   0 0 1
                                    11 LI   1 1 0   11 LI   0 1 0   12 LI   0 0 1
                                    12 LI   1 0 0   12 LI   0 1 1   12 LI   1 1 0
                                    13 LI   0 0 1   13 LI   0 1 1   13 LI   1 0 0
                                    13 LI   1 1 0   14 LI   0 1 0   14 LI   0 0 1
                                    14 LI   1 1 0   14 LI   1 0 1   16 LI   1 0 0
                                    16 LI   1 0 1   16 LI   0 1 0   16 LI   0 1 1
   8 F   24     4.9235     9.3040    2 F    0 0 0    2 F    1 1 0    2 F    0 0 1
                                     2 F    1 1-1    3 F    0 0 0    3 F    1 0 1
                                     3 F    0 1 0    3 F    1-1 1    4 F    0 1 0
                                     4 F    1-1 0    4 F    0 0 1    4 F    1 0-1
                                     5 F    1 0 0    5 F   -1 1 1    5 F    0 0 0
                                     5 F    0 1 1    6 F    0 0 1    6 F    0 1-1
                                     6 F    1 0 0    6 F   -1 1 0    7 F    1 0 0
                                     7 F   -1 0 1    7 F    0 1 0    7 F    0-1 1

   9 LI   6     2.0100     3.7983    1 F    0 0 0    3 F    0-1 0    4 F    0-1 0
                                     5 F   -1 0 0    6 F   -1 0 0    8 F   -1-1 0
   9 LI  12     2.8426     5.3717   10 LI   0 0 0   10 LI   0 0 1   11 LI   0 0 0
                                    11 LI   0-1 0   12 LI   0 0 0   12 LI   0-1 1
                                    13 LI   0 0 0   13 LI  -1 0 0   14 LI   0 0 0
                                    14 LI  -1 0 1   15 LI  -1 0 0   15 LI   0-1 0
   9 LI   8     3.4814     6.5789    2 F    0 0 0    2 F   -1 0 0    2 F    0-1 0
                                     2 F    0 0-1    7 F   -1 0 0    7 F   -1-1 0
                                     7 F   -1-1 1    7 F    0-1 0
   9 LI   6     4.0200     7.5967   16 LI   0 0 0   16 LI   0-1 0   16 LI   0-1 1
                                    16 LI  -1 0 1   16 LI  -1 0 0   16 LI  -1-1 1
   9 LI  24     4.4945     8.4934    1 F   -1 0 0    1 F   -1 0 1    1 F    0-1 0
                                     1 F    0-1 1    3 F    0 0 0    3 F   -1 0 0
                                     3 F    0-1 1    3 F   -1-1 1    4 F    0 0-1
                                     4 F    0-1-1    4 F   -1 0 0    4 F   -1-1 0
                                     5 F    0 0 0    5 F   -1 0 1    5 F    0-1 0
                                     5 F   -1-1 1    6 F    0 0-1    6 F    0-1 0
                                     6 F   -1 0-1    6 F   -1-1 0    8 F   -1 0 0
                                     8 F    0-1 0    8 F   -1 0-1    8 F    0-1-1
   9 LI  24     4.9235     9.3040   10 LI   1 0 0   10 LI  -1 0 1   10 LI   0 1 0
                                    10 LI   0-1 1   11 LI  -1 0 0   11 LI   1-1 0
                                    11 LI   0-1 1   11 LI   0 0-1   12 LI   1-1 0
                                    12 LI  -1 0 1   12 LI   0 0 1   12 LI   0-1 0
                                    13 LI   0 0-1   13 LI  -1 0 1   13 LI  -1 1 0
                                    13 LI   0-1 0   14 LI   0-1 1   14 LI  -1 1 0
                                    14 LI  -1 0 0   14 LI   0 0 1   15 LI   0 0 0
                                    15 LI  -1-1 0   15 LI   0 0-1   15 LI  -1-1 1

  10 LI   6     2.0100     3.7983    2 F    0 0-1    3 F    0-1 0    4 F    0-1-1
                                     5 F   -1 0 0    6 F   -1 0-1    7 F   -1-1 0
  10 LI  12     2.8426     5.3717    9 LI   0 0 0    9 LI   0 0-1   11 LI   0 0-1
                                    11 LI   0-1 0   12 LI   0 0 0   12 LI   0-1 0
                                    13 LI   0 0-1   13 LI  -1 0 0   14 LI   0 0 0
                                    14 LI  -1 0 0   16 LI  -1 0 0   16 LI   0-1 0
  10 LI   8     3.4814     6.5789    1 F    0 0 0    1 F   -1 0 0    1 F    0-1 0
                                     1 F    0 0-1    8 F   -1-1 0    8 F   -1 0-1
                                     8 F    0-1-1    8 F   -1-1-1
  10 LI   6     4.0200     7.5967   15 LI  -1 0 0   15 LI   0-1 0   15 LI   0 0-1
                                    15 LI  -1-1 0   15 LI  -1 0-1   15 LI   0-1-1
  10 LI  24     4.4945     8.4934    2 F   -1 0 0    2 F    0-1 0    2 F   -1 0-1
                                     2 F    0-1-1    3 F    0 0-1    3 F   -1 0 0
                                     3 F    0-1-1    3 F   -1-1 0    4 F   -1 0-1
                                     4 F    0 0-1    4 F   -1-1 0    4 F    0-1 0
                                     5 F    0-1 0    5 F    0 0-1    5 F   -1-1 0
                                     5 F   -1 0-1    6 F    0 0-1    6 F    0-1-1
                                     6 F   -1 0 0    6 F   -1-1 0    7 F   -1 0 0
                                     7 F   -1 0-1    7 F    0-1 0    7 F    0-1-1
  10 LI  24     4.9235     9.3040    9 LI  -1 0 0    9 LI   1 0-1    9 LI   0-1 0
                                     9 LI   0 1-1   11 LI  -1 0 0   11 LI   1-1-1
                                    11 LI   0 0 0   11 LI   0-1-1   12 LI   0 0-1
                                    12 LI   0-1 1   12 LI  -1 0 0   12 LI   1-1 0
                                    13 LI   0 0 0   13 LI  -1 0-1   13 LI   0-1 0
                                    13 LI  -1 1-1   14 LI   0-1 0   14 LI  -1 1 0
                                    14 LI   0 0-1   14 LI  -1 0 1   16 LI   0 0 0
                                    16 LI  -1-1 0   16 LI   0 0-1   16 LI  -1-1 1


 SYMMETRY ALLOWED INTERNAL DEGREE(S) OF FREEDOM:   1
 TTTTTTTTTTTTTTTTTTTTTTTTTTTTTT SYMM        TELAPSE        0.06 TCPU        0.05
 TTTTTTTTTTTTTTTTTTTTTTTTTTTTTT INT_SCREEN  TELAPSE        0.06 TCPU        0.05
 TTTTTTTTTTTTTTTTTTTTTTTTTTTTTT INT_CALC    TELAPSE        0.09 TCPU        0.08
 EEEEEEEEEE INT_CALC TERMINATION  DATE 20 09 2024 TIME 14:03:35.0

 *******************************************************************************
 LiF                                                                             
 CRYSTAL - SCF - TYPE OF CALCULATION :  RESTRICTED CLOSED SHELL
 *******************************************************************************

 CAPPA:IS1  4;IS2  4;IS3  4; K PTS MONK NET   8; SYMMOPS:K SPACE  48;G SPACE  48

 TTTTTTTTTTTTTTTTTTTTTTTTTTTTTT SDIK        TELAPSE        0.10 TCPU        0.09

 AAAAAAAAAAAAAAAAAAAAAAAAAAAAAAAAAAAAAAAAAAAAAAAAAAAAAAAAAAAAAAAAAAAAAAAAAAAAAAA
         ATOMIC WAVEFUNCTION(S)


 NUCLEAR CHARGE  9.0  SYMMETRY SPECIES            S    P
 N. ELECTRONS    9.0  NUMBER OF PRIMITIVE GTOS   12    5
                      NUMBER OF CONTRACTED GTOS   4    3
                      NUMBER OF CLOSED SHELLS     2    0
                      OPEN SHELL OCCUPATION       0    5

  ZNUC  SCFIT    TOTAL HF ENERGY   KINETIC ENERGY   VIRIAL THEOREM ACCURACY
   9.0    14    -9.937427124E+01  9.920140747E+01 -2.001742554E+00  2.6E-06

 NUCLEAR CHARGE  3.0  SYMMETRY SPECIES            S
 N. ELECTRONS    3.0  NUMBER OF PRIMITIVE GTOS    7
                      NUMBER OF CONTRACTED GTOS   2
                      NUMBER OF CLOSED SHELLS     1
                      OPEN SHELL OCCUPATION       1

  ZNUC  SCFIT    TOTAL HF ENERGY   KINETIC ENERGY   VIRIAL THEOREM ACCURACY
   3.0     6    -6.014274327E+00  1.150893426E+01 -1.522574392E+00  1.9E-06

 AAAAAAAAAAAAAAAAAAAAAAAAAAAAAAAAAAAAAAAAAAAAAAAAAAAAAAAAAAAAAAAAAAAAAAAAAAAAAAA

 CHARGE NORMALIZATION FACTOR   1.00000000
 TOTAL ATOMIC CHARGES:
   9.0000000   9.0000000   9.0000000   9.0000000   9.0000000   9.0000000
   9.0000000   9.0000000   3.0000000   3.0000000   3.0000000   3.0000000
   3.0000000   3.0000000   3.0000000   3.0000000
 TTTTTTTTTTTTTTTTTTTTTTTTTTTTTT MOQGAD      TELAPSE        0.12 TCPU        0.11
 TTTTTTTTTTTTTTTTTTTTTTTTTTTTTT SHELLXN     TELAPSE        3.52 TCPU        3.51
 TTTTTTTTTTTTTTTTTTTTTTTTTTTTTT MONMO3      TELAPSE        3.58 TCPU        3.57
 CYC   0 ETOT(AU) -8.390139897631E+02 DETOT -8.39E+02 tst  0.00E+00 PX  1.00E+00
 TTTTTTTTTTTTTTTTTTTTTTTTTTTTTT DIIS        TELAPSE        3.59 TCPU        3.58
 TTTTTTTTTTTTTTTTTTTTTTTTTTTTTT FDIK        TELAPSE        3.63 TCPU        3.61
 INSULATING STATE
 TOP OF VALENCE BANDS -    BAND     48; K    1; EIG -5.4507894E-01 AU
 BOTTOM OF VIRTUAL BANDS - BAND     49; K    1; EIG  2.4016523E-01 AU
 DIRECT ENERGY BAND GAP:  21.3676 eV
 TTTTTTTTTTTTTTTTTTTTTTTTTTTTTT PDIG        TELAPSE        3.66 TCPU        3.64
 CHARGE NORMALIZATION FACTOR   1.00000000
 TOTAL ATOMIC CHARGES:
   9.9989916   9.9989916   9.9989916   9.9989916   9.9989916   9.9989916
   9.9989916   9.9989916   2.0010084   2.0010084   2.0010084   2.0010084
   2.0010084   2.0010084   2.0010084   2.0010084
 TTTTTTTTTTTTTTTTTTTTTTTTTTTTTT MOQGAD      TELAPSE        3.69 TCPU        3.67
 TTTTTTTTTTTTTTTTTTTTTTTTTTTTTT SHELLXN     TELAPSE        7.36 TCPU        7.34
 TTTTTTTTTTTTTTTTTTTTTTTTTTTTTT MONMO3      TELAPSE        7.42 TCPU        7.40
 CYC   1 ETOT(AU) -8.558375120740E+02 DETOT -1.68E+01 tst  0.00E+00 PX  1.00E+00
 TTTTTTTTTTTTTTTTTTTTTTTTTTTTTT DIIS        TELAPSE        7.44 TCPU        7.41
 DIIS TEST: 0.68493E+01 AT SCF   CYCLE   1 - MIX   30 %
 TTTTTTTTTTTTTTTTTTTTTTTTTTTTTT FDIK        TELAPSE        7.45 TCPU        7.43
 INSULATING STATE
 TOP OF VALENCE BANDS -    BAND     48; K    1; EIG -4.1174165E-01 AU
 BOTTOM OF VIRTUAL BANDS - BAND     49; K    1; EIG  3.0780951E-01 AU
 DIRECT ENERGY BAND GAP:  19.5800 eV
 TTTTTTTTTTTTTTTTTTTTTTTTTTTTTT PDIG        TELAPSE        7.49 TCPU        7.46
 CHARGE NORMALIZATION FACTOR   1.00000000
 TOTAL ATOMIC CHARGES:
   9.9803890   9.9802663   9.9802663   9.9802663   9.9802663   9.9802663
   9.9802663   9.9803662   2.0197132   2.0196838   2.0197132   2.0197132
   2.0197132   2.0197132   2.0196838   2.0197132
 TTTTTTTTTTTTTTTTTTTTTTTTTTTTTT MOQGAD      TELAPSE        7.52 TCPU        7.49
 TTTTTTTTTTTTTTTTTTTTTTTTTTTTTT SHELLXN     TELAPSE       10.99 TCPU       10.96
 TTTTTTTTTTTTTTTTTTTTTTTTTTTTTT MONMO3      TELAPSE       11.05 TCPU       11.02
 CYC   2 ETOT(AU) -8.564254456795E+02 DETOT -5.88E-01 tst  8.91E-03 PX  1.21E-01
 TTTTTTTTTTTTTTTTTTTTTTTTTTTTTT DIIS        TELAPSE       11.07 TCPU       11.03
 DIIS TEST: 0.18388E+00 AT SCF   CYCLE   2 - DIIS ACTIVE - HISTORY:     2 CYCLES
 TTTTTTTTTTTTTTTTTTTTTTTTTTTTTT FDIK        TELAPSE       11.08 TCPU       11.04
 INSULATING STATE
 TOP OF VALENCE BANDS -    BAND     48; K    1; EIG -5.0109718E-01 AU
 BOTTOM OF VIRTUAL BANDS - BAND     49; K    1; EIG  2.9896679E-01 AU
 DIRECT ENERGY BAND GAP:  21.7709 eV
 TTTTTTTTTTTTTTTTTTTTTTTTTTTTTT PDIG        TELAPSE       11.11 TCPU       11.07
 CHARGE NORMALIZATION FACTOR   1.00000000
 TOTAL ATOMIC CHARGES:
   9.9774353   9.9774474   9.9774474   9.9774474   9.9774474   9.9774474
   9.9774474   9.9774286   2.0225582   2.0225513   2.0225582   2.0225582
   2.0225582   2.0225582   2.0225513   2.0225582
 TTTTTTTTTTTTTTTTTTTTTTTTTTTTTT MOQGAD      TELAPSE       11.14 TCPU       11.10
 TTTTTTTTTTTTTTTTTTTTTTTTTTTTTT SHELLXN     TELAPSE       14.35 TCPU       14.31
 TTTTTTTTTTTTTTTTTTTTTTTTTTTTTT MONMO3      TELAPSE       14.41 TCPU       14.37
 CYC   3 ETOT(AU) -8.564440484683E+02 DETOT -1.86E-02 tst  3.24E-04 PX  3.20E-02
 TTTTTTTTTTTTTTTTTTTTTTTTTTTTTT DIIS        TELAPSE       14.42 TCPU       14.37
 DIIS TEST: 0.18312E-02 AT SCF   CYCLE   3 - DIIS ACTIVE - HISTORY:     3 CYCLES
 TTTTTTTTTTTTTTTTTTTTTTTTTTTTTT FDIK        TELAPSE       14.43 TCPU       14.39
 INSULATING STATE
 TOP OF VALENCE BANDS -    BAND     48; K    6; EIG -4.9648035E-01 AU
 TOP OF VALENCE BANDS -    BAND     48; K    1; EIG -4.9654938E-01 AU
 BOTTOM OF VIRTUAL BANDS - BAND     49; K    1; EIG  3.0391576E-01 AU
 INDIRECT ENERGY BAND GAP:  21.7799 eV
 TTTTTTTTTTTTTTTTTTTTTTTTTTTTTT PDIG        TELAPSE       14.46 TCPU       14.41
 CHARGE NORMALIZATION FACTOR   1.00000000
 TOTAL ATOMIC CHARGES:
   9.9766240   9.9766351   9.9766351   9.9766351   9.9766351   9.9766351
   9.9766351   9.9766235   2.0233674   2.0233688   2.0233674   2.0233674
   2.0233674   2.0233674   2.0233688   2.0233674
 TTTTTTTTTTTTTTTTTTTTTTTTTTTTTT MOQGAD      TELAPSE       14.48 TCPU       14.44
 TTTTTTTTTTTTTTTTTTTTTTTTTTTTTT SHELLXN     TELAPSE       17.62 TCPU       17.57
 TTTTTTTTTTTTTTTTTTTTTTTTTTTTTT MONMO3      TELAPSE       17.67 TCPU       17.63
 CYC   4 ETOT(AU) -8.564442375950E+02 DETOT -1.89E-04 tst  4.37E-06 PX  3.81E-03
 TTTTTTTTTTTTTTTTTTTTTTTTTTTTTT DIIS        TELAPSE       17.68 TCPU       17.63
 DIIS TEST: 0.89039E-05 AT SCF   CYCLE   4 - DIIS ACTIVE - HISTORY:     4 CYCLES
 TTTTTTTTTTTTTTTTTTTTTTTTTTTTTT FDIK        TELAPSE       17.70 TCPU       17.65
 INSULATING STATE
 TOP OF VALENCE BANDS -    BAND     48; K    6; EIG -4.9621857E-01 AU
 TOP OF VALENCE BANDS -    BAND     48; K    1; EIG -4.9627760E-01 AU
 BOTTOM OF VIRTUAL BANDS - BAND     49; K    1; EIG  3.0442031E-01 AU
 INDIRECT ENERGY BAND GAP:  21.7865 eV
 TTTTTTTTTTTTTTTTTTTTTTTTTTTTTT PDIG        TELAPSE       17.72 TCPU       17.67
 CHARGE NORMALIZATION FACTOR   1.00000000
 TOTAL ATOMIC CHARGES:
   9.9766104   9.9766100   9.9766100   9.9766100   9.9766100   9.9766100
   9.9766100   9.9766104   2.0233899   2.0233898   2.0233899   2.0233899
   2.0233899   2.0233899   2.0233898   2.0233899
 TTTTTTTTTTTTTTTTTTTTTTTTTTTTTT MOQGAD      TELAPSE       17.75 TCPU       17.70
 TTTTTTTTTTTTTTTTTTTTTTTTTTTTTT SHELLXN     TELAPSE       21.04 TCPU       20.99
 TTTTTTTTTTTTTTTTTTTTTTTTTTTTTT MONMO3      TELAPSE       21.11 TCPU       21.06
 CYC   5 ETOT(AU) -8.564442381660E+02 DETOT -5.71E-07 tst  8.97E-08 PX  2.68E-04
 TTTTTTTTTTTTTTTTTTTTTTTTTTTTTT DIIS        TELAPSE       21.12 TCPU       21.07
 DIIS TEST: 0.42428E-06 AT SCF   CYCLE   5 - DIIS ACTIVE - HISTORY:     5 CYCLES
 TTTTTTTTTTTTTTTTTTTTTTTTTTTTTT FDIK        TELAPSE       21.14 TCPU       21.09
 INSULATING STATE
 TOP OF VALENCE BANDS -    BAND     48; K    6; EIG -4.9630522E-01 AU
 TOP OF VALENCE BANDS -    BAND     48; K    1; EIG -4.9636586E-01 AU
 BOTTOM OF VIRTUAL BANDS - BAND     49; K    1; EIG  3.0440859E-01 AU
 INDIRECT ENERGY BAND GAP:  21.7885 eV
 TTTTTTTTTTTTTTTTTTTTTTTTTTTTTT PDIG        TELAPSE       21.18 TCPU       21.13
 CHARGE NORMALIZATION FACTOR   1.00000000
 TOTAL ATOMIC CHARGES:
   9.9766155   9.9766157   9.9766157   9.9766157   9.9766157   9.9766157
   9.9766157   9.9766156   2.0233843   2.0233843   2.0233843   2.0233843
   2.0233843   2.0233843   2.0233843   2.0233843
 TTTTTTTTTTTTTTTTTTTTTTTTTTTTTT MOQGAD      TELAPSE       21.21 TCPU       21.16
 TTTTTTTTTTTTTTTTTTTTTTTTTTTTTT SHELLXN     TELAPSE       24.89 TCPU       24.84
 +++ ENERGIES IN A.U. +++
 ::: EXT EL-POLE                                  -1.2567892814050E+03
 ::: EXT EL-SPHEROPOLE                             1.2433287700536E+01
 ::: BIELET ZONE E-E                               1.3720364253886E+03
 ::: TOTAL E-E                                     1.2768043168410E+02
 ::: TOTAL E-N + N-E                              -1.5908386508048E+03
 ::: TOTAL N-N                                    -2.4825685938734E+02
 ::: KINETIC ENERGY                                8.5497084028335E+02
 ::: TOTAL   ENERGY                               -8.5644423822473E+02
 ::: VIRIAL COEFFICIENT                            9.9913907621834E-01
 TTTTTTTTTTTTTTTTTTTTTTTTTTTTTT MONMO3      TELAPSE       24.96 TCPU       24.91
 CYC   6 ETOT(AU) -8.564442382247E+02 DETOT -5.87E-08 tst  1.80E-09 PX  2.68E-04

 == SCF ENDED - CONVERGENCE ON ENERGY      E(AU) -8.5644423822473E+02 CYCLES   6

 TOTAL ENERGY(HF)(AU)(   6) -8.5644423822473E+02 DE-5.9E-08 tst 1.8E-09 PX 2.7E-04

 NEIGHBORS OF THE NON-EQUIVALENT ATOMS

 N = NUMBER OF NEIGHBORS AT DISTANCE R
    ATOM  N     R/ANG      R/AU   NEIGHBORS (ATOM LABELS AND CELL INDICES)
   1 F    6     2.0100     3.7983    9 LI   0 0 0   11 LI   0 0 0   12 LI   0 0 0
                                    13 LI   0 0 0   14 LI   0 0 0   16 LI   0 0 0
   1 F   12     2.8426     5.3717    2 F    0 0 0    2 F    0 0-1    3 F    0 0 0
                                     3 F    0-1 0    4 F    0 0-1    4 F    0-1 0
                                     5 F    0 0 0    5 F   -1 0 0    6 F    0 0-1
                                     6 F   -1 0 0    7 F   -1 0 0    7 F    0-1 0
   1 F    8     3.4814     6.5789   10 LI   0 0 0   10 LI   1 0 0   10 LI   0 1 0
                                    10 LI   0 0 1   15 LI   0 0 0   15 LI  -1 0 0
                                    15 LI   0-1 0   15 LI   0 0-1
   1 F    6     4.0200     7.5967    8 F   -1 0 0    8 F    0-1 0    8 F    0 0-1
                                     8 F   -1-1 0    8 F   -1 0-1    8 F    0-1-1
   1 F   24     4.4945     8.4934    9 LI   1 0 0    9 LI   1 0-1    9 LI   0 1 0
                                     9 LI   0 1-1   11 LI   0-1 0   11 LI   1-1 0
                                    11 LI   0 0-1   11 LI   1 0-1   12 LI   0 0 1
                                    12 LI   0-1 1   12 LI   1 0 0   12 LI   1-1 0
                                    13 LI   0 0-1   13 LI   0 1-1   13 LI  -1 0 0
                                    13 LI  -1 1 0   14 LI   0 1 0   14 LI  -1 1 0
                                    14 LI   0 0 1   14 LI  -1 0 1   16 LI  -1 0 0
                                    16 LI  -1 0 1   16 LI   0-1 0   16 LI   0-1 1
   1 F   24     4.9235     9.3040    2 F   -1 0 0    2 F    1 0-1    2 F    0-1 0
                                     2 F    0 1-1    3 F    0 0-1    3 F    0-1 1
                                     3 F   -1 0 0    3 F    1-1 0    4 F   -1 0 0
                                     4 F    1-1-1    4 F    0 0 0    4 F    0-1-1
                                     5 F    0-1 0    5 F   -1 1 0    5 F    0 0-1
                                     5 F   -1 0 1    6 F    0 0 0    6 F   -1 0-1
                                     6 F    0-1 0    6 F   -1 1-1    7 F    0 0 0
                                     7 F   -1-1 0    7 F    0 0-1    7 F   -1-1 1

   2 F    6     2.0100     3.7983   10 LI   0 0 1   11 LI   0 0 0   12 LI   0 0 1
                                    13 LI   0 0 0   14 LI   0 0 1   15 LI   0 0 0
   2 F   12     2.8426     5.3717    1 F    0 0 0    1 F    0 0 1    3 F    0 0 0
                                     3 F    0-1 1    4 F    0 0 0    4 F    0-1 0
                                     5 F    0 0 0    5 F   -1 0 1    6 F    0 0 0
                                     6 F   -1 0 0    8 F   -1 0 0    8 F    0-1 0
   2 F    8     3.4814     6.5789    9 LI   0 0 0    9 LI   1 0 0    9 LI   0 1 0
                                     9 LI   0 0 1   16 LI   0 0 1   16 LI   0-1 1
                                    16 LI  -1 0 1   16 LI   0 0 0
   2 F    6     4.0200     7.5967    7 F    0 0 0    7 F    0-1 1    7 F   -1 0 1
                                     7 F   -1 0 0    7 F    0-1 0    7 F   -1-1 1
   2 F   24     4.4945     8.4934   10 LI   1 0 0   10 LI   0 1 0   10 LI   1 0 1
                                    10 LI   0 1 1   11 LI   0 0 1   11 LI   1 0 0
                                    11 LI   0-1 1   11 LI   1-1 0   12 LI   0 0 0
                                    12 LI   0-1 1   12 LI   1 0 0   12 LI   1-1 1
                                    13 LI   0 0 1   13 LI  -1 0 1   13 LI   0 1 0
                                    13 LI  -1 1 0   14 LI   0 0 0   14 LI   0 1 0
                                    14 LI  -1 0 1   14 LI  -1 1 1   15 LI   0-1 1
                                    15 LI  -1 0 1   15 LI   0-1 0   15 LI  -1 0 0
   2 F   24     4.9235     9.3040    1 F    1 0 0    1 F   -1 0 1    1 F    0 1 0
                                     1 F    0-1 1    3 F   -1 0 1    3 F    1-1 0
                                     3 F    0-1 0    3 F    0 0 1    4 F    1-1 0
                                     4 F   -1 0 0    4 F    0 0-1    4 F    0-1 1
                                     5 F   -1 1 0    5 F    0-1 1    5 F    0 0 1
                                     5 F   -1 0 0    6 F    0-1 0    6 F   -1 1 0
                                     6 F   -1 0 1    6 F    0 0-1    8 F    0 0 0
                                     8 F   -1-1 0    8 F    0 0-1    8 F   -1-1 1

   8 F    6     2.0100     3.7983    9 LI   1 1 0   11 LI   1 0 0   12 LI   1 0 1
                                    13 LI   0 1 0   14 LI   0 1 1   16 LI   0 0 1
   8 F   12     2.8426     5.3717    2 F    1 0 0    2 F    0 1 0    3 F    0 0 1
                                     3 F    1 0 0    4 F    0 0 0    4 F    1 0 0
                                     5 F    0 0 1    5 F    0 1 0    6 F    0 0 0
                                     6 F    0 1 0    7 F    0 0 0    7 F    0 0 1
   8 F    8     3.4814     6.5789   10 LI   1 1 0   10 LI   1 0 1   10 LI   0 1 1
                                    10 LI   1 1 1   15 LI   0 0 1   15 LI   1 0 0
                                    15 LI   0 1 0   15 LI   0 0 0
   8 F    6     4.0200     7.5967    1 F    1 0 0    1 F    0 1 0    1 F    0 0 1
                                     1 F    1 1 0    1 F    1 0 1    1 F    0 1 1
   8 F   24     4.4945     8.4934    9 LI   1 0 0    9 LI   0 1 0    9 LI   1 0 1
                                     9 LI   0 1 1   11 LI   1 0 1   11 LI   0 0 1
                                    11 LI   1 1 0   11 LI   0 1 0   12 LI   0 0 1
                                    12 LI   1 0 0   12 LI   0 1 1   12 LI   1 1 0
                                    13 LI   0 0 1   13 LI   0 1 1   13 LI   1 0 0
                                    13 LI   1 1 0   14 LI   0 1 0   14 LI   0 0 1
                                    14 LI   1 1 0   14 LI   1 0 1   16 LI   1 0 0
                                    16 LI   1 0 1   16 LI   0 1 0   16 LI   0 1 1
   8 F   24     4.9235     9.3040    2 F    0 0 0    2 F    1 1 0    2 F    0 0 1
                                     2 F    1 1-1    3 F    0 0 0    3 F    1 0 1
                                     3 F    0 1 0    3 F    1-1 1    4 F    0 1 0
                                     4 F    1-1 0    4 F    0 0 1    4 F    1 0-1
                                     5 F    1 0 0    5 F   -1 1 1    5 F    0 0 0
                                     5 F    0 1 1    6 F    0 0 1    6 F    0 1-1
                                     6 F    1 0 0    6 F   -1 1 0    7 F    1 0 0
                                     7 F   -1 0 1    7 F    0 1 0    7 F    0-1 1

   9 LI   6     2.0100     3.7983    1 F    0 0 0    3 F    0-1 0    4 F    0-1 0
                                     5 F   -1 0 0    6 F   -1 0 0    8 F   -1-1 0
   9 LI  12     2.8426     5.3717   10 LI   0 0 0   10 LI   0 0 1   11 LI   0 0 0
                                    11 LI   0-1 0   12 LI   0 0 0   12 LI   0-1 1
                                    13 LI   0 0 0   13 LI  -1 0 0   14 LI   0 0 0
                                    14 LI  -1 0 1   15 LI  -1 0 0   15 LI   0-1 0
   9 LI   8     3.4814     6.5789    2 F    0 0 0    2 F   -1 0 0    2 F    0-1 0
                                     2 F    0 0-1    7 F   -1 0 0    7 F   -1-1 0
                                     7 F   -1-1 1    7 F    0-1 0
   9 LI   6     4.0200     7.5967   16 LI   0 0 0   16 LI   0-1 0   16 LI   0-1 1
                                    16 LI  -1 0 1   16 LI  -1 0 0   16 LI  -1-1 1
   9 LI  24     4.4945     8.4934    1 F   -1 0 0    1 F   -1 0 1    1 F    0-1 0
                                     1 F    0-1 1    3 F    0 0 0    3 F   -1 0 0
                                     3 F    0-1 1    3 F   -1-1 1    4 F    0 0-1
                                     4 F    0-1-1    4 F   -1 0 0    4 F   -1-1 0
                                     5 F    0 0 0    5 F   -1 0 1    5 F    0-1 0
                                     5 F   -1-1 1    6 F    0 0-1    6 F    0-1 0
                                     6 F   -1 0-1    6 F   -1-1 0    8 F   -1 0 0
                                     8 F    0-1 0    8 F   -1 0-1    8 F    0-1-1
   9 LI  24     4.9235     9.3040   10 LI   1 0 0   10 LI  -1 0 1   10 LI   0 1 0
                                    10 LI   0-1 1   11 LI  -1 0 0   11 LI   1-1 0
                                    11 LI   0-1 1   11 LI   0 0-1   12 LI   1-1 0
                                    12 LI  -1 0 1   12 LI   0 0 1   12 LI   0-1 0
                                    13 LI   0 0-1   13 LI  -1 0 1   13 LI  -1 1 0
                                    13 LI   0-1 0   14 LI   0-1 1   14 LI  -1 1 0
                                    14 LI  -1 0 0   14 LI   0 0 1   15 LI   0 0 0
                                    15 LI  -1-1 0   15 LI   0 0-1   15 LI  -1-1 1

  10 LI   6     2.0100     3.7983    2 F    0 0-1    3 F    0-1 0    4 F    0-1-1
                                     5 F   -1 0 0    6 F   -1 0-1    7 F   -1-1 0
  10 LI  12     2.8426     5.3717    9 LI   0 0 0    9 LI   0 0-1   11 LI   0 0-1
                                    11 LI   0-1 0   12 LI   0 0 0   12 LI   0-1 0
                                    13 LI   0 0-1   13 LI  -1 0 0   14 LI   0 0 0
                                    14 LI  -1 0 0   16 LI  -1 0 0   16 LI   0-1 0
  10 LI   8     3.4814     6.5789    1 F    0 0 0    1 F   -1 0 0    1 F    0-1 0
                                     1 F    0 0-1    8 F   -1-1 0    8 F   -1 0-1
                                     8 F    0-1-1    8 F   -1-1-1
  10 LI   6     4.0200     7.5967   15 LI  -1 0 0   15 LI   0-1 0   15 LI   0 0-1
                                    15 LI  -1-1 0   15 LI  -1 0-1   15 LI   0-1-1
  10 LI  24     4.4945     8.4934    2 F   -1 0 0    2 F    0-1 0    2 F   -1 0-1
                                     2 F    0-1-1    3 F    0 0-1    3 F   -1 0 0
                                     3 F    0-1-1    3 F   -1-1 0    4 F   -1 0-1
                                     4 F    0 0-1    4 F   -1-1 0    4 F    0-1 0
                                     5 F    0-1 0    5 F    0 0-1    5 F   -1-1 0
                                     5 F   -1 0-1    6 F    0 0-1    6 F    0-1-1
                                     6 F   -1 0 0    6 F   -1-1 0    7 F   -1 0 0
                                     7 F   -1 0-1    7 F    0-1 0    7 F    0-1-1
  10 LI  24     4.9235     9.3040    9 LI  -1 0 0    9 LI   1 0-1    9 LI   0-1 0
                                     9 LI   0 1-1   11 LI  -1 0 0   11 LI   1-1-1
                                    11 LI   0 0 0   11 LI   0-1-1   12 LI   0 0-1
                                    12 LI   0-1 1   12 LI  -1 0 0   12 LI   1-1 0
                                    13 LI   0 0 0   13 LI  -1 0-1   13 LI   0-1 0
                                    13 LI  -1 1-1   14 LI   0-1 0   14 LI  -1 1 0
                                    14 LI   0 0-1   14 LI  -1 0 1   16 LI   0 0 0
                                    16 LI  -1-1 0   16 LI   0 0-1   16 LI  -1-1 1

 TTTTTTTTTTTTTTTTTTTTTTTTTTTTTT AFTER FIRST TELAPSE       24.97 TCPU       24.91
 MMMMMMMMMMMMMMMMMMMMMMMMMMMMMMMMMMMMMMMMMMMMMMMMMMMMMMMMMMMMMMMMMMMMMMMMMMMMMMM
     ALPHA+BETA ELECTRONS
 MULLIKEN POPULATION ANALYSIS - NO. OF ELECTRONS   96.000000

  ATOM    Z CHARGE  A.O. POPULATION

   1 F    9  9.977  1.999  0.809  1.028  1.028  1.028  1.027  0.728  0.728
                    0.728  0.155  0.240  0.240  0.240
   2 F    9  9.977  1.999  0.809  1.028  1.028  1.028  1.027  0.728  0.728
                    0.728  0.155  0.240  0.240  0.240
   3 F    9  9.977  1.999  0.809  1.028  1.028  1.028  1.027  0.728  0.728
                    0.728  0.155  0.240  0.240  0.240
   4 F    9  9.977  1.999  0.809  1.028  1.028  1.028  1.027  0.728  0.728
                    0.728  0.155  0.240  0.240  0.240
   5 F    9  9.977  1.999  0.809  1.028  1.028  1.028  1.027  0.728  0.728
                    0.728  0.155  0.240  0.240  0.240
   6 F    9  9.977  1.999  0.809  1.028  1.028  1.028  1.027  0.728  0.728
                    0.728  0.155  0.240  0.240  0.240
   7 F    9  9.977  1.999  0.809  1.028  1.028  1.028  1.027  0.728  0.728
                    0.728  0.155  0.240  0.240  0.240
   8 F    9  9.977  1.999  0.809  1.028  1.028  1.028  1.027  0.728  0.728
                    0.728  0.155  0.240  0.240  0.240
   9 LI   3  2.023  1.615  0.372  0.012  0.012  0.012
  10 LI   3  2.023  1.615  0.372  0.012  0.012  0.012
  11 LI   3  2.023  1.615  0.372  0.012  0.012  0.012
  12 LI   3  2.023  1.615  0.372  0.012  0.012  0.012
  13 LI   3  2.023  1.615  0.372  0.012  0.012  0.012
  14 LI   3  2.023  1.615  0.372  0.012  0.012  0.012
  15 LI   3  2.023  1.615  0.372  0.012  0.012  0.012
  16 LI   3  2.023  1.615  0.372  0.012  0.012  0.012

  ATOM    Z CHARGE  SHELL POPULATION

   1 F    9  9.977  1.999  3.894  3.210  0.874
   2 F    9  9.977  1.999  3.894  3.210  0.874
   3 F    9  9.977  1.999  3.894  3.210  0.874
   4 F    9  9.977  1.999  3.894  3.210  0.874
   5 F    9  9.977  1.999  3.894  3.210  0.874
   6 F    9  9.977  1.999  3.894  3.210  0.874
   7 F    9  9.977  1.999  3.894  3.210  0.874
   8 F    9  9.977  1.999  3.894  3.210  0.874
   9 LI   3  2.023  1.615  0.408
  10 LI   3  2.023  1.615  0.408
  11 LI   3  2.023  1.615  0.408
  12 LI   3  2.023  1.615  0.408
  13 LI   3  2.023  1.615  0.408
  14 LI   3  2.023  1.615  0.408
  15 LI   3  2.023  1.615  0.408
  16 LI   3  2.023  1.615  0.408

 OVERLAP POPULATION CONDENSED TO ATOMS FOR FIRST   6 NEIGHBORS

 ATOM A   1 F    ATOM B     CELL      R(AB)/AU R(AB)/ANG    OVPOP(AB)
                  9 LI   (  0  0  0)     3.798     2.010    -0.001
                  2 F    (  0  0  0)     5.372     2.843    -0.027
                 10 LI   (  0  0  0)     6.579     3.481    -0.000
                  8 F    ( -1  0  0)     7.597     4.020     0.001
                  9 LI   (  1  0  0)     8.493     4.494    -0.000
                  2 F    ( -1  0  0)     9.304     4.923    -0.000

 ATOM A   2 F    ATOM B     CELL      R(AB)/AU R(AB)/ANG    OVPOP(AB)
                 10 LI   (  0  0  1)     3.798     2.010    -0.001
                  1 F    (  0  0  0)     5.372     2.843    -0.027
                  9 LI   (  0  0  0)     6.579     3.481    -0.000
                  7 F    (  0  0  0)     7.597     4.020     0.001
                 10 LI   (  1  0  0)     8.493     4.494    -0.000
                  1 F    (  1  0  0)     9.304     4.923    -0.000

 ATOM A   8 F    ATOM B     CELL      R(AB)/AU R(AB)/ANG    OVPOP(AB)
                  9 LI   (  1  1  0)     3.798     2.010    -0.001
                  2 F    (  1  0  0)     5.372     2.843    -0.027
                 10 LI   (  1  1  0)     6.579     3.481    -0.000
                  1 F    (  1  0  0)     7.597     4.020     0.001
                  9 LI   (  1  0  0)     8.493     4.494    -0.000
                  2 F    (  0  0  0)     9.304     4.923    -0.000

 ATOM A   9 LI   ATOM B     CELL      R(AB)/AU R(AB)/ANG    OVPOP(AB)
                  1 F    (  0  0  0)     3.798     2.010    -0.001
                 10 LI   (  0  0  0)     5.372     2.843     0.000
                  2 F    (  0  0  0)     6.579     3.481    -0.000
                 16 LI   (  0  0  0)     7.597     4.020     0.000
                  1 F    ( -1  0  0)     8.493     4.494    -0.000
                 10 LI   (  1  0  0)     9.304     4.923     0.000

 ATOM A  10 LI   ATOM B     CELL      R(AB)/AU R(AB)/ANG    OVPOP(AB)
                  2 F    (  0  0 -1)     3.798     2.010    -0.001
                  9 LI   (  0  0  0)     5.372     2.843     0.000
                  1 F    (  0  0  0)     6.579     3.481    -0.000
                 15 LI   ( -1  0  0)     7.597     4.020     0.000
                  2 F    ( -1  0  0)     8.493     4.494    -0.000
                  9 LI   ( -1  0  0)     9.304     4.923     0.000
 EIGENVECTORS IN FORTRAN UNIT  8
 TTTTTTTTTTTTTTTTTTTTTTTTTTTTTT END         TELAPSE       24.98 TCPU       24.93
 EEEEEEEEEE TERMINATION  DATE 20 09 2024 TIME 14:03:59.9
