
         
 *******************************************************************************
 *                                                                             *
 *                               CRYSTAL23                                     *
 *                      public : 1.0.1 - October 2022                          *
 *                       HTTP://WWW.CRYSTAL.UNITO.IT                           *
 *                                                                             *
 *                              MAIN AUTHORS                                   *
 *                                                                             *
 *  R. DOVESI(1,11), V.R. SAUNDERS(2), C. ROETTI(1,11), R. ORLANDO(1,11),      *
 *  C.M. ZICOVICH-WILSON(1,3), F. PASCALE(4), B. CIVALLERI(1,11),              *
 *  K. DOLL(5), N.M. HARRISON(6), I.J. BUSH(7), Ph. D'ARCO(8),                 *
 *  M. LLUNELL(9), M. CAUSA'(10), Y. NOEL(8), L. MASCHIO(1,11), A. ERBA(1,11)  *
 *  M. RE'RAT(14), S. CASASSA(1,11), B.G. SEARLE(2), J.K. DESMARAIS(1)         *
 *                                                                             *
 *        CONTRIBUTIONS TO THE CODE HAVE ALSO BEEN GIVEN BY                    *
 *                                                                             *
 *  M. FERRABONE(1,11), M. DE LA PIERRE(1,11), M. FERRERO(1,11),               *
 *  J. BAIMA(1,11), E. ALBANESE(1,11), M.F. PEINTINGER(12), R. BAST(13),       *
 *  B. KIRTMAN(15), V. LACIVITA(1,11), R. DEMICHELIS(1,16)                     *
 *  G. BRANDEBURG(17), S. SALUSTRO(1,11), G. SANSONE(1,11)                     *
 *  M.T. RUGGIERO(18), L.E. DAGA(1), L. DONA'(1), A. COSSARD(1)                *
 *                                                                             *
 * (1) THEORETICAL CHEMISTRY GROUP - UNIVERSITA' DI TORINO - TORINO (ITALY)    *
 * (2) SCIENTIFIC COMPUTING DEPARTMENT - STFC DARESBURY (UK)                   *
 * (3) UNIVERSIDAD AUTONOMA DEL ESTADO DE MORELOS - CUERNAVACA (MEXICO)        *
 * (4) UNIVERSITE' DE LORRAINE - NANCY (FRANCE)                                *
 * (5) UNIVERSITAET STUTTGART- STUTTGART (GERMANY)                             *
 * (6) IMPERIAL COLLEGE - LONDON (UK)                                          *
 * (7) SCIENTIFIC COMPUTING DEPARTMENT - STFC RAL (UK)                         *
 * (8) UPMC - SORBONNE UNIVERSITES - PARIS (FRANCE)                            *
 * (9) UNIVERSIDAD DE BARCELONA - BARCELONA (SPAIN)                            *
 *(10) UNIVERSITA' DI NAPOLI "FEDERICO II" - NAPOLI (ITALY)                    *
 *(11) NIS - NANOSTRUCTURED INTERFACES AND SURFACES - TORINO (ITALY)           *
 *(12) MPI FUER CHEMISCHE ENERGIEKONVERSION - MUELHEIM AN DER RUHR (GERMANY)   *
 *(13) UNIVERSITY OF TROMSO - TROMSO (NORWAY)                                  *
 *(14) UNIVERSITE' DE PAU ET DES PAYS DE L'ADOUR - PAU (FRANCE)                *
 *(15) UNIVERSITY OF CALIFORNIA SANTA BARBARA - SANTA BARBARA (USA)            *
 *(16) CURTIN UNIVERSITY - PERTH (AUSTRALIA)                                   *
 *(17) UNIVERSITY COLLEGE LONDON - LONDON (UK)                                 *
 *(18) UNIVERSITY OF VERMONT - BURLINGTON (USA)                                *
 *                                                                             *
 *******************************************************************************
 EEEEEEEEEE STARTING  DATE 20 09 2024 TIME 14:06:54.3
 INFORMATION **** SET_MPP **** PCRYSTAL CALCULATION

 *******************************************************************************
 LiF                                                                             
 CRYSTAL - PROPERTIES - TYPE OF CALCULATION :  UNRESTRICTED OPEN SHELL
 *******************************************************************************
 SPIN POLARIZED SYSTEM: SUMMED SPIN DENSITY    1.00000000

 HARTREE-FOCK HAMILTONIAN

 DIRECT LATTICE VECTOR COMPONENTS (ANGSTROM)
         0.00000    4.02000    4.02000
         4.02000    0.00000    4.02000
         4.02000    4.02000    0.00000

 LATTICE PARAMETERS  (ANGSTROM AND DEGREES) - PRIMITIVE CELL
       A          B          C         ALPHA      BETA     GAMMA        VOLUME
    5.68514    5.68514    5.68514     60.0000   60.0000   60.0000     129.92962
 *******************************************************************************
 N. OF ATOMS PER CELL        16 COULOMB OVERLAP TOL          (T1) 10**   -6
 NUMBER OF SHELLS            48 COULOMB PENETRATION TOL      (T2) 10**   -6
 NUMBER OF AO               144 EXCHANGE OVERLAP TOL         (T3) 10**   -6
 N. OF ELECTRONS PER CELL    87 EXCHANGE PSEUDO OVP (F(G))   (T4) 10**   -6
 CORE ELECTRONS PER CELL     30 EXCHANGE PSEUDO OVP (P(G))   (T5) 10**  -12
 N. OF SYMMETRY OPERATORS    48 POLE ORDER IN MONO ZONE                   4
 *******************************************************************************
   ATOM N.AT.  SHELL    X(A)      Y(A)      Z(A)      EXAD       N.ELECT.
 *******************************************************************************
    1    0 XX    4     0.000     0.000     0.000   1.370E-01       0.911
    2    9 F     4     2.010     2.010     0.000   1.370E-01       9.988
    3    9 F     4     2.010     0.000     2.010   1.370E-01       9.988
    4    9 F     4     4.020     2.010     2.010   1.370E-01       9.988
    5    9 F     4     0.000     2.010     2.010   1.370E-01       9.988
    6    9 F     4     2.010     4.020     2.010   1.370E-01       9.988
    7    9 F     4     2.010     2.010     4.020   1.370E-01       9.988
    8    9 F     4     4.020     4.020     4.020   1.370E-01       9.973
    9    3 LI    2     0.000    -0.000    -2.010   5.250E-01       2.023
   10    3 LI    2    -2.010    -2.010    -2.010   5.250E-01       2.023
   11    3 LI    2     2.010    -0.000    -0.000   5.250E-01       2.023
   12    3 LI    2     0.000    -2.010    -0.000   5.250E-01       2.023
   13    3 LI    2     0.000     2.010     0.000   5.250E-01       2.023
   14    3 LI    2    -2.010     0.000     0.000   5.250E-01       2.023
   15    3 LI    2     2.010     2.010     2.010   5.250E-01       2.023
   16    3 LI    2     0.000     0.000     2.010   5.250E-01       2.023
 *******************************************************************************
 DE(K)                   0.000E+00  ENERGY LEVEL SHIFTING        0.00000
 TOTAL ENERGY -7.5681272153574E+02  CONVERGENCE ON ENER       -3.630E-08
 KIN. ENERGY   7.5564486340251E+02  VIR. COEFF.           9.99227841E-01
 N. OF SCF CYCLES               10  FERMI ENERGY              -0.133E+00
 WEIGHT OF F(I) IN F(I+1)      30
 SHRINK. FACT.(MONKH.)     4  4  4  SHRINKING FACTOR(GILAT NET)        8
 NUMBER OF K POINTS IN THE IBZ   8  CELL VOLUME (A.U.)        876.808522
 *******************************************************************************

 GCALCO - MAX INDICES DIRECT LATTICE VECTOR    14    14    14
 NO.OF VECTORS CREATED 6999 STARS  105 RMAX   113.69698 BOHR
 TTTTTTTTTTTTTTTTTTTTTTTTTTTTTT gordsh1     TELAPSE        0.06 TCPU        0.06

 MATRIX SIZE: P(G)  214736, F(G)   33616, P(G) IRR    5020, F(G) IRR    2121
 MAX G-VECTOR INDEX FOR 1- AND 2-ELECTRON INTEGRALS 133


 CAPPA:IS1  4;IS2  4;IS3  4; K PTS MONK NET   8; SYMMOPS:K SPACE  48;G SPACE  48

 WARNING **** F90MAIN3 **** BF SYMMETRY ADAPTED-INFO MODIFIED BY BAND-CALL NEWK


 *******************************************************************************
 *                                                                             *
 *  BAND STRUCTURE                                                             *
 *  Band Structure                                                             *
 *  FROM BAND  16 TO BAND  50                                                  *
 *  TOTAL OF  30 K-POINTS ALONG THE PATH                                       *
 *                                                                             *
 *******************************************************************************

 LINE  1 ( 0.00 0.00 0.00: 0.50 0.00 0.50) IN TERMS OF PRIMITIVE LATTICE VECTORS
  20 POINTS - SHRINKING_FACTOR  76
 CARTESIAN COORD. ( 0.000 0.000 0.000):( 0.000 0.414 0.000) STEP  0.0218


 LINE  2 ( 0.50 0.00 0.50: 0.50 0.25 0.75) IN TERMS OF PRIMITIVE LATTICE VECTORS
  10 POINTS - SHRINKING_FACTOR  40
 CARTESIAN COORD. ( 0.000 0.414 0.000):( 0.207 0.414 0.000) STEP  0.0207


  700 DATA WRITTEN ON UNIT 25 WITH THE FOLLOWING HEADER :
 -%-1BAND      0    0    0    2    0    2

  350 DATA WRITTEN ON UNIT 25 WITH THE FOLLOWING HEADER :
 -%-1BAND      2    0    2    2    1    3

 ENERGY RANGE (A.U.)   -1.46941 -   0.49312 EFERMI  -0.13348
     |***-----------------------------------------------***--****------------------*-----------------------------*----*-----|
     |***                                               ***  ****                  *                             *    *     |
     |***                                               ***  ****                  *                             *   ***    |
     |***                                               ***  ***                   *                             *   ***    |
     |***                                               ***  ***                   *                             *   ***    |
     |***                                               ***  ***                   *                              * *** *   |
     |***                                               ***  ***                   *                              * *** *   |
     |***                                               ***  ***                    *                             * *** *   |
     |***                                               ***  ***                    *                             * * *  *  |
     |***                                                ** ****                    *                             *** *  *  |
     |***                                                ** ****                    *                             ***  * *  |
     |***                                                ** ****                    *                            * **  *  * |
     |***                                                ** ****                     *                           * * * *  * |
     |***                                                ** ****                     *                           * * * *  * |
     |***                                                ** ****                     *                           * * *  *  *|
     |***                                                *******                     *                          *  *  * *  *|
     | **                                                 ******                     *                          * *   * *  *|
     | **                                                 ******                      *                         * *   * *  *|
     | **                                                 ******                      *                         * *   * *  *|
     |-**-------------------------------------------------******----------------------*-------------------------*-*---*-*--*|
     | **                                                 ******                      *                         * *   * *  *|
     | **                                                 ******                      *                         * *   * *  *|
     | **                                                 ******                      *                         * *   * *  *|
     | **                                                 ******                      *                         * *    * * *|
     | **                                                 ******                      *                         * *    * * *|
     | **                                                 ******                      *                         * *    * ** |
     | **                                                 ******                      *                         ***    * ** |
     | *                                                  ******                      *                         ***    *  * |
     | *                                                  ******                      *                          **    *  * |
     |-*--------------------------------------------------***-**----------------------*--------------------------**----*--*-|

  700 DATA WRITTEN ON UNIT 25 WITH THE FOLLOWING HEADER :
 -%-1BAND      0    0    0    2    0    2

  350 DATA WRITTEN ON UNIT 25 WITH THE FOLLOWING HEADER :
 -%-1BAND      2    0    2    2    1    3

 ENERGY RANGE (A.U.)   -1.46804 -   0.51129 EFERMI  -0.13348
     |***----------------------------------------------***--****----------------------------------------*--------*---*--*---|
     |***                                              ***  ****                                        *        *   *  *   |
     |***                                              ***  ****                                         *       *   *  **  |
     |***                                               **  ****                                         *       *   *  **  |
     |***                                               **  ****                                         *       *   *  **  |
     |***                                               * * ****                                         *       *   *  **  |
     |***                                               * * ****                                         *       *   * * *  |
     |***                                               * * ****                                         *       *   * * *  |
     |***                                               *** ****                                         *        *  *** *  |
     |***                                               *** ****                                          *       * * *   * |
     |***                                               *** ****                                          *       * * *   * |
     |***                                               *** ****                                          *       * * *   * |
     |***                                               *** ****                                          *       * ***   * |
     |***                                                ** ****                                           *      * ** *  * |
     |***                                                ** ****                                           *      * ** *   *|
     |***                                                ** ****                                           *      * ** *   *|
     | **                                                *******                                           *      * ** *   *|
     | **                                                *******                                           *      * ** *   *|
     | **                                                 ******                                           *      * * **   *|
     |-**-------------------------------------------------******-------------------------------------------*------*-*-**---*|
     | **                                                 ******                                           *      * * **   *|
     | **                                                 ******                                           *      * * * *  *|
     | **                                                 ******                                           *      * * * *  *|
     | **                                                 ******                                           *      * * * *  *|
     | **                                                 ******                                           *      * * *  ** |
     | **                                                 *****                                            *      *** *  ** |
     | **                                                 *****                                            *      *** *  ** |
     | **                                                 *****                                            *      ***  *  * |
     | **                                                 *****                                            *      ***  * ** |
     |-*--------------------------------------------------*****--------------------------------------------*------*-*--*-**-|

 CAPPA:IS1  4;IS2  4;IS3  4; K PTS MONK NET   8; SYMMOPS:K SPACE  48;G SPACE  48

 TTTTTTTTTTTTTTTTTTTTTTTTTTTTTT BAND        TELAPSE        0.26 TCPU        0.25
 ENDPROP   
 TTTTTTTTTTTTTTTTTTTTTTTTTTTTTT END         TELAPSE        0.26 TCPU        0.25
 EEEEEEEEEE TERMINATION  DATE 20 09 2024 TIME 14:06:54.5
