
 DFT PARAMETERS

     ATOM       ELECTRONS   NET CHARGE   R(ANGSTROM)
   1  12  MG     10.0000      2.0000     0.72000000
   2   8  O      10.0000     -2.0000     1.40000000

 SIZE OF GRID=       1437
 TTTTTTTTTTTTTTTTTTTTTTTTTTTTTT MAKE_GRID2  TELAPSE        8.11 TCPU        8.09
 BECKE WEIGHT FUNCTION
 RADSAFE =     2.00
 TOLERANCES - DENSITY:10**- 6; POTENTIAL:10**- 9; GRID WGT:10**-14

 RADIAL INTEGRATION  - INTERVALS (POINTS,UPPER LIMIT):            1( 75,  4.0*R)

 ANGULAR INTEGRATION - INTERVALS (ACCURACY LEVEL [N. POINTS] UPPER LIMIT):
  1(  4[  86]   0.2)  2(  8[ 194]   0.5)  3( 12[ 350]   0.9)  4( 16[ 974]   3.5)
  5( 12[ 350]9999.0)

 *******************************************************************************
 TEST11 - MGO BULK                                                               
 CRYSTAL - SCF - TYPE OF CALCULATION :  RESTRICTED CLOSED SHELL
 *******************************************************************************

 CAPPA:IS1  8;IS2  8;IS3  8; K PTS MONK NET  29; SYMMOPS:K SPACE  48;G SPACE  48

 TTTTTTTTTTTTTTTTTTTTTTTTTTTTTT SDIK        TELAPSE        8.13 TCPU        8.10

 INFORMATION FROM INTEGRAL EVALUATION

 RESTART FROM A PREVIOUS DENSITY MATRIX - DEP ACTIVE
 NUMBER OF COUPLE SETS (NEW, OLD, FOUND):      21      21      21
 NUMBER OF IRREDUCIBLE G VECTORS        :      75      75      75
 CHARGE NORMALIZATION FACTOR   1.00005114
 TOTAL ATOMIC CHARGES:
  10.0915157   9.9084843
 TTTTTTTTTTTTTTTTTTTTTTTTTTTTTT MOQGAD      TELAPSE        8.13 TCPU        8.11
 TTTTTTTTTTTTTTTTTTTTTTTTTTTTTT SHELLXN     TELAPSE        8.40 TCPU        8.38
 TTTTTTTTTTTTTTTTTTTTTTTTTTTTTT MONMO3      TELAPSE        8.41 TCPU        8.38
 NUMERICALLY INTEGRATED DENSITY     20.0000058872
 TTTTTTTTTTTTTTTTTTTTTTTTTTTTTT NUMDFT      TELAPSE        8.45 TCPU        8.43
 CYC   0 ETOT(AU) -2.754393282011E+02 DETOT -2.75E+02 tst  8.20E-14 PX  1.00E+00
 TTTTTTTTTTTTTTTTTTTTTTTTTTTTTT DIIS        TELAPSE        8.45 TCPU        8.43
 TTTTTTTTTTTTTTTTTTTTTTTTTTTTTT FDIK        TELAPSE        8.46 TCPU        8.43
 INSULATING STATE
 TOP OF VALENCE BANDS -    BAND     10; K    1; EIG -1.5127647E-01 AU
 BOTTOM OF VIRTUAL BANDS - BAND     11; K    1; EIG  2.2913676E-01 AU
 DIRECT ENERGY BAND GAP:  10.3516 eV
 TTTTTTTTTTTTTTTTTTTTTTTTTTTTTT PDIG        TELAPSE        8.46 TCPU        8.44
 CHARGE NORMALIZATION FACTOR   1.00000000
 TOTAL ATOMIC CHARGES:
  10.0902415   9.9097585
 TTTTTTTTTTTTTTTTTTTTTTTTTTTTTT MOQGAD      TELAPSE        8.47 TCPU        8.44
 TTTTTTTTTTTTTTTTTTTTTTTTTTTTTT SHELLXN     TELAPSE        8.74 TCPU        8.71
 TTTTTTTTTTTTTTTTTTTTTTTTTTTTTT MONMO3      TELAPSE        8.74 TCPU        8.71
 NUMERICALLY INTEGRATED DENSITY     20.0000058848
 TTTTTTTTTTTTTTTTTTTTTTTTTTTTTT NUMDFT      TELAPSE        8.78 TCPU        8.76
 CYC   1 ETOT(AU) -2.754313176434E+02 DETOT  8.01E-03 tst  0.00E+00 PX  1.12E-03
 TTTTTTTTTTTTTTTTTTTTTTTTTTTTTT DIIS        TELAPSE        8.79 TCPU        8.76
 DIIS TEST: 0.47831E-05 AT SCF   CYCLE   1 - MIX   30 %
 TTTTTTTTTTTTTTTTTTTTTTTTTTTTTT FDIK        TELAPSE        8.79 TCPU        8.77
 INSULATING STATE
 TOP OF VALENCE BANDS -    BAND     10; K    1; EIG -1.5011875E-01 AU
 BOTTOM OF VIRTUAL BANDS - BAND     11; K    1; EIG  2.2989541E-01 AU
 DIRECT ENERGY BAND GAP:  10.3407 eV
 TTTTTTTTTTTTTTTTTTTTTTTTTTTTTT PDIG        TELAPSE        8.81 TCPU        8.78
 CHARGE NORMALIZATION FACTOR   1.00000000
 TOTAL ATOMIC CHARGES:
  10.0905611   9.9094389
 TTTTTTTTTTTTTTTTTTTTTTTTTTTTTT MOQGAD      TELAPSE        8.81 TCPU        8.78
 TTTTTTTTTTTTTTTTTTTTTTTTTTTTTT SHELLXN     TELAPSE        9.08 TCPU        9.06
 TTTTTTTTTTTTTTTTTTTTTTTTTTTTTT MONMO3      TELAPSE        9.09 TCPU        9.06
 NUMERICALLY INTEGRATED DENSITY     20.0000058809
 TTTTTTTTTTTTTTTTTTTTTTTTTTTTTT NUMDFT      TELAPSE        9.13 TCPU        9.10
 CYC   2 ETOT(AU) -2.754313185458E+02 DETOT -9.02E-07 tst  3.49E-07 PX  1.37E-03
 TTTTTTTTTTTTTTTTTTTTTTTTTTTTTT DIIS        TELAPSE        9.14 TCPU        9.10
 DIIS TEST: 0.24245E-05 AT SCF   CYCLE   2 - DIIS ACTIVE - HISTORY:     2 CYCLES
 TTTTTTTTTTTTTTTTTTTTTTTTTTTTTT FDIK        TELAPSE        9.14 TCPU        9.11
 INSULATING STATE
 TOP OF VALENCE BANDS -    BAND     10; K    1; EIG -1.5047561E-01 AU
 BOTTOM OF VIRTUAL BANDS - BAND     11; K    1; EIG  2.2973894E-01 AU
 DIRECT ENERGY BAND GAP:  10.3462 eV
 TTTTTTTTTTTTTTTTTTTTTTTTTTTTTT PDIG        TELAPSE        9.15 TCPU        9.11
 CHARGE NORMALIZATION FACTOR   1.00000000
 TOTAL ATOMIC CHARGES:
  10.0904244   9.9095756
 TTTTTTTTTTTTTTTTTTTTTTTTTTTTTT MOQGAD      TELAPSE        9.15 TCPU        9.12
 TTTTTTTTTTTTTTTTTTTTTTTTTTTTTT SHELLXN     TELAPSE        9.42 TCPU        9.39
 TTTTTTTTTTTTTTTTTTTTTTTTTTTTTT MONMO3      TELAPSE        9.43 TCPU        9.39
 NUMERICALLY INTEGRATED DENSITY     20.0000058819
 TTTTTTTTTTTTTTTTTTTTTTTTTTTTTT NUMDFT      TELAPSE        9.47 TCPU        9.44
 CYC   3 ETOT(AU) -2.754313194470E+02 DETOT -9.01E-07 tst  6.70E-08 PX  5.97E-04
 TTTTTTTTTTTTTTTTTTTTTTTTTTTTTT DIIS        TELAPSE        9.47 TCPU        9.44
 DIIS TEST: 0.55012E-08 AT SCF   CYCLE   3 - DIIS ACTIVE - HISTORY:     3 CYCLES
 TTTTTTTTTTTTTTTTTTTTTTTTTTTTTT FDIK        TELAPSE        9.48 TCPU        9.44
 INSULATING STATE
 TOP OF VALENCE BANDS -    BAND     10; K    1; EIG -1.5046348E-01 AU
 BOTTOM OF VIRTUAL BANDS - BAND     11; K    1; EIG  2.2975161E-01 AU
 DIRECT ENERGY BAND GAP:  10.3462 eV
 TTTTTTTTTTTTTTTTTTTTTTTTTTTTTT PDIG        TELAPSE        9.48 TCPU        9.45
 CHARGE NORMALIZATION FACTOR   1.00000000
 TOTAL ATOMIC CHARGES:
  10.0904236   9.9095764
 TTTTTTTTTTTTTTTTTTTTTTTTTTTTTT MOQGAD      TELAPSE        9.49 TCPU        9.45
 TTTTTTTTTTTTTTTTTTTTTTTTTTTTTT SHELLXN     TELAPSE        9.78 TCPU        9.75
 TTTTTTTTTTTTTTTTTTTTTTTTTTTTTT MONMO3      TELAPSE        9.79 TCPU        9.75
 NUMERICALLY INTEGRATED DENSITY     20.0000058821
 TTTTTTTTTTTTTTTTTTTTTTTTTTTTTT NUMDFT      TELAPSE        9.84 TCPU        9.81
 CYC   4 ETOT(AU) -2.754313194462E+02 DETOT  7.91E-10 tst  5.67E-11 PX  1.99E-05
 TTTTTTTTTTTTTTTTTTTTTTTTTTTTTT DIIS        TELAPSE        9.85 TCPU        9.81
 DIIS TEST: 0.67862E-11 AT SCF   CYCLE   4 - DIIS ACTIVE - HISTORY:     4 CYCLES
 TTTTTTTTTTTTTTTTTTTTTTTTTTTTTT FDIK        TELAPSE        9.85 TCPU        9.81
 INSULATING STATE
 TOP OF VALENCE BANDS -    BAND     10; K    1; EIG -1.5046196E-01 AU
 BOTTOM OF VIRTUAL BANDS - BAND     11; K    1; EIG  2.2975389E-01 AU
 DIRECT ENERGY BAND GAP:  10.3462 eV
 TTTTTTTTTTTTTTTTTTTTTTTTTTTTTT PDIG        TELAPSE        9.86 TCPU        9.82
 CHARGE NORMALIZATION FACTOR   1.00000000
 TOTAL ATOMIC CHARGES:
  10.0904237   9.9095763
 TTTTTTTTTTTTTTTTTTTTTTTTTTTTTT MOQGAD      TELAPSE        9.86 TCPU        9.82
 TTTTTTTTTTTTTTTTTTTTTTTTTTTTTT SHELLXN     TELAPSE       10.15 TCPU       10.12
 +++ ENERGIES IN A.U. +++
 ::: EXT EL-POLE                                  -5.2486735685559E+02
 ::: EXT EL-SPHEROPOLE                             4.0808430150749E+00
 ::: BIELET ZONE E-E                               5.8680997503920E+02
 ::: TOTAL E-E                                     6.6023461198679E+01
 ::: TOTAL E-N + N-E                              -5.2218559137899E+02
 ::: TOTAL N-N                                    -7.3179831301293E+01
 ::: KINETIC ENERGY                                2.7428361637487E+02
 ::: PSEUDO TOTAL   ENERGY                        -2.5505834510673E+02
 ::: VIRIAL COEFFICIENT                            1.0363191899889E+00
 TTTTTTTTTTTTTTTTTTTTTTTTTTTTTT MONMO3      TELAPSE       10.16 TCPU       10.12
 NUMERICALLY INTEGRATED DENSITY     20.0000058821
 EXCHANGE ENERGY: -0.194442979421E+02  CORRELATION ENERGY: -0.928676397487E+00
 TTTTTTTTTTTTTTTTTTTTTTTTTTTTTT NUMDFT      TELAPSE       10.20 TCPU       10.16
 CYC   5 ETOT(AU) -2.754313194463E+02 DETOT -3.52E-11 tst  2.86E-13 PX  1.99E-05

 == SCF ENDED - CONVERGENCE ON ENERGY      E(AU) -2.7543131944628E+02 CYCLES   5


 ENERGY EXPRESSION=HARTREE+FOCK EXCH*0.20000+(BECKE      EXCH)*0.80000+LYP        CORR


 TOTAL ENERGY(DFT)(AU)(  5) -2.7543131944628E+02 DE-3.5E-11 tester 2.9E-13
 TTTTTTTTTTTTTTTTTTTTTTTTTTTTTT EDFT        TELAPSE       10.21 TCPU       10.16

 *******************************************************************************
 *                             FORCE CALCULATION                               *
 *******************************************************************************

 TTTTTTTTTTTTTTTTTTTTTTTTTTTTTT NUMDFG      TELAPSE       11.79 TCPU       11.75
 INFORMATION **** EXCPOG **** EXCH. BIPO BUFFER LENGTH (WORDS) =      409896
 INFORMATION **** GENPOG **** BIPO BUFFER LENGTH (WORDS) =       26000
 TTTTTTTTTTTTTTTTTTTTTTTTTTTTTT SHELXG      TELAPSE       15.30 TCPU       15.26

 CARTESIAN FORCES IN HARTREE/BOHR (ANALYTICAL)
   ATOM                     X                   Y                   Z
   1  12            -1.781427266964E-15 -3.092637861626E-18 -3.381758440956E-18
   2   8             1.782005508123E-15  3.309478296123E-18  3.381758440956E-18

 RESULTANT FORCE     5.782411586592E-19  2.168404344971E-19  0.000000000000E+00

 ATOMIC PART

 THERE ARE NO SYMMETRY ALLOWED DIRECTIONS

 CELL PART

 GRADIENT WITH RESPECT TO THE CELL PARAMETER IN HARTREE/BOHR
ORDER: -D/DA1X, -D/DA1Y, -D/DA1Z
       -D/DA2X, -D/DA2Y, -D/DA2Z
       -D/DA3X, -D/DA3Y, -D/DA3Z
  0.469819770469E-04 -0.469819770451E-04 -0.469819770457E-04
 -0.469819770458E-04  0.469819770461E-04 -0.469819770455E-04
 -0.469819770452E-04 -0.469819770457E-04  0.469819770457E-04

STRESS TENSOR, IN HARTREE/BOHR^3:
ORDER: 11 12 13
       21 22 23
       31 32 33
  0.297690003725E-05 -0.515873286013E-16 -0.328283410827E-16
 -0.140693874684E-16  0.297690003724E-05 -0.328285911442E-16
 -0.468985248708E-17 -0.341131142744E-22  0.297690003725E-05

PRESSURE FROM THE STRESS TENSOR,
IN HARTREE/BOHR^3: -0.29769E-05
PRESSURE IN GIGAPASCAL: -0.8758E-01
CONVERSION FACTOR: 1 HARTREE/BOHR^3= 29421 GIGAPASCAL
WHEN USING VALUES FOR BOHR RADIUS AND HARTREE
FROM IUPAC WEBSITE, APRIL 2009
ENTHALPY: -2.7543169273494E+02

 SYMMETRY ALLOWED FORCES (ANALYTICAL) (DIRECTION, FORCE)

    1 -6.4655493E-04
 TTTTTTTTTTTTTTTTTTTTTTTTTTTTTT TOTGRA      TELAPSE       15.41 TCPU       15.37
 INFORMATION **** optc002 **** GEOMETRY OUTPUT FILE

 DFT PARAMETERS

     ATOM       ELECTRONS   NET CHARGE   R(ANGSTROM)
   1  12  MG     10.0000      2.0000     0.72000000
   2   8  O      10.0000     -2.0000     1.40000000

 SIZE OF GRID=       1437
 TTTTTTTTTTTTTTTTTTTTTTTTTTTTTT MAKE_GRID2  TELAPSE       15.47 TCPU       15.42
 BECKE WEIGHT FUNCTION
 RADSAFE =     2.00
 TOLERANCES - DENSITY:10**- 6; POTENTIAL:10**- 9; GRID WGT:10**-14

 RADIAL INTEGRATION  - INTERVALS (POINTS,UPPER LIMIT):            1( 75,  4.0*R)

 ANGULAR INTEGRATION - INTERVALS (ACCURACY LEVEL [N. POINTS] UPPER LIMIT):
  1(  4[  86]   0.2)  2(  8[ 194]   0.5)  3( 12[ 350]   0.9)  4( 16[ 974]   3.5)
  5( 12[ 350]9999.0)

 *******************************************************************************
 TEST11 - MGO BULK                                                               
 CRYSTAL - SCF - TYPE OF CALCULATION :  RESTRICTED CLOSED SHELL
 *******************************************************************************

 CAPPA:IS1  8;IS2  8;IS3  8; K PTS MONK NET  29; SYMMOPS:K SPACE  48;G SPACE  48

 TTTTTTTTTTTTTTTTTTTTTTTTTTTTTT SDIK        TELAPSE       15.48 TCPU       15.44

 INFORMATION FROM INTEGRAL EVALUATION

 RESTART FROM A PREVIOUS DENSITY MATRIX - DEP ACTIVE
 NUMBER OF COUPLE SETS (NEW, OLD, FOUND):      21      21      21
 NUMBER OF IRREDUCIBLE G VECTORS        :      75      75      75
 CHARGE NORMALIZATION FACTOR   1.00000596
 TOTAL ATOMIC CHARGES:
  10.0904680   9.9095320
 TTTTTTTTTTTTTTTTTTTTTTTTTTTTTT MOQGAD      TELAPSE       15.49 TCPU       15.44
 TTTTTTTTTTTTTTTTTTTTTTTTTTTTTT SHELLXN     TELAPSE       15.76 TCPU       15.71
 TTTTTTTTTTTTTTTTTTTTTTTTTTTTTT MONMO3      TELAPSE       15.76 TCPU       15.72
 NUMERICALLY INTEGRATED DENSITY     20.0000062642
 TTTTTTTTTTTTTTTTTTTTTTTTTTTTTT NUMDFT      TELAPSE       15.81 TCPU       15.76
 CYC   0 ETOT(AU) -2.754322503036E+02 DETOT -2.75E+02 tst  2.86E-13 PX  1.00E+00
 TTTTTTTTTTTTTTTTTTTTTTTTTTTTTT DIIS        TELAPSE       15.81 TCPU       15.76
 TTTTTTTTTTTTTTTTTTTTTTTTTTTTTT FDIK        TELAPSE       15.81 TCPU       15.76
 INSULATING STATE
 TOP OF VALENCE BANDS -    BAND     10; K    1; EIG -1.5049520E-01 AU
 BOTTOM OF VIRTUAL BANDS - BAND     11; K    1; EIG  2.2984301E-01 AU
 DIRECT ENERGY BAND GAP:  10.3495 eV
 TTTTTTTTTTTTTTTTTTTTTTTTTTTTTT PDIG        TELAPSE       15.82 TCPU       15.77
 CHARGE NORMALIZATION FACTOR   1.00000000
 TOTAL ATOMIC CHARGES:
  10.0903224   9.9096776
 TTTTTTTTTTTTTTTTTTTTTTTTTTTTTT MOQGAD      TELAPSE       15.82 TCPU       15.78
 TTTTTTTTTTTTTTTTTTTTTTTTTTTTTT SHELLXN     TELAPSE       16.09 TCPU       16.05
 TTTTTTTTTTTTTTTTTTTTTTTTTTTTTT MONMO3      TELAPSE       16.10 TCPU       16.05
 NUMERICALLY INTEGRATED DENSITY     20.0000062638
 TTTTTTTTTTTTTTTTTTTTTTTTTTTTTT NUMDFT      TELAPSE       16.14 TCPU       16.09
 CYC   1 ETOT(AU) -2.754313194112E+02 DETOT  9.31E-04 tst  0.00E+00 PX  1.26E-04
 TTTTTTTTTTTTTTTTTTTTTTTTTTTTTT DIIS        TELAPSE       16.14 TCPU       16.09
 DIIS TEST: 0.61351E-07 AT SCF   CYCLE   1 - MIX   30 %
 TTTTTTTTTTTTTTTTTTTTTTTTTTTTTT FDIK        TELAPSE       16.15 TCPU       16.10
 INSULATING STATE
 TOP OF VALENCE BANDS -    BAND     10; K    1; EIG -1.5036435E-01 AU
 BOTTOM OF VIRTUAL BANDS - BAND     11; K    1; EIG  2.2992870E-01 AU
 DIRECT ENERGY BAND GAP:  10.3483 eV
 TTTTTTTTTTTTTTTTTTTTTTTTTTTTTT PDIG        TELAPSE       16.15 TCPU       16.10
 CHARGE NORMALIZATION FACTOR   1.00000000
 TOTAL ATOMIC CHARGES:
  10.0903587   9.9096413
 TTTTTTTTTTTTTTTTTTTTTTTTTTTTTT MOQGAD      TELAPSE       16.16 TCPU       16.11
 TTTTTTTTTTTTTTTTTTTTTTTTTTTTTT SHELLXN     TELAPSE       16.43 TCPU       16.38
 TTTTTTTTTTTTTTTTTTTTTTTTTTTTTT MONMO3      TELAPSE       16.43 TCPU       16.38
 NUMERICALLY INTEGRATED DENSITY     20.0000062634
 TTTTTTTTTTTTTTTTTTTTTTTTTTTTTT NUMDFT      TELAPSE       16.48 TCPU       16.43
 CYC   2 ETOT(AU) -2.754313194287E+02 DETOT -1.75E-08 tst  4.46E-09 PX  1.55E-04
 TTTTTTTTTTTTTTTTTTTTTTTTTTTTTT DIIS        TELAPSE       16.48 TCPU       16.43
 DIIS TEST: 0.30914E-07 AT SCF   CYCLE   2 - DIIS ACTIVE - HISTORY:     2 CYCLES
 TTTTTTTTTTTTTTTTTTTTTTTTTTTTTT FDIK        TELAPSE       16.48 TCPU       16.43
 INSULATING STATE
 TOP OF VALENCE BANDS -    BAND     10; K    1; EIG -1.5040478E-01 AU
 BOTTOM OF VIRTUAL BANDS - BAND     11; K    1; EIG  2.2991096E-01 AU
 DIRECT ENERGY BAND GAP:  10.3489 eV
 TTTTTTTTTTTTTTTTTTTTTTTTTTTTTT PDIG        TELAPSE       16.49 TCPU       16.44
 CHARGE NORMALIZATION FACTOR   1.00000000
 TOTAL ATOMIC CHARGES:
  10.0903432   9.9096568
 TTTTTTTTTTTTTTTTTTTTTTTTTTTTTT MOQGAD      TELAPSE       16.49 TCPU       16.44
 TTTTTTTTTTTTTTTTTTTTTTTTTTTTTT SHELLXN     TELAPSE       16.76 TCPU       16.71
 +++ ENERGIES IN A.U. +++
 ::: EXT EL-POLE                                  -5.2494389947641E+02
 ::: EXT EL-SPHEROPOLE                             4.0821066598800E+00
 ::: BIELET ZONE E-E                               5.8687876688503E+02
 ::: TOTAL E-E                                     6.6016974068505E+01
 ::: TOTAL E-N + N-E                              -5.2216923552537E+02
 ::: TOTAL N-N                                    -7.3190664025623E+01
 ::: KINETIC ENERGY                                2.7428476371978E+02
 ::: PSEUDO TOTAL   ENERGY                        -2.5505816176270E+02
 ::: VIRIAL COEFFICIENT                            1.0363216376975E+00
 TTTTTTTTTTTTTTTTTTTTTTTTTTTTTT MONMO3      TELAPSE       16.77 TCPU       16.71
 NUMERICALLY INTEGRATED DENSITY     20.0000062635
 EXCHANGE ENERGY: -0.194444594850E+02  CORRELATION ENERGY: -0.928698190098E+00
 TTTTTTTTTTTTTTTTTTTTTTTTTTTTTT NUMDFT      TELAPSE       16.81 TCPU       16.76
 CYC   3 ETOT(AU) -2.754313194378E+02 DETOT -9.13E-09 tst  8.60E-10 PX  1.55E-04

 == SCF ENDED - CONVERGENCE ON ENERGY      E(AU) -2.7543131943782E+02 CYCLES   3


 ENERGY EXPRESSION=HARTREE+FOCK EXCH*0.20000+(BECKE      EXCH)*0.80000+LYP        CORR


 TOTAL ENERGY(DFT)(AU)(  3) -2.7543131943782E+02 DE-9.1E-09 tester 8.6E-10
 TTTTTTTTTTTTTTTTTTTTTTTTTTTTTT EDFT        TELAPSE       16.81 TCPU       16.76

 *******************************************************************************
 *                             FORCE CALCULATION                               *
 *******************************************************************************

 TTTTTTTTTTTTTTTTTTTTTTTTTTTTTT NUMDFG      TELAPSE       18.40 TCPU       18.34
 INFORMATION **** EXCPOG **** EXCH. BIPO BUFFER LENGTH (WORDS) =      409896
 INFORMATION **** GENPOG **** BIPO BUFFER LENGTH (WORDS) =       26000
 TTTTTTTTTTTTTTTTTTTTTTTTTTTTTT SHELXG      TELAPSE       22.28 TCPU       22.22

 CARTESIAN FORCES IN HARTREE/BOHR (ANALYTICAL)
   ATOM                     X                   Y                   Z
   1  12            -1.417133508833E-15  7.798866548694E-17 -1.304193565609E-15
   2   8             1.416555267674E-15 -7.791638534211E-17  1.304193565609E-15

 RESULTANT FORCE    -5.782411586590E-19  7.228014483236E-20  0.000000000000E+00

 ATOMIC PART

 THERE ARE NO SYMMETRY ALLOWED DIRECTIONS

 CELL PART

 GRADIENT WITH RESPECT TO THE CELL PARAMETER IN HARTREE/BOHR
ORDER: -D/DA1X, -D/DA1Y, -D/DA1Z
       -D/DA2X, -D/DA2Y, -D/DA2Z
       -D/DA3X, -D/DA3Y, -D/DA3Z
 -0.135224955498E-05  0.135224955320E-05  0.135224955320E-05
  0.135224955350E-05 -0.135224955379E-05  0.135224955216E-05
  0.135224955350E-05  0.135224955379E-05 -0.135224955305E-05

STRESS TENSOR, IN HARTREE/BOHR^3:
ORDER: 11 12 13
       21 22 23
       31 32 33
 -0.857074110357E-07  0.469116257352E-16  0.469116257352E-16
  0.265174052271E-23 -0.857074110357E-07  0.187646526404E-16
  0.281469745731E-16 -0.469116753720E-17 -0.857074109841E-07

PRESSURE FROM THE STRESS TENSOR,
IN HARTREE/BOHR^3:  0.85707E-07
PRESSURE IN GIGAPASCAL:  0.2522E-02
CONVERSION FACTOR: 1 HARTREE/BOHR^3= 29421 GIGAPASCAL
WHEN USING VALUES FOR BOHR RADIUS AND HARTREE
FROM IUPAC WEBSITE, APRIL 2009
ENTHALPY: -2.7543130869530E+02

 SYMMETRY ALLOWED FORCES (ANALYTICAL) (DIRECTION, FORCE)

    1  1.8606586E-05
 TTTTTTTTTTTTTTTTTTTTTTTTTTTTTT TOTGRA      TELAPSE       22.42 TCPU       22.36
 INFORMATION **** optc003 **** GEOMETRY OUTPUT FILE

 GCALCO - MAX INDICES DIRECT LATTICE VECTOR    14    14    14
 NO.OF VECTORS CREATED 6999 STARS  105 RMAX    59.44907 BOHR
 TTTTTTTTTTTTTTTTTTTTTTTTTTTTTT gordsh1     TELAPSE       22.43 TCPU       22.37

 MATRIX SIZE: P(G)   17290, F(G)    3362, P(G) IRR     864, F(G) IRR     470
 MAX G-VECTOR INDEX FOR 1- AND 2-ELECTRON INTEGRALS 247

 TTTTTTTTTTTTTTTTTTTTTTTTTTTTTT INPUT       TELAPSE       22.43 TCPU       22.37

 NEIGHBORS OF THE NON-EQUIVALENT ATOMS

 N = NUMBER OF NEIGHBORS AT DISTANCE R
    ATOM  N     R/ANG      R/AU   NEIGHBORS (ATOM LABELS AND CELL INDICES)
   1 MG   6     2.1019     3.9721    2 O   -1 0 0    2 O    0-1 0    2 O    0 0-1
                                     2 O   -1-1 0    2 O   -1 0-1    2 O    0-1-1
   1 MG  12     2.9726     5.6174    1 MG  -1 0 0    1 MG   1 0 0    1 MG  -1 0 1
                                     1 MG   1 0-1    1 MG  -1 1 0    1 MG   1-1 0
                                     1 MG   0-1 0    1 MG   0 1 0    1 MG   0-1 1
                                     1 MG   0 1-1    1 MG   0 0-1    1 MG   0 0 1
   1 MG   8     3.6407     6.8799    2 O    0 0 0    2 O   -1-1 1    2 O   -1 1-1
                                     2 O    1-1-1    2 O   -2 0 0    2 O    0-2 0
                                     2 O    0 0-2    2 O   -1-1-1
   1 MG   6     4.2039     7.9442    1 MG  -1-1 1    1 MG   1 1-1    1 MG  -1 1-1
                                     1 MG   1-1 1    1 MG  -1 1 1    1 MG   1-1-1
   1 MG  24     4.7001     8.8819    2 O    1 0-1    2 O   -1 0 1    2 O    1-1 0
                                     2 O   -1 1 0    2 O    0 1-1    2 O    0-1 1
                                     2 O   -2 0 1    2 O   -2 1 0    2 O    1 0-2
                                     2 O    1-2 0    2 O    0-2 1    2 O    0 1-2
                                     2 O   -2-1 1    2 O   -2 1-1    2 O   -1-2 1
                                     2 O   -1 1-2    2 O    1-1-2    2 O    1-2-1
                                     2 O   -2-1 0    2 O   -2 0-1    2 O   -1-2 0
                                     2 O   -1 0-2    2 O    0-2-1    2 O    0-1-2
   1 MG  24     5.1487     9.7296    1 MG  -2 0 1    1 MG   2 0-1    1 MG  -2 1 0
                                     1 MG   2-1 0    1 MG  -2 1 1    1 MG   2-1-1
                                     1 MG  -1-1 0    1 MG   1 1 0    1 MG  -1-1 2
                                     1 MG   1 1-2    1 MG  -1 0-1    1 MG   1 0 1
                                     1 MG  -1 0 2    1 MG   1 0-2    1 MG  -1 2-1
                                     1 MG   1-2 1    1 MG  -1 2 0    1 MG   1-2 0
                                     1 MG   0-2 1    1 MG   0 2-1    1 MG   0-1-1
                                     1 MG   0 1 1    1 MG   0-1 2    1 MG   0 1-2

   2 O    6     2.1019     3.9721    1 MG   1 0 0    1 MG   0 1 0    1 MG   0 0 1
                                     1 MG   1 1 0    1 MG   1 0 1    1 MG   0 1 1
   2 O   12     2.9726     5.6174    2 O   -1 0 0    2 O    1 0 0    2 O   -1 0 1
                                     2 O    1 0-1    2 O   -1 1 0    2 O    1-1 0
                                     2 O    0-1 0    2 O    0 1 0    2 O    0-1 1
                                     2 O    0 1-1    2 O    0 0-1    2 O    0 0 1
   2 O    8     3.6407     6.8799    1 MG   0 0 0    1 MG   1 1-1    1 MG   1-1 1
                                     1 MG  -1 1 1    1 MG   2 0 0    1 MG   0 2 0
                                     1 MG   0 0 2    1 MG   1 1 1
   2 O    6     4.2039     7.9442    2 O   -1-1 1    2 O    1 1-1    2 O   -1 1-1
                                     2 O    1-1 1    2 O   -1 1 1    2 O    1-1-1
   2 O   24     4.7001     8.8819    1 MG  -1 0 1    1 MG   1 0-1    1 MG  -1 1 0
                                     1 MG   1-1 0    1 MG   0-1 1    1 MG   0 1-1
                                     1 MG   2 0-1    1 MG   2-1 0    1 MG  -1 0 2
                                     1 MG  -1 2 0    1 MG   0 2-1    1 MG   0-1 2
                                     1 MG   2 1-1    1 MG   2-1 1    1 MG   1 2-1
                                     1 MG   1-1 2    1 MG  -1 1 2    1 MG  -1 2 1
                                     1 MG   2 1 0    1 MG   2 0 1    1 MG   1 2 0
                                     1 MG   1 0 2    1 MG   0 2 1    1 MG   0 1 2
   2 O   24     5.1487     9.7296    2 O   -2 0 1    2 O    2 0-1    2 O   -2 1 0
                                     2 O    2-1 0    2 O   -2 1 1    2 O    2-1-1
                                     2 O   -1-1 0    2 O    1 1 0    2 O   -1-1 2
                                     2 O    1 1-2    2 O   -1 0-1    2 O    1 0 1
                                     2 O   -1 0 2    2 O    1 0-2    2 O   -1 2-1
                                     2 O    1-2 1    2 O   -1 2 0    2 O    1-2 0
                                     2 O    0-2 1    2 O    0 2-1    2 O    0-1-1
                                     2 O    0 1 1    2 O    0-1 2    2 O    0 1-2

 TTTTTTTTTTTTTTTTTTTTTTTTTTTTTT SYMM        TELAPSE       22.43 TCPU       22.37

 ***** NEW REFERENCE GEOMETRY *****
 TTTTTTTTTTTTTTTTTTTTTTTTTTTTTT INT_SCREEN  TELAPSE       22.43 TCPU       22.37

 DFT PARAMETERS

     ATOM       ELECTRONS   NET CHARGE   R(ANGSTROM)
   1  12  MG     10.0000      2.0000     0.72000000
   2   8  O      10.0000     -2.0000     1.40000000

 SIZE OF GRID=       1435
 TTTTTTTTTTTTTTTTTTTTTTTTTTTTTT MAKE_GRID2  TELAPSE       22.57 TCPU       22.51
 BECKE WEIGHT FUNCTION
 RADSAFE =     2.00
 TOLERANCES - DENSITY:10**- 6; POTENTIAL:10**- 9; GRID WGT:10**-14

 RADIAL INTEGRATION  - INTERVALS (POINTS,UPPER LIMIT):            1( 75,  4.0*R)

 ANGULAR INTEGRATION - INTERVALS (ACCURACY LEVEL [N. POINTS] UPPER LIMIT):
  1(  4[  86]   0.2)  2(  8[ 194]   0.5)  3( 12[ 350]   0.9)  4( 16[ 974]   3.5)
  5( 12[ 350]9999.0)

 *******************************************************************************
 TEST11 - MGO BULK                                                               
 CRYSTAL - SCF - TYPE OF CALCULATION :  RESTRICTED CLOSED SHELL
 *******************************************************************************

 CAPPA:IS1  8;IS2  8;IS3  8; K PTS MONK NET  29; SYMMOPS:K SPACE  48;G SPACE  48

 TTTTTTTTTTTTTTTTTTTTTTTTTTTTTT SDIK        TELAPSE       22.59 TCPU       22.53

 INFORMATION FROM INTEGRAL EVALUATION

 RESTART FROM A PREVIOUS DENSITY MATRIX - DEP ACTIVE
 NUMBER OF COUPLE SETS (NEW, OLD, FOUND):      21      21      21
 NUMBER OF IRREDUCIBLE G VECTORS        :      75      75      75
 CHARGE NORMALIZATION FACTOR   0.99999983
 TOTAL ATOMIC CHARGES:
  10.0903420   9.9096580
 TTTTTTTTTTTTTTTTTTTTTTTTTTTTTT MOQGAD      TELAPSE       22.60 TCPU       22.53
 TTTTTTTTTTTTTTTTTTTTTTTTTTTTTT SHELLXN     TELAPSE       22.91 TCPU       22.85
 TTTTTTTTTTTTTTTTTTTTTTTTTTTTTT MONMO3      TELAPSE       22.92 TCPU       22.85
 NUMERICALLY INTEGRATED DENSITY     20.0000057099
 TTTTTTTTTTTTTTTTTTTTTTTTTTTTTT NUMDFT      TELAPSE       22.97 TCPU       22.90
 CYC   0 ETOT(AU) -2.754312935318E+02 DETOT -2.75E+02 tst  8.60E-10 PX  1.00E+00
 TTTTTTTTTTTTTTTTTTTTTTTTTTTTTT DIIS        TELAPSE       22.97 TCPU       22.91
 TTTTTTTTTTTTTTTTTTTTTTTTTTTTTT FDIK        TELAPSE       22.98 TCPU       22.91
 INSULATING STATE
 TOP OF VALENCE BANDS -    BAND     10; K    1; EIG -1.5040129E-01 AU
 BOTTOM OF VIRTUAL BANDS - BAND     11; K    1; EIG  2.2991147E-01 AU
 DIRECT ENERGY BAND GAP:  10.3488 eV
 TTTTTTTTTTTTTTTTTTTTTTTTTTTTTT PDIG        TELAPSE       22.99 TCPU       22.92
 CHARGE NORMALIZATION FACTOR   1.00000000
 TOTAL ATOMIC CHARGES:
  10.0903479   9.9096521
 TTTTTTTTTTTTTTTTTTTTTTTTTTTTTT MOQGAD      TELAPSE       22.99 TCPU       22.92
 TTTTTTTTTTTTTTTTTTTTTTTTTTTTTT SHELLXN     TELAPSE       23.30 TCPU       23.23
 TTTTTTTTTTTTTTTTTTTTTTTTTTTTTT MONMO3      TELAPSE       23.31 TCPU       23.24
 NUMERICALLY INTEGRATED DENSITY     20.0000057099
 TTTTTTTTTTTTTTTTTTTTTTTTTTTTTT NUMDFT      TELAPSE       23.36 TCPU       23.29
 CYC   1 ETOT(AU) -2.754313196415E+02 DETOT -2.61E-05 tst  0.00E+00 PX  7.62E-06
 TTTTTTTTTTTTTTTTTTTTTTTTTTTTTT DIIS        TELAPSE       23.36 TCPU       23.29
 DIIS TEST: 0.16919E-09 AT SCF   CYCLE   1 - MIX   30 %
 TTTTTTTTTTTTTTTTTTTTTTTTTTTTTT FDIK        TELAPSE       23.37 TCPU       23.30
 INSULATING STATE
 TOP OF VALENCE BANDS -    BAND     10; K    1; EIG -1.5040792E-01 AU
 BOTTOM OF VIRTUAL BANDS - BAND     11; K    1; EIG  2.2990727E-01 AU
 DIRECT ENERGY BAND GAP:  10.3489 eV
 TTTTTTTTTTTTTTTTTTTTTTTTTTTTTT PDIG        TELAPSE       23.38 TCPU       23.31
 CHARGE NORMALIZATION FACTOR   1.00000000
 TOTAL ATOMIC CHARGES:
  10.0903462   9.9096538
 TTTTTTTTTTTTTTTTTTTTTTTTTTTTTT MOQGAD      TELAPSE       23.39 TCPU       23.32
 TTTTTTTTTTTTTTTTTTTTTTTTTTTTTT SHELLXN     TELAPSE       23.70 TCPU       23.63
 TTTTTTTTTTTTTTTTTTTTTTTTTTTTTT MONMO3      TELAPSE       23.70 TCPU       23.63
 NUMERICALLY INTEGRATED DENSITY     20.0000057099
 TTTTTTTTTTTTTTTTTTTTTTTTTTTTTT NUMDFT      TELAPSE       23.75 TCPU       23.68
 CYC   2 ETOT(AU) -2.754313196413E+02 DETOT  1.87E-10 tst  1.29E-11 PX  8.47E-06
 TTTTTTTTTTTTTTTTTTTTTTTTTTTTTT DIIS        TELAPSE       23.76 TCPU       23.68
 DIIS TEST: 0.89414E-10 AT SCF   CYCLE   2 - DIIS ACTIVE - HISTORY:     2 CYCLES
 TTTTTTTTTTTTTTTTTTTTTTTTTTTTTT FDIK        TELAPSE       23.76 TCPU       23.68
 INSULATING STATE
 TOP OF VALENCE BANDS -    BAND     10; K    1; EIG -1.5040559E-01 AU
 BOTTOM OF VIRTUAL BANDS - BAND     11; K    1; EIG  2.2990845E-01 AU
 DIRECT ENERGY BAND GAP:  10.3489 eV
 TTTTTTTTTTTTTTTTTTTTTTTTTTTTTT PDIG        TELAPSE       23.77 TCPU       23.69
 CHARGE NORMALIZATION FACTOR   1.00000000
 TOTAL ATOMIC CHARGES:
  10.0903470   9.9096530
 TTTTTTTTTTTTTTTTTTTTTTTTTTTTTT MOQGAD      TELAPSE       23.77 TCPU       23.70
 TTTTTTTTTTTTTTTTTTTTTTTTTTTTTT SHELLXN     TELAPSE       24.08 TCPU       24.01
 +++ ENERGIES IN A.U. +++
 ::: EXT EL-POLE                                  -5.2498527239425E+02
 ::: EXT EL-SPHEROPOLE                             4.0820743020470E+00
 ::: BIELET ZONE E-E                               5.8692031956913E+02
 ::: TOTAL E-E                                     6.6017121476927E+01
 ::: TOTAL E-N + N-E                              -5.2216961824952E+02
 ::: TOTAL N-N                                    -7.3190361002702E+01
 ::: KINETIC ENERGY                                2.7428468636626E+02
 ::: PSEUDO TOTAL   ENERGY                        -2.5505817140903E+02
 ::: VIRIAL COEFFICIENT                            1.0363214779888E+00
 TTTTTTTTTTTTTTTTTTTTTTTTTTTTTT MONMO3      TELAPSE       24.09 TCPU       24.01
 NUMERICALLY INTEGRATED DENSITY     20.0000057099
 EXCHANGE ENERGY: -0.194444507149E+02  CORRELATION ENERGY: -0.928697517618E+00
 TTTTTTTTTTTTTTTTTTTTTTTTTTTTTT NUMDFT      TELAPSE       24.14 TCPU       24.06
 CYC   3 ETOT(AU) -2.754313196415E+02 DETOT -1.89E-10 tst  2.34E-12 PX  8.47E-06

 == SCF ENDED - CONVERGENCE ON ENERGY      E(AU) -2.7543131964154E+02 CYCLES   3


 ENERGY EXPRESSION=HARTREE+FOCK EXCH*0.20000+(BECKE      EXCH)*0.80000+LYP        CORR


 TOTAL ENERGY(DFT)(AU)(  3) -2.7543131964154E+02 DE-1.9E-10 tester 2.3E-12
 TTTTTTTTTTTTTTTTTTTTTTTTTTTTTT EDFT        TELAPSE       24.14 TCPU       24.06

 *******************************************************************************
 *                             FORCE CALCULATION                               *
 *******************************************************************************

 TTTTTTTTTTTTTTTTTTTTTTTTTTTTTT NUMDFG      TELAPSE       26.07 TCPU       25.99
 INFORMATION **** EXCPOG **** EXCH. BIPO BUFFER LENGTH (WORDS) =      409896
 INFORMATION **** GENPOG **** BIPO BUFFER LENGTH (WORDS) =       26000
 TTTTTTTTTTTTTTTTTTTTTTTTTTTTTT SHELXG      TELAPSE       31.35 TCPU       31.27

 CARTESIAN FORCES IN HARTREE/BOHR (ANALYTICAL)
   ATOM                     X                   Y                   Z
   1  12            -2.691668978496E-15 -2.709183158473E-15 -2.723337565759E-15
   2   8             2.691668978496E-15  2.709183158473E-15  2.723337565759E-15

 RESULTANT FORCE     0.000000000000E+00  0.000000000000E+00  0.000000000000E+00

 ATOMIC PART

 THERE ARE NO SYMMETRY ALLOWED DIRECTIONS

 CELL PART

 GRADIENT WITH RESPECT TO THE CELL PARAMETER IN HARTREE/BOHR
ORDER: -D/DA1X, -D/DA1Y, -D/DA1Z
       -D/DA2X, -D/DA2Y, -D/DA2Z
       -D/DA3X, -D/DA3Y, -D/DA3Z
  0.150154534660E-05 -0.150154534645E-05 -0.150154534660E-05
 -0.150154534705E-05  0.150154534645E-05 -0.150154534764E-05
 -0.150154534645E-05 -0.150154534645E-05  0.150154534764E-05

STRESS TENSOR, IN HARTREE/BOHR^3:
ORDER: 11 12 13
       21 22 23
       31 32 33
  0.951691928918E-07 -0.469112686348E-17  0.140733711527E-16
  0.288293246288E-23  0.951691928730E-07  0.288293246288E-23
 -0.311012750872E-23 -0.328378633748E-16  0.951691929152E-07

PRESSURE FROM THE STRESS TENSOR,
IN HARTREE/BOHR^3: -0.95169E-07
PRESSURE IN GIGAPASCAL: -0.2800E-02
CONVERSION FACTOR: 1 HARTREE/BOHR^3= 29421 GIGAPASCAL
WHEN USING VALUES FOR BOHR RADIUS AND HARTREE
FROM IUPAC WEBSITE, APRIL 2009
ENTHALPY: -2.7543133157014E+02

 SYMMETRY ALLOWED FORCES (ANALYTICAL) (DIRECTION, FORCE)

    1 -2.0660942E-05
 TTTTTTTTTTTTTTTTTTTTTTTTTTTTTT TOTGRA      TELAPSE       31.56 TCPU       31.49
 INFORMATION **** optc004 **** GEOMETRY OUTPUT FILE
