
 DFT PARAMETERS

     ATOM       ELECTRONS   NET CHARGE   R(ANGSTROM)
   1  14  SI     14.0000      0.0000     1.17000000

 SIZE OF GRID=       1583
 TTTTTTTTTTTTTTTTTTTTTTTTTTTTTT MAKE_GRID2  TELAPSE        9.70 TCPU        9.67
 BECKE WEIGHT FUNCTION
 RADSAFE =     2.00
 TOLERANCES - DENSITY:10**- 6; POTENTIAL:10**- 9; GRID WGT:10**-14

 RADIAL INTEGRATION  - INTERVALS (POINTS,UPPER LIMIT):            1( 75,  4.0*R)

 ANGULAR INTEGRATION - INTERVALS (ACCURACY LEVEL [N. POINTS] UPPER LIMIT):
  1(  4[  86]   0.2)  2(  8[ 194]   0.5)  3( 12[ 350]   0.9)  4( 16[ 974]   3.5)
  5( 12[ 350]9999.0)

 *******************************************************************************
 SILICON BULK - BASIS SET 6-21 MODIFIED                                          
 CRYSTAL - SCF - TYPE OF CALCULATION :  RESTRICTED CLOSED SHELL
 *******************************************************************************

 CAPPA:IS1  8;IS2  8;IS3  8; K PTS MONK NET  29; SYMMOPS:K SPACE  48;G SPACE  48

 TTTTTTTTTTTTTTTTTTTTTTTTTTTTTT SDIK        TELAPSE        9.71 TCPU        9.69

 INFORMATION FROM INTEGRAL EVALUATION

 RESTART FROM A PREVIOUS DENSITY MATRIX - DEP ACTIVE
 NUMBER OF COUPLE SETS (NEW, OLD, FOUND):      19      19      19
 NUMBER OF IRREDUCIBLE G VECTORS        :      84      84      84
 CHARGE NORMALIZATION FACTOR   1.00129326
 TOTAL ATOMIC CHARGES:
  14.0000000  14.0000000
 TTTTTTTTTTTTTTTTTTTTTTTTTTTTTT MOQGAD      TELAPSE        9.72 TCPU        9.70
 TTTTTTTTTTTTTTTTTTTTTTTTTTTTTT SHELLXN     TELAPSE       10.15 TCPU       10.12
 TTTTTTTTTTTTTTTTTTTTTTTTTTTTTT MONMO3      TELAPSE       10.15 TCPU       10.13
 NUMERICALLY INTEGRATED DENSITY     27.9997854590
 TTTTTTTTTTTTTTTTTTTTTTTTTTTTTT NUMDFT      TELAPSE       10.22 TCPU       10.20
 CYC   0 ETOT(AU) -5.792880079819E+02 DETOT -5.79E+02 tst  4.84E-11 PX  1.00E+00
 TTTTTTTTTTTTTTTTTTTTTTTTTTTTTT DIIS        TELAPSE       10.23 TCPU       10.20
 TTTTTTTTTTTTTTTTTTTTTTTTTTTTTT FDIK        TELAPSE       10.24 TCPU       10.22
 INSULATING STATE
 TOP OF VALENCE BANDS -    BAND     14; K    1; EIG -1.2304247E-01 AU
 BOTTOM OF VIRTUAL BANDS - BAND     15; K   18; EIG -5.2736308E-02 AU
 INDIRECT ENERGY BAND GAP:   1.9131 eV
 BOTTOM OF VIRTUAL BANDS - BAND     15; K    1; EIG -1.6376321E-02 AU
 TTTTTTTTTTTTTTTTTTTTTTTTTTTTTT PDIG        TELAPSE       10.26 TCPU       10.23
 CHARGE NORMALIZATION FACTOR   1.00000000
 TOTAL ATOMIC CHARGES:
  14.0000000  14.0000000
 TTTTTTTTTTTTTTTTTTTTTTTTTTTTTT MOQGAD      TELAPSE       10.26 TCPU       10.24
 TTTTTTTTTTTTTTTTTTTTTTTTTTTTTT SHELLXN     TELAPSE       10.69 TCPU       10.66
 TTTTTTTTTTTTTTTTTTTTTTTTTTTTTT MONMO3      TELAPSE       10.69 TCPU       10.67
 NUMERICALLY INTEGRATED DENSITY     27.9997853565
 TTTTTTTTTTTTTTTTTTTTTTTTTTTTTT NUMDFT      TELAPSE       10.77 TCPU       10.74
 CYC   1 ETOT(AU) -5.788940119206E+02 DETOT  3.94E-01 tst  0.00E+00 PX  2.69E-02
 TTTTTTTTTTTTTTTTTTTTTTTTTTTTTT DIIS        TELAPSE       10.77 TCPU       10.75
 DIIS TEST: 0.48864E-03 AT SCF   CYCLE   1 - MIX   30 %
 TTTTTTTTTTTTTTTTTTTTTTTTTTTTTT FDIK        TELAPSE       10.77 TCPU       10.75
 INSULATING STATE
 TOP OF VALENCE BANDS -    BAND     14; K    1; EIG -1.3247046E-01 AU
 BOTTOM OF VIRTUAL BANDS - BAND     15; K   18; EIG -6.1403284E-02 AU
 INDIRECT ENERGY BAND GAP:   1.9338 eV
 BOTTOM OF VIRTUAL BANDS - BAND     15; K    1; EIG -2.9510036E-02 AU
 TTTTTTTTTTTTTTTTTTTTTTTTTTTTTT PDIG        TELAPSE       10.79 TCPU       10.76
 CHARGE NORMALIZATION FACTOR   1.00000000
 TOTAL ATOMIC CHARGES:
  14.0000000  14.0000000
 TTTTTTTTTTTTTTTTTTTTTTTTTTTTTT MOQGAD      TELAPSE       10.79 TCPU       10.76
 TTTTTTTTTTTTTTTTTTTTTTTTTTTTTT SHELLXN     TELAPSE       11.21 TCPU       11.19
 TTTTTTTTTTTTTTTTTTTTTTTTTTTTTT MONMO3      TELAPSE       11.22 TCPU       11.19
 NUMERICALLY INTEGRATED DENSITY     27.9997856351
 TTTTTTTTTTTTTTTTTTTTTTTTTTTTTT NUMDFT      TELAPSE       11.29 TCPU       11.27
 CYC   2 ETOT(AU) -5.788942072528E+02 DETOT -1.95E-04 tst  8.08E-06 PX  9.28E-03
 TTTTTTTTTTTTTTTTTTTTTTTTTTTTTT DIIS        TELAPSE       11.30 TCPU       11.27
 DIIS TEST: 0.89134E-05 AT SCF   CYCLE   2 - DIIS ACTIVE - HISTORY:     2 CYCLES
 TTTTTTTTTTTTTTTTTTTTTTTTTTTTTT FDIK        TELAPSE       11.30 TCPU       11.27
 INSULATING STATE
 TOP OF VALENCE BANDS -    BAND     14; K    1; EIG -1.3337577E-01 AU
 BOTTOM OF VIRTUAL BANDS - BAND     15; K   18; EIG -6.2708631E-02 AU
 INDIRECT ENERGY BAND GAP:   1.9230 eV
 BOTTOM OF VIRTUAL BANDS - BAND     15; K    1; EIG -3.1743394E-02 AU
 TTTTTTTTTTTTTTTTTTTTTTTTTTTTTT PDIG        TELAPSE       11.31 TCPU       11.29
 CHARGE NORMALIZATION FACTOR   1.00000000
 TOTAL ATOMIC CHARGES:
  14.0000000  14.0000000
 TTTTTTTTTTTTTTTTTTTTTTTTTTTTTT MOQGAD      TELAPSE       11.32 TCPU       11.29
 TTTTTTTTTTTTTTTTTTTTTTTTTTTTTT SHELLXN     TELAPSE       11.74 TCPU       11.72
 TTTTTTTTTTTTTTTTTTTTTTTTTTTTTT MONMO3      TELAPSE       11.74 TCPU       11.72
 NUMERICALLY INTEGRATED DENSITY     27.9997857294
 TTTTTTTTTTTTTTTTTTTTTTTTTTTTTT NUMDFT      TELAPSE       11.82 TCPU       11.80
 CYC   3 ETOT(AU) -5.788942137828E+02 DETOT -6.53E-06 tst  1.25E-06 PX  1.55E-03
 TTTTTTTTTTTTTTTTTTTTTTTTTTTTTT DIIS        TELAPSE       11.82 TCPU       11.80
 DIIS TEST: 0.29154E-09 AT SCF   CYCLE   3 - DIIS ACTIVE - HISTORY:     3 CYCLES
 TTTTTTTTTTTTTTTTTTTTTTTTTTTTTT FDIK        TELAPSE       11.83 TCPU       11.80
 INSULATING STATE
 TOP OF VALENCE BANDS -    BAND     14; K    1; EIG -1.3342984E-01 AU
 BOTTOM OF VIRTUAL BANDS - BAND     15; K   18; EIG -6.2774632E-02 AU
 INDIRECT ENERGY BAND GAP:   1.9226 eV
 BOTTOM OF VIRTUAL BANDS - BAND     15; K    1; EIG -3.1876433E-02 AU
 TTTTTTTTTTTTTTTTTTTTTTTTTTTTTT PDIG        TELAPSE       11.84 TCPU       11.81
 CHARGE NORMALIZATION FACTOR   1.00000000
 TOTAL ATOMIC CHARGES:
  14.0000000  14.0000000
 TTTTTTTTTTTTTTTTTTTTTTTTTTTTTT MOQGAD      TELAPSE       11.85 TCPU       11.82
 TTTTTTTTTTTTTTTTTTTTTTTTTTTTTT SHELLXN     TELAPSE       12.27 TCPU       12.24
 TTTTTTTTTTTTTTTTTTTTTTTTTTTTTT MONMO3      TELAPSE       12.27 TCPU       12.25
 NUMERICALLY INTEGRATED DENSITY     27.9997857357
 TTTTTTTTTTTTTTTTTTTTTTTTTTTTTT NUMDFT      TELAPSE       12.35 TCPU       12.32
 CYC   4 ETOT(AU) -5.788942138166E+02 DETOT -3.38E-08 tst  6.13E-09 PX  7.43E-05
 TTTTTTTTTTTTTTTTTTTTTTTTTTTTTT DIIS        TELAPSE       12.36 TCPU       12.32
 DIIS TEST: 0.79649E-10 AT SCF   CYCLE   4 - DIIS ACTIVE - HISTORY:     4 CYCLES
 TTTTTTTTTTTTTTTTTTTTTTTTTTTTTT FDIK        TELAPSE       12.36 TCPU       12.33
 INSULATING STATE
 TOP OF VALENCE BANDS -    BAND     14; K    1; EIG -1.3341467E-01 AU
 BOTTOM OF VIRTUAL BANDS - BAND     15; K   18; EIG -6.2763879E-02 AU
 INDIRECT ENERGY BAND GAP:   1.9225 eV
 BOTTOM OF VIRTUAL BANDS - BAND     15; K    1; EIG -3.1868473E-02 AU
 TTTTTTTTTTTTTTTTTTTTTTTTTTTTTT PDIG        TELAPSE       12.37 TCPU       12.34
 CHARGE NORMALIZATION FACTOR   1.00000000
 TOTAL ATOMIC CHARGES:
  14.0000000  14.0000000
 TTTTTTTTTTTTTTTTTTTTTTTTTTTTTT MOQGAD      TELAPSE       12.38 TCPU       12.34
 TTTTTTTTTTTTTTTTTTTTTTTTTTTTTT SHELLXN     TELAPSE       12.80 TCPU       12.77
 +++ ENERGIES IN A.U. +++
 ::: EXT EL-POLE                                  -5.2771870189034E+02
 ::: EXT EL-SPHEROPOLE                             5.3609509333033E+00
 ::: BIELET ZONE E-E                               6.9023941320293E+02
 ::: TOTAL E-E                                     1.6788166224589E+02
 ::: TOTAL E-N + N-E                              -1.1907491185061E+03
 ::: TOTAL N-N                                    -9.9845510279694E+01
 ::: KINETIC ENERGY                                5.7747120594991E+02
 ::: PSEUDO TOTAL   ENERGY                        -5.4524176058994E+02
 ::: VIRIAL COEFFICIENT                            1.0287067543713E+00
 TTTTTTTTTTTTTTTTTTTTTTTTTTTTTT MONMO3      TELAPSE       12.80 TCPU       12.77
 NUMERICALLY INTEGRATED DENSITY     27.9997857362
 EXCHANGE ENERGY: -0.323124951793E+02  CORRELATION ENERGY: -0.133995803700E+01
 TTTTTTTTTTTTTTTTTTTTTTTTTTTTTT NUMDFT      TELAPSE       12.88 TCPU       12.85
 CYC   5 ETOT(AU) -5.788942138062E+02 DETOT  1.03E-08 tst  5.69E-11 PX  7.43E-05

 == SCF ENDED - CONVERGENCE ON ENERGY      E(AU) -5.7889421380623E+02 CYCLES   5


 ENERGY EXPRESSION=HARTREE+FOCK EXCH*0.20000+(BECKE      EXCH)*0.80000+LYP        CORR


 TOTAL ENERGY(DFT)(AU)(  5) -5.7889421380623E+02 DE 1.0E-08 tester 5.7E-11
 TTTTTTTTTTTTTTTTTTTTTTTTTTTTTT EDFT        TELAPSE       12.88 TCPU       12.85

 *******************************************************************************
 *                             FORCE CALCULATION                               *
 *******************************************************************************

 TTTTTTTTTTTTTTTTTTTTTTTTTTTTTT NUMDFG      TELAPSE       13.59 TCPU       13.56
 INFORMATION **** EXCPOG **** EXCH. BIPO BUFFER LENGTH (WORDS) =      618408
 INFORMATION **** GENPOG **** BIPO BUFFER LENGTH (WORDS) =       40600
 TTTTTTTTTTTTTTTTTTTTTTTTTTTTTT SHELXG      TELAPSE       18.52 TCPU       18.49

 CARTESIAN FORCES IN HARTREE/BOHR (ANALYTICAL)
   ATOM                     X                   Y                   Z
   1  14             2.420734140135E-16  7.344858293694E-16  1.263719452484E-15
   2  14            -2.391349186588E-16 -7.316419131374E-16 -1.263719452484E-15

 RESULTANT FORCE     2.938495354611E-18  2.843916231979E-18  0.000000000000E+00

 ATOMIC PART

 THERE ARE NO SYMMETRY ALLOWED DIRECTIONS

 CELL PART

 GRADIENT WITH RESPECT TO THE CELL PARAMETER IN HARTREE/BOHR
ORDER: -D/DA1X, -D/DA1Y, -D/DA1Z
       -D/DA2X, -D/DA2Y, -D/DA2Z
       -D/DA3X, -D/DA3Y, -D/DA3Z
  0.104532636158E-02 -0.104532636158E-02 -0.104532636158E-02
 -0.104532636158E-02  0.104532636158E-02 -0.104532636158E-02
 -0.104532636158E-02 -0.104532636158E-02  0.104532636158E-02

STRESS TENSOR, IN HARTREE/BOHR^3:
ORDER: 11 12 13
       21 22 23
       31 32 33
  0.373934415561E-04 -0.582479951743E-16 -0.793868221384E-17
 -0.397155465910E-16  0.373934415561E-04 -0.238299394309E-16
  0.794354779176E-17  0.264816871121E-17  0.373934415561E-04

PRESSURE FROM THE STRESS TENSOR,
IN HARTREE/BOHR^3: -0.37393E-04
PRESSURE IN GIGAPASCAL: -0.1100E+01
CONVERSION FACTOR: 1 HARTREE/BOHR^3= 29421 GIGAPASCAL
WHEN USING VALUES FOR BOHR RADIUS AND HARTREE
FROM IUPAC WEBSITE, APRIL 2009
ENTHALPY: -5.7890526756878E+02

 SYMMETRY ALLOWED FORCES (ANALYTICAL) (DIRECTION, FORCE)

    1 -1.9145678E-02
 TTTTTTTTTTTTTTTTTTTTTTTTTTTTTT TOTGRA      TELAPSE       18.61 TCPU       18.58
 INFORMATION **** optc002 **** GEOMETRY OUTPUT FILE

 DFT PARAMETERS

     ATOM       ELECTRONS   NET CHARGE   R(ANGSTROM)
   1  14  SI     14.0000      0.0000     1.17000000

 SIZE OF GRID=       1583
 TTTTTTTTTTTTTTTTTTTTTTTTTTTTTT MAKE_GRID2  TELAPSE       18.64 TCPU       18.60
 BECKE WEIGHT FUNCTION
 RADSAFE =     2.00
 TOLERANCES - DENSITY:10**- 6; POTENTIAL:10**- 9; GRID WGT:10**-14

 RADIAL INTEGRATION  - INTERVALS (POINTS,UPPER LIMIT):            1( 75,  4.0*R)

 ANGULAR INTEGRATION - INTERVALS (ACCURACY LEVEL [N. POINTS] UPPER LIMIT):
  1(  4[  86]   0.2)  2(  8[ 194]   0.5)  3( 12[ 350]   0.9)  4( 16[ 974]   3.5)
  5( 12[ 350]9999.0)

 *******************************************************************************
 SILICON BULK - BASIS SET 6-21 MODIFIED                                          
 CRYSTAL - SCF - TYPE OF CALCULATION :  RESTRICTED CLOSED SHELL
 *******************************************************************************

 CAPPA:IS1  8;IS2  8;IS3  8; K PTS MONK NET  29; SYMMOPS:K SPACE  48;G SPACE  48

 TTTTTTTTTTTTTTTTTTTTTTTTTTTTTT SDIK        TELAPSE       18.66 TCPU       18.61

 INFORMATION FROM INTEGRAL EVALUATION

 RESTART FROM A PREVIOUS DENSITY MATRIX - DEP ACTIVE
 NUMBER OF COUPLE SETS (NEW, OLD, FOUND):      19      19      19
 NUMBER OF IRREDUCIBLE G VECTORS        :      84      84      84
 CHARGE NORMALIZATION FACTOR   0.99977057
 TOTAL ATOMIC CHARGES:
  14.0000000  14.0000000
 TTTTTTTTTTTTTTTTTTTTTTTTTTTTTT MOQGAD      TELAPSE       18.66 TCPU       18.62
 TTTTTTTTTTTTTTTTTTTTTTTTTTTTTT SHELLXN     TELAPSE       19.09 TCPU       19.05
 TTTTTTTTTTTTTTTTTTTTTTTTTTTTTT MONMO3      TELAPSE       19.09 TCPU       19.05
 NUMERICALLY INTEGRATED DENSITY     27.9998336764
 TTTTTTTTTTTTTTTTTTTTTTTTTTTTTT NUMDFT      TELAPSE       19.17 TCPU       19.12
 CYC   0 ETOT(AU) -5.788235265363E+02 DETOT -5.79E+02 tst  5.69E-11 PX  1.00E+00
 TTTTTTTTTTTTTTTTTTTTTTTTTTTTTT DIIS        TELAPSE       19.17 TCPU       19.13
 TTTTTTTTTTTTTTTTTTTTTTTTTTTTTT FDIK        TELAPSE       19.18 TCPU       19.14
 INSULATING STATE
 TOP OF VALENCE BANDS -    BAND     14; K    1; EIG -1.3241462E-01 AU
 BOTTOM OF VIRTUAL BANDS - BAND     15; K   18; EIG -6.2276786E-02 AU
 INDIRECT ENERGY BAND GAP:   1.9085 eV
 BOTTOM OF VIRTUAL BANDS - BAND     15; K    1; EIG -2.5942708E-02 AU
 TTTTTTTTTTTTTTTTTTTTTTTTTTTTTT PDIG        TELAPSE       19.20 TCPU       19.15
 CHARGE NORMALIZATION FACTOR   1.00000000
 TOTAL ATOMIC CHARGES:
  14.0000000  14.0000000
 TTTTTTTTTTTTTTTTTTTTTTTTTTTTTT MOQGAD      TELAPSE       19.20 TCPU       19.16
 TTTTTTTTTTTTTTTTTTTTTTTTTTTTTT SHELLXN     TELAPSE       19.63 TCPU       19.58
 TTTTTTTTTTTTTTTTTTTTTTTTTTTTTT MONMO3      TELAPSE       19.63 TCPU       19.59
 NUMERICALLY INTEGRATED DENSITY     27.9998334612
 TTTTTTTTTTTTTTTTTTTTTTTTTTTTTT NUMDFT      TELAPSE       19.71 TCPU       19.66
 CYC   1 ETOT(AU) -5.788942872707E+02 DETOT -7.08E-02 tst  0.00E+00 PX  2.86E-03
 TTTTTTTTTTTTTTTTTTTTTTTTTTTTTT DIIS        TELAPSE       19.71 TCPU       19.67
 DIIS TEST: 0.12735E-04 AT SCF   CYCLE   1 - MIX   30 %
 TTTTTTTTTTTTTTTTTTTTTTTTTTTTTT FDIK        TELAPSE       19.72 TCPU       19.67
 INSULATING STATE
 TOP OF VALENCE BANDS -    BAND     14; K    1; EIG -1.3102418E-01 AU
 BOTTOM OF VIRTUAL BANDS - BAND     15; K   18; EIG -6.1031525E-02 AU
 INDIRECT ENERGY BAND GAP:   1.9046 eV
 BOTTOM OF VIRTUAL BANDS - BAND     15; K    1; EIG -2.3993339E-02 AU
 TTTTTTTTTTTTTTTTTTTTTTTTTTTTTT PDIG        TELAPSE       19.73 TCPU       19.68
 CHARGE NORMALIZATION FACTOR   1.00000000
 TOTAL ATOMIC CHARGES:
  14.0000000  14.0000000
 TTTTTTTTTTTTTTTTTTTTTTTTTTTTTT MOQGAD      TELAPSE       19.73 TCPU       19.69
 TTTTTTTTTTTTTTTTTTTTTTTTTTTTTT SHELLXN     TELAPSE       20.17 TCPU       20.12
 TTTTTTTTTTTTTTTTTTTTTTTTTTTTTT MONMO3      TELAPSE       20.17 TCPU       20.12
 NUMERICALLY INTEGRATED DENSITY     27.9998334809
 TTTTTTTTTTTTTTTTTTTTTTTTTTTTTT NUMDFT      TELAPSE       20.26 TCPU       20.21
 CYC   2 ETOT(AU) -5.788942901273E+02 DETOT -2.86E-06 tst  1.89E-07 PX  1.32E-03
 TTTTTTTTTTTTTTTTTTTTTTTTTTTTTT DIIS        TELAPSE       20.26 TCPU       20.21
 DIIS TEST: 0.24526E-06 AT SCF   CYCLE   2 - DIIS ACTIVE - HISTORY:     2 CYCLES
 TTTTTTTTTTTTTTTTTTTTTTTTTTTTTT FDIK        TELAPSE       20.26 TCPU       20.21
 INSULATING STATE
 TOP OF VALENCE BANDS -    BAND     14; K    1; EIG -1.3092848E-01 AU
 BOTTOM OF VIRTUAL BANDS - BAND     15; K   18; EIG -6.0882569E-02 AU
 INDIRECT ENERGY BAND GAP:   1.9060 eV
 BOTTOM OF VIRTUAL BANDS - BAND     15; K    1; EIG -2.3701301E-02 AU
 TTTTTTTTTTTTTTTTTTTTTTTTTTTTTT PDIG        TELAPSE       20.28 TCPU       20.23
 CHARGE NORMALIZATION FACTOR   1.00000000
 TOTAL ATOMIC CHARGES:
  14.0000000  14.0000000
 TTTTTTTTTTTTTTTTTTTTTTTTTTTTTT MOQGAD      TELAPSE       20.28 TCPU       20.23
 TTTTTTTTTTTTTTTTTTTTTTTTTTTTTT SHELLXN     TELAPSE       20.71 TCPU       20.65
 TTTTTTTTTTTTTTTTTTTTTTTTTTTTTT MONMO3      TELAPSE       20.71 TCPU       20.66
 NUMERICALLY INTEGRATED DENSITY     27.9998334732
 TTTTTTTTTTTTTTTTTTTTTTTTTTTTTT NUMDFT      TELAPSE       20.78 TCPU       20.73
 CYC   3 ETOT(AU) -5.788942898495E+02 DETOT  2.78E-07 tst  2.71E-08 PX  2.10E-04
 TTTTTTTTTTTTTTTTTTTTTTTTTTTTTT DIIS        TELAPSE       20.79 TCPU       20.74
 DIIS TEST: 0.11710E-10 AT SCF   CYCLE   3 - DIIS ACTIVE - HISTORY:     3 CYCLES
 TTTTTTTTTTTTTTTTTTTTTTTTTTTTTT FDIK        TELAPSE       20.79 TCPU       20.74
 INSULATING STATE
 TOP OF VALENCE BANDS -    BAND     14; K    1; EIG -1.3091844E-01 AU
 BOTTOM OF VIRTUAL BANDS - BAND     15; K   18; EIG -6.0871344E-02 AU
 INDIRECT ENERGY BAND GAP:   1.9061 eV
 BOTTOM OF VIRTUAL BANDS - BAND     15; K    1; EIG -2.3679441E-02 AU
 TTTTTTTTTTTTTTTTTTTTTTTTTTTTTT PDIG        TELAPSE       20.81 TCPU       20.75
 CHARGE NORMALIZATION FACTOR   1.00000000
 TOTAL ATOMIC CHARGES:
  14.0000000  14.0000000
 TTTTTTTTTTTTTTTTTTTTTTTTTTTTTT MOQGAD      TELAPSE       20.81 TCPU       20.76
 TTTTTTTTTTTTTTTTTTTTTTTTTTTTTT SHELLXN     TELAPSE       21.24 TCPU       21.18
 TTTTTTTTTTTTTTTTTTTTTTTTTTTTTT MONMO3      TELAPSE       21.24 TCPU       21.18
 NUMERICALLY INTEGRATED DENSITY     27.9998334726
 TTTTTTTTTTTTTTTTTTTTTTTTTTTTTT NUMDFT      TELAPSE       21.32 TCPU       21.26
 CYC   4 ETOT(AU) -5.788942898457E+02 DETOT  3.80E-09 tst  1.32E-10 PX  1.19E-05
 TTTTTTTTTTTTTTTTTTTTTTTTTTTTTT DIIS        TELAPSE       21.32 TCPU       21.26
 DIIS TEST: 0.20175E-11 AT SCF   CYCLE   4 - DIIS ACTIVE - HISTORY:     4 CYCLES
 TTTTTTTTTTTTTTTTTTTTTTTTTTTTTT FDIK        TELAPSE       21.32 TCPU       21.27
 INSULATING STATE
 TOP OF VALENCE BANDS -    BAND     14; K    1; EIG -1.3092089E-01 AU
 BOTTOM OF VIRTUAL BANDS - BAND     15; K   18; EIG -6.0873094E-02 AU
 INDIRECT ENERGY BAND GAP:   1.9061 eV
 BOTTOM OF VIRTUAL BANDS - BAND     15; K    1; EIG -2.3680842E-02 AU
 TTTTTTTTTTTTTTTTTTTTTTTTTTTTTT PDIG        TELAPSE       21.34 TCPU       21.28
 CHARGE NORMALIZATION FACTOR   1.00000000
 TOTAL ATOMIC CHARGES:
  14.0000000  14.0000000
 TTTTTTTTTTTTTTTTTTTTTTTTTTTTTT MOQGAD      TELAPSE       21.34 TCPU       21.28
 TTTTTTTTTTTTTTTTTTTTTTTTTTTTTT SHELLXN     TELAPSE       21.76 TCPU       21.71
 +++ ENERGIES IN A.U. +++
 ::: EXT EL-POLE                                  -5.2920558503648E+02
 ::: EXT EL-SPHEROPOLE                             5.4020635982383E+00
 ::: BIELET ZONE E-E                               6.9140665736121E+02
 ::: TOTAL E-E                                     1.6760313592296E+02
 ::: TOTAL E-N + N-E                              -1.1900650451570E+03
 ::: TOTAL N-N                                    -1.0028099206674E+02
 ::: KINETIC ENERGY                                5.7750746357599E+02
 ::: PSEUDO TOTAL   ENERGY                        -5.4523543772479E+02
 ::: VIRIAL COEFFICIENT                            1.0287439144027E+00
 TTTTTTTTTTTTTTTTTTTTTTTTTTTTTT MONMO3      TELAPSE       21.77 TCPU       21.71
 NUMERICALLY INTEGRATED DENSITY     27.9998334725
 EXCHANGE ENERGY: -0.323182048089E+02  CORRELATION ENERGY: -0.134064731364E+01
 TTTTTTTTTTTTTTTTTTTTTTTTTTTTTT NUMDFT      TELAPSE       21.84 TCPU       21.79
 CYC   5 ETOT(AU) -5.788942898474E+02 DETOT -1.68E-09 tst  1.21E-12 PX  1.19E-05

 == SCF ENDED - CONVERGENCE ON ENERGY      E(AU) -5.7889428984738E+02 CYCLES   5


 ENERGY EXPRESSION=HARTREE+FOCK EXCH*0.20000+(BECKE      EXCH)*0.80000+LYP        CORR


 TOTAL ENERGY(DFT)(AU)(  5) -5.7889428984738E+02 DE-1.7E-09 tester 1.2E-12
 TTTTTTTTTTTTTTTTTTTTTTTTTTTTTT EDFT        TELAPSE       21.85 TCPU       21.79

 *******************************************************************************
 *                             FORCE CALCULATION                               *
 *******************************************************************************

 TTTTTTTTTTTTTTTTTTTTTTTTTTTTTT NUMDFG      TELAPSE       22.56 TCPU       22.50
 INFORMATION **** EXCPOG **** EXCH. BIPO BUFFER LENGTH (WORDS) =      618408
 INFORMATION **** GENPOG **** BIPO BUFFER LENGTH (WORDS) =       40600
 TTTTTTTTTTTTTTTTTTTTTTTTTTTTTT SHELXG      TELAPSE       27.70 TCPU       27.64

 CARTESIAN FORCES IN HARTREE/BOHR (ANALYTICAL)
   ATOM                     X                   Y                   Z
   1  14             1.389161913234E-15 -1.305665699330E-17 -2.494911165589E-16
   2  14            -1.386203729921E-15  1.588088526673E-17  2.494911165589E-16

 RESULTANT FORCE     2.958183313158E-18  2.824228273431E-18  0.000000000000E+00

 ATOMIC PART

 THERE ARE NO SYMMETRY ALLOWED DIRECTIONS

 CELL PART

 GRADIENT WITH RESPECT TO THE CELL PARAMETER IN HARTREE/BOHR
ORDER: -D/DA1X, -D/DA1Y, -D/DA1Z
       -D/DA2X, -D/DA2Y, -D/DA2Z
       -D/DA3X, -D/DA3Y, -D/DA3Z
  0.815442588422E-04 -0.815442588431E-04 -0.815442588427E-04
 -0.815442588422E-04  0.815442588418E-04 -0.815442588428E-04
 -0.815442588424E-04 -0.815442588422E-04  0.815442588414E-04

STRESS TENSOR, IN HARTREE/BOHR^3:
ORDER: 11 12 13
       21 22 23
       31 32 33
  0.294250416716E-05  0.267067164471E-17 -0.142578665184E-21
  0.801244819408E-17  0.294250416718E-05  0.240373335343E-16
  0.267081746149E-16  0.240373164206E-16  0.294250416718E-05

PRESSURE FROM THE STRESS TENSOR,
IN HARTREE/BOHR^3: -0.29425E-05
PRESSURE IN GIGAPASCAL: -0.8657E-01
CONVERSION FACTOR: 1 HARTREE/BOHR^3= 29421 GIGAPASCAL
WHEN USING VALUES FOR BOHR RADIUS AND HARTREE
FROM IUPAC WEBSITE, APRIL 2009
ENTHALPY: -5.7889514838936E+02

 SYMMETRY ALLOWED FORCES (ANALYTICAL) (DIRECTION, FORCE)

    1 -1.4870383E-03
 TTTTTTTTTTTTTTTTTTTTTTTTTTTTTT TOTGRA      TELAPSE       27.80 TCPU       27.74
 INFORMATION **** optc003 **** GEOMETRY OUTPUT FILE

 DFT PARAMETERS

     ATOM       ELECTRONS   NET CHARGE   R(ANGSTROM)
   1  14  SI     14.0000      0.0000     1.17000000

 SIZE OF GRID=       1583
 TTTTTTTTTTTTTTTTTTTTTTTTTTTTTT MAKE_GRID2  TELAPSE       27.83 TCPU       27.76
 BECKE WEIGHT FUNCTION
 RADSAFE =     2.00
 TOLERANCES - DENSITY:10**- 6; POTENTIAL:10**- 9; GRID WGT:10**-14

 RADIAL INTEGRATION  - INTERVALS (POINTS,UPPER LIMIT):            1( 75,  4.0*R)

 ANGULAR INTEGRATION - INTERVALS (ACCURACY LEVEL [N. POINTS] UPPER LIMIT):
  1(  4[  86]   0.2)  2(  8[ 194]   0.5)  3( 12[ 350]   0.9)  4( 16[ 974]   3.5)
  5( 12[ 350]9999.0)

 *******************************************************************************
 SILICON BULK - BASIS SET 6-21 MODIFIED                                          
 CRYSTAL - SCF - TYPE OF CALCULATION :  RESTRICTED CLOSED SHELL
 *******************************************************************************

 CAPPA:IS1  8;IS2  8;IS3  8; K PTS MONK NET  29; SYMMOPS:K SPACE  48;G SPACE  48

 TTTTTTTTTTTTTTTTTTTTTTTTTTTTTT SDIK        TELAPSE       27.85 TCPU       27.79

 INFORMATION FROM INTEGRAL EVALUATION

 RESTART FROM A PREVIOUS DENSITY MATRIX - DEP ACTIVE
 NUMBER OF COUPLE SETS (NEW, OLD, FOUND):      19      19      19
 NUMBER OF IRREDUCIBLE G VECTORS        :      84      84      84
 CHARGE NORMALIZATION FACTOR   0.99998139
 TOTAL ATOMIC CHARGES:
  14.0000000  14.0000000
 TTTTTTTTTTTTTTTTTTTTTTTTTTTTTT MOQGAD      TELAPSE       27.86 TCPU       27.79
 TTTTTTTTTTTTTTTTTTTTTTTTTTTTTT SHELLXN     TELAPSE       28.42 TCPU       28.36
 TTTTTTTTTTTTTTTTTTTTTTTTTTTTTT MONMO3      TELAPSE       28.43 TCPU       28.36
 NUMERICALLY INTEGRATED DENSITY     27.9998375407
 TTTTTTTTTTTTTTTTTTTTTTTTTTTTTT NUMDFT      TELAPSE       28.53 TCPU       28.46
 CYC   0 ETOT(AU) -5.788885599020E+02 DETOT -5.79E+02 tst  1.21E-12 PX  1.00E+00
 TTTTTTTTTTTTTTTTTTTTTTTTTTTTTT DIIS        TELAPSE       28.53 TCPU       28.46
 TTTTTTTTTTTTTTTTTTTTTTTTTTTTTT FDIK        TELAPSE       28.54 TCPU       28.47
 INSULATING STATE
 TOP OF VALENCE BANDS -    BAND     14; K    1; EIG -1.3083259E-01 AU
 BOTTOM OF VIRTUAL BANDS - BAND     15; K   18; EIG -6.0829008E-02 AU
 INDIRECT ENERGY BAND GAP:   1.9049 eV
 BOTTOM OF VIRTUAL BANDS - BAND     15; K    1; EIG -2.3175568E-02 AU
 TTTTTTTTTTTTTTTTTTTTTTTTTTTTTT PDIG        TELAPSE       28.56 TCPU       28.48
 CHARGE NORMALIZATION FACTOR   1.00000000
 TOTAL ATOMIC CHARGES:
  14.0000000  14.0000000
 TTTTTTTTTTTTTTTTTTTTTTTTTTTTTT MOQGAD      TELAPSE       28.56 TCPU       28.49
 TTTTTTTTTTTTTTTTTTTTTTTTTTTTTT SHELLXN     TELAPSE       29.10 TCPU       29.02
 TTTTTTTTTTTTTTTTTTTTTTTTTTTTTT MONMO3      TELAPSE       29.10 TCPU       29.03
 NUMERICALLY INTEGRATED DENSITY     27.9998375209
 TTTTTTTTTTTTTTTTTTTTTTTTTTTTTT NUMDFT      TELAPSE       29.19 TCPU       29.12
 CYC   1 ETOT(AU) -5.788942902787E+02 DETOT -5.73E-03 tst  0.00E+00 PX  2.48E-04
 TTTTTTTTTTTTTTTTTTTTTTTTTTTTTT DIIS        TELAPSE       29.20 TCPU       29.12
 DIIS TEST: 0.85722E-07 AT SCF   CYCLE   1 - MIX   30 %
 TTTTTTTTTTTTTTTTTTTTTTTTTTTTTT FDIK        TELAPSE       29.20 TCPU       29.12
 INSULATING STATE
 TOP OF VALENCE BANDS -    BAND     14; K    1; EIG -1.3071678E-01 AU
 BOTTOM OF VIRTUAL BANDS - BAND     15; K   18; EIG -6.0724937E-02 AU
 INDIRECT ENERGY BAND GAP:   1.9046 eV
 BOTTOM OF VIRTUAL BANDS - BAND     15; K    1; EIG -2.3013445E-02 AU
 TTTTTTTTTTTTTTTTTTTTTTTTTTTTTT PDIG        TELAPSE       29.22 TCPU       29.14
 CHARGE NORMALIZATION FACTOR   1.00000000
 TOTAL ATOMIC CHARGES:
  14.0000000  14.0000000
 TTTTTTTTTTTTTTTTTTTTTTTTTTTTTT MOQGAD      TELAPSE       29.22 TCPU       29.14
 TTTTTTTTTTTTTTTTTTTTTTTTTTTTTT SHELLXN     TELAPSE       29.72 TCPU       29.64
 TTTTTTTTTTTTTTTTTTTTTTTTTTTTTT MONMO3      TELAPSE       29.72 TCPU       29.65
 NUMERICALLY INTEGRATED DENSITY     27.9998375230
 TTTTTTTTTTTTTTTTTTTTTTTTTTTTTT NUMDFT      TELAPSE       29.81 TCPU       29.73
 CYC   2 ETOT(AU) -5.788942901600E+02 DETOT  1.19E-07 tst  1.29E-09 PX  1.10E-04
 TTTTTTTTTTTTTTTTTTTTTTTTTTTTTT DIIS        TELAPSE       29.82 TCPU       29.74
 DIIS TEST: 0.16393E-08 AT SCF   CYCLE   2 - DIIS ACTIVE - HISTORY:     2 CYCLES
 TTTTTTTTTTTTTTTTTTTTTTTTTTTTTT FDIK        TELAPSE       29.82 TCPU       29.74
 INSULATING STATE
 TOP OF VALENCE BANDS -    BAND     14; K    1; EIG -1.3070829E-01 AU
 BOTTOM OF VIRTUAL BANDS - BAND     15; K   18; EIG -6.0711964E-02 AU
 INDIRECT ENERGY BAND GAP:   1.9047 eV
 BOTTOM OF VIRTUAL BANDS - BAND     15; K    1; EIG -2.2988671E-02 AU
 TTTTTTTTTTTTTTTTTTTTTTTTTTTTTT PDIG        TELAPSE       29.84 TCPU       29.75
 CHARGE NORMALIZATION FACTOR   1.00000000
 TOTAL ATOMIC CHARGES:
  14.0000000  14.0000000
 TTTTTTTTTTTTTTTTTTTTTTTTTTTTTT MOQGAD      TELAPSE       29.84 TCPU       29.76
 TTTTTTTTTTTTTTTTTTTTTTTTTTTTTT SHELLXN     TELAPSE       30.34 TCPU       30.25
 TTTTTTTTTTTTTTTTTTTTTTTTTTTTTT MONMO3      TELAPSE       30.34 TCPU       30.25
 NUMERICALLY INTEGRATED DENSITY     27.9998375224
 TTTTTTTTTTTTTTTTTTTTTTTTTTTTTT NUMDFT      TELAPSE       30.43 TCPU       30.34
 CYC   3 ETOT(AU) -5.788942901291E+02 DETOT  3.10E-08 tst  1.85E-10 PX  1.74E-05
 TTTTTTTTTTTTTTTTTTTTTTTTTTTTTT DIIS        TELAPSE       30.43 TCPU       30.34
 DIIS TEST: 0.73995E-13 AT SCF   CYCLE   3 - DIIS ACTIVE - HISTORY:     3 CYCLES
 TTTTTTTTTTTTTTTTTTTTTTTTTTTTTT FDIK        TELAPSE       30.43 TCPU       30.35
 INSULATING STATE
 TOP OF VALENCE BANDS -    BAND     14; K    1; EIG -1.3070747E-01 AU
 BOTTOM OF VIRTUAL BANDS - BAND     15; K   18; EIG -6.0711047E-02 AU
 INDIRECT ENERGY BAND GAP:   1.9047 eV
 BOTTOM OF VIRTUAL BANDS - BAND     15; K    1; EIG -2.2986884E-02 AU
 TTTTTTTTTTTTTTTTTTTTTTTTTTTTTT PDIG        TELAPSE       30.45 TCPU       30.36
 CHARGE NORMALIZATION FACTOR   1.00000000
 TOTAL ATOMIC CHARGES:
  14.0000000  14.0000000
 TTTTTTTTTTTTTTTTTTTTTTTTTTTTTT MOQGAD      TELAPSE       30.45 TCPU       30.37
 TTTTTTTTTTTTTTTTTTTTTTTTTTTTTT SHELLXN     TELAPSE       30.94 TCPU       30.85
 +++ ENERGIES IN A.U. +++
 ::: EXT EL-POLE                                  -5.2933042410667E+02
 ::: EXT EL-SPHEROPOLE                             5.4055106885414E+00
 ::: BIELET ZONE E-E                               6.9150462695910E+02
 ::: TOTAL E-E                                     1.6757971354097E+02
 ::: TOTAL E-N + N-E                              -1.1900074842616E+03
 ::: TOTAL N-N                                    -1.0031767750867E+02
 ::: KINETIC ENERGY                                5.7751055179206E+02
 ::: PSEUDO TOTAL   ENERGY                        -5.4523489643727E+02
 ::: VIRIAL COEFFICIENT                            1.0287470819015E+00
 TTTTTTTTTTTTTTTTTTTTTTTTTTTTTT MONMO3      TELAPSE       30.94 TCPU       30.86
 NUMERICALLY INTEGRATED DENSITY     27.9998375223
 EXCHANGE ENERGY: -0.323186882291E+02  CORRELATION ENERGY: -0.134070546238E+01
 TTTTTTTTTTTTTTTTTTTTTTTTTTTTTT NUMDFT      TELAPSE       31.03 TCPU       30.95
 CYC   4 ETOT(AU) -5.788942901287E+02 DETOT  3.54E-10 tst  1.00E-12 PX  1.74E-05

 == SCF ENDED - CONVERGENCE ON ENERGY      E(AU) -5.7889429012871E+02 CYCLES   4


 ENERGY EXPRESSION=HARTREE+FOCK EXCH*0.20000+(BECKE      EXCH)*0.80000+LYP        CORR


 TOTAL ENERGY(DFT)(AU)(  4) -5.7889429012871E+02 DE 3.5E-10 tester 1.0E-12
 TTTTTTTTTTTTTTTTTTTTTTTTTTTTTT EDFT        TELAPSE       31.04 TCPU       30.95

 *******************************************************************************
 *                             FORCE CALCULATION                               *
 *******************************************************************************

 TTTTTTTTTTTTTTTTTTTTTTTTTTTTTT NUMDFG      TELAPSE       31.86 TCPU       31.77
 INFORMATION **** EXCPOG **** EXCH. BIPO BUFFER LENGTH (WORDS) =      618408
 INFORMATION **** GENPOG **** BIPO BUFFER LENGTH (WORDS) =       40600
 TTTTTTTTTTTTTTTTTTTTTTTTTTTTTT SHELXG      TELAPSE       37.84 TCPU       37.75

 CARTESIAN FORCES IN HARTREE/BOHR (ANALYTICAL)
   ATOM                     X                   Y                   Z
   1  14            -4.105909647285E-16 -6.367060364466E-16  8.617080434820E-17
   2  14             4.135507600755E-16  6.383721703689E-16 -8.154487507893E-17

 RESULTANT FORCE     2.959795346969E-18  1.666133922302E-18  4.625929269271E-18

 ATOMIC PART

 THERE ARE NO SYMMETRY ALLOWED DIRECTIONS

 CELL PART

 GRADIENT WITH RESPECT TO THE CELL PARAMETER IN HARTREE/BOHR
ORDER: -D/DA1X, -D/DA1Y, -D/DA1Z
       -D/DA2X, -D/DA2Y, -D/DA2Z
       -D/DA3X, -D/DA3Y, -D/DA3Z
 -0.124385027934E-05  0.124385027875E-05  0.124385027919E-05
  0.124385027860E-05 -0.124385027978E-05  0.124385027875E-05
  0.124385028126E-05  0.124385028067E-05 -0.124385028067E-05

STRESS TENSOR, IN HARTREE/BOHR^3:
ORDER: 11 12 13
       21 22 23
       31 32 33
 -0.449168715123E-07 -0.347459100173E-16  0.133638155890E-16
 -0.160365743213E-16 -0.449168715043E-07  0.187093392624E-16
  0.347459127919E-16  0.267276241014E-16 -0.449168714776E-07

PRESSURE FROM THE STRESS TENSOR,
IN HARTREE/BOHR^3:  0.44917E-07
PRESSURE IN GIGAPASCAL:  0.1321E-02
CONVERSION FACTOR: 1 HARTREE/BOHR^3= 29421 GIGAPASCAL
WHEN USING VALUES FOR BOHR RADIUS AND HARTREE
FROM IUPAC WEBSITE, APRIL 2009
ENTHALPY: -5.7889427703758E+02

 SYMMETRY ALLOWED FORCES (ANALYTICAL) (DIRECTION, FORCE)

    1  2.2674517E-05
 TTTTTTTTTTTTTTTTTTTTTTTTTTTTTT TOTGRA      TELAPSE       37.94 TCPU       37.85
 INFORMATION **** optc004 **** GEOMETRY OUTPUT FILE

 GCALCO - MAX INDICES DIRECT LATTICE VECTOR    14    14    14
 NO.OF VECTORS CREATED 6999 STARS  105 RMAX    78.76000 BOHR
 TTTTTTTTTTTTTTTTTTTTTTTTTTTTTT gordsh1     TELAPSE       37.96 TCPU       37.86

 MATRIX SIZE: P(G)   32114, F(G)    5854, P(G) IRR    1073, F(G) IRR     525
 MAX G-VECTOR INDEX FOR 1- AND 2-ELECTRON INTEGRALS 219

 TTTTTTTTTTTTTTTTTTTTTTTTTTTTTT INPUT       TELAPSE       37.96 TCPU       37.86

 NEIGHBORS OF THE NON-EQUIVALENT ATOMS

 N = NUMBER OF NEIGHBORS AT DISTANCE R
    ATOM  N     R/ANG      R/AU   NEIGHBORS (ATOM LABELS AND CELL INDICES)
   1 SI   4     2.4116     4.5573    2 SI   0 0 0    2 SI   1 0 0    2 SI   0 1 0
                                     2 SI   0 0 1
   1 SI  12     3.9382     7.4421    1 SI  -1 0 0    1 SI   1 0 0    1 SI  -1 0 1
                                     1 SI   1 0-1    1 SI  -1 1 0    1 SI   1-1 0
                                     1 SI   0-1 0    1 SI   0 1 0    1 SI   0-1 1
                                     1 SI   0 1-1    1 SI   0 0-1    1 SI   0 0 1
   1 SI  12     4.6179     8.7267    2 SI   1 0-1    2 SI  -1 0 1    2 SI   1-1 0
                                     2 SI  -1 1 0    2 SI   0 1-1    2 SI   0-1 1
                                     2 SI   1 1-1    2 SI   1-1 1    2 SI  -1 1 1
                                     2 SI   1 1 0    2 SI   1 0 1    2 SI   0 1 1
   1 SI   6     5.5695    10.5247    1 SI  -1-1 1    1 SI   1 1-1    1 SI  -1 1-1
                                     1 SI   1-1 1    1 SI  -1 1 1    1 SI   1-1-1
   1 SI  12     6.0692    11.4691    2 SI  -1 0 0    2 SI   0-1 0    2 SI   0 0-1
                                     2 SI   2 0-1    2 SI   2-1 0    2 SI  -1 0 2
                                     2 SI  -1 2 0    2 SI   0 2-1    2 SI   0-1 2
                                     2 SI   2 0 0    2 SI   0 2 0    2 SI   0 0 2
   1 SI  24     6.8212    12.8901    1 SI  -2 0 1    1 SI   2 0-1    1 SI  -2 1 0
                                     1 SI   2-1 0    1 SI  -2 1 1    1 SI   2-1-1
                                     1 SI  -1-1 0    1 SI   1 1 0    1 SI  -1-1 2
                                     1 SI   1 1-2    1 SI  -1 0-1    1 SI   1 0 1
                                     1 SI  -1 0 2    1 SI   1 0-2    1 SI  -1 2-1
                                     1 SI   1-2 1    1 SI  -1 2 0    1 SI   1-2 0
                                     1 SI   0-2 1    1 SI   0 2-1    1 SI   0-1-1
                                     1 SI   0 1 1    1 SI   0-1 2    1 SI   0 1-2

 TTTTTTTTTTTTTTTTTTTTTTTTTTTTTT SYMM        TELAPSE       37.96 TCPU       37.86

 ***** NEW REFERENCE GEOMETRY *****
 TTTTTTTTTTTTTTTTTTTTTTTTTTTTTT INT_SCREEN  TELAPSE       37.96 TCPU       37.86

 DFT PARAMETERS

     ATOM       ELECTRONS   NET CHARGE   R(ANGSTROM)
   1  14  SI     14.0000      0.0000     1.17000000

 SIZE OF GRID=       1637
 TTTTTTTTTTTTTTTTTTTTTTTTTTTTTT MAKE_GRID2  TELAPSE       37.99 TCPU       37.89
 BECKE WEIGHT FUNCTION
 RADSAFE =     2.00
 TOLERANCES - DENSITY:10**- 6; POTENTIAL:10**- 9; GRID WGT:10**-14

 RADIAL INTEGRATION  - INTERVALS (POINTS,UPPER LIMIT):            1( 75,  4.0*R)

 ANGULAR INTEGRATION - INTERVALS (ACCURACY LEVEL [N. POINTS] UPPER LIMIT):
  1(  4[  86]   0.2)  2(  8[ 194]   0.5)  3( 12[ 350]   0.9)  4( 16[ 974]   3.5)
  5( 12[ 350]9999.0)

 *******************************************************************************
 SILICON BULK - BASIS SET 6-21 MODIFIED                                          
 CRYSTAL - SCF - TYPE OF CALCULATION :  RESTRICTED CLOSED SHELL
 *******************************************************************************

 CAPPA:IS1  8;IS2  8;IS3  8; K PTS MONK NET  29; SYMMOPS:K SPACE  48;G SPACE  48

 TTTTTTTTTTTTTTTTTTTTTTTTTTTTTT SDIK        TELAPSE       38.01 TCPU       37.91

 INFORMATION FROM INTEGRAL EVALUATION

 RESTART FROM A PREVIOUS DENSITY MATRIX - DEP ACTIVE
 NUMBER OF COUPLE SETS (NEW, OLD, FOUND):      19      19      19
 NUMBER OF IRREDUCIBLE G VECTORS        :      80      84      80
 CHARGE NORMALIZATION FACTOR   1.00000028
 TOTAL ATOMIC CHARGES:
  14.0000000  14.0000000
 TTTTTTTTTTTTTTTTTTTTTTTTTTTTTT MOQGAD      TELAPSE       38.02 TCPU       37.92
 TTTTTTTTTTTTTTTTTTTTTTTTTTTTTT SHELLXN     TELAPSE       38.46 TCPU       38.36
 TTTTTTTTTTTTTTTTTTTTTTTTTTTTTT MONMO3      TELAPSE       38.46 TCPU       38.36
 NUMERICALLY INTEGRATED DENSITY     28.0000886772
 TTTTTTTTTTTTTTTTTTTTTTTTTTTTTT NUMDFT      TELAPSE       38.54 TCPU       38.44
 CYC   0 ETOT(AU) -5.788944099887E+02 DETOT -5.79E+02 tst  1.00E-12 PX  1.00E+00
 TTTTTTTTTTTTTTTTTTTTTTTTTTTTTT DIIS        TELAPSE       38.55 TCPU       38.45
 TTTTTTTTTTTTTTTTTTTTTTTTTTTTTT FDIK        TELAPSE       38.56 TCPU       38.46
 INSULATING STATE
 TOP OF VALENCE BANDS -    BAND     14; K    1; EIG -1.3073937E-01 AU
 BOTTOM OF VIRTUAL BANDS - BAND     15; K   18; EIG -6.0885657E-02 AU
 INDIRECT ENERGY BAND GAP:   1.9008 eV
 BOTTOM OF VIRTUAL BANDS - BAND     15; K    1; EIG -2.3081445E-02 AU
 TTTTTTTTTTTTTTTTTTTTTTTTTTTTTT PDIG        TELAPSE       38.58 TCPU       38.48
 CHARGE NORMALIZATION FACTOR   1.00000000
 TOTAL ATOMIC CHARGES:
  14.0000000  14.0000000
 TTTTTTTTTTTTTTTTTTTTTTTTTTTTTT MOQGAD      TELAPSE       38.58 TCPU       38.48
 TTTTTTTTTTTTTTTTTTTTTTTTTTTTTT SHELLXN     TELAPSE       39.05 TCPU       38.95
 TTTTTTTTTTTTTTTTTTTTTTTTTTTTTT MONMO3      TELAPSE       39.06 TCPU       38.95
 NUMERICALLY INTEGRATED DENSITY     28.0000886932
 TTTTTTTTTTTTTTTTTTTTTTTTTTTTTT NUMDFT      TELAPSE       39.15 TCPU       39.04
 CYC   1 ETOT(AU) -5.788943244056E+02 DETOT  8.56E-05 tst  0.00E+00 PX  7.30E-04
 TTTTTTTTTTTTTTTTTTTTTTTTTTTTTT DIIS        TELAPSE       39.15 TCPU       39.05
 DIIS TEST: 0.16056E-09 AT SCF   CYCLE   1 - MIX   30 %
 TTTTTTTTTTTTTTTTTTTTTTTTTTTTTT FDIK        TELAPSE       39.15 TCPU       39.05
 INSULATING STATE
 TOP OF VALENCE BANDS -    BAND     14; K    1; EIG -1.3074119E-01 AU
 BOTTOM OF VIRTUAL BANDS - BAND     15; K   18; EIG -6.0886218E-02 AU
 INDIRECT ENERGY BAND GAP:   1.9009 eV
 BOTTOM OF VIRTUAL BANDS - BAND     15; K    1; EIG -2.3091463E-02 AU
 TTTTTTTTTTTTTTTTTTTTTTTTTTTTTT PDIG        TELAPSE       39.17 TCPU       39.06
 CHARGE NORMALIZATION FACTOR   1.00000000
 TOTAL ATOMIC CHARGES:
  14.0000000  14.0000000
 TTTTTTTTTTTTTTTTTTTTTTTTTTTTTT MOQGAD      TELAPSE       39.18 TCPU       39.07
 TTTTTTTTTTTTTTTTTTTTTTTTTTTTTT SHELLXN     TELAPSE       39.62 TCPU       39.51
 TTTTTTTTTTTTTTTTTTTTTTTTTTTTTT MONMO3      TELAPSE       39.62 TCPU       39.51
 NUMERICALLY INTEGRATED DENSITY     28.0000886925
 TTTTTTTTTTTTTTTTTTTTTTTTTTTTTT NUMDFT      TELAPSE       39.70 TCPU       39.60
 CYC   2 ETOT(AU) -5.788943244093E+02 DETOT -3.67E-09 tst  1.26E-10 PX  1.54E-05
 TTTTTTTTTTTTTTTTTTTTTTTTTTTTTT DIIS        TELAPSE       39.71 TCPU       39.60
 DIIS TEST: 0.72070E-11 AT SCF   CYCLE   2 - DIIS ACTIVE - HISTORY:     2 CYCLES
 TTTTTTTTTTTTTTTTTTTTTTTTTTTTTT FDIK        TELAPSE       39.71 TCPU       39.60
 INSULATING STATE
 TOP OF VALENCE BANDS -    BAND     14; K    1; EIG -1.3074050E-01 AU
 BOTTOM OF VIRTUAL BANDS - BAND     15; K   18; EIG -6.0885188E-02 AU
 INDIRECT ENERGY BAND GAP:   1.9009 eV
 BOTTOM OF VIRTUAL BANDS - BAND     15; K    1; EIG -2.3093766E-02 AU
 TTTTTTTTTTTTTTTTTTTTTTTTTTTTTT PDIG        TELAPSE       39.73 TCPU       39.62
 CHARGE NORMALIZATION FACTOR   1.00000000
 TOTAL ATOMIC CHARGES:
  14.0000000  14.0000000
 TTTTTTTTTTTTTTTTTTTTTTTTTTTTTT MOQGAD      TELAPSE       39.73 TCPU       39.62
 TTTTTTTTTTTTTTTTTTTTTTTTTTTTTT SHELLXN     TELAPSE       40.17 TCPU       40.06
 +++ ENERGIES IN A.U. +++
 ::: EXT EL-POLE                                  -5.0838164904472E+02
 ::: EXT EL-SPHEROPOLE                             5.4054126759987E+00
 ::: BIELET ZONE E-E                               6.7055613755382E+02
 ::: TOTAL E-E                                     1.6757990118510E+02
 ::: TOTAL E-N + N-E                              -1.1900080513203E+03
 ::: TOTAL N-N                                    -1.0031712652966E+02
 ::: KINETIC ENERGY                                5.7751037477834E+02
 ::: PSEUDO TOTAL   ENERGY                        -5.4523490188654E+02
 ::: VIRIAL COEFFICIENT                            1.0287469237792E+00
 TTTTTTTTTTTTTTTTTTTTTTTTTTTTTT MONMO3      TELAPSE       40.17 TCPU       40.06
 NUMERICALLY INTEGRATED DENSITY     28.0000886925
 EXCHANGE ENERGY: -0.323187120926E+02  CORRELATION ENERGY: -0.134071043051E+01
 TTTTTTTTTTTTTTTTTTTTTTTTTTTTTT NUMDFT      TELAPSE       40.25 TCPU       40.15
 CYC   3 ETOT(AU) -5.788943244096E+02 DETOT -2.88E-10 tst  2.75E-11 PX  1.54E-05

 == SCF ENDED - CONVERGENCE ON ENERGY      E(AU) -5.7889432440960E+02 CYCLES   3


 ENERGY EXPRESSION=HARTREE+FOCK EXCH*0.20000+(BECKE      EXCH)*0.80000+LYP        CORR


 TOTAL ENERGY(DFT)(AU)(  3) -5.7889432440960E+02 DE-2.9E-10 tester 2.7E-11
 TTTTTTTTTTTTTTTTTTTTTTTTTTTTTT EDFT        TELAPSE       40.26 TCPU       40.15

 *******************************************************************************
 *                             FORCE CALCULATION                               *
 *******************************************************************************

 TTTTTTTTTTTTTTTTTTTTTTTTTTTTTT NUMDFG      TELAPSE       40.99 TCPU       40.88
 INFORMATION **** EXCPOG **** EXCH. BIPO BUFFER LENGTH (WORDS) =      618408
 INFORMATION **** GENPOG **** BIPO BUFFER LENGTH (WORDS) =       40600
 TTTTTTTTTTTTTTTTTTTTTTTTTTTTTT SHELXG      TELAPSE       45.98 TCPU       45.87

 CARTESIAN FORCES IN HARTREE/BOHR (ANALYTICAL)
   ATOM                     X                   Y                   Z
   1  14            -1.607311970672E-17  1.130548876871E-15 -7.215114157817E-16
   2  14             1.787845642995E-17 -1.127728284325E-15  7.238243804163E-16

 RESULTANT FORCE     1.805336723228E-18  2.820592546044E-18  2.312964634636E-18

 ATOMIC PART

 THERE ARE NO SYMMETRY ALLOWED DIRECTIONS

 CELL PART

 GRADIENT WITH RESPECT TO THE CELL PARAMETER IN HARTREE/BOHR
ORDER: -D/DA1X, -D/DA1Y, -D/DA1Z
       -D/DA2X, -D/DA2Y, -D/DA2Z
       -D/DA3X, -D/DA3Y, -D/DA3Z
  0.676070834015E-05 -0.676070833882E-05 -0.676070833808E-05
 -0.676070833926E-05  0.676070833823E-05 -0.676070833763E-05
 -0.676070834059E-05 -0.676070834015E-05  0.676070833808E-05

STRESS TENSOR, IN HARTREE/BOHR^3:
ORDER: 11 12 13
       21 22 23
       31 32 33
  0.244134311844E-06  0.801821789947E-17 -0.160363851446E-16
  0.347455434248E-16  0.244134311828E-06  0.106909403808E-16
 -0.801820971587E-17 -0.270698685504E-23  0.244134311769E-06

PRESSURE FROM THE STRESS TENSOR,
IN HARTREE/BOHR^3: -0.24413E-06
PRESSURE IN GIGAPASCAL: -0.7183E-02
CONVERSION FACTOR: 1 HARTREE/BOHR^3= 29421 GIGAPASCAL
WHEN USING VALUES FOR BOHR RADIUS AND HARTREE
FROM IUPAC WEBSITE, APRIL 2009
ENTHALPY: -5.7889439556435E+02

 SYMMETRY ALLOWED FORCES (ANALYTICAL) (DIRECTION, FORCE)

    1 -1.2324364E-04
 TTTTTTTTTTTTTTTTTTTTTTTTTTTTTT TOTGRA      TELAPSE       46.09 TCPU       45.97
 INFORMATION **** optc005 **** GEOMETRY OUTPUT FILE
